TAP version 13
# Subtest: budget: reserve before allocation, refuse beyond the total, peak and categories
not ok 1 - budget: reserve before allocation, refuse beyond the total, peak and categories
  ---
  duration_ms: 4.937606
  type: 'test'
  location: '<scratch>/memneg/reports/team-b-display-memory-budget-2026-10-08/pruebas/memoria.test.mjs:95:1'
  failureType: 'testCodeFailure'
  error: |-
    Expected values to be strictly deep-equal:
    + actual - expected
    
      {
    -   capa: 0,
        copia: 4,
        preparado: 0,
        raster: 0
      }
    
  code: 'ERR_ASSERTION'
  name: 'AssertionError'
  expected:
    preparado: 0
    copia: 4
    raster: 0
    capa: 0
  actual:
    preparado: 0
    copia: 4
    raster: 0
  operator: 'deepStrictEqual'
  stack: |-
    TestContext.<anonymous> (file://<scratch>/memneg/reports/team-b-display-memory-budget-2026-10-08/pruebas/memoria.test.mjs:106:10)
    Test.runInAsyncScope (node:async_hooks:214:14)
    Test.run (node:internal/test_runner/test:1047:25)
    Test.start (node:internal/test_runner/test:944:17)
    startSubtestAfterBootstrap (node:internal/test_runner/harness:296:17)
  ...
# Subtest: budget: relievers run before refusing; release notifications are coalesced
ok 2 - budget: relievers run before refusing; release notifications are coalesced
  ---
  duration_ms: 15.762569
  type: 'test'
  ...
# Subtest: registry: one reservation per body, pinned bodies are never evicted and stay counted
ok 3 - registry: one reservation per body, pinned bodies are never evicted and stay counted
  ---
  duration_ms: 1.38891
  type: 'test'
  ...
# Subtest: planner: exact reservation before allocation, cap on jobs, release on cancel
ok 4 - planner: exact reservation before allocation, cap on jobs, release on cancel
  ---
  duration_ms: 269.521461
  type: 'test'
  ...
# Subtest: planner: refused memory is "sin_memoria" with nothing allocated; waits while releases are pending
ok 5 - planner: refused memory is "sin_memoria" with nothing allocated; waits while releases are pending
  ---
  duration_ms: 91.178948
  type: 'test'
  ...
# Subtest: client: copies reserved before posting and counted until the worker acknowledges
ok 6 - client: copies reserved before posting and counted until the worker acknowledges
  ---
  duration_ms: 8.343231
  type: 'test'
  ...
# Subtest: client: pinned copies are not evicted; a refused post posts nothing
ok 7 - client: pinned copies are not evicted; a refused post posts nothing
  ---
  duration_ms: 2.263665
  type: 'test'
  ...
# Subtest: registry eviction while the worker copy is posted, then while its forget awaits acknowledgement
not ok 8 - registry eviction while the worker copy is posted, then while its forget awaits acknowledgement
  ---
  duration_ms: 6.264336
  type: 'test'
  location: '<scratch>/memneg/reports/team-b-display-memory-budget-2026-10-08/pruebas/memoria.test.mjs:260:1'
  failureType: 'testCodeFailure'
  error: |-
    Expected values to be strictly deep-equal:
    + actual - expected
    
      {
    -   capa: 0,
        copia: 160048,
        preparado: 160048,
        raster: 0
      }
    
  code: 'ERR_ASSERTION'
  name: 'AssertionError'
  expected:
    preparado: 160048
    copia: 160048
    raster: 0
    capa: 0
  actual:
    preparado: 160048
    copia: 160048
    raster: 0
  operator: 'deepStrictEqual'
  stack: |-
    TestContext.<anonymous> (file://<scratch>/memneg/reports/team-b-display-memory-budget-2026-10-08/pruebas/memoria.test.mjs:291:10)
    async Test.run (node:internal/test_runner/test:1054:7)
    async Test.processPendingSubtests (node:internal/test_runner/test:744:7)
  ...
# Subtest: client: a request cancelled before it starts is not run; one cancelled late has its bitmap closed
ok 9 - client: a request cancelled before it starts is not run; one cancelled late has its bitmap closed
  ---
  duration_ms: 6.218779
  type: 'test'
  ...
# Subtest: client failure "error": explicit reason, worker gone, every reservation released
ok 10 - client failure "error": explicit reason, worker gone, every reservation released
  ---
  duration_ms: 3.336946
  type: 'test'
  ...
# Subtest: client failure "silencio": explicit reason, worker gone, every reservation released
ok 11 - client failure "silencio": explicit reason, worker gone, every reservation released
  ---
  duration_ms: 201.536378
  type: 'test'
  ...
# Subtest: client failure "sinOffscreen": explicit reason, worker gone, every reservation released
ok 12 - client failure "sinOffscreen": explicit reason, worker gone, every reservation released
  ---
  duration_ms: 1.367117
  type: 'test'
  ...
# Subtest: client failure "constructor": explicit reason, worker gone, every reservation released
ok 13 - client failure "constructor": explicit reason, worker gone, every reservation released
  ---
  duration_ms: 0.828551
  type: 'test'
  ...
# Subtest: controller: a refused raster reports only the final state and does not loop
ok 14 - controller: a refused raster reports only the final state and does not loop
  ---
  duration_ms: 5.173775
  type: 'test'
  ...
# Subtest: budget: relievers free only the remaining shortage, counting releases still awaiting acknowledgement
ok 15 - budget: relievers free only the remaining shortage, counting releases still awaiting acknowledgement
  ---
  duration_ms: 0.349839
  type: 'test'
  ...
# Subtest: controller: a refused map retries when held items become evictable, without any release
ok 16 - controller: a refused map retries when held items become evictable, without any release
  ---
  duration_ms: 3.067214
  type: 'test'
  ...
# Subtest: worker copies follow registry membership: forgotten when the body leaves, deferred while a request pins it
ok 17 - worker copies follow registry membership: forgotten when the body leaves, deferred while a request pins it
  ---
  duration_ms: 5.250135
  type: 'test'
  ...
# Subtest: R1: a layer's own array is admitted before it is allocated, or not built at all
not ok 18 - R1: a layer's own array is admitted before it is allocated, or not built at all
  ---
  duration_ms: 0.738324
  type: 'test'
  location: '<scratch>/memneg/reports/team-b-display-memory-budget-2026-10-08/pruebas/memoria.test.mjs:515:1'
  failureType: 'testCodeFailure'
  error: 'CapaContornoE5.crear is not a function'
  code: 'ERR_TEST_FAILURE'
  name: 'TypeError'
  stack: |-
    TestContext.<anonymous> (file://<scratch>/memneg/reports/team-b-display-memory-budget-2026-10-08/pruebas/memoria.test.mjs:520:31)
    Test.runInAsyncScope (node:async_hooks:214:14)
    Test.run (node:internal/test_runner/test:1047:25)
    Test.processPendingSubtests (node:internal/test_runner/test:744:18)
    Test.postRun (node:internal/test_runner/test:1173:19)
    Test.run (node:internal/test_runner/test:1101:12)
    async Test.processPendingSubtests (node:internal/test_runner/test:744:7)
  ...
# Subtest: R1: multiplicity, replacement, teardown and allocation failure keep the ledger exact
not ok 19 - R1: multiplicity, replacement, teardown and allocation failure keep the ledger exact
  ---
  duration_ms: 0.440491
  type: 'test'
  location: '<scratch>/memneg/reports/team-b-display-memory-budget-2026-10-08/pruebas/memoria.test.mjs:541:1'
  failureType: 'testCodeFailure'
  error: 'CapaContornoE5.crear is not a function'
  code: 'ERR_TEST_FAILURE'
  name: 'TypeError'
  stack: |-
    crear (file://<scratch>/memneg/reports/team-b-display-memory-budget-2026-10-08/pruebas/memoria.test.mjs:544:43)
    TestContext.<anonymous> (file://<scratch>/memneg/reports/team-b-display-memory-budget-2026-10-08/pruebas/memoria.test.mjs:545:18)
    Test.runInAsyncScope (node:async_hooks:214:14)
    Test.run (node:internal/test_runner/test:1047:25)
    Test.processPendingSubtests (node:internal/test_runner/test:744:18)
    Test.postRun (node:internal/test_runner/test:1173:19)
    Test.run (node:internal/test_runner/test:1101:12)
    async Test.processPendingSubtests (node:internal/test_runner/test:744:7)
  ...
# Subtest: R2: a synchronous cuerpo post failure terminates, releases and answers through one path
not ok 20 - R2: a synchronous cuerpo post failure terminates, releases and answers through one path
  ---
  duration_ms: 3.829877
  type: 'test'
  location: '<scratch>/memneg/reports/team-b-display-memory-budget-2026-10-08/pruebas/memoria.test.mjs:576:3'
  failureType: 'testCodeFailure'
  error: 'injected cuerpo failure'
  code: 'ERR_TEST_FAILURE'
  stack: |-
    t.postMessage (file://<scratch>/memneg/reports/team-b-display-memory-budget-2026-10-08/pruebas/memoria.test.mjs:571:55)
    Object.asegurar (file://<scratch>/memneg/reports/team-b-display-memory-budget-2026-10-08/prototipo/cliente.js:148:18)
    TestContext.<anonymous> (file://<scratch>/memneg/reports/team-b-display-memory-budget-2026-10-08/pruebas/memoria.test.mjs:588:43)
    async Test.run (node:internal/test_runner/test:1054:7)
    async Test.processPendingSubtests (node:internal/test_runner/test:744:7)
  ...
# Subtest: R2: a synchronous olvidar post failure terminates, releases and answers through one path
not ok 21 - R2: a synchronous olvidar post failure terminates, releases and answers through one path
  ---
  duration_ms: 2.07387
  type: 'test'
  location: '<scratch>/memneg/reports/team-b-display-memory-budget-2026-10-08/pruebas/memoria.test.mjs:576:3'
  failureType: 'testCodeFailure'
  error: 'injected olvidar failure'
  code: 'ERR_TEST_FAILURE'
  stack: |-
    t.postMessage (file://<scratch>/memneg/reports/team-b-display-memory-budget-2026-10-08/pruebas/memoria.test.mjs:571:55)
    olvidar (file://<scratch>/memneg/reports/team-b-display-memory-budget-2026-10-08/prototipo/cliente.js:69:16)
    Object.expulsado (file://<scratch>/memneg/reports/team-b-display-memory-budget-2026-10-08/prototipo/cliente.js:168:12)
    TestContext.<anonymous> (file://<scratch>/memneg/reports/team-b-display-memory-budget-2026-10-08/pruebas/memoria.test.mjs:589:37)
    async Test.run (node:internal/test_runner/test:1054:7)
    async Test.processPendingSubtests (node:internal/test_runner/test:744:7)
  ...
# Subtest: R2: a synchronous raster post failure terminates, releases and answers through one path
not ok 22 - R2: a synchronous raster post failure terminates, releases and answers through one path
  ---
  duration_ms: 1.542385
  type: 'test'
  location: '<scratch>/memneg/reports/team-b-display-memory-budget-2026-10-08/pruebas/memoria.test.mjs:576:3'
  failureType: 'testCodeFailure'
  error: 'injected raster failure'
  code: 'ERR_TEST_FAILURE'
  stack: |-
    t.postMessage (file://<scratch>/memneg/reports/team-b-display-memory-budget-2026-10-08/pruebas/memoria.test.mjs:571:55)
    Object.raster (file://<scratch>/memneg/reports/team-b-display-memory-budget-2026-10-08/prototipo/cliente.js:178:18)
    TestContext.<anonymous> (file://<scratch>/memneg/reports/team-b-display-memory-budget-2026-10-08/pruebas/memoria.test.mjs:592:21)
    async Test.run (node:internal/test_runner/test:1054:7)
    async Test.processPendingSubtests (node:internal/test_runner/test:744:7)
  ...
# Subtest: R2: a synchronous cancelar post failure terminates, releases and answers through one path
not ok 23 - R2: a synchronous cancelar post failure terminates, releases and answers through one path
  ---
  duration_ms: 1.494334
  type: 'test'
  location: '<scratch>/memneg/reports/team-b-display-memory-budget-2026-10-08/pruebas/memoria.test.mjs:576:3'
  failureType: 'testCodeFailure'
  error: 'injected cancelar failure'
  code: 'ERR_TEST_FAILURE'
  stack: |-
    t.postMessage (file://<scratch>/memneg/reports/team-b-display-memory-budget-2026-10-08/pruebas/memoria.test.mjs:571:55)
    Object.descartar (file://<scratch>/memneg/reports/team-b-display-memory-budget-2026-10-08/prototipo/cliente.js:187:42)
    TestContext.<anonymous> (file://<scratch>/memneg/reports/team-b-display-memory-budget-2026-10-08/pruebas/memoria.test.mjs:593:35)
    async Test.run (node:internal/test_runner/test:1054:7)
    async Test.processPendingSubtests (node:internal/test_runner/test:744:7)
  ...
# Subtest: R2: a synchronous olvidarTodo post failure terminates, releases and answers through one path
not ok 24 - R2: a synchronous olvidarTodo post failure terminates, releases and answers through one path
  ---
  duration_ms: 1.860322
  type: 'test'
  location: '<scratch>/memneg/reports/team-b-display-memory-budget-2026-10-08/pruebas/memoria.test.mjs:576:3'
  failureType: 'testCodeFailure'
  error: 'injected olvidarTodo failure'
  code: 'ERR_TEST_FAILURE'
  stack: |-
    t.postMessage (file://<scratch>/memneg/reports/team-b-display-memory-budget-2026-10-08/pruebas/memoria.test.mjs:571:55)
    Object.olvidarTodo (file://<scratch>/memneg/reports/team-b-display-memory-budget-2026-10-08/prototipo/cliente.js:195:18)
    TestContext.<anonymous> (file://<scratch>/memneg/reports/team-b-display-memory-budget-2026-10-08/pruebas/memoria.test.mjs:594:61)
    async Test.run (node:internal/test_runner/test:1054:7)
    async Test.processPendingSubtests (node:internal/test_runner/test:744:7)
  ...
# (node:9159) ExperimentalWarning: The MockTimers API is an experimental feature and might change at any time
# (Use `node --trace-warnings ...` to show where the warning was created)
# Subtest: R2: a synchronous estadisticas post failure terminates, releases and answers through one path
not ok 25 - R2: a synchronous estadisticas post failure terminates, releases and answers through one path
  ---
  duration_ms: 1.570789
  type: 'test'
  location: '<scratch>/memneg/reports/team-b-display-memory-budget-2026-10-08/pruebas/memoria.test.mjs:576:3'
  failureType: 'testCodeFailure'
  error: 'injected estadisticas failure'
  code: 'ERR_TEST_FAILURE'
  stack: |-
    t.postMessage (file://<scratch>/memneg/reports/team-b-display-memory-budget-2026-10-08/pruebas/memoria.test.mjs:571:55)
    file://<scratch>/memneg/reports/team-b-display-memory-budget-2026-10-08/prototipo/cliente.js:212:70
    new Promise (<anonymous>)
    Object.estadisticas (file://<scratch>/memneg/reports/team-b-display-memory-budget-2026-10-08/prototipo/cliente.js:212:14)
    TestContext.<anonymous> (file://<scratch>/memneg/reports/team-b-display-memory-budget-2026-10-08/pruebas/memoria.test.mjs:595:30)
    async Test.run (node:internal/test_runner/test:1054:7)
    async Test.processPendingSubtests (node:internal/test_runner/test:744:7)
  ...
# Subtest: R2: a worker that never says "listo" fails within its startup bound
not ok 26 - R2: a worker that never says "listo" fails within its startup bound
  ---
  duration_ms: 1.644906
  type: 'test'
  location: '<scratch>/memneg/reports/team-b-display-memory-budget-2026-10-08/pruebas/memoria.test.mjs:617:1'
  failureType: 'testCodeFailure'
  error: |-
    Expected values to be strictly equal:
    + actual - expected
    
    + 'iniciando'
    - 'fallido'
    
  code: 'ERR_ASSERTION'
  name: 'AssertionError'
  expected: 'fallido'
  actual: 'iniciando'
  operator: 'strictEqual'
  stack: |-
    TestContext.<anonymous> (file://<scratch>/memneg/reports/team-b-display-memory-budget-2026-10-08/pruebas/memoria.test.mjs:627:10)
    Test.runInAsyncScope (node:async_hooks:214:14)
    Test.run (node:internal/test_runner/test:1047:25)
    Test.processPendingSubtests (node:internal/test_runner/test:744:18)
    Test.postRun (node:internal/test_runner/test:1173:19)
    Test.run (node:internal/test_runner/test:1101:12)
    async Test.processPendingSubtests (node:internal/test_runner/test:744:7)
  ...
# Subtest: R2: the controller settles to "sin_trabajador" on a failed send and retries with a fresh worker
not ok 27 - R2: the controller settles to "sin_trabajador" on a failed send and retries with a fresh worker
  ---
  duration_ms: 135.030596
  type: 'test'
  location: '<scratch>/memneg/reports/team-b-display-memory-budget-2026-10-08/pruebas/memoria.test.mjs:642:1'
  failureType: 'testCodeFailure'
  error: |-
    cuerpo
    + actual - expected
    
      [
        'g-0',
    +   'dibujando'
    -   'sin_trabajador'
      ]
    
  code: 'ERR_ASSERTION'
  name: 'AssertionError'
  expected:
    0: 'g-0'
    1: 'sin_trabajador'
  actual:
    0: 'g-0'
    1: 'dibujando'
  operator: 'deepStrictEqual'
  stack: |-
    TestContext.<anonymous> (file://<scratch>/memneg/reports/team-b-display-memory-budget-2026-10-08/pruebas/memoria.test.mjs:664:12)
    runNextTicks (node:internal/process/task_queues:65:5)
    process.processImmediate (node:internal/timers:453:9)
    async Test.run (node:internal/test_runner/test:1054:7)
    async Test.processPendingSubtests (node:internal/test_runner/test:744:7)
  ...
# Subtest: R3: a burst of distinct requests is admitted up to a finite bound; the rest are refused explicitly
not ok 28 - R3: a burst of distinct requests is admitted up to a finite bound; the rest are refused explicitly
  ---
  duration_ms: 2.339103
  type: 'test'
  location: '<scratch>/memneg/reports/team-b-display-memory-budget-2026-10-08/pruebas/memoria.test.mjs:684:1'
  failureType: 'testCodeFailure'
  error: |-
    Expected values to be strictly equal:
    
    undefined !== 32
    
  code: 'ERR_ASSERTION'
  name: 'AssertionError'
  expected: 32
  operator: 'strictEqual'
  stack: |-
    TestContext.<anonymous> (file://<scratch>/memneg/reports/team-b-display-memory-budget-2026-10-08/pruebas/memoria.test.mjs:695:10)
    Test.runInAsyncScope (node:async_hooks:214:14)
    Test.run (node:internal/test_runner/test:1047:25)
    Test.processPendingSubtests (node:internal/test_runner/test:744:18)
    Test.postRun (node:internal/test_runner/test:1173:19)
    Test.run (node:internal/test_runner/test:1101:12)
    runNextTicks (node:internal/process/task_queues:65:5)
    process.processImmediate (node:internal/timers:453:9)
    async Test.processPendingSubtests (node:internal/test_runner/test:744:7)
  ...
# Subtest: R3: an admitted job keeps only its own body reachable, not the caller's Map
not ok 29 - R3: an admitted job keeps only its own body reachable, not the caller's Map
  ---
  duration_ms: 2.065516
  type: 'test'
  location: '<scratch>/memneg/reports/team-b-display-memory-budget-2026-10-08/pruebas/memoria.test.mjs:724:1'
  failureType: 'testCodeFailure'
  error: |-
    Expected values to be strictly equal:
    
    undefined !== 20
    
  code: 'ERR_ASSERTION'
  name: 'AssertionError'
  expected: 20
  operator: 'strictEqual'
  stack: |-
    TestContext.<anonymous> (file://<scratch>/memneg/reports/team-b-display-memory-budget-2026-10-08/pruebas/memoria.test.mjs:740:10)
    Test.runInAsyncScope (node:async_hooks:214:14)
    Test.run (node:internal/test_runner/test:1047:25)
    Test.processPendingSubtests (node:internal/test_runner/test:744:18)
    Test.postRun (node:internal/test_runner/test:1173:19)
    Test.run (node:internal/test_runner/test:1101:12)
    runNextTicks (node:internal/process/task_queues:65:5)
    process.processImmediate (node:internal/timers:453:9)
    async Test.processPendingSubtests (node:internal/test_runner/test:744:7)
  ...
# Subtest: reports/team-b-display-memory-budget-2026-10-08/pruebas/memoria.test.mjs
not ok 1 - reports/team-b-display-memory-budget-2026-10-08/pruebas/memoria.test.mjs
  ---
  duration_ms: 15007.827905
  type: 'test'
  location: '<scratch>/memneg/reports/team-b-display-memory-budget-2026-10-08/pruebas/memoria.test.mjs:1:1'
  failureType: 'testTimeoutFailure'
  error: 'test timed out after 15000ms'
  code: 'ERR_TEST_FAILURE'
  ...
1..30
# tests 30
# suites 0
# pass 15
# fail 14
# cancelled 1
# skipped 0
# todo 0
# duration_ms 15018.360626
