Chromium 141.0.7390.37 · Intel(R) Xeon(R) Processor @ 2.80GHz ×4 · 1200x640 DPR 1 · E5 64 MiB
┌─────────┬───────────────────────────────────────────────────────────────────────┬────────────┬────────────────────────────────┬──────┐
│ (index) │ control                                                               │ tareaMaxMs │ esperado                       │ bien │
├─────────┼───────────────────────────────────────────────────────────────────────┼────────────┼────────────────────────────────┼──────┤
│ 0       │ 'frío: 150 ms tras render()'                                          │ 161        │ '>= 150'                       │ true │
│ 1       │ 'arrastre 0: tarea de 150 ms durante la entrada'                      │ 150        │ '>= 150'                       │ true │
│ 2       │ 'arrastre 1: tarea de 150 ms durante la entrada'                      │ 150        │ '>= 150'                       │ true │
│ 3       │ 'arrastre 2: tarea de 150 ms durante la entrada'                      │ 150        │ '>= 150'                       │ true │
│ 4       │ 'arrastre 3: tarea de 150 ms durante la entrada'                      │ 150        │ '>= 150'                       │ true │
│ 5       │ 'arrastre 4: tarea de 150 ms durante la entrada'                      │ 150        │ '>= 150'                       │ true │
│ 6       │ 'arrastre 5: tarea de 150 ms durante la entrada'                      │ 150        │ '>= 150'                       │ true │
│ 7       │ 'tarea de 150 ms que termina antes del marcador'                      │ 0          │ '0'                            │ true │
│ 8       │ 'referencia: trabajo directo en page.evaluate (no se usa para medir)' │ 0          │ 'no reportado en Chromium 141' │ true │
└─────────┴───────────────────────────────────────────────────────────────────────┴────────────┴────────────────────────────────┴──────┘
OK    at least one drag control detected its deliberate 150 ms task
OK    seis e5 #0: cold contour 211 ms (longest task 0); input longest task 0 ms, longest event 24 ms; contour after input ≤ 682 ms 
OK    seis e3 #0: cold contour 140 ms (longest task 0); input longest task 0 ms, longest event 24 ms; contour after input ≤ 716 ms 
OK    doce e5 #0: cold contour 253 ms (longest task 0); input longest task 0 ms, longest event 24 ms; contour after input ≤ 717 ms 
OK    doce e3 #0: cold contour 298 ms (longest task 59); input longest task 0 ms, longest event 24 ms; contour after input ≤ 684 ms 
OK    denso-grande-mas-19999 e5 #0: cold contour 231 ms (longest task 0); input longest task 0 ms, longest event 24 ms; contour after input ≤ 783 ms 
OK    denso-grande-mas-19999 e3 #0: cold contour 196 ms (longest task 148); input longest task 0 ms, longest event 24 ms; contour after input ≤ 783 ms 
┌─────────┬──────────────────────────┬──────┬──────────────────────────────────┬──────────────────────────┬────────────────────────────────┬─────────────────────────────┬──────────────────────────────┬──────────────────────────────┬──────────────────────────────────────────┬───────────────────────────────────────┬──────────────────────────────────┬─────────────────────────────┐
│ (index) │ escena                   │ impl │ frío contorno final ms (mediana) │ frío tarea máx ms (peor) │ entrada tarea máx ms (mediana) │ entrada tarea máx ms (peor) │ entrada evento máx ms (peor) │ entrada cuadro máx ms (peor) │ tras entrada contorno final ms (mediana) │ tras entrada contorno final ms (peor) │ tras entrada tarea máx ms (peor) │ entradas con tarea >= 50 ms │
├─────────┼──────────────────────────┼──────┼──────────────────────────────────┼──────────────────────────┼────────────────────────────────┼─────────────────────────────┼──────────────────────────────┼──────────────────────────────┼──────────────────────────────────────────┼───────────────────────────────────────┼──────────────────────────────────┼─────────────────────────────┤
│ 0       │ 'seis'                   │ 'e5' │ 211                              │ 0                        │ 0                              │ 0                           │ 24                           │ 16.8                         │ 646                                      │ 682                                   │ 0                                │ '0/10'                      │
│ 1       │ 'seis'                   │ 'e3' │ 140                              │ 0                        │ 0                              │ 0                           │ 24                           │ 16.8                         │ 615                                      │ 716                                   │ 0                                │ '0/10'                      │
│ 2       │ 'doce'                   │ 'e5' │ 253                              │ 0                        │ 0                              │ 0                           │ 24                           │ 16.7                         │ 667                                      │ 717                                   │ 0                                │ '0/10'                      │
│ 3       │ 'doce'                   │ 'e3' │ 298                              │ 59                       │ 0                              │ 0                           │ 24                           │ 16.8                         │ 648                                      │ 684                                   │ 90                               │ '0/10'                      │
│ 4       │ 'denso-grande-mas-19999' │ 'e5' │ 231                              │ 0                        │ 0                              │ 0                           │ 24                           │ 16.8                         │ 751                                      │ 783                                   │ 0                                │ '0/10'                      │
│ 5       │ 'denso-grande-mas-19999' │ 'e3' │ 196                              │ 148                      │ 0                              │ 0                           │ 24                           │ 16.8                         │ 716                                      │ 783                                   │ 167                              │ '0/10'                      │
└─────────┴──────────────────────────┴──────┴──────────────────────────────────┴──────────────────────────┴────────────────────────────────┴─────────────────────────────┴──────────────────────────────┴──────────────────────────────┴──────────────────────────────────────────┴───────────────────────────────────────┴──────────────────────────────────┴─────────────────────────────┘
Todas las comprobaciones pasaron
