test_ambiguous_kmz_selection_then_explicit_activation (tests.test_archivos.AttachmentLifecycleSQLite) ... ok
test_cancel_and_retire_do_not_delete_final_history_or_resurrect (tests.test_archivos.AttachmentLifecycleSQLite) ... ok
test_changed_idempotent_start_conflicts_and_actor_scope_is_private (tests.test_archivos.AttachmentLifecycleSQLite) ... ok
test_cross_version_geometry_and_stale_revision_cannot_activate (tests.test_archivos.AttachmentLifecycleSQLite) ... ok
test_every_slow_work_scope_change_is_rechecked_before_finalization (tests.test_archivos.AttachmentLifecycleSQLite) ... ok
test_history_is_bounded_and_cursor_stable (tests.test_archivos.AttachmentLifecycleSQLite) ... ok
test_initiator_only_completion_missing_ids_and_archived_policy (tests.test_archivos.AttachmentLifecycleSQLite) ... ok
test_input_boundaries_names_magic_rejection_and_oversized_chunk (tests.test_archivos.AttachmentLifecycleSQLite) ... ok
test_l1_activation_resolves_version_ownership_before_any_lease (tests.test_archivos.AttachmentLifecycleSQLite) ... ok
test_l1_missing_and_out_of_scope_resources_are_one_result (tests.test_archivos.AttachmentLifecycleSQLite) ... ok
test_l2_pending_privacy_is_one_rule_on_every_read_surface (tests.test_archivos.AttachmentLifecycleSQLite) ... ok
test_l3_completion_reads_the_clock_after_acquiring_its_boundary (tests.test_archivos.AttachmentLifecycleSQLite) ... ok
test_l3_deadline_with_live_lease_is_in_progress_not_expired (tests.test_archivos.AttachmentLifecycleSQLite) ... ok
test_l3_expired_reprocessing_lease_is_controlled_and_writes_nothing (tests.test_archivos.AttachmentLifecycleSQLite) ... ok
test_l3_reprocessing_takeover_fences_the_late_holder (tests.test_archivos.AttachmentLifecycleSQLite) ... ok
test_l3_start_and_failure_boundaries_use_post_acquire_time (tests.test_archivos.AttachmentLifecycleSQLite) ... ok
test_l3_takeover_while_late_holder_waits_then_commits_first (tests.test_archivos.AttachmentLifecycleSQLite) ... ok
test_l4_listing_is_bounded_paged_and_stable_with_equal_timestamps (tests.test_archivos.AttachmentLifecycleSQLite) ... ok
test_l5_retired_pdfs_do_not_crowd_active_summaries (tests.test_archivos.AttachmentLifecycleSQLite) ... ok
test_l5_summary_replaces_lower_revision_pdf_beside_higher_revision (tests.test_archivos.AttachmentLifecycleSQLite) ... ok
test_l6_cancellation_never_claims_an_unattempted_or_failed_cleanup (tests.test_archivos.AttachmentLifecycleSQLite) ... ok
test_l6_lost_lease_error_carries_cleanup_status (tests.test_archivos.AttachmentLifecycleSQLite) ... ok
test_l6_retirement_replay_reports_actual_staging_state (tests.test_archivos.AttachmentLifecycleSQLite) ... ok
test_l6_successful_completion_staging_failure_survives_replay (tests.test_archivos.AttachmentLifecycleSQLite) ... ok
test_l6_unprovable_reference_keeps_bytes_and_reports_pending (tests.test_archivos.AttachmentLifecycleSQLite) ... ok
test_l6_verification_failure_reports_failed_cleanup_and_replay_rechecks (tests.test_archivos.AttachmentLifecycleSQLite) ... ok
test_lease_started_before_completion_deadline_may_finish_after_it (tests.test_archivos.AttachmentLifecycleSQLite) ... ok
test_live_lease_takeover_fences_late_holder_and_keeps_one_final (tests.test_archivos.AttachmentLifecycleSQLite) ... ok
test_local_storage_backend_runs_the_same_pdf_lifecycle (tests.test_archivos.AttachmentLifecycleSQLite) ... ok
test_other_callers_see_generic_pending_summary_only (tests.test_archivos.AttachmentLifecycleSQLite) ... ok
test_pdf_happy_path_replay_audit_and_terrain_stability (tests.test_archivos.AttachmentLifecycleSQLite) ... ok
test_pending_limit_counts_effective_uploads_and_equality_expires (tests.test_archivos.AttachmentLifecycleSQLite) ... ok
test_read_only_expiry_projection_does_not_write (tests.test_archivos.AttachmentLifecycleSQLite) ... ok
test_real_single_candidate_kmz_commits_mutual_rows_and_activates (tests.test_archivos.AttachmentLifecycleSQLite) ... ok
test_rejected_replacement_and_stale_parallel_completion_preserve_layout (tests.test_archivos.AttachmentLifecycleSQLite) ... ok
test_scope_loss_before_final_transaction_writes_no_outcome (tests.test_archivos.AttachmentLifecycleSQLite) ... ok
test_slow_work_has_no_open_write_transaction (tests.test_archivos.AttachmentLifecycleSQLite) ... ok
test_uncertain_commit_never_deletes_a_referenced_final (tests.test_archivos.AttachmentLifecycleSQLite) ... ok
test_verification_failure_is_terminal_and_storage_failure_is_retryable (tests.test_archivos.AttachmentLifecycleSQLite) ... ok

----------------------------------------------------------------------
Ran 39 tests in 4.100s

OK
