test_importing_the_package_puts_the_bundle_on_the_path (tests.test_packaging.BundledDependency) ... FAIL
test_openpyxl_is_bundled (tests.test_packaging.BundledDependency) ... ok
test_the_bundle_is_pure_python (tests.test_packaging.BundledDependency)
Compiled extensions would tie the bundle to one Python version. ... ok
test_a_workbook_can_be_read_with_nothing_installed (tests.test_packaging.CleanMachine) ... ok
test_the_database_layer_works_on_the_system_python (tests.test_packaging.CleanMachine) ... ok
test_the_system_python_has_no_openpyxl_of_its_own (tests.test_packaging.CleanMachine) ... ok
test_the_system_python_is_old_enough_to_matter (tests.test_packaging.CleanMachine) ... ok
test_failures_keep_the_window_open (tests.test_packaging.Launcher)
A window that closes instantly leaves the user with no message. ... ok
test_it_does_not_trust_the_first_python_on_the_path (tests.test_packaging.Launcher) ... ok
test_it_never_asks_the_user_to_install_anything (tests.test_packaging.Launcher) ... ok
test_the_launcher_is_executable (tests.test_packaging.Launcher) ... ok

======================================================================
FAIL: test_importing_the_package_puts_the_bundle_on_the_path (tests.test_packaging.BundledDependency)
----------------------------------------------------------------------
Traceback (most recent call last):
  File "/private/tmp/ara-b-correction-GI4akN/tests/test_packaging.py", line 30, in test_importing_the_package_puts_the_bundle_on_the_path
    self.assertTrue(any(str(VENDOR) == p for p in sys.path))
AssertionError: False is not true

----------------------------------------------------------------------
Ran 11 tests in 0.462s

FAILED (failures=1)
