[serve_target] mode=local http://127.0.0.1:8433 root=/home/user/ARA-MAP
  "POST /api/inventario/terrenos HTTP/1.1" 422 -
  "POST /api/inventario/terrenos HTTP/1.1" 422 -
[serve_target] mode=local http://127.0.0.1:8433 root=/home/user/ARA-MAP
  "POST /api/inventario/terrenos HTTP/1.1" 422 -
  "POST /api/inventario/terrenos HTTP/1.1" 422 -
  "POST /api/inventario/terrenos HTTP/1.1" 422 -
  "PATCH /api/inventario/terrenos/317c0bcf-a9c5-49a1-b896-6e74c2e35a17 HTTP/1.1" 422 -
  "PATCH /api/inventario/terrenos/317c0bcf-a9c5-49a1-b896-6e74c2e35a17 HTTP/1.1" 422 -
  "PATCH /api/inventario/terrenos/317c0bcf-a9c5-49a1-b896-6e74c2e35a17 HTTP/1.1" 422 -
  "PATCH /api/inventario/terrenos/317c0bcf-a9c5-49a1-b896-6e74c2e35a17 HTTP/1.1" 422 -
  "PATCH /api/inventario/terrenos/317c0bcf-a9c5-49a1-b896-6e74c2e35a17 HTTP/1.1" 422 -
  "PATCH /api/inventario/terrenos/317c0bcf-a9c5-49a1-b896-6e74c2e35a17 HTTP/1.1" 422 -
  "PATCH /api/inventario/terrenos/317c0bcf-a9c5-49a1-b896-6e74c2e35a17 HTTP/1.1" 422 -
  "PATCH /api/inventario/terrenos/317c0bcf-a9c5-49a1-b896-6e74c2e35a17 HTTP/1.1" 422 -
  "PATCH /api/inventario/terrenos/317c0bcf-a9c5-49a1-b896-6e74c2e35a17 HTTP/1.1" 422 -
  "PATCH /api/inventario/terrenos/317c0bcf-a9c5-49a1-b896-6e74c2e35a17 HTTP/1.1" 422 -
  "PATCH /api/inventario/terrenos/b4d98b73-1ad4-4e8a-8712-b53bc0d90e79 HTTP/1.1" 422 -
  "PATCH /api/inventario/terrenos/b4d98b73-1ad4-4e8a-8712-b53bc0d90e79 HTTP/1.1" 422 -
  "PATCH /api/inventario/terrenos/b4d98b73-1ad4-4e8a-8712-b53bc0d90e79 HTTP/1.1" 422 -
  "PATCH /api/inventario/terrenos/b4d98b73-1ad4-4e8a-8712-b53bc0d90e79 HTTP/1.1" 422 -
  "PATCH /api/inventario/terrenos/b4d98b73-1ad4-4e8a-8712-b53bc0d90e79 HTTP/1.1" 422 -
  "PATCH /api/inventario/terrenos/b4d98b73-1ad4-4e8a-8712-b53bc0d90e79 HTTP/1.1" 422 -
  "PATCH /api/inventario/terrenos/b4d98b73-1ad4-4e8a-8712-b53bc0d90e79 HTTP/1.1" 422 -
  "PATCH /api/inventario/terrenos/b4d98b73-1ad4-4e8a-8712-b53bc0d90e79 HTTP/1.1" 422 -
  "PATCH /api/inventario/terrenos/b4d98b73-1ad4-4e8a-8712-b53bc0d90e79 HTTP/1.1" 422 -
  "PATCH /api/inventario/terrenos/b4d98b73-1ad4-4e8a-8712-b53bc0d90e79 HTTP/1.1" 422 -
  "PATCH /api/inventario/terrenos/7df68c0a-fafc-4faf-badd-1e6f43cf2c07 HTTP/1.1" 422 -
  "PATCH /api/inventario/terrenos/7df68c0a-fafc-4faf-badd-1e6f43cf2c07 HTTP/1.1" 422 -
  "PATCH /api/inventario/terrenos/7df68c0a-fafc-4faf-badd-1e6f43cf2c07 HTTP/1.1" 422 -
  "PATCH /api/inventario/terrenos/7df68c0a-fafc-4faf-badd-1e6f43cf2c07 HTTP/1.1" 422 -
  "PATCH /api/inventario/terrenos/7df68c0a-fafc-4faf-badd-1e6f43cf2c07 HTTP/1.1" 422 -
  "PATCH /api/inventario/terrenos/7df68c0a-fafc-4faf-badd-1e6f43cf2c07 HTTP/1.1" 422 -
  "PATCH /api/inventario/terrenos/7df68c0a-fafc-4faf-badd-1e6f43cf2c07 HTTP/1.1" 422 -
  "PATCH /api/inventario/terrenos/7df68c0a-fafc-4faf-badd-1e6f43cf2c07 HTTP/1.1" 422 -
  "PATCH /api/inventario/terrenos/7df68c0a-fafc-4faf-badd-1e6f43cf2c07 HTTP/1.1" 422 -
  "PATCH /api/inventario/terrenos/7df68c0a-fafc-4faf-badd-1e6f43cf2c07 HTTP/1.1" 422 -
  "POST /api/inventario/terrenos/317c0bcf-a9c5-49a1-b896-6e74c2e35a17/publicar HTTP/1.1" 422 -
  "POST /api/inventario/terrenos/317c0bcf-a9c5-49a1-b896-6e74c2e35a17/despublicar HTTP/1.1" 409 -
  "PATCH /api/inventario/terrenos/29fa3f28-35fc-4064-a6b7-e1d05e16a85f HTTP/1.1" 422 -
  "PATCH /api/inventario/terrenos/29fa3f28-35fc-4064-a6b7-e1d05e16a85f HTTP/1.1" 422 -
  "PATCH /api/inventario/terrenos/29fa3f28-35fc-4064-a6b7-e1d05e16a85f HTTP/1.1" 422 -
  "PATCH /api/inventario/terrenos/29fa3f28-35fc-4064-a6b7-e1d05e16a85f HTTP/1.1" 422 -
  "PATCH /api/inventario/terrenos/29fa3f28-35fc-4064-a6b7-e1d05e16a85f HTTP/1.1" 422 -
  "PATCH /api/inventario/terrenos/29fa3f28-35fc-4064-a6b7-e1d05e16a85f HTTP/1.1" 422 -
  "PATCH /api/inventario/terrenos/29fa3f28-35fc-4064-a6b7-e1d05e16a85f HTTP/1.1" 422 -
  "PATCH /api/inventario/terrenos/29fa3f28-35fc-4064-a6b7-e1d05e16a85f HTTP/1.1" 422 -
  "PATCH /api/inventario/terrenos/29fa3f28-35fc-4064-a6b7-e1d05e16a85f HTTP/1.1" 422 -
  "PATCH /api/inventario/terrenos/29fa3f28-35fc-4064-a6b7-e1d05e16a85f HTTP/1.1" 422 -
  "PATCH /api/inventario/terrenos/29fa3f28-35fc-4064-a6b7-e1d05e16a85f HTTP/1.1" 422 -
  "PATCH /api/inventario/terrenos/29fa3f28-35fc-4064-a6b7-e1d05e16a85f HTTP/1.1" 422 -
  "PATCH /api/inventario/terrenos/29fa3f28-35fc-4064-a6b7-e1d05e16a85f HTTP/1.1" 422 -
  "POST /api/inventario/terrenos HTTP/1.1" 422 -
  "POST /api/inventario/terrenos HTTP/1.1" 422 -
[serve_target] mode=local http://127.0.0.1:8433 root=/home/user/ARA-MAP
  "POST /api/inventario/terrenos HTTP/1.1" 409 -
[serve_target] FAULT INJECTION active: server.repo.inventario._event raises on 'FAULT-INJECT-aa479ba7'
[serve_target] mode=local http://127.0.0.1:8433 root=/home/user/ARA-MAP
Traceback (most recent call last):
  File "/home/user/ARA-MAP/server/app.py", line 171, in _dispatch
    result = handler(request)
             ^^^^^^^^^^^^^^^^
  File "/home/user/ARA-MAP/server/api/inventario.py", line 90, in create
    return repo.create(conn, fields, actor, key, request_hash)
           ^^^^^^^^^^^^^^^^^^^^^^^^^^^^^^^^^^^^^^^^^^^^^^^^^^^
  File "/home/user/ARA-MAP/server/repo/inventario.py", line 175, in create
    return _create(conn, fields, actor, key, request_hash)
           ^^^^^^^^^^^^^^^^^^^^^^^^^^^^^^^^^^^^^^^^^^^^^^^
  File "/home/user/ARA-MAP/server/repo/inventario.py", line 205, in _create
    _event(conn, inventory_id, 1, "create", actor, ahora, None, revision_id, {"changes": cambios})
  File "/home/user/ARA-MAP/reports/inventory-developer-handoff-2026-10-05/verification/stage1/serve_target.py", line 41, in faulty
    raise RuntimeError("verifier fault injection before inventory_event insert")
RuntimeError: verifier fault injection before inventory_event insert
  "POST /api/inventario/terrenos HTTP/1.1" 500 -
Traceback (most recent call last):
  File "/home/user/ARA-MAP/server/app.py", line 171, in _dispatch
    result = handler(request)
             ^^^^^^^^^^^^^^^^
  File "/home/user/ARA-MAP/server/api/inventario.py", line 125, in update
    return {"terreno": repo.update(conn, inventory_id, expected, fields,
                       ^^^^^^^^^^^^^^^^^^^^^^^^^^^^^^^^^^^^^^^^^^^^^^^^^
  File "/home/user/ARA-MAP/server/repo/inventario.py", line 251, in update
    _event(conn, inventory_id, expected_version + 1, "update", actor, ahora,
  File "/home/user/ARA-MAP/reports/inventory-developer-handoff-2026-10-05/verification/stage1/serve_target.py", line 41, in faulty
    raise RuntimeError("verifier fault injection before inventory_event insert")
RuntimeError: verifier fault injection before inventory_event insert
  "PATCH /api/inventario/terrenos/f0bfe23d-7dd6-4ecc-82d7-82b7be1f13ec HTTP/1.1" 500 -
[serve_target] mode=local http://127.0.0.1:8433 root=/home/user/ARA-MAP
  "PATCH /api/inventario/terrenos/08900bc6-6839-442b-add6-eb16a58a8bc0 HTTP/1.1" 409 -
  "PATCH /api/inventario/terrenos/08900bc6-6839-442b-add6-eb16a58a8bc0 HTTP/1.1" 409 -
  "PATCH /api/inventario/terrenos/08900bc6-6839-442b-add6-eb16a58a8bc0 HTTP/1.1" 409 -
  "PATCH /api/inventario/terrenos/08900bc6-6839-442b-add6-eb16a58a8bc0 HTTP/1.1" 409 -
  "PATCH /api/inventario/terrenos/08900bc6-6839-442b-add6-eb16a58a8bc0 HTTP/1.1" 422 -
  "PATCH /api/inventario/terrenos/08900bc6-6839-442b-add6-eb16a58a8bc0 HTTP/1.1" 422 -
  "PATCH /api/inventario/terrenos/08900bc6-6839-442b-add6-eb16a58a8bc0 HTTP/1.1" 409 -
  "PATCH /api/inventario/terrenos/08900bc6-6839-442b-add6-eb16a58a8bc0 HTTP/1.1" 409 -
  "POST /api/login HTTP/1.1" 401 -
  "POST /api/login HTTP/1.1" 401 -
  "GET /api/inventario/terrenos HTTP/1.1" 401 -
  "GET /api/inventario/terrenos HTTP/1.1" 401 -
  "GET /api/inventario/terrenos HTTP/1.1" 401 -
  "GET /api/bases HTTP/1.1" 401 -
  "POST /api/carpetas HTTP/1.1" 401 -
  "POST /api/inventario/terrenos HTTP/1.1" 401 -
  "PATCH /api/inventario/terrenos/e43e1831-3050-46fb-9e76-7f88fa07a60b HTTP/1.1" 403 -
  "POST /api/inventario/terrenos HTTP/1.1" 403 -
  "PATCH /api/inventario/terrenos/e43e1831-3050-46fb-9e76-7f88fa07a60b HTTP/1.1" 403 -
  "POST /api/inventario/terrenos HTTP/1.1" 403 -
  "PATCH /api/inventario/terrenos/e43e1831-3050-46fb-9e76-7f88fa07a60b HTTP/1.1" 403 -
  "POST /api/inventario/terrenos HTTP/1.1" 403 -
  "POST /api/login HTTP/1.1" 403 -
  "POST /api/registro HTTP/1.1" 401 -
  "POST /api/registro HTTP/1.1" 404 -
  "POST /api/register HTTP/1.1" 401 -
  "POST /api/register HTTP/1.1" 404 -
  "POST /api/signup HTTP/1.1" 401 -
  "POST /api/signup HTTP/1.1" 404 -
  "POST /api/usuarios HTTP/1.1" 401 -
  "POST /api/usuarios HTTP/1.1" 404 -
  "POST /api/users HTTP/1.1" 401 -
  "POST /api/users HTTP/1.1" 404 -
  "POST /api/cuentas HTTP/1.1" 401 -
  "POST /api/cuentas HTTP/1.1" 404 -
  "POST /api/team HTTP/1.1" 401 -
  "POST /api/team HTTP/1.1" 404 -
  "POST /api/session HTTP/1.1" 401 -
  "POST /api/session HTTP/1.1" 405 -
  "POST /api/login HTTP/1.1" 401 -
  "GET /api/inventario/terrenos HTTP/1.1" 401 -
  "PATCH /api/inventario/terrenos/e43e1831-3050-46fb-9e76-7f88fa07a60b HTTP/1.1" 401 -
  "GET /api/inventario/terrenos HTTP/1.1" 401 -
  "GET /api/bases HTTP/1.1" 401 -
  "GET /api/bases/1 HTTP/1.1" 401 -
  "GET /api/bases/2 HTTP/1.1" 401 -
  "GET /api/bases/3 HTTP/1.1" 401 -
  "GET /api/bases/4 HTTP/1.1" 401 -
  "GET /api/bases/999999 HTTP/1.1" 401 -
  "GET /api/bases/1/terrenos HTTP/1.1" 401 -
  "GET /api/bases/2/terrenos HTTP/1.1" 401 -
  "GET /api/bases/3/terrenos HTTP/1.1" 401 -
  "GET /api/bases/4/terrenos HTTP/1.1" 401 -
  "GET /api/bases/999999/terrenos HTTP/1.1" 401 -
  "GET /api/carpetas HTTP/1.1" 401 -
  "GET /api/formatos HTTP/1.1" 401 -
  "GET /api/inventario/terrenos HTTP/1.1" 401 -
  "GET /api/inventario/terrenos/d0a5f349-74df-4b03-881d-b0cb4cf7f773 HTTP/1.1" 401 -
  "GET /api/inventario/terrenos/0401bcdf-53de-43bb-954e-dae9188375c8 HTTP/1.1" 401 -
  "GET /api/inventario/terrenos/04c677e9-f620-4697-b57f-6be631a0e07a HTTP/1.1" 401 -
  "GET /api/inventario/terrenos/065e3180-69fd-42b2-8674-885180a5de7b HTTP/1.1" 401 -
  "GET /api/inventario/terrenos/08900bc6-6839-442b-add6-eb16a58a8bc0 HTTP/1.1" 401 -
  "GET /api/inventario/terrenos/0b54004c-3192-4daa-b66e-d002ff1b1526 HTTP/1.1" 401 -
  "GET /api/inventario/terrenos/0b934fc2-10f4-4315-a653-bf9af8ffe3fa HTTP/1.1" 401 -
  "GET /api/inventario/terrenos/0ce283ec-70fe-4de3-8ea4-3585ac590718 HTTP/1.1" 401 -
  "GET /api/inventario/terrenos/0f5ba46d-e85e-42fc-abab-dbc3a66b2a0e HTTP/1.1" 401 -
  "GET /api/inventario/terrenos/0fb6e9f3-30f5-4b6a-b359-7e3932905d19 HTTP/1.1" 401 -
  "GET /api/inventario/terrenos/10e40b6f-ca6c-4603-84f3-870059d21067 HTTP/1.1" 401 -
  "GET /api/inventario/terrenos/11b0e063-f461-40ee-81a0-045d55a73713 HTTP/1.1" 401 -
  "GET /api/inventario/terrenos/12cdbf32-688b-439e-bb5f-4478742a1cae HTTP/1.1" 401 -
  "GET /api/inventario/terrenos/153df879-e0fa-4677-82e6-5db45c9be06f HTTP/1.1" 401 -
  "GET /api/inventario/terrenos/1eafef54-c6c9-417f-af3b-c647ee0446d6 HTTP/1.1" 401 -
  "GET /api/inventario/terrenos/208625e9-82e3-4b06-912d-fb75437ae3fe HTTP/1.1" 401 -
  "GET /api/inventario/terrenos/227369d3-ed54-41d3-a720-d49d622e33f1 HTTP/1.1" 401 -
  "GET /api/inventario/terrenos/22a2ffdb-dd72-410a-9d0e-1aac1a529b57 HTTP/1.1" 401 -
  "GET /api/inventario/terrenos/233e4cca-08af-4d59-9925-bd8e820055fe HTTP/1.1" 401 -
  "GET /api/inventario/terrenos/2388aa3a-f155-4a38-8cf2-fd65be7955f3 HTTP/1.1" 401 -
  "GET /api/inventario/terrenos/2418346f-0075-4592-bfb4-f662899cd482 HTTP/1.1" 401 -
  "GET /api/inventario/terrenos/25f4c99f-ed54-45da-9500-ad48c08e54d0 HTTP/1.1" 401 -
  "GET /api/inventario/terrenos/26b7b5d9-f01e-4266-a206-223e153c3350 HTTP/1.1" 401 -
  "GET /api/inventario/terrenos/29fa3f28-35fc-4064-a6b7-e1d05e16a85f HTTP/1.1" 401 -
  "GET /api/inventario/terrenos/2a8be475-da72-4fff-890d-09a08aad161a HTTP/1.1" 401 -
  "GET /api/inventario/terrenos/317c0bcf-a9c5-49a1-b896-6e74c2e35a17 HTTP/1.1" 401 -
  "GET /api/inventario/terrenos/d0a5f349-74df-4b03-881d-b0cb4cf7f773/historial HTTP/1.1" 401 -
  "GET /api/inventario/terrenos/0401bcdf-53de-43bb-954e-dae9188375c8/historial HTTP/1.1" 401 -
  "GET /api/inventario/terrenos/04c677e9-f620-4697-b57f-6be631a0e07a/historial HTTP/1.1" 401 -
  "GET /api/inventario/terrenos/065e3180-69fd-42b2-8674-885180a5de7b/historial HTTP/1.1" 401 -
  "GET /api/inventario/terrenos/08900bc6-6839-442b-add6-eb16a58a8bc0/historial HTTP/1.1" 401 -
  "GET /api/inventario/terrenos/0b54004c-3192-4daa-b66e-d002ff1b1526/historial HTTP/1.1" 401 -
  "GET /api/inventario/terrenos/0b934fc2-10f4-4315-a653-bf9af8ffe3fa/historial HTTP/1.1" 401 -
  "GET /api/inventario/terrenos/0ce283ec-70fe-4de3-8ea4-3585ac590718/historial HTTP/1.1" 401 -
  "GET /api/inventario/terrenos/0f5ba46d-e85e-42fc-abab-dbc3a66b2a0e/historial HTTP/1.1" 401 -
  "GET /api/inventario/terrenos/0fb6e9f3-30f5-4b6a-b359-7e3932905d19/historial HTTP/1.1" 401 -
  "GET /api/inventario/terrenos/10e40b6f-ca6c-4603-84f3-870059d21067/historial HTTP/1.1" 401 -
  "GET /api/inventario/terrenos/11b0e063-f461-40ee-81a0-045d55a73713/historial HTTP/1.1" 401 -
  "GET /api/inventario/terrenos/12cdbf32-688b-439e-bb5f-4478742a1cae/historial HTTP/1.1" 401 -
  "GET /api/inventario/terrenos/153df879-e0fa-4677-82e6-5db45c9be06f/historial HTTP/1.1" 401 -
  "GET /api/inventario/terrenos/1eafef54-c6c9-417f-af3b-c647ee0446d6/historial HTTP/1.1" 401 -
  "GET /api/inventario/terrenos/208625e9-82e3-4b06-912d-fb75437ae3fe/historial HTTP/1.1" 401 -
  "GET /api/inventario/terrenos/227369d3-ed54-41d3-a720-d49d622e33f1/historial HTTP/1.1" 401 -
  "GET /api/inventario/terrenos/22a2ffdb-dd72-410a-9d0e-1aac1a529b57/historial HTTP/1.1" 401 -
  "GET /api/inventario/terrenos/233e4cca-08af-4d59-9925-bd8e820055fe/historial HTTP/1.1" 401 -
  "GET /api/inventario/terrenos/2388aa3a-f155-4a38-8cf2-fd65be7955f3/historial HTTP/1.1" 401 -
  "GET /api/inventario/terrenos/2418346f-0075-4592-bfb4-f662899cd482/historial HTTP/1.1" 401 -
  "GET /api/inventario/terrenos/25f4c99f-ed54-45da-9500-ad48c08e54d0/historial HTTP/1.1" 401 -
  "GET /api/inventario/terrenos/26b7b5d9-f01e-4266-a206-223e153c3350/historial HTTP/1.1" 401 -
  "GET /api/inventario/terrenos/29fa3f28-35fc-4064-a6b7-e1d05e16a85f/historial HTTP/1.1" 401 -
  "GET /api/inventario/terrenos/2a8be475-da72-4fff-890d-09a08aad161a/historial HTTP/1.1" 401 -
  "GET /api/inventario/terrenos/317c0bcf-a9c5-49a1-b896-6e74c2e35a17/historial HTTP/1.1" 401 -
  "GET /api/inventario/terrenos/d0a5f349-74df-4b03-881d-b0cb4cf7f773/vista-publica HTTP/1.1" 401 -
  "GET /api/inventario/terrenos/0401bcdf-53de-43bb-954e-dae9188375c8/vista-publica HTTP/1.1" 401 -
  "GET /api/inventario/terrenos/04c677e9-f620-4697-b57f-6be631a0e07a/vista-publica HTTP/1.1" 401 -
  "GET /api/inventario/terrenos/065e3180-69fd-42b2-8674-885180a5de7b/vista-publica HTTP/1.1" 401 -
  "GET /api/inventario/terrenos/08900bc6-6839-442b-add6-eb16a58a8bc0/vista-publica HTTP/1.1" 401 -
  "GET /api/inventario/terrenos/0b54004c-3192-4daa-b66e-d002ff1b1526/vista-publica HTTP/1.1" 401 -
  "GET /api/inventario/terrenos/0b934fc2-10f4-4315-a653-bf9af8ffe3fa/vista-publica HTTP/1.1" 401 -
  "GET /api/inventario/terrenos/0ce283ec-70fe-4de3-8ea4-3585ac590718/vista-publica HTTP/1.1" 401 -
  "GET /api/inventario/terrenos/0f5ba46d-e85e-42fc-abab-dbc3a66b2a0e/vista-publica HTTP/1.1" 401 -
  "GET /api/inventario/terrenos/0fb6e9f3-30f5-4b6a-b359-7e3932905d19/vista-publica HTTP/1.1" 401 -
  "GET /api/inventario/terrenos/10e40b6f-ca6c-4603-84f3-870059d21067/vista-publica HTTP/1.1" 401 -
  "GET /api/inventario/terrenos/11b0e063-f461-40ee-81a0-045d55a73713/vista-publica HTTP/1.1" 401 -
  "GET /api/inventario/terrenos/12cdbf32-688b-439e-bb5f-4478742a1cae/vista-publica HTTP/1.1" 401 -
  "GET /api/inventario/terrenos/153df879-e0fa-4677-82e6-5db45c9be06f/vista-publica HTTP/1.1" 401 -
  "GET /api/inventario/terrenos/1eafef54-c6c9-417f-af3b-c647ee0446d6/vista-publica HTTP/1.1" 401 -
  "GET /api/inventario/terrenos/208625e9-82e3-4b06-912d-fb75437ae3fe/vista-publica HTTP/1.1" 401 -
  "GET /api/inventario/terrenos/227369d3-ed54-41d3-a720-d49d622e33f1/vista-publica HTTP/1.1" 401 -
  "GET /api/inventario/terrenos/22a2ffdb-dd72-410a-9d0e-1aac1a529b57/vista-publica HTTP/1.1" 401 -
  "GET /api/inventario/terrenos/233e4cca-08af-4d59-9925-bd8e820055fe/vista-publica HTTP/1.1" 401 -
  "GET /api/inventario/terrenos/2388aa3a-f155-4a38-8cf2-fd65be7955f3/vista-publica HTTP/1.1" 401 -
  "GET /api/inventario/terrenos/2418346f-0075-4592-bfb4-f662899cd482/vista-publica HTTP/1.1" 401 -
  "GET /api/inventario/terrenos/25f4c99f-ed54-45da-9500-ad48c08e54d0/vista-publica HTTP/1.1" 401 -
  "GET /api/inventario/terrenos/26b7b5d9-f01e-4266-a206-223e153c3350/vista-publica HTTP/1.1" 401 -
  "GET /api/inventario/terrenos/29fa3f28-35fc-4064-a6b7-e1d05e16a85f/vista-publica HTTP/1.1" 401 -
  "GET /api/inventario/terrenos/2a8be475-da72-4fff-890d-09a08aad161a/vista-publica HTTP/1.1" 401 -
  "GET /api/inventario/terrenos/317c0bcf-a9c5-49a1-b896-6e74c2e35a17/vista-publica HTTP/1.1" 401 -
  "GET /api/mapas HTTP/1.1" 401 -
  "GET /api/mapas/1 HTTP/1.1" 401 -
  "GET /api/mapas/2 HTTP/1.1" 401 -
  "GET /api/mapas/3 HTTP/1.1" 401 -
  "GET /api/mapas/4 HTTP/1.1" 401 -
  "GET /api/mapas/999999 HTTP/1.1" 401 -
  "GET /api/mapas/1/terrenos HTTP/1.1" 401 -
  "GET /api/mapas/2/terrenos HTTP/1.1" 401 -
  "GET /api/mapas/3/terrenos HTTP/1.1" 401 -
  "GET /api/mapas/4/terrenos HTTP/1.1" 401 -
  "GET /api/mapas/999999/terrenos HTTP/1.1" 401 -
  "GET /api/carpetas?tipo=bases HTTP/1.1" 401 -
  "GET /api/carpetas?tipo=mapas HTTP/1.1" 401 -
  "GET /api/bases/1/terrenos?ids=1 HTTP/1.1" 401 -
  "GET /api/mapas/2/terrenos?capa=1 HTTP/1.1" 401 -
  "GET /api/inventario/terrenos?limit=250&include_archived=true HTTP/1.1" 401 -
  "GET /api/exportar HTTP/1.1" 401 -
  "GET /api/nope HTTP/1.1" 401 -
  "GET /api/bases/1/secreto HTTP/1.1" 401 -
  "GET /api/inventario HTTP/1.1" 401 -
  "GET /api/inventario/terrenos/x/y/z HTTP/1.1" 401 -
  "GET /api/BASES HTTP/1.1" 401 -
  "GET /api//bases HTTP/1.1" 401 -
  "GET /api/bases/ HTTP/1.1" 401 -
  "GET /api/./bases HTTP/1.1" 401 -
  "GET /api/bases%2F1 HTTP/1.1" 401 -
  "GET /api/publico/terrenos/../../bases HTTP/1.1" 401 -
  "GET /api/publico/terrenos/..%2f..%2fbases HTTP/1.1" 404 -
  "GET /api/publico/../bases HTTP/1.1" 401 -
  "GET /api/config/../bases HTTP/1.1" 401 -
  "GET /api/session/../mapas/1/terrenos HTTP/1.1" 401 -
  "GET /api/bases?x=/api/config HTTP/1.1" 401 -
  "GET /api/publico/terrenosX HTTP/1.1" 401 -
  "GET /api/publico HTTP/1.1" 401 -
  "GET /api/exportar/ HTTP/1.1" 401 -
  "GET /api/inventario/terrenos/ HTTP/1.1" 401 -
  "GET /api/INVENTARIO/terrenos HTTP/1.1" 401 -
  "GET /api/inventario/terrenos;x=1 HTTP/1.1" 401 -
  "GET /api/inventario//terrenos HTTP/1.1" 401 -
  "GET /api/inventario/terrenos%2f HTTP/1.1" 401 -
  "GET /api/inventario/terrenos?cursor=../.. HTTP/1.1" 401 -
  "GET /api/inventario/terrenos/%2e%2e/%2e%2e/bases HTTP/1.1" 401 -
  "GET /api/inventario/terrenos?limit=250&campos=contacto HTTP/1.1" 401 -
  "GET //api/inventario/terrenos HTTP/1.1" 401 -
  "GET //api/bases/1/terrenos HTTP/1.1" 401 -
  code 501, message Unsupported method ('HEAD')
  "HEAD /api/bases HTTP/1.1" 501 -
  code 501, message Unsupported method ('OPTIONS')
  "OPTIONS /api/bases HTTP/1.1" 501 -
  "POST /api/bases HTTP/1.1" 401 -
  "POST /api/bases/1 HTTP/1.1" 401 -
  "POST /api/bases/2 HTTP/1.1" 401 -
  "POST /api/bases/3 HTTP/1.1" 401 -
  "POST /api/bases/4 HTTP/1.1" 401 -
  "POST /api/bases/999999 HTTP/1.1" 401 -
  "POST /api/bases/1/terrenos HTTP/1.1" 401 -
  "POST /api/bases/2/terrenos HTTP/1.1" 401 -
  "POST /api/bases/3/terrenos HTTP/1.1" 401 -
  "POST /api/bases/4/terrenos HTTP/1.1" 401 -
  "POST /api/bases/999999/terrenos HTTP/1.1" 401 -
  "POST /api/carpetas HTTP/1.1" 401 -
  "POST /api/formatos HTTP/1.1" 401 -
  "POST /api/inventario/terrenos HTTP/1.1" 401 -
  "POST /api/inventario/terrenos/d0a5f349-74df-4b03-881d-b0cb4cf7f773 HTTP/1.1" 401 -
  "POST /api/inventario/terrenos/0401bcdf-53de-43bb-954e-dae9188375c8 HTTP/1.1" 401 -
  "POST /api/inventario/terrenos/04c677e9-f620-4697-b57f-6be631a0e07a HTTP/1.1" 401 -
  "POST /api/inventario/terrenos/065e3180-69fd-42b2-8674-885180a5de7b HTTP/1.1" 401 -
  "POST /api/inventario/terrenos/08900bc6-6839-442b-add6-eb16a58a8bc0 HTTP/1.1" 401 -
  "POST /api/inventario/terrenos/0b54004c-3192-4daa-b66e-d002ff1b1526 HTTP/1.1" 401 -
  "POST /api/inventario/terrenos/0b934fc2-10f4-4315-a653-bf9af8ffe3fa HTTP/1.1" 401 -
  "POST /api/inventario/terrenos/0ce283ec-70fe-4de3-8ea4-3585ac590718 HTTP/1.1" 401 -
  "POST /api/inventario/terrenos/0f5ba46d-e85e-42fc-abab-dbc3a66b2a0e HTTP/1.1" 401 -
  "POST /api/inventario/terrenos/0fb6e9f3-30f5-4b6a-b359-7e3932905d19 HTTP/1.1" 401 -
  "POST /api/inventario/terrenos/10e40b6f-ca6c-4603-84f3-870059d21067 HTTP/1.1" 401 -
  "POST /api/inventario/terrenos/11b0e063-f461-40ee-81a0-045d55a73713 HTTP/1.1" 401 -
  "POST /api/inventario/terrenos/12cdbf32-688b-439e-bb5f-4478742a1cae HTTP/1.1" 401 -
  "POST /api/inventario/terrenos/153df879-e0fa-4677-82e6-5db45c9be06f HTTP/1.1" 401 -
  "POST /api/inventario/terrenos/1eafef54-c6c9-417f-af3b-c647ee0446d6 HTTP/1.1" 401 -
  "POST /api/inventario/terrenos/208625e9-82e3-4b06-912d-fb75437ae3fe HTTP/1.1" 401 -
  "POST /api/inventario/terrenos/227369d3-ed54-41d3-a720-d49d622e33f1 HTTP/1.1" 401 -
  "POST /api/inventario/terrenos/22a2ffdb-dd72-410a-9d0e-1aac1a529b57 HTTP/1.1" 401 -
  "POST /api/inventario/terrenos/233e4cca-08af-4d59-9925-bd8e820055fe HTTP/1.1" 401 -
  "POST /api/inventario/terrenos/2388aa3a-f155-4a38-8cf2-fd65be7955f3 HTTP/1.1" 401 -
  "POST /api/inventario/terrenos/2418346f-0075-4592-bfb4-f662899cd482 HTTP/1.1" 401 -
  "POST /api/inventario/terrenos/25f4c99f-ed54-45da-9500-ad48c08e54d0 HTTP/1.1" 401 -
  "POST /api/inventario/terrenos/26b7b5d9-f01e-4266-a206-223e153c3350 HTTP/1.1" 401 -
  "POST /api/inventario/terrenos/29fa3f28-35fc-4064-a6b7-e1d05e16a85f HTTP/1.1" 401 -
  "POST /api/inventario/terrenos/2a8be475-da72-4fff-890d-09a08aad161a HTTP/1.1" 401 -
  "POST /api/inventario/terrenos/317c0bcf-a9c5-49a1-b896-6e74c2e35a17 HTTP/1.1" 401 -
  "POST /api/inventario/terrenos/d0a5f349-74df-4b03-881d-b0cb4cf7f773/historial HTTP/1.1" 401 -
  "POST /api/inventario/terrenos/0401bcdf-53de-43bb-954e-dae9188375c8/historial HTTP/1.1" 401 -
  "POST /api/inventario/terrenos/04c677e9-f620-4697-b57f-6be631a0e07a/historial HTTP/1.1" 401 -
  "POST /api/inventario/terrenos/065e3180-69fd-42b2-8674-885180a5de7b/historial HTTP/1.1" 401 -
  "POST /api/inventario/terrenos/08900bc6-6839-442b-add6-eb16a58a8bc0/historial HTTP/1.1" 401 -
  "POST /api/inventario/terrenos/0b54004c-3192-4daa-b66e-d002ff1b1526/historial HTTP/1.1" 401 -
  "POST /api/inventario/terrenos/0b934fc2-10f4-4315-a653-bf9af8ffe3fa/historial HTTP/1.1" 401 -
  "POST /api/inventario/terrenos/0ce283ec-70fe-4de3-8ea4-3585ac590718/historial HTTP/1.1" 401 -
  "POST /api/inventario/terrenos/0f5ba46d-e85e-42fc-abab-dbc3a66b2a0e/historial HTTP/1.1" 401 -
  "POST /api/inventario/terrenos/0fb6e9f3-30f5-4b6a-b359-7e3932905d19/historial HTTP/1.1" 401 -
  "POST /api/inventario/terrenos/10e40b6f-ca6c-4603-84f3-870059d21067/historial HTTP/1.1" 401 -
  "POST /api/inventario/terrenos/11b0e063-f461-40ee-81a0-045d55a73713/historial HTTP/1.1" 401 -
  "POST /api/inventario/terrenos/12cdbf32-688b-439e-bb5f-4478742a1cae/historial HTTP/1.1" 401 -
  "POST /api/inventario/terrenos/153df879-e0fa-4677-82e6-5db45c9be06f/historial HTTP/1.1" 401 -
  "POST /api/inventario/terrenos/1eafef54-c6c9-417f-af3b-c647ee0446d6/historial HTTP/1.1" 401 -
  "POST /api/inventario/terrenos/208625e9-82e3-4b06-912d-fb75437ae3fe/historial HTTP/1.1" 401 -
  "POST /api/inventario/terrenos/227369d3-ed54-41d3-a720-d49d622e33f1/historial HTTP/1.1" 401 -
  "POST /api/inventario/terrenos/22a2ffdb-dd72-410a-9d0e-1aac1a529b57/historial HTTP/1.1" 401 -
  "POST /api/inventario/terrenos/233e4cca-08af-4d59-9925-bd8e820055fe/historial HTTP/1.1" 401 -
  "POST /api/inventario/terrenos/2388aa3a-f155-4a38-8cf2-fd65be7955f3/historial HTTP/1.1" 401 -
  "POST /api/inventario/terrenos/2418346f-0075-4592-bfb4-f662899cd482/historial HTTP/1.1" 401 -
  "POST /api/inventario/terrenos/25f4c99f-ed54-45da-9500-ad48c08e54d0/historial HTTP/1.1" 401 -
  "POST /api/inventario/terrenos/26b7b5d9-f01e-4266-a206-223e153c3350/historial HTTP/1.1" 401 -
  "POST /api/inventario/terrenos/29fa3f28-35fc-4064-a6b7-e1d05e16a85f/historial HTTP/1.1" 401 -
  "POST /api/inventario/terrenos/2a8be475-da72-4fff-890d-09a08aad161a/historial HTTP/1.1" 401 -
  "POST /api/inventario/terrenos/317c0bcf-a9c5-49a1-b896-6e74c2e35a17/historial HTTP/1.1" 401 -
  "POST /api/inventario/terrenos/d0a5f349-74df-4b03-881d-b0cb4cf7f773/vista-publica HTTP/1.1" 401 -
  "POST /api/inventario/terrenos/0401bcdf-53de-43bb-954e-dae9188375c8/vista-publica HTTP/1.1" 401 -
  "POST /api/inventario/terrenos/04c677e9-f620-4697-b57f-6be631a0e07a/vista-publica HTTP/1.1" 401 -
  "POST /api/inventario/terrenos/065e3180-69fd-42b2-8674-885180a5de7b/vista-publica HTTP/1.1" 401 -
  "POST /api/inventario/terrenos/08900bc6-6839-442b-add6-eb16a58a8bc0/vista-publica HTTP/1.1" 401 -
  "POST /api/inventario/terrenos/0b54004c-3192-4daa-b66e-d002ff1b1526/vista-publica HTTP/1.1" 401 -
  "POST /api/inventario/terrenos/0b934fc2-10f4-4315-a653-bf9af8ffe3fa/vista-publica HTTP/1.1" 401 -
  "POST /api/inventario/terrenos/0ce283ec-70fe-4de3-8ea4-3585ac590718/vista-publica HTTP/1.1" 401 -
  "POST /api/inventario/terrenos/0f5ba46d-e85e-42fc-abab-dbc3a66b2a0e/vista-publica HTTP/1.1" 401 -
  "POST /api/inventario/terrenos/0fb6e9f3-30f5-4b6a-b359-7e3932905d19/vista-publica HTTP/1.1" 401 -
  "POST /api/inventario/terrenos/10e40b6f-ca6c-4603-84f3-870059d21067/vista-publica HTTP/1.1" 401 -
  "POST /api/inventario/terrenos/11b0e063-f461-40ee-81a0-045d55a73713/vista-publica HTTP/1.1" 401 -
  "POST /api/inventario/terrenos/12cdbf32-688b-439e-bb5f-4478742a1cae/vista-publica HTTP/1.1" 401 -
  "POST /api/inventario/terrenos/153df879-e0fa-4677-82e6-5db45c9be06f/vista-publica HTTP/1.1" 401 -
  "POST /api/inventario/terrenos/1eafef54-c6c9-417f-af3b-c647ee0446d6/vista-publica HTTP/1.1" 401 -
  "POST /api/inventario/terrenos/208625e9-82e3-4b06-912d-fb75437ae3fe/vista-publica HTTP/1.1" 401 -
  "POST /api/inventario/terrenos/227369d3-ed54-41d3-a720-d49d622e33f1/vista-publica HTTP/1.1" 401 -
  "POST /api/inventario/terrenos/22a2ffdb-dd72-410a-9d0e-1aac1a529b57/vista-publica HTTP/1.1" 401 -
  "POST /api/inventario/terrenos/233e4cca-08af-4d59-9925-bd8e820055fe/vista-publica HTTP/1.1" 401 -
  "POST /api/inventario/terrenos/2388aa3a-f155-4a38-8cf2-fd65be7955f3/vista-publica HTTP/1.1" 401 -
  "POST /api/inventario/terrenos/2418346f-0075-4592-bfb4-f662899cd482/vista-publica HTTP/1.1" 401 -
  "POST /api/inventario/terrenos/25f4c99f-ed54-45da-9500-ad48c08e54d0/vista-publica HTTP/1.1" 401 -
  "POST /api/inventario/terrenos/26b7b5d9-f01e-4266-a206-223e153c3350/vista-publica HTTP/1.1" 401 -
  "POST /api/inventario/terrenos/29fa3f28-35fc-4064-a6b7-e1d05e16a85f/vista-publica HTTP/1.1" 401 -
  "POST /api/inventario/terrenos/2a8be475-da72-4fff-890d-09a08aad161a/vista-publica HTTP/1.1" 401 -
  "POST /api/inventario/terrenos/317c0bcf-a9c5-49a1-b896-6e74c2e35a17/vista-publica HTTP/1.1" 401 -
  "POST /api/mapas HTTP/1.1" 401 -
  "POST /api/mapas/1 HTTP/1.1" 401 -
  "POST /api/mapas/2 HTTP/1.1" 401 -
  "POST /api/mapas/3 HTTP/1.1" 401 -
  "POST /api/mapas/4 HTTP/1.1" 401 -
  "POST /api/mapas/999999 HTTP/1.1" 401 -
  "POST /api/mapas/1/terrenos HTTP/1.1" 401 -
  "POST /api/mapas/2/terrenos HTTP/1.1" 401 -
  "POST /api/mapas/3/terrenos HTTP/1.1" 401 -
  "POST /api/mapas/4/terrenos HTTP/1.1" 401 -
  "POST /api/mapas/999999/terrenos HTTP/1.1" 401 -
  "POST /api/bases/1/adjuntar HTTP/1.1" 401 -
  "POST /api/bases/2/adjuntar HTTP/1.1" 401 -
  "POST /api/bases/3/adjuntar HTTP/1.1" 401 -
  "POST /api/bases/4/adjuntar HTTP/1.1" 401 -
  "POST /api/bases/999999/adjuntar HTTP/1.1" 401 -
  "POST /api/bases/1/terrenos HTTP/1.1" 401 -
  "POST /api/bases/2/terrenos HTTP/1.1" 401 -
  "POST /api/bases/3/terrenos HTTP/1.1" 401 -
  "POST /api/bases/4/terrenos HTTP/1.1" 401 -
  "POST /api/bases/999999/terrenos HTTP/1.1" 401 -
  "POST /api/carpetas HTTP/1.1" 401 -
  "POST /api/exportar HTTP/1.1" 401 -
  "POST /api/importar/analizar HTTP/1.1" 401 -
  "POST /api/importar/confirmar HTTP/1.1" 401 -
  "POST /api/importar/preparar HTTP/1.1" 401 -
  "POST /api/importar/vista-previa HTTP/1.1" 401 -
  "POST /api/inventario/terrenos HTTP/1.1" 401 -
  "POST /api/inventario/terrenos/d0a5f349-74df-4b03-881d-b0cb4cf7f773/archivar HTTP/1.1" 401 -
  "POST /api/inventario/terrenos/0401bcdf-53de-43bb-954e-dae9188375c8/archivar HTTP/1.1" 401 -
  "POST /api/inventario/terrenos/04c677e9-f620-4697-b57f-6be631a0e07a/archivar HTTP/1.1" 401 -
  "POST /api/inventario/terrenos/065e3180-69fd-42b2-8674-885180a5de7b/archivar HTTP/1.1" 401 -
  "POST /api/inventario/terrenos/08900bc6-6839-442b-add6-eb16a58a8bc0/archivar HTTP/1.1" 401 -
  "POST /api/inventario/terrenos/0b54004c-3192-4daa-b66e-d002ff1b1526/archivar HTTP/1.1" 401 -
  "POST /api/inventario/terrenos/0b934fc2-10f4-4315-a653-bf9af8ffe3fa/archivar HTTP/1.1" 401 -
  "POST /api/inventario/terrenos/0ce283ec-70fe-4de3-8ea4-3585ac590718/archivar HTTP/1.1" 401 -
  "POST /api/inventario/terrenos/0f5ba46d-e85e-42fc-abab-dbc3a66b2a0e/archivar HTTP/1.1" 401 -
  "POST /api/inventario/terrenos/0fb6e9f3-30f5-4b6a-b359-7e3932905d19/archivar HTTP/1.1" 401 -
  "POST /api/inventario/terrenos/10e40b6f-ca6c-4603-84f3-870059d21067/archivar HTTP/1.1" 401 -
  "POST /api/inventario/terrenos/11b0e063-f461-40ee-81a0-045d55a73713/archivar HTTP/1.1" 401 -
  "POST /api/inventario/terrenos/12cdbf32-688b-439e-bb5f-4478742a1cae/archivar HTTP/1.1" 401 -
  "POST /api/inventario/terrenos/153df879-e0fa-4677-82e6-5db45c9be06f/archivar HTTP/1.1" 401 -
  "POST /api/inventario/terrenos/1eafef54-c6c9-417f-af3b-c647ee0446d6/archivar HTTP/1.1" 401 -
  "POST /api/inventario/terrenos/208625e9-82e3-4b06-912d-fb75437ae3fe/archivar HTTP/1.1" 401 -
  "POST /api/inventario/terrenos/227369d3-ed54-41d3-a720-d49d622e33f1/archivar HTTP/1.1" 401 -
  "POST /api/inventario/terrenos/22a2ffdb-dd72-410a-9d0e-1aac1a529b57/archivar HTTP/1.1" 401 -
  "POST /api/inventario/terrenos/233e4cca-08af-4d59-9925-bd8e820055fe/archivar HTTP/1.1" 401 -
  "POST /api/inventario/terrenos/2388aa3a-f155-4a38-8cf2-fd65be7955f3/archivar HTTP/1.1" 401 -
  "POST /api/inventario/terrenos/2418346f-0075-4592-bfb4-f662899cd482/archivar HTTP/1.1" 401 -
  "POST /api/inventario/terrenos/25f4c99f-ed54-45da-9500-ad48c08e54d0/archivar HTTP/1.1" 401 -
  "POST /api/inventario/terrenos/26b7b5d9-f01e-4266-a206-223e153c3350/archivar HTTP/1.1" 401 -
  "POST /api/inventario/terrenos/29fa3f28-35fc-4064-a6b7-e1d05e16a85f/archivar HTTP/1.1" 401 -
  "POST /api/inventario/terrenos/2a8be475-da72-4fff-890d-09a08aad161a/archivar HTTP/1.1" 401 -
  "POST /api/inventario/terrenos/317c0bcf-a9c5-49a1-b896-6e74c2e35a17/archivar HTTP/1.1" 401 -
  "POST /api/inventario/terrenos/d0a5f349-74df-4b03-881d-b0cb4cf7f773/despublicar HTTP/1.1" 401 -
  "POST /api/inventario/terrenos/0401bcdf-53de-43bb-954e-dae9188375c8/despublicar HTTP/1.1" 401 -
  "POST /api/inventario/terrenos/04c677e9-f620-4697-b57f-6be631a0e07a/despublicar HTTP/1.1" 401 -
  "POST /api/inventario/terrenos/065e3180-69fd-42b2-8674-885180a5de7b/despublicar HTTP/1.1" 401 -
  "POST /api/inventario/terrenos/08900bc6-6839-442b-add6-eb16a58a8bc0/despublicar HTTP/1.1" 401 -
  "POST /api/inventario/terrenos/0b54004c-3192-4daa-b66e-d002ff1b1526/despublicar HTTP/1.1" 401 -
  "POST /api/inventario/terrenos/0b934fc2-10f4-4315-a653-bf9af8ffe3fa/despublicar HTTP/1.1" 401 -
  "POST /api/inventario/terrenos/0ce283ec-70fe-4de3-8ea4-3585ac590718/despublicar HTTP/1.1" 401 -
  "POST /api/inventario/terrenos/0f5ba46d-e85e-42fc-abab-dbc3a66b2a0e/despublicar HTTP/1.1" 401 -
  "POST /api/inventario/terrenos/0fb6e9f3-30f5-4b6a-b359-7e3932905d19/despublicar HTTP/1.1" 401 -
  "POST /api/inventario/terrenos/10e40b6f-ca6c-4603-84f3-870059d21067/despublicar HTTP/1.1" 401 -
  "POST /api/inventario/terrenos/11b0e063-f461-40ee-81a0-045d55a73713/despublicar HTTP/1.1" 401 -
  "POST /api/inventario/terrenos/12cdbf32-688b-439e-bb5f-4478742a1cae/despublicar HTTP/1.1" 401 -
  "POST /api/inventario/terrenos/153df879-e0fa-4677-82e6-5db45c9be06f/despublicar HTTP/1.1" 401 -
  "POST /api/inventario/terrenos/1eafef54-c6c9-417f-af3b-c647ee0446d6/despublicar HTTP/1.1" 401 -
  "POST /api/inventario/terrenos/208625e9-82e3-4b06-912d-fb75437ae3fe/despublicar HTTP/1.1" 401 -
  "POST /api/inventario/terrenos/227369d3-ed54-41d3-a720-d49d622e33f1/despublicar HTTP/1.1" 401 -
  "POST /api/inventario/terrenos/22a2ffdb-dd72-410a-9d0e-1aac1a529b57/despublicar HTTP/1.1" 401 -
  "POST /api/inventario/terrenos/233e4cca-08af-4d59-9925-bd8e820055fe/despublicar HTTP/1.1" 401 -
  "POST /api/inventario/terrenos/2388aa3a-f155-4a38-8cf2-fd65be7955f3/despublicar HTTP/1.1" 401 -
  "POST /api/inventario/terrenos/2418346f-0075-4592-bfb4-f662899cd482/despublicar HTTP/1.1" 401 -
  "POST /api/inventario/terrenos/25f4c99f-ed54-45da-9500-ad48c08e54d0/despublicar HTTP/1.1" 401 -
  "POST /api/inventario/terrenos/26b7b5d9-f01e-4266-a206-223e153c3350/despublicar HTTP/1.1" 401 -
  "POST /api/inventario/terrenos/29fa3f28-35fc-4064-a6b7-e1d05e16a85f/despublicar HTTP/1.1" 401 -
  "POST /api/inventario/terrenos/2a8be475-da72-4fff-890d-09a08aad161a/despublicar HTTP/1.1" 401 -
  "POST /api/inventario/terrenos/317c0bcf-a9c5-49a1-b896-6e74c2e35a17/despublicar HTTP/1.1" 401 -
  "POST /api/inventario/terrenos/d0a5f349-74df-4b03-881d-b0cb4cf7f773/publicar HTTP/1.1" 401 -
  "POST /api/inventario/terrenos/0401bcdf-53de-43bb-954e-dae9188375c8/publicar HTTP/1.1" 401 -
  "POST /api/inventario/terrenos/04c677e9-f620-4697-b57f-6be631a0e07a/publicar HTTP/1.1" 401 -
  "POST /api/inventario/terrenos/065e3180-69fd-42b2-8674-885180a5de7b/publicar HTTP/1.1" 401 -
  "POST /api/inventario/terrenos/08900bc6-6839-442b-add6-eb16a58a8bc0/publicar HTTP/1.1" 401 -
  "POST /api/inventario/terrenos/0b54004c-3192-4daa-b66e-d002ff1b1526/publicar HTTP/1.1" 401 -
  "POST /api/inventario/terrenos/0b934fc2-10f4-4315-a653-bf9af8ffe3fa/publicar HTTP/1.1" 401 -
  "POST /api/inventario/terrenos/0ce283ec-70fe-4de3-8ea4-3585ac590718/publicar HTTP/1.1" 401 -
  "POST /api/inventario/terrenos/0f5ba46d-e85e-42fc-abab-dbc3a66b2a0e/publicar HTTP/1.1" 401 -
  "POST /api/inventario/terrenos/0fb6e9f3-30f5-4b6a-b359-7e3932905d19/publicar HTTP/1.1" 401 -
  "POST /api/inventario/terrenos/10e40b6f-ca6c-4603-84f3-870059d21067/publicar HTTP/1.1" 401 -
  "POST /api/inventario/terrenos/11b0e063-f461-40ee-81a0-045d55a73713/publicar HTTP/1.1" 401 -
  "POST /api/inventario/terrenos/12cdbf32-688b-439e-bb5f-4478742a1cae/publicar HTTP/1.1" 401 -
  "POST /api/inventario/terrenos/153df879-e0fa-4677-82e6-5db45c9be06f/publicar HTTP/1.1" 401 -
  "POST /api/inventario/terrenos/1eafef54-c6c9-417f-af3b-c647ee0446d6/publicar HTTP/1.1" 401 -
  "POST /api/inventario/terrenos/208625e9-82e3-4b06-912d-fb75437ae3fe/publicar HTTP/1.1" 401 -
  "POST /api/inventario/terrenos/227369d3-ed54-41d3-a720-d49d622e33f1/publicar HTTP/1.1" 401 -
  "POST /api/inventario/terrenos/22a2ffdb-dd72-410a-9d0e-1aac1a529b57/publicar HTTP/1.1" 401 -
  "POST /api/inventario/terrenos/233e4cca-08af-4d59-9925-bd8e820055fe/publicar HTTP/1.1" 401 -
  "POST /api/inventario/terrenos/2388aa3a-f155-4a38-8cf2-fd65be7955f3/publicar HTTP/1.1" 401 -
  "POST /api/inventario/terrenos/2418346f-0075-4592-bfb4-f662899cd482/publicar HTTP/1.1" 401 -
  "POST /api/inventario/terrenos/25f4c99f-ed54-45da-9500-ad48c08e54d0/publicar HTTP/1.1" 401 -
  "POST /api/inventario/terrenos/26b7b5d9-f01e-4266-a206-223e153c3350/publicar HTTP/1.1" 401 -
  "POST /api/inventario/terrenos/29fa3f28-35fc-4064-a6b7-e1d05e16a85f/publicar HTTP/1.1" 401 -
  "POST /api/inventario/terrenos/2a8be475-da72-4fff-890d-09a08aad161a/publicar HTTP/1.1" 401 -
  "POST /api/inventario/terrenos/317c0bcf-a9c5-49a1-b896-6e74c2e35a17/publicar HTTP/1.1" 401 -
  "POST /api/inventario/terrenos/d0a5f349-74df-4b03-881d-b0cb4cf7f773/restaurar HTTP/1.1" 401 -
  "POST /api/inventario/terrenos/0401bcdf-53de-43bb-954e-dae9188375c8/restaurar HTTP/1.1" 401 -
  "POST /api/inventario/terrenos/04c677e9-f620-4697-b57f-6be631a0e07a/restaurar HTTP/1.1" 401 -
  "POST /api/inventario/terrenos/065e3180-69fd-42b2-8674-885180a5de7b/restaurar HTTP/1.1" 401 -
  "POST /api/inventario/terrenos/08900bc6-6839-442b-add6-eb16a58a8bc0/restaurar HTTP/1.1" 401 -
  "POST /api/inventario/terrenos/0b54004c-3192-4daa-b66e-d002ff1b1526/restaurar HTTP/1.1" 401 -
  "POST /api/inventario/terrenos/0b934fc2-10f4-4315-a653-bf9af8ffe3fa/restaurar HTTP/1.1" 401 -
  "POST /api/inventario/terrenos/0ce283ec-70fe-4de3-8ea4-3585ac590718/restaurar HTTP/1.1" 401 -
  "POST /api/inventario/terrenos/0f5ba46d-e85e-42fc-abab-dbc3a66b2a0e/restaurar HTTP/1.1" 401 -
  "POST /api/inventario/terrenos/0fb6e9f3-30f5-4b6a-b359-7e3932905d19/restaurar HTTP/1.1" 401 -
  "POST /api/inventario/terrenos/10e40b6f-ca6c-4603-84f3-870059d21067/restaurar HTTP/1.1" 401 -
  "POST /api/inventario/terrenos/11b0e063-f461-40ee-81a0-045d55a73713/restaurar HTTP/1.1" 401 -
  "POST /api/inventario/terrenos/12cdbf32-688b-439e-bb5f-4478742a1cae/restaurar HTTP/1.1" 401 -
  "POST /api/inventario/terrenos/153df879-e0fa-4677-82e6-5db45c9be06f/restaurar HTTP/1.1" 401 -
  "POST /api/inventario/terrenos/1eafef54-c6c9-417f-af3b-c647ee0446d6/restaurar HTTP/1.1" 401 -
  "POST /api/inventario/terrenos/208625e9-82e3-4b06-912d-fb75437ae3fe/restaurar HTTP/1.1" 401 -
  "POST /api/inventario/terrenos/227369d3-ed54-41d3-a720-d49d622e33f1/restaurar HTTP/1.1" 401 -
  "POST /api/inventario/terrenos/22a2ffdb-dd72-410a-9d0e-1aac1a529b57/restaurar HTTP/1.1" 401 -
  "POST /api/inventario/terrenos/233e4cca-08af-4d59-9925-bd8e820055fe/restaurar HTTP/1.1" 401 -
  "POST /api/inventario/terrenos/2388aa3a-f155-4a38-8cf2-fd65be7955f3/restaurar HTTP/1.1" 401 -
  "POST /api/inventario/terrenos/2418346f-0075-4592-bfb4-f662899cd482/restaurar HTTP/1.1" 401 -
  "POST /api/inventario/terrenos/25f4c99f-ed54-45da-9500-ad48c08e54d0/restaurar HTTP/1.1" 401 -
  "POST /api/inventario/terrenos/26b7b5d9-f01e-4266-a206-223e153c3350/restaurar HTTP/1.1" 401 -
  "POST /api/inventario/terrenos/29fa3f28-35fc-4064-a6b7-e1d05e16a85f/restaurar HTTP/1.1" 401 -
  "POST /api/inventario/terrenos/2a8be475-da72-4fff-890d-09a08aad161a/restaurar HTTP/1.1" 401 -
  "POST /api/inventario/terrenos/317c0bcf-a9c5-49a1-b896-6e74c2e35a17/restaurar HTTP/1.1" 401 -
  "POST /api/mapas HTTP/1.1" 401 -
  "POST /api/mapas/1/actualizar HTTP/1.1" 401 -
  "POST /api/mapas/2/actualizar HTTP/1.1" 401 -
  "POST /api/mapas/3/actualizar HTTP/1.1" 401 -
  "POST /api/mapas/4/actualizar HTTP/1.1" 401 -
  "POST /api/mapas/999999/actualizar HTTP/1.1" 401 -
  "POST /api/mapas/combinar HTTP/1.1" 401 -
  "POST /api/mapas/combinar/vista-previa HTTP/1.1" 401 -
  "POST /api/exportar HTTP/1.1" 401 -
  "POST /api/exportar HTTP/1.1" 401 -
  "POST /api/exportar HTTP/1.1" 401 -
  "POST /api/exportar HTTP/1.1" 401 -
  "POST /api/exportar HTTP/1.1" 401 -
  "POST /api/exportar HTTP/1.1" 401 -
  "POST /api/exportar HTTP/1.1" 401 -
  "POST /api/exportar HTTP/1.1" 401 -
  "POST /api/exportar HTTP/1.1" 401 -
  "PATCH /api/bases HTTP/1.1" 401 -
  "PATCH /api/bases/1 HTTP/1.1" 401 -
  "PATCH /api/bases/2 HTTP/1.1" 401 -
  "PATCH /api/bases/3 HTTP/1.1" 401 -
  "PATCH /api/bases/4 HTTP/1.1" 401 -
  "PATCH /api/bases/999999 HTTP/1.1" 401 -
  "PATCH /api/bases/1/terrenos HTTP/1.1" 401 -
  "PATCH /api/bases/2/terrenos HTTP/1.1" 401 -
  "PATCH /api/bases/3/terrenos HTTP/1.1" 401 -
  "PATCH /api/bases/4/terrenos HTTP/1.1" 401 -
  "PATCH /api/bases/999999/terrenos HTTP/1.1" 401 -
  "PATCH /api/carpetas HTTP/1.1" 401 -
  "PATCH /api/formatos HTTP/1.1" 401 -
  "PATCH /api/inventario/terrenos HTTP/1.1" 401 -
  "PATCH /api/inventario/terrenos/d0a5f349-74df-4b03-881d-b0cb4cf7f773 HTTP/1.1" 401 -
  "PATCH /api/inventario/terrenos/0401bcdf-53de-43bb-954e-dae9188375c8 HTTP/1.1" 401 -
  "PATCH /api/inventario/terrenos/04c677e9-f620-4697-b57f-6be631a0e07a HTTP/1.1" 401 -
  "PATCH /api/inventario/terrenos/065e3180-69fd-42b2-8674-885180a5de7b HTTP/1.1" 401 -
  "PATCH /api/inventario/terrenos/08900bc6-6839-442b-add6-eb16a58a8bc0 HTTP/1.1" 401 -
  "PATCH /api/inventario/terrenos/0b54004c-3192-4daa-b66e-d002ff1b1526 HTTP/1.1" 401 -
  "PATCH /api/inventario/terrenos/0b934fc2-10f4-4315-a653-bf9af8ffe3fa HTTP/1.1" 401 -
  "PATCH /api/inventario/terrenos/0ce283ec-70fe-4de3-8ea4-3585ac590718 HTTP/1.1" 401 -
  "PATCH /api/inventario/terrenos/0f5ba46d-e85e-42fc-abab-dbc3a66b2a0e HTTP/1.1" 401 -
  "PATCH /api/inventario/terrenos/0fb6e9f3-30f5-4b6a-b359-7e3932905d19 HTTP/1.1" 401 -
  "PATCH /api/inventario/terrenos/10e40b6f-ca6c-4603-84f3-870059d21067 HTTP/1.1" 401 -
  "PATCH /api/inventario/terrenos/11b0e063-f461-40ee-81a0-045d55a73713 HTTP/1.1" 401 -
  "PATCH /api/inventario/terrenos/12cdbf32-688b-439e-bb5f-4478742a1cae HTTP/1.1" 401 -
  "PATCH /api/inventario/terrenos/153df879-e0fa-4677-82e6-5db45c9be06f HTTP/1.1" 401 -
  "PATCH /api/inventario/terrenos/1eafef54-c6c9-417f-af3b-c647ee0446d6 HTTP/1.1" 401 -
  "PATCH /api/inventario/terrenos/208625e9-82e3-4b06-912d-fb75437ae3fe HTTP/1.1" 401 -
  "PATCH /api/inventario/terrenos/227369d3-ed54-41d3-a720-d49d622e33f1 HTTP/1.1" 401 -
  "PATCH /api/inventario/terrenos/22a2ffdb-dd72-410a-9d0e-1aac1a529b57 HTTP/1.1" 401 -
  "PATCH /api/inventario/terrenos/233e4cca-08af-4d59-9925-bd8e820055fe HTTP/1.1" 401 -
  "PATCH /api/inventario/terrenos/2388aa3a-f155-4a38-8cf2-fd65be7955f3 HTTP/1.1" 401 -
  "PATCH /api/inventario/terrenos/2418346f-0075-4592-bfb4-f662899cd482 HTTP/1.1" 401 -
  "PATCH /api/inventario/terrenos/25f4c99f-ed54-45da-9500-ad48c08e54d0 HTTP/1.1" 401 -
  "PATCH /api/inventario/terrenos/26b7b5d9-f01e-4266-a206-223e153c3350 HTTP/1.1" 401 -
  "PATCH /api/inventario/terrenos/29fa3f28-35fc-4064-a6b7-e1d05e16a85f HTTP/1.1" 401 -
  "PATCH /api/inventario/terrenos/2a8be475-da72-4fff-890d-09a08aad161a HTTP/1.1" 401 -
  "PATCH /api/inventario/terrenos/317c0bcf-a9c5-49a1-b896-6e74c2e35a17 HTTP/1.1" 401 -
  "PATCH /api/inventario/terrenos/d0a5f349-74df-4b03-881d-b0cb4cf7f773/historial HTTP/1.1" 401 -
  "PATCH /api/inventario/terrenos/0401bcdf-53de-43bb-954e-dae9188375c8/historial HTTP/1.1" 401 -
  "PATCH /api/inventario/terrenos/04c677e9-f620-4697-b57f-6be631a0e07a/historial HTTP/1.1" 401 -
  "PATCH /api/inventario/terrenos/065e3180-69fd-42b2-8674-885180a5de7b/historial HTTP/1.1" 401 -
  "PATCH /api/inventario/terrenos/08900bc6-6839-442b-add6-eb16a58a8bc0/historial HTTP/1.1" 401 -
  "PATCH /api/inventario/terrenos/0b54004c-3192-4daa-b66e-d002ff1b1526/historial HTTP/1.1" 401 -
  "PATCH /api/inventario/terrenos/0b934fc2-10f4-4315-a653-bf9af8ffe3fa/historial HTTP/1.1" 401 -
  "PATCH /api/inventario/terrenos/0ce283ec-70fe-4de3-8ea4-3585ac590718/historial HTTP/1.1" 401 -
  "PATCH /api/inventario/terrenos/0f5ba46d-e85e-42fc-abab-dbc3a66b2a0e/historial HTTP/1.1" 401 -
  "PATCH /api/inventario/terrenos/0fb6e9f3-30f5-4b6a-b359-7e3932905d19/historial HTTP/1.1" 401 -
  "PATCH /api/inventario/terrenos/10e40b6f-ca6c-4603-84f3-870059d21067/historial HTTP/1.1" 401 -
  "PATCH /api/inventario/terrenos/11b0e063-f461-40ee-81a0-045d55a73713/historial HTTP/1.1" 401 -
  "PATCH /api/inventario/terrenos/12cdbf32-688b-439e-bb5f-4478742a1cae/historial HTTP/1.1" 401 -
  "PATCH /api/inventario/terrenos/153df879-e0fa-4677-82e6-5db45c9be06f/historial HTTP/1.1" 401 -
  "PATCH /api/inventario/terrenos/1eafef54-c6c9-417f-af3b-c647ee0446d6/historial HTTP/1.1" 401 -
  "PATCH /api/inventario/terrenos/208625e9-82e3-4b06-912d-fb75437ae3fe/historial HTTP/1.1" 401 -
  "PATCH /api/inventario/terrenos/227369d3-ed54-41d3-a720-d49d622e33f1/historial HTTP/1.1" 401 -
  "PATCH /api/inventario/terrenos/22a2ffdb-dd72-410a-9d0e-1aac1a529b57/historial HTTP/1.1" 401 -
  "PATCH /api/inventario/terrenos/233e4cca-08af-4d59-9925-bd8e820055fe/historial HTTP/1.1" 401 -
  "PATCH /api/inventario/terrenos/2388aa3a-f155-4a38-8cf2-fd65be7955f3/historial HTTP/1.1" 401 -
  "PATCH /api/inventario/terrenos/2418346f-0075-4592-bfb4-f662899cd482/historial HTTP/1.1" 401 -
  "PATCH /api/inventario/terrenos/25f4c99f-ed54-45da-9500-ad48c08e54d0/historial HTTP/1.1" 401 -
  "PATCH /api/inventario/terrenos/26b7b5d9-f01e-4266-a206-223e153c3350/historial HTTP/1.1" 401 -
  "PATCH /api/inventario/terrenos/29fa3f28-35fc-4064-a6b7-e1d05e16a85f/historial HTTP/1.1" 401 -
  "PATCH /api/inventario/terrenos/2a8be475-da72-4fff-890d-09a08aad161a/historial HTTP/1.1" 401 -
  "PATCH /api/inventario/terrenos/317c0bcf-a9c5-49a1-b896-6e74c2e35a17/historial HTTP/1.1" 401 -
  "PATCH /api/inventario/terrenos/d0a5f349-74df-4b03-881d-b0cb4cf7f773/vista-publica HTTP/1.1" 401 -
  "PATCH /api/inventario/terrenos/0401bcdf-53de-43bb-954e-dae9188375c8/vista-publica HTTP/1.1" 401 -
  "PATCH /api/inventario/terrenos/04c677e9-f620-4697-b57f-6be631a0e07a/vista-publica HTTP/1.1" 401 -
  "PATCH /api/inventario/terrenos/065e3180-69fd-42b2-8674-885180a5de7b/vista-publica HTTP/1.1" 401 -
  "PATCH /api/inventario/terrenos/08900bc6-6839-442b-add6-eb16a58a8bc0/vista-publica HTTP/1.1" 401 -
  "PATCH /api/inventario/terrenos/0b54004c-3192-4daa-b66e-d002ff1b1526/vista-publica HTTP/1.1" 401 -
  "PATCH /api/inventario/terrenos/0b934fc2-10f4-4315-a653-bf9af8ffe3fa/vista-publica HTTP/1.1" 401 -
  "PATCH /api/inventario/terrenos/0ce283ec-70fe-4de3-8ea4-3585ac590718/vista-publica HTTP/1.1" 401 -
  "PATCH /api/inventario/terrenos/0f5ba46d-e85e-42fc-abab-dbc3a66b2a0e/vista-publica HTTP/1.1" 401 -
  "PATCH /api/inventario/terrenos/0fb6e9f3-30f5-4b6a-b359-7e3932905d19/vista-publica HTTP/1.1" 401 -
  "PATCH /api/inventario/terrenos/10e40b6f-ca6c-4603-84f3-870059d21067/vista-publica HTTP/1.1" 401 -
  "PATCH /api/inventario/terrenos/11b0e063-f461-40ee-81a0-045d55a73713/vista-publica HTTP/1.1" 401 -
  "PATCH /api/inventario/terrenos/12cdbf32-688b-439e-bb5f-4478742a1cae/vista-publica HTTP/1.1" 401 -
  "PATCH /api/inventario/terrenos/153df879-e0fa-4677-82e6-5db45c9be06f/vista-publica HTTP/1.1" 401 -
  "PATCH /api/inventario/terrenos/1eafef54-c6c9-417f-af3b-c647ee0446d6/vista-publica HTTP/1.1" 401 -
  "PATCH /api/inventario/terrenos/208625e9-82e3-4b06-912d-fb75437ae3fe/vista-publica HTTP/1.1" 401 -
  "PATCH /api/inventario/terrenos/227369d3-ed54-41d3-a720-d49d622e33f1/vista-publica HTTP/1.1" 401 -
  "PATCH /api/inventario/terrenos/22a2ffdb-dd72-410a-9d0e-1aac1a529b57/vista-publica HTTP/1.1" 401 -
  "PATCH /api/inventario/terrenos/233e4cca-08af-4d59-9925-bd8e820055fe/vista-publica HTTP/1.1" 401 -
  "PATCH /api/inventario/terrenos/2388aa3a-f155-4a38-8cf2-fd65be7955f3/vista-publica HTTP/1.1" 401 -
  "PATCH /api/inventario/terrenos/2418346f-0075-4592-bfb4-f662899cd482/vista-publica HTTP/1.1" 401 -
  "PATCH /api/inventario/terrenos/25f4c99f-ed54-45da-9500-ad48c08e54d0/vista-publica HTTP/1.1" 401 -
  "PATCH /api/inventario/terrenos/26b7b5d9-f01e-4266-a206-223e153c3350/vista-publica HTTP/1.1" 401 -
  "PATCH /api/inventario/terrenos/29fa3f28-35fc-4064-a6b7-e1d05e16a85f/vista-publica HTTP/1.1" 401 -
  "PATCH /api/inventario/terrenos/2a8be475-da72-4fff-890d-09a08aad161a/vista-publica HTTP/1.1" 401 -
  "PATCH /api/inventario/terrenos/317c0bcf-a9c5-49a1-b896-6e74c2e35a17/vista-publica HTTP/1.1" 401 -
  "PATCH /api/mapas HTTP/1.1" 401 -
  "PATCH /api/mapas/1 HTTP/1.1" 401 -
  "PATCH /api/mapas/2 HTTP/1.1" 401 -
  "PATCH /api/mapas/3 HTTP/1.1" 401 -
  "PATCH /api/mapas/4 HTTP/1.1" 401 -
  "PATCH /api/mapas/999999 HTTP/1.1" 401 -
  "PATCH /api/mapas/1/terrenos HTTP/1.1" 401 -
  "PATCH /api/mapas/2/terrenos HTTP/1.1" 401 -
  "PATCH /api/mapas/3/terrenos HTTP/1.1" 401 -
  "PATCH /api/mapas/4/terrenos HTTP/1.1" 401 -
  "PATCH /api/mapas/999999/terrenos HTTP/1.1" 401 -
  "PATCH /api/bases/1 HTTP/1.1" 401 -
  "PATCH /api/bases/2 HTTP/1.1" 401 -
  "PATCH /api/bases/3 HTTP/1.1" 401 -
  "PATCH /api/bases/4 HTTP/1.1" 401 -
  "PATCH /api/bases/999999 HTTP/1.1" 401 -
  "PATCH /api/bases/1/carpeta HTTP/1.1" 401 -
  "PATCH /api/bases/2/carpeta HTTP/1.1" 401 -
  "PATCH /api/bases/3/carpeta HTTP/1.1" 401 -
  "PATCH /api/bases/4/carpeta HTTP/1.1" 401 -
  "PATCH /api/bases/999999/carpeta HTTP/1.1" 401 -
  "PATCH /api/carpetas/1 HTTP/1.1" 401 -
  "PATCH /api/carpetas/2 HTTP/1.1" 401 -
  "PATCH /api/carpetas/3 HTTP/1.1" 401 -
  "PATCH /api/carpetas/4 HTTP/1.1" 401 -
  "PATCH /api/carpetas/999999 HTTP/1.1" 401 -
  "PATCH /api/formatos/1 HTTP/1.1" 401 -
  "PATCH /api/formatos/2 HTTP/1.1" 401 -
  "PATCH /api/formatos/3 HTTP/1.1" 401 -
  "PATCH /api/formatos/4 HTTP/1.1" 401 -
  "PATCH /api/formatos/999999 HTTP/1.1" 401 -
  "PATCH /api/inventario/terrenos/d0a5f349-74df-4b03-881d-b0cb4cf7f773 HTTP/1.1" 401 -
  "PATCH /api/inventario/terrenos/0401bcdf-53de-43bb-954e-dae9188375c8 HTTP/1.1" 401 -
  "PATCH /api/inventario/terrenos/04c677e9-f620-4697-b57f-6be631a0e07a HTTP/1.1" 401 -
  "PATCH /api/inventario/terrenos/065e3180-69fd-42b2-8674-885180a5de7b HTTP/1.1" 401 -
  "PATCH /api/inventario/terrenos/08900bc6-6839-442b-add6-eb16a58a8bc0 HTTP/1.1" 401 -
  "PATCH /api/inventario/terrenos/0b54004c-3192-4daa-b66e-d002ff1b1526 HTTP/1.1" 401 -
  "PATCH /api/inventario/terrenos/0b934fc2-10f4-4315-a653-bf9af8ffe3fa HTTP/1.1" 401 -
  "PATCH /api/inventario/terrenos/0ce283ec-70fe-4de3-8ea4-3585ac590718 HTTP/1.1" 401 -
  "PATCH /api/inventario/terrenos/0f5ba46d-e85e-42fc-abab-dbc3a66b2a0e HTTP/1.1" 401 -
  "PATCH /api/inventario/terrenos/0fb6e9f3-30f5-4b6a-b359-7e3932905d19 HTTP/1.1" 401 -
  "PATCH /api/inventario/terrenos/10e40b6f-ca6c-4603-84f3-870059d21067 HTTP/1.1" 401 -
  "PATCH /api/inventario/terrenos/11b0e063-f461-40ee-81a0-045d55a73713 HTTP/1.1" 401 -
  "PATCH /api/inventario/terrenos/12cdbf32-688b-439e-bb5f-4478742a1cae HTTP/1.1" 401 -
  "PATCH /api/inventario/terrenos/153df879-e0fa-4677-82e6-5db45c9be06f HTTP/1.1" 401 -
  "PATCH /api/inventario/terrenos/1eafef54-c6c9-417f-af3b-c647ee0446d6 HTTP/1.1" 401 -
  "PATCH /api/inventario/terrenos/208625e9-82e3-4b06-912d-fb75437ae3fe HTTP/1.1" 401 -
  "PATCH /api/inventario/terrenos/227369d3-ed54-41d3-a720-d49d622e33f1 HTTP/1.1" 401 -
  "PATCH /api/inventario/terrenos/22a2ffdb-dd72-410a-9d0e-1aac1a529b57 HTTP/1.1" 401 -
  "PATCH /api/inventario/terrenos/233e4cca-08af-4d59-9925-bd8e820055fe HTTP/1.1" 401 -
  "PATCH /api/inventario/terrenos/2388aa3a-f155-4a38-8cf2-fd65be7955f3 HTTP/1.1" 401 -
  "PATCH /api/inventario/terrenos/2418346f-0075-4592-bfb4-f662899cd482 HTTP/1.1" 401 -
  "PATCH /api/inventario/terrenos/25f4c99f-ed54-45da-9500-ad48c08e54d0 HTTP/1.1" 401 -
  "PATCH /api/inventario/terrenos/26b7b5d9-f01e-4266-a206-223e153c3350 HTTP/1.1" 401 -
  "PATCH /api/inventario/terrenos/29fa3f28-35fc-4064-a6b7-e1d05e16a85f HTTP/1.1" 401 -
  "PATCH /api/inventario/terrenos/2a8be475-da72-4fff-890d-09a08aad161a HTTP/1.1" 401 -
  "PATCH /api/inventario/terrenos/317c0bcf-a9c5-49a1-b896-6e74c2e35a17 HTTP/1.1" 401 -
  "PATCH /api/mapas/1 HTTP/1.1" 401 -
  "PATCH /api/mapas/2 HTTP/1.1" 401 -
  "PATCH /api/mapas/3 HTTP/1.1" 401 -
  "PATCH /api/mapas/4 HTTP/1.1" 401 -
  "PATCH /api/mapas/999999 HTTP/1.1" 401 -
  "PATCH /api/mapas/1/carpeta HTTP/1.1" 401 -
  "PATCH /api/mapas/2/carpeta HTTP/1.1" 401 -
  "PATCH /api/mapas/3/carpeta HTTP/1.1" 401 -
  "PATCH /api/mapas/4/carpeta HTTP/1.1" 401 -
  "PATCH /api/mapas/999999/carpeta HTTP/1.1" 401 -
  code 501, message Unsupported method ('PUT')
  "PUT /api/bases HTTP/1.1" 501 -
  "DELETE /api/bases/1 HTTP/1.1" 401 -
  "DELETE /api/bases/2 HTTP/1.1" 401 -
  "DELETE /api/bases/3 HTTP/1.1" 401 -
  "DELETE /api/bases/4 HTTP/1.1" 401 -
  "DELETE /api/bases/999999 HTTP/1.1" 401 -
  "DELETE /api/carpetas/1 HTTP/1.1" 401 -
  "DELETE /api/carpetas/2 HTTP/1.1" 401 -
  "DELETE /api/carpetas/3 HTTP/1.1" 401 -
  "DELETE /api/carpetas/4 HTTP/1.1" 401 -
  "DELETE /api/carpetas/999999 HTTP/1.1" 401 -
  "DELETE /api/formatos/1 HTTP/1.1" 401 -
  "DELETE /api/formatos/2 HTTP/1.1" 401 -
  "DELETE /api/formatos/3 HTTP/1.1" 401 -
  "DELETE /api/formatos/4 HTTP/1.1" 401 -
  "DELETE /api/formatos/999999 HTTP/1.1" 401 -
  "DELETE /api/mapas/1 HTTP/1.1" 401 -
  "DELETE /api/mapas/2 HTTP/1.1" 401 -
  "DELETE /api/mapas/3 HTTP/1.1" 401 -
  "DELETE /api/mapas/4 HTTP/1.1" 401 -
  "DELETE /api/mapas/999999 HTTP/1.1" 401 -
  "DELETE /api/bases HTTP/1.1" 401 -
  "DELETE /api/bases/1 HTTP/1.1" 401 -
  "DELETE /api/bases/2 HTTP/1.1" 401 -
  "DELETE /api/bases/3 HTTP/1.1" 401 -
  "DELETE /api/bases/4 HTTP/1.1" 401 -
  "DELETE /api/bases/999999 HTTP/1.1" 401 -
  "DELETE /api/bases/1/terrenos HTTP/1.1" 401 -
  "DELETE /api/bases/2/terrenos HTTP/1.1" 401 -
  "DELETE /api/bases/3/terrenos HTTP/1.1" 401 -
  "DELETE /api/bases/4/terrenos HTTP/1.1" 401 -
  "DELETE /api/bases/999999/terrenos HTTP/1.1" 401 -
  "DELETE /api/carpetas HTTP/1.1" 401 -
  "DELETE /api/formatos HTTP/1.1" 401 -
  "DELETE /api/inventario/terrenos HTTP/1.1" 401 -
  "DELETE /api/inventario/terrenos/d0a5f349-74df-4b03-881d-b0cb4cf7f773 HTTP/1.1" 401 -
  "DELETE /api/inventario/terrenos/0401bcdf-53de-43bb-954e-dae9188375c8 HTTP/1.1" 401 -
  "DELETE /api/inventario/terrenos/04c677e9-f620-4697-b57f-6be631a0e07a HTTP/1.1" 401 -
  "DELETE /api/inventario/terrenos/065e3180-69fd-42b2-8674-885180a5de7b HTTP/1.1" 401 -
  "DELETE /api/inventario/terrenos/08900bc6-6839-442b-add6-eb16a58a8bc0 HTTP/1.1" 401 -
  "DELETE /api/inventario/terrenos/0b54004c-3192-4daa-b66e-d002ff1b1526 HTTP/1.1" 401 -
  "DELETE /api/inventario/terrenos/0b934fc2-10f4-4315-a653-bf9af8ffe3fa HTTP/1.1" 401 -
  "DELETE /api/inventario/terrenos/0ce283ec-70fe-4de3-8ea4-3585ac590718 HTTP/1.1" 401 -
  "DELETE /api/inventario/terrenos/0f5ba46d-e85e-42fc-abab-dbc3a66b2a0e HTTP/1.1" 401 -
  "DELETE /api/inventario/terrenos/0fb6e9f3-30f5-4b6a-b359-7e3932905d19 HTTP/1.1" 401 -
  "DELETE /api/inventario/terrenos/10e40b6f-ca6c-4603-84f3-870059d21067 HTTP/1.1" 401 -
  "DELETE /api/inventario/terrenos/11b0e063-f461-40ee-81a0-045d55a73713 HTTP/1.1" 401 -
  "DELETE /api/inventario/terrenos/12cdbf32-688b-439e-bb5f-4478742a1cae HTTP/1.1" 401 -
  "DELETE /api/inventario/terrenos/153df879-e0fa-4677-82e6-5db45c9be06f HTTP/1.1" 401 -
  "DELETE /api/inventario/terrenos/1eafef54-c6c9-417f-af3b-c647ee0446d6 HTTP/1.1" 401 -
  "DELETE /api/inventario/terrenos/208625e9-82e3-4b06-912d-fb75437ae3fe HTTP/1.1" 401 -
  "DELETE /api/inventario/terrenos/227369d3-ed54-41d3-a720-d49d622e33f1 HTTP/1.1" 401 -
  "DELETE /api/inventario/terrenos/22a2ffdb-dd72-410a-9d0e-1aac1a529b57 HTTP/1.1" 401 -
  "DELETE /api/inventario/terrenos/233e4cca-08af-4d59-9925-bd8e820055fe HTTP/1.1" 401 -
  "DELETE /api/inventario/terrenos/2388aa3a-f155-4a38-8cf2-fd65be7955f3 HTTP/1.1" 401 -
  "DELETE /api/inventario/terrenos/2418346f-0075-4592-bfb4-f662899cd482 HTTP/1.1" 401 -
  "DELETE /api/inventario/terrenos/25f4c99f-ed54-45da-9500-ad48c08e54d0 HTTP/1.1" 401 -
  "DELETE /api/inventario/terrenos/26b7b5d9-f01e-4266-a206-223e153c3350 HTTP/1.1" 401 -
  "DELETE /api/inventario/terrenos/29fa3f28-35fc-4064-a6b7-e1d05e16a85f HTTP/1.1" 401 -
  "DELETE /api/inventario/terrenos/2a8be475-da72-4fff-890d-09a08aad161a HTTP/1.1" 401 -
  "DELETE /api/inventario/terrenos/317c0bcf-a9c5-49a1-b896-6e74c2e35a17 HTTP/1.1" 401 -
  "DELETE /api/inventario/terrenos/d0a5f349-74df-4b03-881d-b0cb4cf7f773/historial HTTP/1.1" 401 -
  "DELETE /api/inventario/terrenos/0401bcdf-53de-43bb-954e-dae9188375c8/historial HTTP/1.1" 401 -
  "DELETE /api/inventario/terrenos/04c677e9-f620-4697-b57f-6be631a0e07a/historial HTTP/1.1" 401 -
  "DELETE /api/inventario/terrenos/065e3180-69fd-42b2-8674-885180a5de7b/historial HTTP/1.1" 401 -
  "DELETE /api/inventario/terrenos/08900bc6-6839-442b-add6-eb16a58a8bc0/historial HTTP/1.1" 401 -
  "DELETE /api/inventario/terrenos/0b54004c-3192-4daa-b66e-d002ff1b1526/historial HTTP/1.1" 401 -
  "DELETE /api/inventario/terrenos/0b934fc2-10f4-4315-a653-bf9af8ffe3fa/historial HTTP/1.1" 401 -
  "DELETE /api/inventario/terrenos/0ce283ec-70fe-4de3-8ea4-3585ac590718/historial HTTP/1.1" 401 -
  "DELETE /api/inventario/terrenos/0f5ba46d-e85e-42fc-abab-dbc3a66b2a0e/historial HTTP/1.1" 401 -
  "DELETE /api/inventario/terrenos/0fb6e9f3-30f5-4b6a-b359-7e3932905d19/historial HTTP/1.1" 401 -
  "DELETE /api/inventario/terrenos/10e40b6f-ca6c-4603-84f3-870059d21067/historial HTTP/1.1" 401 -
  "DELETE /api/inventario/terrenos/11b0e063-f461-40ee-81a0-045d55a73713/historial HTTP/1.1" 401 -
  "DELETE /api/inventario/terrenos/12cdbf32-688b-439e-bb5f-4478742a1cae/historial HTTP/1.1" 401 -
  "DELETE /api/inventario/terrenos/153df879-e0fa-4677-82e6-5db45c9be06f/historial HTTP/1.1" 401 -
  "DELETE /api/inventario/terrenos/1eafef54-c6c9-417f-af3b-c647ee0446d6/historial HTTP/1.1" 401 -
  "DELETE /api/inventario/terrenos/208625e9-82e3-4b06-912d-fb75437ae3fe/historial HTTP/1.1" 401 -
  "DELETE /api/inventario/terrenos/227369d3-ed54-41d3-a720-d49d622e33f1/historial HTTP/1.1" 401 -
  "DELETE /api/inventario/terrenos/22a2ffdb-dd72-410a-9d0e-1aac1a529b57/historial HTTP/1.1" 401 -
  "DELETE /api/inventario/terrenos/233e4cca-08af-4d59-9925-bd8e820055fe/historial HTTP/1.1" 401 -
  "DELETE /api/inventario/terrenos/2388aa3a-f155-4a38-8cf2-fd65be7955f3/historial HTTP/1.1" 401 -
  "DELETE /api/inventario/terrenos/2418346f-0075-4592-bfb4-f662899cd482/historial HTTP/1.1" 401 -
  "DELETE /api/inventario/terrenos/25f4c99f-ed54-45da-9500-ad48c08e54d0/historial HTTP/1.1" 401 -
  "DELETE /api/inventario/terrenos/26b7b5d9-f01e-4266-a206-223e153c3350/historial HTTP/1.1" 401 -
  "DELETE /api/inventario/terrenos/29fa3f28-35fc-4064-a6b7-e1d05e16a85f/historial HTTP/1.1" 401 -
  "DELETE /api/inventario/terrenos/2a8be475-da72-4fff-890d-09a08aad161a/historial HTTP/1.1" 401 -
  "DELETE /api/inventario/terrenos/317c0bcf-a9c5-49a1-b896-6e74c2e35a17/historial HTTP/1.1" 401 -
  "DELETE /api/inventario/terrenos/d0a5f349-74df-4b03-881d-b0cb4cf7f773/vista-publica HTTP/1.1" 401 -
  "DELETE /api/inventario/terrenos/0401bcdf-53de-43bb-954e-dae9188375c8/vista-publica HTTP/1.1" 401 -
  "DELETE /api/inventario/terrenos/04c677e9-f620-4697-b57f-6be631a0e07a/vista-publica HTTP/1.1" 401 -
  "DELETE /api/inventario/terrenos/065e3180-69fd-42b2-8674-885180a5de7b/vista-publica HTTP/1.1" 401 -
  "DELETE /api/inventario/terrenos/08900bc6-6839-442b-add6-eb16a58a8bc0/vista-publica HTTP/1.1" 401 -
  "DELETE /api/inventario/terrenos/0b54004c-3192-4daa-b66e-d002ff1b1526/vista-publica HTTP/1.1" 401 -
  "DELETE /api/inventario/terrenos/0b934fc2-10f4-4315-a653-bf9af8ffe3fa/vista-publica HTTP/1.1" 401 -
  "DELETE /api/inventario/terrenos/0ce283ec-70fe-4de3-8ea4-3585ac590718/vista-publica HTTP/1.1" 401 -
  "DELETE /api/inventario/terrenos/0f5ba46d-e85e-42fc-abab-dbc3a66b2a0e/vista-publica HTTP/1.1" 401 -
  "DELETE /api/inventario/terrenos/0fb6e9f3-30f5-4b6a-b359-7e3932905d19/vista-publica HTTP/1.1" 401 -
  "DELETE /api/inventario/terrenos/10e40b6f-ca6c-4603-84f3-870059d21067/vista-publica HTTP/1.1" 401 -
  "DELETE /api/inventario/terrenos/11b0e063-f461-40ee-81a0-045d55a73713/vista-publica HTTP/1.1" 401 -
  "DELETE /api/inventario/terrenos/12cdbf32-688b-439e-bb5f-4478742a1cae/vista-publica HTTP/1.1" 401 -
  "DELETE /api/inventario/terrenos/153df879-e0fa-4677-82e6-5db45c9be06f/vista-publica HTTP/1.1" 401 -
  "DELETE /api/inventario/terrenos/1eafef54-c6c9-417f-af3b-c647ee0446d6/vista-publica HTTP/1.1" 401 -
  "DELETE /api/inventario/terrenos/208625e9-82e3-4b06-912d-fb75437ae3fe/vista-publica HTTP/1.1" 401 -
  "DELETE /api/inventario/terrenos/227369d3-ed54-41d3-a720-d49d622e33f1/vista-publica HTTP/1.1" 401 -
  "DELETE /api/inventario/terrenos/22a2ffdb-dd72-410a-9d0e-1aac1a529b57/vista-publica HTTP/1.1" 401 -
  "DELETE /api/inventario/terrenos/233e4cca-08af-4d59-9925-bd8e820055fe/vista-publica HTTP/1.1" 401 -
  "DELETE /api/inventario/terrenos/2388aa3a-f155-4a38-8cf2-fd65be7955f3/vista-publica HTTP/1.1" 401 -
  "DELETE /api/inventario/terrenos/2418346f-0075-4592-bfb4-f662899cd482/vista-publica HTTP/1.1" 401 -
  "DELETE /api/inventario/terrenos/25f4c99f-ed54-45da-9500-ad48c08e54d0/vista-publica HTTP/1.1" 401 -
  "DELETE /api/inventario/terrenos/26b7b5d9-f01e-4266-a206-223e153c3350/vista-publica HTTP/1.1" 401 -
  "DELETE /api/inventario/terrenos/29fa3f28-35fc-4064-a6b7-e1d05e16a85f/vista-publica HTTP/1.1" 401 -
  "DELETE /api/inventario/terrenos/2a8be475-da72-4fff-890d-09a08aad161a/vista-publica HTTP/1.1" 401 -
  "DELETE /api/inventario/terrenos/317c0bcf-a9c5-49a1-b896-6e74c2e35a17/vista-publica HTTP/1.1" 401 -
  "DELETE /api/mapas HTTP/1.1" 401 -
  "DELETE /api/mapas/1 HTTP/1.1" 401 -
  "DELETE /api/mapas/2 HTTP/1.1" 401 -
  "DELETE /api/mapas/3 HTTP/1.1" 401 -
  "DELETE /api/mapas/4 HTTP/1.1" 401 -
  "DELETE /api/mapas/999999 HTTP/1.1" 401 -
  "DELETE /api/mapas/1/terrenos HTTP/1.1" 401 -
  "DELETE /api/mapas/2/terrenos HTTP/1.1" 401 -
  "DELETE /api/mapas/3/terrenos HTTP/1.1" 401 -
  "DELETE /api/mapas/4/terrenos HTTP/1.1" 401 -
  "DELETE /api/mapas/999999/terrenos HTTP/1.1" 401 -
  "POST /api/login HTTP/1.1" 401 -
  "GET /api/publico/terrenos?campos=contacto&include_private=1 HTTP/1.1" 422 -
  "GET /api/publico/terrenos/d0a5f349-74df-4b03-881d-b0cb4cf7f773 HTTP/1.1" 404 -
  "GET /api/publico/terrenos/0401bcdf-53de-43bb-954e-dae9188375c8 HTTP/1.1" 404 -
  "GET /api/publico/terrenos/04c677e9-f620-4697-b57f-6be631a0e07a HTTP/1.1" 404 -
  "GET /api/publico/terrenos/065e3180-69fd-42b2-8674-885180a5de7b HTTP/1.1" 404 -
  "GET /api/publico/terrenos/08900bc6-6839-442b-add6-eb16a58a8bc0 HTTP/1.1" 404 -
  "GET /api/publico/terrenos/0b54004c-3192-4daa-b66e-d002ff1b1526 HTTP/1.1" 404 -
  "GET /api/publico/terrenos/0b934fc2-10f4-4315-a653-bf9af8ffe3fa HTTP/1.1" 404 -
  "GET /api/publico/terrenos/0ce283ec-70fe-4de3-8ea4-3585ac590718 HTTP/1.1" 404 -
  "GET /api/publico/terrenos/0f5ba46d-e85e-42fc-abab-dbc3a66b2a0e HTTP/1.1" 404 -
  "GET /api/publico/terrenos/0fb6e9f3-30f5-4b6a-b359-7e3932905d19 HTTP/1.1" 404 -
  "GET /api/publico/terrenos/10e40b6f-ca6c-4603-84f3-870059d21067 HTTP/1.1" 404 -
  "GET /api/publico/terrenos/11b0e063-f461-40ee-81a0-045d55a73713 HTTP/1.1" 404 -
  "GET /api/publico/terrenos/12cdbf32-688b-439e-bb5f-4478742a1cae HTTP/1.1" 404 -
  "GET /api/publico/terrenos/153df879-e0fa-4677-82e6-5db45c9be06f HTTP/1.1" 404 -
  "GET /api/publico/terrenos/1eafef54-c6c9-417f-af3b-c647ee0446d6 HTTP/1.1" 404 -
  "GET /api/publico/terrenos/208625e9-82e3-4b06-912d-fb75437ae3fe HTTP/1.1" 404 -
  "GET /api/publico/terrenos/227369d3-ed54-41d3-a720-d49d622e33f1 HTTP/1.1" 404 -
  "GET /api/publico/terrenos/22a2ffdb-dd72-410a-9d0e-1aac1a529b57 HTTP/1.1" 404 -
  "GET /api/publico/terrenos/233e4cca-08af-4d59-9925-bd8e820055fe HTTP/1.1" 404 -
  "GET /api/publico/terrenos/2388aa3a-f155-4a38-8cf2-fd65be7955f3 HTTP/1.1" 404 -
  "GET /api/publico/terrenos/2418346f-0075-4592-bfb4-f662899cd482 HTTP/1.1" 404 -
  "GET /api/publico/terrenos/25f4c99f-ed54-45da-9500-ad48c08e54d0 HTTP/1.1" 404 -
  "GET /api/publico/terrenos/26b7b5d9-f01e-4266-a206-223e153c3350 HTTP/1.1" 404 -
  "GET /api/publico/terrenos/29fa3f28-35fc-4064-a6b7-e1d05e16a85f HTTP/1.1" 404 -
  "GET /api/publico/terrenos/2a8be475-da72-4fff-890d-09a08aad161a HTTP/1.1" 404 -
  "GET /api/publico/terrenos/317c0bcf-a9c5-49a1-b896-6e74c2e35a17 HTTP/1.1" 404 -
  "GET /api/bases/1 HTTP/1.1" 404 -
  "GET /api/bases/2 HTTP/1.1" 404 -
  "GET /api/bases/3 HTTP/1.1" 404 -
  "GET /api/bases/4 HTTP/1.1" 404 -
  "GET /api/bases/999999 HTTP/1.1" 404 -
  "GET /api/bases/1/terrenos HTTP/1.1" 404 -
  "GET /api/bases/2/terrenos HTTP/1.1" 404 -
  "GET /api/bases/3/terrenos HTTP/1.1" 404 -
  "GET /api/bases/4/terrenos HTTP/1.1" 404 -
  "GET /api/bases/999999/terrenos HTTP/1.1" 404 -
  "GET /api/carpetas HTTP/1.1" 400 -
  "GET /api/inventario/terrenos/d0a5f349-74df-4b03-881d-b0cb4cf7f773 HTTP/1.1" 404 -
  "GET /api/inventario/terrenos/d0a5f349-74df-4b03-881d-b0cb4cf7f773/historial HTTP/1.1" 404 -
  "GET /api/inventario/terrenos/d0a5f349-74df-4b03-881d-b0cb4cf7f773/vista-publica HTTP/1.1" 404 -
  "GET /api/mapas/1 HTTP/1.1" 404 -
  "GET /api/mapas/2 HTTP/1.1" 404 -
  "GET /api/mapas/3 HTTP/1.1" 404 -
  "GET /api/mapas/4 HTTP/1.1" 404 -
  "GET /api/mapas/999999 HTTP/1.1" 404 -
  "GET /api/mapas/1/terrenos HTTP/1.1" 404 -
  "GET /api/mapas/2/terrenos HTTP/1.1" 404 -
  "GET /api/mapas/3/terrenos HTTP/1.1" 404 -
  "GET /api/mapas/4/terrenos HTTP/1.1" 404 -
  "GET /api/mapas/999999/terrenos HTTP/1.1" 404 -
  "GET /api/bases/1/terrenos?ids=1 HTTP/1.1" 404 -
  "GET /api/mapas/2/terrenos?capa=1 HTTP/1.1" 404 -
  "GET /api/exportar HTTP/1.1" 405 -
  "GET /api/INVENTARIO/terrenos HTTP/1.1" 404 -
  "GET /api/inventario//terrenos HTTP/1.1" 404 -
  "GET /api/inventario/terrenos%2f HTTP/1.1" 404 -
  "GET /api/inventario/terrenos/%2e%2e/%2e%2e/bases HTTP/1.1" 404 -
  "GET /api/inventario/terrenos?limit=250&campos=contacto HTTP/1.1" 422 -
  "GET //api/bases/1/terrenos HTTP/1.1" 404 -
  "GET /api/publico/terrenos?campos=contacto&include_private=1 HTTP/1.1" 422 -
  "GET /api/publico/terrenos/d0a5f349-74df-4b03-881d-b0cb4cf7f773 HTTP/1.1" 404 -
  "GET /api/publico/terrenos/0401bcdf-53de-43bb-954e-dae9188375c8 HTTP/1.1" 404 -
  "GET /api/publico/terrenos/04c677e9-f620-4697-b57f-6be631a0e07a HTTP/1.1" 404 -
  "GET /api/publico/terrenos/065e3180-69fd-42b2-8674-885180a5de7b HTTP/1.1" 404 -
  "GET /api/publico/terrenos/08900bc6-6839-442b-add6-eb16a58a8bc0 HTTP/1.1" 404 -
  "GET /api/publico/terrenos/0b54004c-3192-4daa-b66e-d002ff1b1526 HTTP/1.1" 404 -
  "GET /api/publico/terrenos/0b934fc2-10f4-4315-a653-bf9af8ffe3fa HTTP/1.1" 404 -
  "GET /api/publico/terrenos/0ce283ec-70fe-4de3-8ea4-3585ac590718 HTTP/1.1" 404 -
  "GET /api/publico/terrenos/0f5ba46d-e85e-42fc-abab-dbc3a66b2a0e HTTP/1.1" 404 -
  "GET /api/publico/terrenos/0fb6e9f3-30f5-4b6a-b359-7e3932905d19 HTTP/1.1" 404 -
  "GET /api/publico/terrenos/10e40b6f-ca6c-4603-84f3-870059d21067 HTTP/1.1" 404 -
  "GET /api/publico/terrenos/11b0e063-f461-40ee-81a0-045d55a73713 HTTP/1.1" 404 -
  "GET /api/publico/terrenos/12cdbf32-688b-439e-bb5f-4478742a1cae HTTP/1.1" 404 -
  "GET /api/publico/terrenos/153df879-e0fa-4677-82e6-5db45c9be06f HTTP/1.1" 404 -
  "GET /api/publico/terrenos/1eafef54-c6c9-417f-af3b-c647ee0446d6 HTTP/1.1" 404 -
  "GET /api/publico/terrenos/208625e9-82e3-4b06-912d-fb75437ae3fe HTTP/1.1" 404 -
  "GET /api/publico/terrenos/227369d3-ed54-41d3-a720-d49d622e33f1 HTTP/1.1" 404 -
  "GET /api/publico/terrenos/22a2ffdb-dd72-410a-9d0e-1aac1a529b57 HTTP/1.1" 404 -
  "GET /api/publico/terrenos/233e4cca-08af-4d59-9925-bd8e820055fe HTTP/1.1" 404 -
  "GET /api/publico/terrenos/2388aa3a-f155-4a38-8cf2-fd65be7955f3 HTTP/1.1" 404 -
  "GET /api/publico/terrenos/2418346f-0075-4592-bfb4-f662899cd482 HTTP/1.1" 404 -
  "GET /api/publico/terrenos/25f4c99f-ed54-45da-9500-ad48c08e54d0 HTTP/1.1" 404 -
  "GET /api/publico/terrenos/26b7b5d9-f01e-4266-a206-223e153c3350 HTTP/1.1" 404 -
  "GET /api/publico/terrenos/29fa3f28-35fc-4064-a6b7-e1d05e16a85f HTTP/1.1" 404 -
  "GET /api/publico/terrenos/2a8be475-da72-4fff-890d-09a08aad161a HTTP/1.1" 404 -
  "GET /api/publico/terrenos/317c0bcf-a9c5-49a1-b896-6e74c2e35a17 HTTP/1.1" 404 -
  "GET /api/nope HTTP/1.1" 404 -
  "GET /api/bases HTTP/1.1" 401 -
  "GET /api/inventario/terrenos HTTP/1.1" 401 -
  "POST /api/login HTTP/1.1" 401 -
  "GET /api/inventario/terrenos HTTP/1.1" 401 -
  "POST /api/login HTTP/1.1" 401 -
  "POST /api/login HTTP/1.1" 401 -
  "POST /api/login HTTP/1.1" 401 -
  "POST /api/login HTTP/1.1" 401 -
  "POST /api/login HTTP/1.1" 429 -
  "POST /api/login HTTP/1.1" 429 -
  "POST /api/login HTTP/1.1" 429 -
  "POST /api/login HTTP/1.1" 429 -
  "POST /api/login HTTP/1.1" 429 -
  "POST /api/login HTTP/1.1" 429 -
  "POST /api/login HTTP/1.1" 429 -
  "POST /api/login HTTP/1.1" 429 -
  "POST /api/login HTTP/1.1" 429 -
  "POST /api/login HTTP/1.1" 429 -
  "POST /api/login HTTP/1.1" 429 -
  "POST /api/login HTTP/1.1" 429 -
  "POST /api/login HTTP/1.1" 429 -
  "POST /api/login HTTP/1.1" 429 -
  "POST /api/login HTTP/1.1" 429 -
  "POST /api/login HTTP/1.1" 429 -
  "POST /api/login HTTP/1.1" 429 -
  "POST /api/login HTTP/1.1" 429 -
  "POST /api/login HTTP/1.1" 429 -
  "POST /api/login HTTP/1.1" 429 -
  "POST /api/login HTTP/1.1" 429 -
  "POST /api/login HTTP/1.1" 429 -
