
== matriz
OK    64 MiB DPR 1 1200x640 1 heavy: states {"pintado":3}; peak 9.4 MiB (raster peak 8.4); contour 105 ms; selection 21 ms; longest task 0 ms 
OK    64 MiB DPR 1 1200x640 6 heavy: states {"pintado":6,"listo":2}; peak 13.5 MiB (raster peak 8.4); contour 226 ms; selection 42 ms; longest task 0 ms 
OK    64 MiB DPR 1 1200x640 12 heavy: states {"pintado":10,"listo":4}; peak 18.6 MiB (raster peak 8.4); contour 333 ms; selection 63 ms; longest task 0 ms 
OK    64 MiB DPR 1 1920x1080 1 heavy: states {"pintado":3}; peak 23.7 MiB (raster peak 22.8); contour 117 ms; selection 22 ms; longest task 0 ms 
OK    64 MiB DPR 1 1920x1080 6 heavy: states {"pintado":6,"listo":2}; peak 27.9 MiB (raster peak 22.8); contour 233 ms; selection 56 ms; longest task 0 ms 
OK    64 MiB DPR 1 1920x1080 12 heavy: states {"pintado":10,"listo":4}; peak 32.9 MiB (raster peak 22.8); contour 290 ms; selection 62 ms; longest task 0 ms 
OK    64 MiB DPR 2 1200x640 1 heavy: states {"pintado":3}; peak 34.7 MiB (raster peak 33.8); contour 134 ms; selection 32 ms; longest task 0 ms 
OK    64 MiB DPR 2 1200x640 6 heavy: states {"pintado":6,"listo":2}; peak 38.8 MiB (raster peak 33.8); contour 249 ms; selection 42 ms; longest task 0 ms 
OK    64 MiB DPR 2 1200x640 12 heavy: states {"pintado":10,"listo":4}; peak 43.9 MiB (raster peak 33.8); contour 343 ms; selection 73 ms; longest task 0 ms 
OK    64 MiB DPR 2 1920x1080 1 heavy: states {"pintado":3}; peak 46.5 MiB (raster peak 45.6); contour 256 ms; selection 88 ms; longest task 0 ms 
OK    64 MiB DPR 2 1920x1080 6 heavy: states {"pintado":6,"listo":2}; peak 50.6 MiB (raster peak 45.6); contour 612 ms; selection 69 ms; longest task 248 ms 
OK    64 MiB DPR 2 1920x1080 12 heavy: states {"pintado":10,"listo":4}; peak 55.7 MiB (raster peak 45.6); contour 637 ms; selection 121 ms; longest task 75 ms 
OK    128 MiB DPR 1 1200x640 1 heavy: states {"pintado":3}; peak 9.4 MiB (raster peak 8.4); contour 94 ms; selection 21 ms; longest task 0 ms 
OK    128 MiB DPR 1 1200x640 6 heavy: states {"pintado":6,"listo":2}; peak 13.5 MiB (raster peak 8.4); contour 208 ms; selection 32 ms; longest task 0 ms 
OK    128 MiB DPR 1 1200x640 12 heavy: states {"pintado":10,"listo":4}; peak 18.6 MiB (raster peak 8.4); contour 305 ms; selection 94 ms; longest task 0 ms 
OK    128 MiB DPR 1 1920x1080 1 heavy: states {"pintado":3}; peak 23.7 MiB (raster peak 22.8); contour 135 ms; selection 21 ms; longest task 0 ms 
OK    128 MiB DPR 1 1920x1080 6 heavy: states {"pintado":6,"listo":2}; peak 27.9 MiB (raster peak 22.8); contour 236 ms; selection 45 ms; longest task 0 ms 
OK    128 MiB DPR 1 1920x1080 12 heavy: states {"pintado":10,"listo":4}; peak 32.9 MiB (raster peak 22.8); contour 363 ms; selection 62 ms; longest task 0 ms 
OK    128 MiB DPR 2 1200x640 1 heavy: states {"pintado":3}; peak 34.7 MiB (raster peak 33.8); contour 146 ms; selection 26 ms; longest task 0 ms 
OK    128 MiB DPR 2 1200x640 6 heavy: states {"pintado":6,"listo":2}; peak 38.8 MiB (raster peak 33.8); contour 251 ms; selection 52 ms; longest task 0 ms 
OK    128 MiB DPR 2 1200x640 12 heavy: states {"pintado":10,"listo":4}; peak 43.9 MiB (raster peak 33.8); contour 371 ms; selection 62 ms; longest task 0 ms 
OK    128 MiB DPR 2 1920x1080 1 heavy: states {"pintado":3}; peak 92 MiB (raster peak 91.1); contour 333 ms; selection 98 ms; longest task 107 ms 
OK    128 MiB DPR 2 1920x1080 6 heavy: states {"pintado":6,"listo":2}; peak 96.2 MiB (raster peak 91.1); contour 385 ms; selection 112 ms; longest task 0 ms 
OK    128 MiB DPR 2 1920x1080 12 heavy: states {"pintado":10,"listo":4}; peak 101.3 MiB (raster peak 91.1); contour 518 ms; selection 98 ms; longest task 0 ms 
Todas las comprobaciones pasaron
