FALLA seis DPR 1: E5 vs E3 RGBA DIFFERENT (1440x768, 68375 px; E5 modes {"bitmap":6})
OK    seis+1 DPR 1: E5 vs E3 RGBA identical (1440x768, 265881 px; E5 modes {"bitmap":6})
OK    seis-seleccion DPR 1: E5 vs E3 RGBA identical (1440x768, 68638 px; E5 modes {"bitmap":6})
FALLA doce DPR 1: E5 vs E3 RGBA DIFFERENT (1440x768, 127480 px; E5 modes {"bitmap":10})
OK    grande-mas-19999 DPR 1: E5 vs E3 RGBA identical (1440x768, 214445 px; E5 modes {"bitmap":1})
OK    denso-grande-mas-19999 DPR 1: E5 vs E3 RGBA identical (1440x768, 267847 px; E5 modes {"bitmap":1})
FALLA seis DPR 2: E5 vs E3 RGBA DIFFERENT (2880x1536, 271496 px; E5 modes {"bitmap":6})
OK    seis+1 DPR 2: E5 vs E3 RGBA identical (2880x1536, 1059625 px; E5 modes {"bitmap":6})
OK    seis-seleccion DPR 2: E5 vs E3 RGBA identical (2880x1536, 272547 px; E5 modes {"bitmap":6})
FALLA doce DPR 2: E5 vs E3 RGBA DIFFERENT (2880x1536, 506534 px; E5 modes {"bitmap":10})
OK    grande-mas-19999 DPR 2: E5 vs E3 RGBA identical (2880x1536, 683067 px; E5 modes {"bitmap":1})
OK    denso-grande-mas-19999 DPR 2: E5 vs E3 RGBA identical (2880x1536, 1068297 px; E5 modes {"bitmap":1})
OK    real clicks: 36/36 select the same terrain as E3 (24 hit something; hole of t-0 → p-0)
OK    6 MiB budget: 4 outlines unavailable (sin_memoria); inside them nothing of theirs is hit (l-0, —, —, —); their symbol selects them; wording "Contorno no disponible: no hay memoria para dibujarlo ahora"
┌─────────┬─────┬──────────────────────────┬────────┬─────────────┬────────────┬───────────────┬──────────┬────────────────────┬──────────────────┬────────────────────┬──────────────────┬────────────┬──────────┐
│ (index) │ dpr │ escena                   │ contra │ lienzo      │ zoom       │ RGBA idéntico │ IoU alfa │ otro cubierto ±1px │ e5 cubierto ±1px │ otro cubierto ±2px │ e5 cubierto ±2px │ pintadosE5 │ pintados │
├─────────┼─────┼──────────────────────────┼────────┼─────────────┼────────────┼───────────────┼──────────┼────────────────────┼──────────────────┼────────────────────┼──────────────────┼────────────┼──────────┤
│ 0       │ 1   │ 'seis'                   │ 'e3'   │ '1440x768'  │ [ 13, 13 ] │ false         │ 1        │ 1                  │ 1                │ 1                  │ 1                │ 68375      │ 68375    │
│ 1       │ 1   │ 'seis'                   │ 'e4'   │ '1440x768'  │ [ 13, 13 ] │ false         │ 1        │ 1                  │ 1                │ 1                  │ 1                │ 68375      │ 68376    │
│ 2       │ 1   │ 'seis'                   │ 'e1'   │ '1440x768'  │ [ 13, 13 ] │ false         │ 0.992    │ 1                  │ 1                │ 1                  │ 1                │ 68375      │ 68549    │
│ 3       │ 1   │ 'seis'                   │ 'b2'   │ '1440x768'  │ [ 13, 13 ] │ false         │ 0.992    │ 1                  │ 1                │ 1                  │ 1                │ 68375      │ 68549    │
│ 4       │ 1   │ 'seis+1'                 │ 'e3'   │ '1440x768'  │ [ 14, 14 ] │ true          │ 1        │ 1                  │ 1                │ 1                  │ 1                │ 265881     │ 265881   │
│ 5       │ 1   │ 'seis+1'                 │ 'e4'   │ '1440x768'  │ [ 14, 14 ] │ false         │ 1        │ 1                  │ 1                │ 1                  │ 1                │ 265881     │ 265886   │
│ 6       │ 1   │ 'seis+1'                 │ 'e1'   │ '1440x768'  │ [ 14, 14 ] │ false         │ 0.9959   │ 1                  │ 1                │ 1                  │ 1                │ 265881     │ 266104   │
│ 7       │ 1   │ 'seis+1'                 │ 'b2'   │ '1440x768'  │ [ 14, 14 ] │ false         │ 0.9959   │ 1                  │ 1                │ 1                  │ 1                │ 265881     │ 266104   │
│ 8       │ 1   │ 'seis-seleccion'         │ 'e3'   │ '1440x768'  │ [ 13, 13 ] │ true          │ 1        │ 1                  │ 1                │ 1                  │ 1                │ 68638      │ 68638    │
│ 9       │ 1   │ 'seis-seleccion'         │ 'e4'   │ '1440x768'  │ [ 13, 13 ] │ false         │ 0.9999   │ 1                  │ 1                │ 1                  │ 1                │ 68638      │ 68638    │
│ 10      │ 1   │ 'seis-seleccion'         │ 'e1'   │ '1440x768'  │ [ 13, 13 ] │ false         │ 0.9923   │ 1                  │ 1                │ 1                  │ 1                │ 68638      │ 68799    │
│ 11      │ 1   │ 'seis-seleccion'         │ 'b2'   │ '1440x768'  │ [ 13, 13 ] │ false         │ 0.9923   │ 1                  │ 1                │ 1                  │ 1                │ 68638      │ 68799    │
│ 12      │ 1   │ 'doce'                   │ 'e3'   │ '1440x768'  │ [ 13, 13 ] │ false         │ 1        │ 1                  │ 1                │ 1                  │ 1                │ 127480     │ 127481   │
│ 13      │ 1   │ 'doce'                   │ 'e4'   │ '1440x768'  │ [ 13, 13 ] │ false         │ 1        │ 1                  │ 1                │ 1                  │ 1                │ 127480     │ 127479   │
│ 14      │ 1   │ 'doce'                   │ 'e1'   │ '1440x768'  │ [ 13, 13 ] │ false         │ 0.9925   │ 1                  │ 1                │ 1                  │ 1                │ 127480     │ 127832   │
│ 15      │ 1   │ 'doce'                   │ 'b2'   │ '1440x768'  │ [ 13, 13 ] │ false         │ 0.9925   │ 1                  │ 1                │ 1                  │ 1                │ 127480     │ 127832   │
│ 16      │ 1   │ 'grande-mas-19999'       │ 'e3'   │ '1440x768'  │ [ 10, 10 ] │ true          │ 1        │ 1                  │ 1                │ 1                  │ 1                │ 214445     │ 214445   │
│ 17      │ 1   │ 'grande-mas-19999'       │ 'e4'   │ '1440x768'  │ [ 10, 10 ] │ false         │ 1        │ 1                  │ 1                │ 1                  │ 1                │ 214445     │ 214445   │
│ 18      │ 1   │ 'grande-mas-19999'       │ 'e1'   │ '1440x768'  │ [ 10, 10 ] │ false         │ 0.5      │ 1                  │ 1                │ 1                  │ 1                │ 214445     │ 107215   │
│ 19      │ 1   │ 'grande-mas-19999'       │ 'b2'   │ '1440x768'  │ [ 10, 10 ] │ false         │ 0.5      │ 1                  │ 1                │ 1                  │ 1                │ 214445     │ 107215   │
│ 20      │ 1   │ 'denso-grande-mas-19999' │ 'e3'   │ '1440x768'  │ [ 12, 12 ] │ true          │ 1        │ 1                  │ 1                │ 1                  │ 1                │ 267847     │ 267847   │
│ 21      │ 1   │ 'denso-grande-mas-19999' │ 'e4'   │ '1440x768'  │ [ 12, 12 ] │ true          │ 1        │ 1                  │ 1                │ 1                  │ 1                │ 267847     │ 267847   │
│ 22      │ 1   │ 'denso-grande-mas-19999' │ 'e1'   │ '1440x768'  │ [ 12, 12 ] │ false         │ 0.9941   │ 1                  │ 1                │ 1                  │ 1                │ 267847     │ 266272   │
│ 23      │ 1   │ 'denso-grande-mas-19999' │ 'b2'   │ '1440x768'  │ [ 12, 12 ] │ false         │ 0.9941   │ 1                  │ 1                │ 1                  │ 1                │ 267847     │ 266272   │
│ 24      │ 2   │ 'seis'                   │ 'e3'   │ '2880x1536' │ [ 13, 13 ] │ false         │ 1        │ 1                  │ 1                │ 1                  │ 1                │ 271496     │ 271494   │
│ 25      │ 2   │ 'seis'                   │ 'e4'   │ '2880x1536' │ [ 13, 13 ] │ false         │ 0.9999   │ 1                  │ 1                │ 1                  │ 1                │ 271496     │ 271501   │
│ 26      │ 2   │ 'seis'                   │ 'e1'   │ '2880x1536' │ [ 13, 13 ] │ false         │ 0.9924   │ 1                  │ 1                │ 1                  │ 1                │ 271496     │ 272000   │
│ 27      │ 2   │ 'seis'                   │ 'b2'   │ '2880x1536' │ [ 13, 13 ] │ false         │ 0.9924   │ 1                  │ 1                │ 1                  │ 1                │ 271496     │ 272000   │
│ 28      │ 2   │ 'seis+1'                 │ 'e3'   │ '2880x1536' │ [ 14, 14 ] │ true          │ 1        │ 1                  │ 1                │ 1                  │ 1                │ 1059625    │ 1059625  │
│ 29      │ 2   │ 'seis+1'                 │ 'e4'   │ '2880x1536' │ [ 14, 14 ] │ false         │ 1        │ 1                  │ 1                │ 1                  │ 1                │ 1059625    │ 1059625  │
│ 30      │ 2   │ 'seis+1'                 │ 'e1'   │ '2880x1536' │ [ 14, 14 ] │ false         │ 0.996    │ 1                  │ 0.9999           │ 1                  │ 1                │ 1059625    │ 1060176  │
│ 31      │ 2   │ 'seis+1'                 │ 'b2'   │ '2880x1536' │ [ 14, 14 ] │ false         │ 0.996    │ 1                  │ 0.9999           │ 1                  │ 1                │ 1059625    │ 1060176  │
│ 32      │ 2   │ 'seis-seleccion'         │ 'e3'   │ '2880x1536' │ [ 13, 13 ] │ true          │ 1        │ 1                  │ 1                │ 1                  │ 1                │ 272547     │ 272547   │
│ 33      │ 2   │ 'seis-seleccion'         │ 'e4'   │ '2880x1536' │ [ 13, 13 ] │ false         │ 1        │ 1                  │ 1                │ 1                  │ 1                │ 272547     │ 272553   │
│ 34      │ 2   │ 'seis-seleccion'         │ 'e1'   │ '2880x1536' │ [ 13, 13 ] │ false         │ 0.9924   │ 1                  │ 1                │ 1                  │ 1                │ 272547     │ 273048   │
│ 35      │ 2   │ 'seis-seleccion'         │ 'b2'   │ '2880x1536' │ [ 13, 13 ] │ false         │ 0.9924   │ 1                  │ 1                │ 1                  │ 1                │ 272547     │ 273048   │
│ 36      │ 2   │ 'doce'                   │ 'e3'   │ '2880x1536' │ [ 13, 13 ] │ false         │ 1        │ 1                  │ 1                │ 1                  │ 1                │ 506534     │ 506532   │
│ 37      │ 2   │ 'doce'                   │ 'e4'   │ '2880x1536' │ [ 13, 13 ] │ false         │ 1        │ 1                  │ 1                │ 1                  │ 1                │ 506534     │ 506541   │
│ 38      │ 2   │ 'doce'                   │ 'e1'   │ '2880x1536' │ [ 13, 13 ] │ false         │ 0.9927   │ 1                  │ 1                │ 1                  │ 1                │ 506534     │ 507353   │
│ 39      │ 2   │ 'doce'                   │ 'b2'   │ '2880x1536' │ [ 13, 13 ] │ false         │ 0.9927   │ 1                  │ 1                │ 1                  │ 1                │ 506534     │ 507353   │
│ 40      │ 2   │ 'grande-mas-19999'       │ 'e3'   │ '2880x1536' │ [ 10, 10 ] │ true          │ 1        │ 1                  │ 1                │ 1                  │ 1                │ 683067     │ 683067   │
│ 41      │ 2   │ 'grande-mas-19999'       │ 'e4'   │ '2880x1536' │ [ 10, 10 ] │ false         │ 0.9999   │ 1                  │ 1                │ 1                  │ 1                │ 683067     │ 683103   │
│ 42      │ 2   │ 'grande-mas-19999'       │ 'e1'   │ '2880x1536' │ [ 10, 10 ] │ false         │ 0.5709   │ 1                  │ 0.9446           │ 1                  │ 1                │ 683067     │ 428825   │
│ 43      │ 2   │ 'grande-mas-19999'       │ 'b2'   │ '2880x1536' │ [ 10, 10 ] │ false         │ 0.5709   │ 1                  │ 0.9446           │ 1                  │ 1                │ 683067     │ 428825   │
│ 44      │ 2   │ 'denso-grande-mas-19999' │ 'e3'   │ '2880x1536' │ [ 12, 12 ] │ true          │ 1        │ 1                  │ 1                │ 1                  │ 1                │ 1068297    │ 1068297  │
│ 45      │ 2   │ 'denso-grande-mas-19999' │ 'e4'   │ '2880x1536' │ [ 12, 12 ] │ false         │ 1        │ 1                  │ 1                │ 1                  │ 1                │ 1068297    │ 1068297  │
│ 46      │ 2   │ 'denso-grande-mas-19999' │ 'e1'   │ '2880x1536' │ [ 12, 12 ] │ false         │ 0.9969   │ 1                  │ 1                │ 1                  │ 1                │ 1068297    │ 1065048  │
│ 47      │ 2   │ 'denso-grande-mas-19999' │ 'b2'   │ '2880x1536' │ [ 12, 12 ] │ false         │ 0.9969   │ 1                  │ 1                │ 1                  │ 1                │ 1068297    │ 1065048  │
└─────────┴─────┴──────────────────────────┴────────┴─────────────┴────────────┴───────────────┴──────────┴────────────────────┴──────────────────┴────────────────────┴──────────────────┴────────────┴──────────┘
4 fallo(s)
