Chromium 141.0.7390.37 · Intel(R) Xeon(R) Processor @ 2.80GHz ×4 · 1200x640 DPR 1 · E5 64 MiB
┌─────────┬───────────────────────────────────────────────────────────────────────┬────────────┬────────────────────────────────┬──────┐
│ (index) │ control                                                               │ tareaMaxMs │ esperado                       │ bien │
├─────────┼───────────────────────────────────────────────────────────────────────┼────────────┼────────────────────────────────┼──────┤
│ 0       │ 'frío: 150 ms tras render()'                                          │ 161        │ '>= 150'                       │ true │
│ 1       │ 'arrastre 0: tarea de 150 ms durante la entrada'                      │ 150        │ '>= 150'                       │ true │
│ 2       │ 'arrastre 1: tarea de 150 ms durante la entrada'                      │ 150        │ '>= 150'                       │ true │
│ 3       │ 'arrastre 2: tarea de 150 ms durante la entrada'                      │ 150        │ '>= 150'                       │ true │
│ 4       │ 'arrastre 3: tarea de 150 ms durante la entrada'                      │ 150        │ '>= 150'                       │ true │
│ 5       │ 'arrastre 4: tarea de 150 ms durante la entrada'                      │ 150        │ '>= 150'                       │ true │
│ 6       │ 'arrastre 5: tarea de 150 ms durante la entrada'                      │ 150        │ '>= 150'                       │ true │
│ 7       │ 'tarea de 150 ms que termina antes del marcador'                      │ 0          │ '0'                            │ true │
│ 8       │ 'referencia: trabajo directo en page.evaluate (no se usa para medir)' │ 0          │ 'no reportado en Chromium 141' │ true │
└─────────┴───────────────────────────────────────────────────────────────────────┴────────────┴────────────────────────────────┴──────┘
OK    at least one drag control detected its deliberate 150 ms task
OK    seis e5 #0: cold contour 202 ms (longest task 0); input longest task 0 ms, longest event 24 ms; contour after input ≤ 667 ms 
OK    seis e3 #0: cold contour 152 ms (longest task 0); input longest task 0 ms, longest event 24 ms; contour after input ≤ 650 ms 
OK    doce e5 #0: cold contour 259 ms (longest task 0); input longest task 0 ms, longest event 32 ms; contour after input ≤ 716 ms 
OK    doce e3 #0: cold contour 261 ms (longest task 52); input longest task 0 ms, longest event 24 ms; contour after input ≤ 669 ms 
OK    denso-grande-mas-19999 e5 #0: cold contour 261 ms (longest task 0); input longest task 0 ms, longest event 24 ms; contour after input ≤ 817 ms 
OK    denso-grande-mas-19999 e3 #0: cold contour 218 ms (longest task 163); input longest task 0 ms, longest event 24 ms; contour after input ≤ 784 ms 
┌─────────┬──────────────────────────┬──────┬──────────────────────────────────┬──────────────────────────┬────────────────────────────────┬─────────────────────────────┬──────────────────────────────┬──────────────────────────────┬──────────────────────────────────────────┬───────────────────────────────────────┬──────────────────────────────────┬─────────────────────────────┐
│ (index) │ escena                   │ impl │ frío contorno final ms (mediana) │ frío tarea máx ms (peor) │ entrada tarea máx ms (mediana) │ entrada tarea máx ms (peor) │ entrada evento máx ms (peor) │ entrada cuadro máx ms (peor) │ tras entrada contorno final ms (mediana) │ tras entrada contorno final ms (peor) │ tras entrada tarea máx ms (peor) │ entradas con tarea >= 50 ms │
├─────────┼──────────────────────────┼──────┼──────────────────────────────────┼──────────────────────────┼────────────────────────────────┼─────────────────────────────┼──────────────────────────────┼──────────────────────────────┼──────────────────────────────────────────┼───────────────────────────────────────┼──────────────────────────────────┼─────────────────────────────┤
│ 0       │ 'seis'                   │ 'e5' │ 202                              │ 0                        │ 0                              │ 0                           │ 24                           │ 16.8                         │ 649                                      │ 667                                   │ 0                                │ '0/10'                      │
│ 1       │ 'seis'                   │ 'e3' │ 152                              │ 0                        │ 0                              │ 0                           │ 24                           │ 16.8                         │ 620                                      │ 650                                   │ 56                               │ '0/10'                      │
│ 2       │ 'doce'                   │ 'e5' │ 259                              │ 0                        │ 0                              │ 0                           │ 32                           │ 16.8                         │ 669                                      │ 716                                   │ 0                                │ '0/10'                      │
│ 3       │ 'doce'                   │ 'e3' │ 261                              │ 52                       │ 0                              │ 0                           │ 24                           │ 16.8                         │ 650                                      │ 669                                   │ 65                               │ '0/10'                      │
│ 4       │ 'denso-grande-mas-19999' │ 'e5' │ 261                              │ 0                        │ 0                              │ 0                           │ 24                           │ 16.8                         │ 733                                      │ 817                                   │ 0                                │ '0/10'                      │
│ 5       │ 'denso-grande-mas-19999' │ 'e3' │ 218                              │ 163                      │ 0                              │ 0                           │ 24                           │ 16.8                         │ 733                                      │ 784                                   │ 167                              │ '0/10'                      │
└─────────┴──────────────────────────┴──────┴──────────────────────────────────┴──────────────────────────┴────────────────────────────────┴─────────────────────────────┴──────────────────────────────┴──────────────────────────────┴──────────────────────────────────────────┴───────────────────────────────────────┴──────────────────────────────────┴─────────────────────────────┘
Todas las comprobaciones pasaron
