[serve_target] mode=local http://127.0.0.1:8433 root=/Users/andrejasso/Desktop/ARA Map
  "POST /api/inventario/terrenos HTTP/1.1" 422 -
  "POST /api/inventario/terrenos HTTP/1.1" 422 -
[serve_target] mode=local http://127.0.0.1:8433 root=/Users/andrejasso/Desktop/ARA Map
  "POST /api/inventario/terrenos HTTP/1.1" 422 -
  "POST /api/inventario/terrenos HTTP/1.1" 422 -
  "POST /api/inventario/terrenos HTTP/1.1" 422 -
  "PATCH /api/inventario/terrenos/6a36a4a3-21bf-48cf-8acb-2e043d45bff4 HTTP/1.1" 422 -
  "PATCH /api/inventario/terrenos/6a36a4a3-21bf-48cf-8acb-2e043d45bff4 HTTP/1.1" 422 -
  "PATCH /api/inventario/terrenos/6a36a4a3-21bf-48cf-8acb-2e043d45bff4 HTTP/1.1" 422 -
  "PATCH /api/inventario/terrenos/6a36a4a3-21bf-48cf-8acb-2e043d45bff4 HTTP/1.1" 422 -
  "PATCH /api/inventario/terrenos/6a36a4a3-21bf-48cf-8acb-2e043d45bff4 HTTP/1.1" 422 -
  "PATCH /api/inventario/terrenos/6a36a4a3-21bf-48cf-8acb-2e043d45bff4 HTTP/1.1" 422 -
  "PATCH /api/inventario/terrenos/6a36a4a3-21bf-48cf-8acb-2e043d45bff4 HTTP/1.1" 422 -
  "PATCH /api/inventario/terrenos/6a36a4a3-21bf-48cf-8acb-2e043d45bff4 HTTP/1.1" 422 -
  "PATCH /api/inventario/terrenos/6a36a4a3-21bf-48cf-8acb-2e043d45bff4 HTTP/1.1" 422 -
  "PATCH /api/inventario/terrenos/6a36a4a3-21bf-48cf-8acb-2e043d45bff4 HTTP/1.1" 422 -
  "PATCH /api/inventario/terrenos/12443577-3bb8-440c-826e-95040842caee HTTP/1.1" 422 -
  "PATCH /api/inventario/terrenos/12443577-3bb8-440c-826e-95040842caee HTTP/1.1" 422 -
  "PATCH /api/inventario/terrenos/12443577-3bb8-440c-826e-95040842caee HTTP/1.1" 422 -
  "PATCH /api/inventario/terrenos/12443577-3bb8-440c-826e-95040842caee HTTP/1.1" 422 -
  "PATCH /api/inventario/terrenos/12443577-3bb8-440c-826e-95040842caee HTTP/1.1" 422 -
  "PATCH /api/inventario/terrenos/12443577-3bb8-440c-826e-95040842caee HTTP/1.1" 422 -
  "PATCH /api/inventario/terrenos/12443577-3bb8-440c-826e-95040842caee HTTP/1.1" 422 -
  "PATCH /api/inventario/terrenos/12443577-3bb8-440c-826e-95040842caee HTTP/1.1" 422 -
  "PATCH /api/inventario/terrenos/12443577-3bb8-440c-826e-95040842caee HTTP/1.1" 422 -
  "PATCH /api/inventario/terrenos/12443577-3bb8-440c-826e-95040842caee HTTP/1.1" 422 -
  "PATCH /api/inventario/terrenos/39870418-6d8e-4481-996f-0f4b15534101 HTTP/1.1" 422 -
  "PATCH /api/inventario/terrenos/39870418-6d8e-4481-996f-0f4b15534101 HTTP/1.1" 422 -
  "PATCH /api/inventario/terrenos/39870418-6d8e-4481-996f-0f4b15534101 HTTP/1.1" 422 -
  "PATCH /api/inventario/terrenos/39870418-6d8e-4481-996f-0f4b15534101 HTTP/1.1" 422 -
  "PATCH /api/inventario/terrenos/39870418-6d8e-4481-996f-0f4b15534101 HTTP/1.1" 422 -
  "PATCH /api/inventario/terrenos/39870418-6d8e-4481-996f-0f4b15534101 HTTP/1.1" 422 -
  "PATCH /api/inventario/terrenos/39870418-6d8e-4481-996f-0f4b15534101 HTTP/1.1" 422 -
  "PATCH /api/inventario/terrenos/39870418-6d8e-4481-996f-0f4b15534101 HTTP/1.1" 422 -
  "PATCH /api/inventario/terrenos/39870418-6d8e-4481-996f-0f4b15534101 HTTP/1.1" 422 -
  "PATCH /api/inventario/terrenos/39870418-6d8e-4481-996f-0f4b15534101 HTTP/1.1" 422 -
  "POST /api/inventario/terrenos/6a36a4a3-21bf-48cf-8acb-2e043d45bff4/archivar HTTP/1.1" 404 -
  "POST /api/inventario/terrenos/6a36a4a3-21bf-48cf-8acb-2e043d45bff4/restaurar HTTP/1.1" 404 -
  "POST /api/inventario/terrenos/6a36a4a3-21bf-48cf-8acb-2e043d45bff4/publicar HTTP/1.1" 404 -
  "POST /api/inventario/terrenos/6a36a4a3-21bf-48cf-8acb-2e043d45bff4/despublicar HTTP/1.1" 404 -
  "PATCH /api/inventario/terrenos/3b0d3cdd-a8f0-4212-b763-c37615075849 HTTP/1.1" 422 -
  "PATCH /api/inventario/terrenos/3b0d3cdd-a8f0-4212-b763-c37615075849 HTTP/1.1" 422 -
  "PATCH /api/inventario/terrenos/3b0d3cdd-a8f0-4212-b763-c37615075849 HTTP/1.1" 422 -
  "PATCH /api/inventario/terrenos/3b0d3cdd-a8f0-4212-b763-c37615075849 HTTP/1.1" 422 -
  "PATCH /api/inventario/terrenos/3b0d3cdd-a8f0-4212-b763-c37615075849 HTTP/1.1" 422 -
  "PATCH /api/inventario/terrenos/3b0d3cdd-a8f0-4212-b763-c37615075849 HTTP/1.1" 422 -
  "PATCH /api/inventario/terrenos/3b0d3cdd-a8f0-4212-b763-c37615075849 HTTP/1.1" 422 -
  "PATCH /api/inventario/terrenos/3b0d3cdd-a8f0-4212-b763-c37615075849 HTTP/1.1" 422 -
  "PATCH /api/inventario/terrenos/3b0d3cdd-a8f0-4212-b763-c37615075849 HTTP/1.1" 422 -
  "PATCH /api/inventario/terrenos/3b0d3cdd-a8f0-4212-b763-c37615075849 HTTP/1.1" 422 -
  "PATCH /api/inventario/terrenos/3b0d3cdd-a8f0-4212-b763-c37615075849 HTTP/1.1" 422 -
  "PATCH /api/inventario/terrenos/3b0d3cdd-a8f0-4212-b763-c37615075849 HTTP/1.1" 422 -
  "PATCH /api/inventario/terrenos/3b0d3cdd-a8f0-4212-b763-c37615075849 HTTP/1.1" 422 -
  "POST /api/inventario/terrenos HTTP/1.1" 422 -
  "POST /api/inventario/terrenos HTTP/1.1" 422 -
[serve_target] mode=local http://127.0.0.1:8433 root=/Users/andrejasso/Desktop/ARA Map
  "POST /api/inventario/terrenos HTTP/1.1" 409 -
[serve_target] FAULT INJECTION active: server.repo.inventario._event raises on 'FAULT-INJECT-b92f8228'
[serve_target] mode=local http://127.0.0.1:8433 root=/Users/andrejasso/Desktop/ARA Map
Traceback (most recent call last):
  File "/Users/andrejasso/Desktop/ARA Map/server/app.py", line 166, in _dispatch
    result = handler(request)
  File "/Users/andrejasso/Desktop/ARA Map/server/api/inventario.py", line 89, in create
    return repo.create(conn, fields, actor, key, request_hash)
           ~~~~~~~~~~~^^^^^^^^^^^^^^^^^^^^^^^^^^^^^^^^^^^^^^^^
  File "/Users/andrejasso/Desktop/ARA Map/server/repo/inventario.py", line 109, in create
    return _create(conn, fields, actor, key, request_hash)
  File "/Users/andrejasso/Desktop/ARA Map/server/repo/inventario.py", line 139, in _create
    _event(conn, inventory_id, 1, "create", actor, ahora, None, revision_id, {"changes": cambios})
    ~~~~~~^^^^^^^^^^^^^^^^^^^^^^^^^^^^^^^^^^^^^^^^^^^^^^^^^^^^^^^^^^^^^^^^^^^^^^^^^^^^^^^^^^^^^^^^
  File "/Users/andrejasso/Desktop/ARA Map/reports/inventory-developer-handoff-2026-10-05/verification/stage1/serve_target.py", line 41, in faulty
    raise RuntimeError("verifier fault injection before inventory_event insert")
RuntimeError: verifier fault injection before inventory_event insert
  "POST /api/inventario/terrenos HTTP/1.1" 500 -
Traceback (most recent call last):
  File "/Users/andrejasso/Desktop/ARA Map/server/app.py", line 166, in _dispatch
    result = handler(request)
  File "/Users/andrejasso/Desktop/ARA Map/server/api/inventario.py", line 124, in update
    return {"terreno": repo.update(conn, inventory_id, expected, fields,
                       ~~~~~~~~~~~^^^^^^^^^^^^^^^^^^^^^^^^^^^^^^^^^^^^^^
                                   tuple(dict.fromkeys(confirm)), actor)}
                                   ^^^^^^^^^^^^^^^^^^^^^^^^^^^^^^^^^^^^^
  File "/Users/andrejasso/Desktop/ARA Map/server/repo/inventario.py", line 185, in update
    _event(conn, inventory_id, expected_version + 1, "update", actor, ahora,
    ~~~~~~^^^^^^^^^^^^^^^^^^^^^^^^^^^^^^^^^^^^^^^^^^^^^^^^^^^^^^^^^^^^^^^^^^
           current["draft_revision_id"], revision_id, details)
           ^^^^^^^^^^^^^^^^^^^^^^^^^^^^^^^^^^^^^^^^^^^^^^^^^^^
  File "/Users/andrejasso/Desktop/ARA Map/reports/inventory-developer-handoff-2026-10-05/verification/stage1/serve_target.py", line 41, in faulty
    raise RuntimeError("verifier fault injection before inventory_event insert")
RuntimeError: verifier fault injection before inventory_event insert
  "PATCH /api/inventario/terrenos/123bdf6b-c3f7-4731-8b33-804e35cb102e HTTP/1.1" 500 -
[serve_target] mode=local http://127.0.0.1:8433 root=/Users/andrejasso/Desktop/ARA Map
  "PATCH /api/inventario/terrenos/0c0e0458-e8bc-40a8-ae3c-7f2fca05ebcf HTTP/1.1" 409 -
  "PATCH /api/inventario/terrenos/0c0e0458-e8bc-40a8-ae3c-7f2fca05ebcf HTTP/1.1" 409 -
  "PATCH /api/inventario/terrenos/0c0e0458-e8bc-40a8-ae3c-7f2fca05ebcf HTTP/1.1" 409 -
  "PATCH /api/inventario/terrenos/0c0e0458-e8bc-40a8-ae3c-7f2fca05ebcf HTTP/1.1" 409 -
  "PATCH /api/inventario/terrenos/0c0e0458-e8bc-40a8-ae3c-7f2fca05ebcf HTTP/1.1" 422 -
  "PATCH /api/inventario/terrenos/0c0e0458-e8bc-40a8-ae3c-7f2fca05ebcf HTTP/1.1" 422 -
  "PATCH /api/inventario/terrenos/0c0e0458-e8bc-40a8-ae3c-7f2fca05ebcf HTTP/1.1" 409 -
  "PATCH /api/inventario/terrenos/0c0e0458-e8bc-40a8-ae3c-7f2fca05ebcf HTTP/1.1" 409 -
  "POST /api/login HTTP/1.1" 401 -
  "POST /api/login HTTP/1.1" 401 -
  "GET /api/inventario/terrenos HTTP/1.1" 401 -
  "GET /api/inventario/terrenos HTTP/1.1" 401 -
  "GET /api/inventario/terrenos HTTP/1.1" 401 -
  "GET /api/bases HTTP/1.1" 401 -
  "POST /api/carpetas HTTP/1.1" 401 -
  "POST /api/inventario/terrenos HTTP/1.1" 401 -
  "PATCH /api/inventario/terrenos/7614a582-111a-4508-a61e-9d5e68cc8c90 HTTP/1.1" 403 -
  "POST /api/inventario/terrenos HTTP/1.1" 403 -
  "PATCH /api/inventario/terrenos/7614a582-111a-4508-a61e-9d5e68cc8c90 HTTP/1.1" 403 -
  "POST /api/inventario/terrenos HTTP/1.1" 403 -
  "PATCH /api/inventario/terrenos/7614a582-111a-4508-a61e-9d5e68cc8c90 HTTP/1.1" 403 -
  "POST /api/inventario/terrenos HTTP/1.1" 403 -
  "POST /api/login HTTP/1.1" 403 -
  "POST /api/registro HTTP/1.1" 401 -
  "POST /api/registro HTTP/1.1" 404 -
  "POST /api/register HTTP/1.1" 401 -
  "POST /api/register HTTP/1.1" 404 -
  "POST /api/signup HTTP/1.1" 401 -
  "POST /api/signup HTTP/1.1" 404 -
  "POST /api/usuarios HTTP/1.1" 401 -
  "POST /api/usuarios HTTP/1.1" 404 -
  "POST /api/users HTTP/1.1" 401 -
  "POST /api/users HTTP/1.1" 404 -
  "POST /api/cuentas HTTP/1.1" 401 -
  "POST /api/cuentas HTTP/1.1" 404 -
  "POST /api/team HTTP/1.1" 401 -
  "POST /api/team HTTP/1.1" 404 -
  "POST /api/session HTTP/1.1" 401 -
  "POST /api/session HTTP/1.1" 405 -
  "POST /api/login HTTP/1.1" 401 -
  "GET /api/inventario/terrenos HTTP/1.1" 401 -
  "PATCH /api/inventario/terrenos/7614a582-111a-4508-a61e-9d5e68cc8c90 HTTP/1.1" 401 -
  "GET /api/inventario/terrenos HTTP/1.1" 401 -
  "GET /api/bases HTTP/1.1" 401 -
  "GET /api/bases/1 HTTP/1.1" 401 -
  "GET /api/bases/2 HTTP/1.1" 401 -
  "GET /api/bases/3 HTTP/1.1" 401 -
  "GET /api/bases/4 HTTP/1.1" 401 -
  "GET /api/bases/999999 HTTP/1.1" 401 -
  "GET /api/bases/1/terrenos HTTP/1.1" 401 -
  "GET /api/bases/2/terrenos HTTP/1.1" 401 -
  "GET /api/bases/3/terrenos HTTP/1.1" 401 -
  "GET /api/bases/4/terrenos HTTP/1.1" 401 -
  "GET /api/bases/999999/terrenos HTTP/1.1" 401 -
  "GET /api/carpetas HTTP/1.1" 401 -
  "GET /api/formatos HTTP/1.1" 401 -
  "GET /api/inventario/terrenos HTTP/1.1" 401 -
  "GET /api/inventario/terrenos/7c8b8b2a-fa34-4b4c-beb8-cb378cdc2040 HTTP/1.1" 401 -
  "GET /api/inventario/terrenos/048219bf-0326-451a-9159-f166e23364af HTTP/1.1" 401 -
  "GET /api/inventario/terrenos/0ace42b2-942e-4197-b996-59f2cad64bc9 HTTP/1.1" 401 -
  "GET /api/inventario/terrenos/0bda326d-2a22-41cc-8b54-c7fc051bf07f HTTP/1.1" 401 -
  "GET /api/inventario/terrenos/0c0e0458-e8bc-40a8-ae3c-7f2fca05ebcf HTTP/1.1" 401 -
  "GET /api/inventario/terrenos/0cb51474-529b-461a-a6b3-f1b67c88fdfd HTTP/1.1" 401 -
  "GET /api/inventario/terrenos/0dfbf0af-6d26-484b-9481-6b0abf46eeb6 HTTP/1.1" 401 -
  "GET /api/inventario/terrenos/0e1ac348-a6cd-4f08-875d-43e474aa8ca2 HTTP/1.1" 401 -
  "GET /api/inventario/terrenos/0e9c3950-8c9e-42f8-9044-e942d5f9d673 HTTP/1.1" 401 -
  "GET /api/inventario/terrenos/0f49686b-6707-41a3-9350-cc0d52a66b3d HTTP/1.1" 401 -
  "GET /api/inventario/terrenos/10f4ea23-95a9-4a3a-a997-3c3386956a9e HTTP/1.1" 401 -
  "GET /api/inventario/terrenos/11c2c6b1-c544-409b-a8ed-d5218ff57806 HTTP/1.1" 401 -
  "GET /api/inventario/terrenos/123bdf6b-c3f7-4731-8b33-804e35cb102e HTTP/1.1" 401 -
  "GET /api/inventario/terrenos/12443577-3bb8-440c-826e-95040842caee HTTP/1.1" 401 -
  "GET /api/inventario/terrenos/12b53f50-9fcd-47f8-ac76-3eed1a83b0c1 HTTP/1.1" 401 -
  "GET /api/inventario/terrenos/156f0f25-8bd9-4677-b9d1-25a8f441817a HTTP/1.1" 401 -
  "GET /api/inventario/terrenos/17b7fcc3-3b85-4781-b7b1-5f7bad7f0163 HTTP/1.1" 401 -
  "GET /api/inventario/terrenos/1b4c7f60-ff08-466c-90b1-4ed960221043 HTTP/1.1" 401 -
  "GET /api/inventario/terrenos/1edbaff1-38a5-4b28-9b20-3ba64228f8fa HTTP/1.1" 401 -
  "GET /api/inventario/terrenos/2110e487-88ee-4103-8fbc-3279b3582c85 HTTP/1.1" 401 -
  "GET /api/inventario/terrenos/252ac35d-0eb5-4e0d-a61b-7aea374a2e4e HTTP/1.1" 401 -
  "GET /api/inventario/terrenos/2661bac4-142d-425a-a5c6-c62b4dc697d1 HTTP/1.1" 401 -
  "GET /api/inventario/terrenos/27c81928-c262-44fd-a90f-782356d7a126 HTTP/1.1" 401 -
  "GET /api/inventario/terrenos/2980bdc5-76e0-4ee5-a185-136137e34f9b HTTP/1.1" 401 -
  "GET /api/inventario/terrenos/2aab7f64-1bc6-4a08-9517-1d724a0adcbf HTTP/1.1" 401 -
  "GET /api/inventario/terrenos/2b384ddd-7997-4936-ab12-da6b06fd68c1 HTTP/1.1" 401 -
  "GET /api/inventario/terrenos/7c8b8b2a-fa34-4b4c-beb8-cb378cdc2040/historial HTTP/1.1" 401 -
  "GET /api/inventario/terrenos/048219bf-0326-451a-9159-f166e23364af/historial HTTP/1.1" 401 -
  "GET /api/inventario/terrenos/0ace42b2-942e-4197-b996-59f2cad64bc9/historial HTTP/1.1" 401 -
  "GET /api/inventario/terrenos/0bda326d-2a22-41cc-8b54-c7fc051bf07f/historial HTTP/1.1" 401 -
  "GET /api/inventario/terrenos/0c0e0458-e8bc-40a8-ae3c-7f2fca05ebcf/historial HTTP/1.1" 401 -
  "GET /api/inventario/terrenos/0cb51474-529b-461a-a6b3-f1b67c88fdfd/historial HTTP/1.1" 401 -
  "GET /api/inventario/terrenos/0dfbf0af-6d26-484b-9481-6b0abf46eeb6/historial HTTP/1.1" 401 -
  "GET /api/inventario/terrenos/0e1ac348-a6cd-4f08-875d-43e474aa8ca2/historial HTTP/1.1" 401 -
  "GET /api/inventario/terrenos/0e9c3950-8c9e-42f8-9044-e942d5f9d673/historial HTTP/1.1" 401 -
  "GET /api/inventario/terrenos/0f49686b-6707-41a3-9350-cc0d52a66b3d/historial HTTP/1.1" 401 -
  "GET /api/inventario/terrenos/10f4ea23-95a9-4a3a-a997-3c3386956a9e/historial HTTP/1.1" 401 -
  "GET /api/inventario/terrenos/11c2c6b1-c544-409b-a8ed-d5218ff57806/historial HTTP/1.1" 401 -
  "GET /api/inventario/terrenos/123bdf6b-c3f7-4731-8b33-804e35cb102e/historial HTTP/1.1" 401 -
  "GET /api/inventario/terrenos/12443577-3bb8-440c-826e-95040842caee/historial HTTP/1.1" 401 -
  "GET /api/inventario/terrenos/12b53f50-9fcd-47f8-ac76-3eed1a83b0c1/historial HTTP/1.1" 401 -
  "GET /api/inventario/terrenos/156f0f25-8bd9-4677-b9d1-25a8f441817a/historial HTTP/1.1" 401 -
  "GET /api/inventario/terrenos/17b7fcc3-3b85-4781-b7b1-5f7bad7f0163/historial HTTP/1.1" 401 -
  "GET /api/inventario/terrenos/1b4c7f60-ff08-466c-90b1-4ed960221043/historial HTTP/1.1" 401 -
  "GET /api/inventario/terrenos/1edbaff1-38a5-4b28-9b20-3ba64228f8fa/historial HTTP/1.1" 401 -
  "GET /api/inventario/terrenos/2110e487-88ee-4103-8fbc-3279b3582c85/historial HTTP/1.1" 401 -
  "GET /api/inventario/terrenos/252ac35d-0eb5-4e0d-a61b-7aea374a2e4e/historial HTTP/1.1" 401 -
  "GET /api/inventario/terrenos/2661bac4-142d-425a-a5c6-c62b4dc697d1/historial HTTP/1.1" 401 -
  "GET /api/inventario/terrenos/27c81928-c262-44fd-a90f-782356d7a126/historial HTTP/1.1" 401 -
  "GET /api/inventario/terrenos/2980bdc5-76e0-4ee5-a185-136137e34f9b/historial HTTP/1.1" 401 -
  "GET /api/inventario/terrenos/2aab7f64-1bc6-4a08-9517-1d724a0adcbf/historial HTTP/1.1" 401 -
  "GET /api/inventario/terrenos/2b384ddd-7997-4936-ab12-da6b06fd68c1/historial HTTP/1.1" 401 -
  "GET /api/inventario/terrenos/7c8b8b2a-fa34-4b4c-beb8-cb378cdc2040/vista-publica HTTP/1.1" 401 -
  "GET /api/inventario/terrenos/048219bf-0326-451a-9159-f166e23364af/vista-publica HTTP/1.1" 401 -
  "GET /api/inventario/terrenos/0ace42b2-942e-4197-b996-59f2cad64bc9/vista-publica HTTP/1.1" 401 -
  "GET /api/inventario/terrenos/0bda326d-2a22-41cc-8b54-c7fc051bf07f/vista-publica HTTP/1.1" 401 -
  "GET /api/inventario/terrenos/0c0e0458-e8bc-40a8-ae3c-7f2fca05ebcf/vista-publica HTTP/1.1" 401 -
  "GET /api/inventario/terrenos/0cb51474-529b-461a-a6b3-f1b67c88fdfd/vista-publica HTTP/1.1" 401 -
  "GET /api/inventario/terrenos/0dfbf0af-6d26-484b-9481-6b0abf46eeb6/vista-publica HTTP/1.1" 401 -
  "GET /api/inventario/terrenos/0e1ac348-a6cd-4f08-875d-43e474aa8ca2/vista-publica HTTP/1.1" 401 -
  "GET /api/inventario/terrenos/0e9c3950-8c9e-42f8-9044-e942d5f9d673/vista-publica HTTP/1.1" 401 -
  "GET /api/inventario/terrenos/0f49686b-6707-41a3-9350-cc0d52a66b3d/vista-publica HTTP/1.1" 401 -
  "GET /api/inventario/terrenos/10f4ea23-95a9-4a3a-a997-3c3386956a9e/vista-publica HTTP/1.1" 401 -
  "GET /api/inventario/terrenos/11c2c6b1-c544-409b-a8ed-d5218ff57806/vista-publica HTTP/1.1" 401 -
  "GET /api/inventario/terrenos/123bdf6b-c3f7-4731-8b33-804e35cb102e/vista-publica HTTP/1.1" 401 -
  "GET /api/inventario/terrenos/12443577-3bb8-440c-826e-95040842caee/vista-publica HTTP/1.1" 401 -
  "GET /api/inventario/terrenos/12b53f50-9fcd-47f8-ac76-3eed1a83b0c1/vista-publica HTTP/1.1" 401 -
  "GET /api/inventario/terrenos/156f0f25-8bd9-4677-b9d1-25a8f441817a/vista-publica HTTP/1.1" 401 -
  "GET /api/inventario/terrenos/17b7fcc3-3b85-4781-b7b1-5f7bad7f0163/vista-publica HTTP/1.1" 401 -
  "GET /api/inventario/terrenos/1b4c7f60-ff08-466c-90b1-4ed960221043/vista-publica HTTP/1.1" 401 -
  "GET /api/inventario/terrenos/1edbaff1-38a5-4b28-9b20-3ba64228f8fa/vista-publica HTTP/1.1" 401 -
  "GET /api/inventario/terrenos/2110e487-88ee-4103-8fbc-3279b3582c85/vista-publica HTTP/1.1" 401 -
  "GET /api/inventario/terrenos/252ac35d-0eb5-4e0d-a61b-7aea374a2e4e/vista-publica HTTP/1.1" 401 -
  "GET /api/inventario/terrenos/2661bac4-142d-425a-a5c6-c62b4dc697d1/vista-publica HTTP/1.1" 401 -
  "GET /api/inventario/terrenos/27c81928-c262-44fd-a90f-782356d7a126/vista-publica HTTP/1.1" 401 -
  "GET /api/inventario/terrenos/2980bdc5-76e0-4ee5-a185-136137e34f9b/vista-publica HTTP/1.1" 401 -
  "GET /api/inventario/terrenos/2aab7f64-1bc6-4a08-9517-1d724a0adcbf/vista-publica HTTP/1.1" 401 -
  "GET /api/inventario/terrenos/2b384ddd-7997-4936-ab12-da6b06fd68c1/vista-publica HTTP/1.1" 401 -
  "GET /api/mapas HTTP/1.1" 401 -
  "GET /api/mapas/1 HTTP/1.1" 401 -
  "GET /api/mapas/2 HTTP/1.1" 401 -
  "GET /api/mapas/3 HTTP/1.1" 401 -
  "GET /api/mapas/4 HTTP/1.1" 401 -
  "GET /api/mapas/999999 HTTP/1.1" 401 -
  "GET /api/mapas/1/terrenos HTTP/1.1" 401 -
  "GET /api/mapas/2/terrenos HTTP/1.1" 401 -
  "GET /api/mapas/3/terrenos HTTP/1.1" 401 -
  "GET /api/mapas/4/terrenos HTTP/1.1" 401 -
  "GET /api/mapas/999999/terrenos HTTP/1.1" 401 -
  "GET /api/carpetas?tipo=bases HTTP/1.1" 401 -
  "GET /api/carpetas?tipo=mapas HTTP/1.1" 401 -
  "GET /api/bases/1/terrenos?ids=1 HTTP/1.1" 401 -
  "GET /api/mapas/2/terrenos?capa=1 HTTP/1.1" 401 -
  "GET /api/inventario/terrenos?limit=250&include_archived=true HTTP/1.1" 401 -
  "GET /api/exportar HTTP/1.1" 401 -
  "GET /api/nope HTTP/1.1" 401 -
  "GET /api/bases/1/secreto HTTP/1.1" 401 -
  "GET /api/inventario HTTP/1.1" 401 -
  "GET /api/inventario/terrenos/x/y/z HTTP/1.1" 401 -
  "GET /api/BASES HTTP/1.1" 401 -
  "GET /api//bases HTTP/1.1" 401 -
  "GET /api/bases/ HTTP/1.1" 401 -
  "GET /api/./bases HTTP/1.1" 401 -
  "GET /api/bases%2F1 HTTP/1.1" 401 -
  "GET /api/publico/terrenos/../../bases HTTP/1.1" 401 -
  "GET /api/publico/terrenos/..%2f..%2fbases HTTP/1.1" 404 -
  "GET /api/publico/../bases HTTP/1.1" 401 -
  "GET /api/config/../bases HTTP/1.1" 401 -
  "GET /api/session/../mapas/1/terrenos HTTP/1.1" 401 -
  "GET /api/bases?x=/api/config HTTP/1.1" 401 -
  "GET /api/publico/terrenosX HTTP/1.1" 401 -
  "GET /api/publico HTTP/1.1" 401 -
  "GET /api/exportar/ HTTP/1.1" 401 -
  "GET /api/inventario/terrenos/ HTTP/1.1" 401 -
  "GET /api/INVENTARIO/terrenos HTTP/1.1" 401 -
  "GET /api/inventario/terrenos;x=1 HTTP/1.1" 401 -
  "GET /api/inventario//terrenos HTTP/1.1" 401 -
  "GET /api/inventario/terrenos%2f HTTP/1.1" 401 -
  "GET /api/inventario/terrenos?cursor=../.. HTTP/1.1" 401 -
  "GET /api/inventario/terrenos/%2e%2e/%2e%2e/bases HTTP/1.1" 401 -
  "GET /api/inventario/terrenos?limit=250&campos=contacto HTTP/1.1" 401 -
  "GET //api/inventario/terrenos HTTP/1.1" 401 -
  "GET //api/bases/1/terrenos HTTP/1.1" 401 -
  code 501, message Unsupported method ('HEAD')
  "HEAD /api/bases HTTP/1.1" 501 -
  code 501, message Unsupported method ('OPTIONS')
  "OPTIONS /api/bases HTTP/1.1" 501 -
  "POST /api/bases HTTP/1.1" 401 -
  "POST /api/bases/1 HTTP/1.1" 401 -
  "POST /api/bases/2 HTTP/1.1" 401 -
  "POST /api/bases/3 HTTP/1.1" 401 -
  "POST /api/bases/4 HTTP/1.1" 401 -
  "POST /api/bases/999999 HTTP/1.1" 401 -
  "POST /api/bases/1/terrenos HTTP/1.1" 401 -
  "POST /api/bases/2/terrenos HTTP/1.1" 401 -
  "POST /api/bases/3/terrenos HTTP/1.1" 401 -
  "POST /api/bases/4/terrenos HTTP/1.1" 401 -
  "POST /api/bases/999999/terrenos HTTP/1.1" 401 -
  "POST /api/carpetas HTTP/1.1" 401 -
  "POST /api/formatos HTTP/1.1" 401 -
  "POST /api/inventario/terrenos HTTP/1.1" 401 -
  "POST /api/inventario/terrenos/7c8b8b2a-fa34-4b4c-beb8-cb378cdc2040 HTTP/1.1" 401 -
  "POST /api/inventario/terrenos/048219bf-0326-451a-9159-f166e23364af HTTP/1.1" 401 -
  "POST /api/inventario/terrenos/0ace42b2-942e-4197-b996-59f2cad64bc9 HTTP/1.1" 401 -
  "POST /api/inventario/terrenos/0bda326d-2a22-41cc-8b54-c7fc051bf07f HTTP/1.1" 401 -
  "POST /api/inventario/terrenos/0c0e0458-e8bc-40a8-ae3c-7f2fca05ebcf HTTP/1.1" 401 -
  "POST /api/inventario/terrenos/0cb51474-529b-461a-a6b3-f1b67c88fdfd HTTP/1.1" 401 -
  "POST /api/inventario/terrenos/0dfbf0af-6d26-484b-9481-6b0abf46eeb6 HTTP/1.1" 401 -
  "POST /api/inventario/terrenos/0e1ac348-a6cd-4f08-875d-43e474aa8ca2 HTTP/1.1" 401 -
  "POST /api/inventario/terrenos/0e9c3950-8c9e-42f8-9044-e942d5f9d673 HTTP/1.1" 401 -
  "POST /api/inventario/terrenos/0f49686b-6707-41a3-9350-cc0d52a66b3d HTTP/1.1" 401 -
  "POST /api/inventario/terrenos/10f4ea23-95a9-4a3a-a997-3c3386956a9e HTTP/1.1" 401 -
  "POST /api/inventario/terrenos/11c2c6b1-c544-409b-a8ed-d5218ff57806 HTTP/1.1" 401 -
  "POST /api/inventario/terrenos/123bdf6b-c3f7-4731-8b33-804e35cb102e HTTP/1.1" 401 -
  "POST /api/inventario/terrenos/12443577-3bb8-440c-826e-95040842caee HTTP/1.1" 401 -
  "POST /api/inventario/terrenos/12b53f50-9fcd-47f8-ac76-3eed1a83b0c1 HTTP/1.1" 401 -
  "POST /api/inventario/terrenos/156f0f25-8bd9-4677-b9d1-25a8f441817a HTTP/1.1" 401 -
  "POST /api/inventario/terrenos/17b7fcc3-3b85-4781-b7b1-5f7bad7f0163 HTTP/1.1" 401 -
  "POST /api/inventario/terrenos/1b4c7f60-ff08-466c-90b1-4ed960221043 HTTP/1.1" 401 -
  "POST /api/inventario/terrenos/1edbaff1-38a5-4b28-9b20-3ba64228f8fa HTTP/1.1" 401 -
  "POST /api/inventario/terrenos/2110e487-88ee-4103-8fbc-3279b3582c85 HTTP/1.1" 401 -
  "POST /api/inventario/terrenos/252ac35d-0eb5-4e0d-a61b-7aea374a2e4e HTTP/1.1" 401 -
  "POST /api/inventario/terrenos/2661bac4-142d-425a-a5c6-c62b4dc697d1 HTTP/1.1" 401 -
  "POST /api/inventario/terrenos/27c81928-c262-44fd-a90f-782356d7a126 HTTP/1.1" 401 -
  "POST /api/inventario/terrenos/2980bdc5-76e0-4ee5-a185-136137e34f9b HTTP/1.1" 401 -
  "POST /api/inventario/terrenos/2aab7f64-1bc6-4a08-9517-1d724a0adcbf HTTP/1.1" 401 -
  "POST /api/inventario/terrenos/2b384ddd-7997-4936-ab12-da6b06fd68c1 HTTP/1.1" 401 -
  "POST /api/inventario/terrenos/7c8b8b2a-fa34-4b4c-beb8-cb378cdc2040/historial HTTP/1.1" 401 -
  "POST /api/inventario/terrenos/048219bf-0326-451a-9159-f166e23364af/historial HTTP/1.1" 401 -
  "POST /api/inventario/terrenos/0ace42b2-942e-4197-b996-59f2cad64bc9/historial HTTP/1.1" 401 -
  "POST /api/inventario/terrenos/0bda326d-2a22-41cc-8b54-c7fc051bf07f/historial HTTP/1.1" 401 -
  "POST /api/inventario/terrenos/0c0e0458-e8bc-40a8-ae3c-7f2fca05ebcf/historial HTTP/1.1" 401 -
  "POST /api/inventario/terrenos/0cb51474-529b-461a-a6b3-f1b67c88fdfd/historial HTTP/1.1" 401 -
  "POST /api/inventario/terrenos/0dfbf0af-6d26-484b-9481-6b0abf46eeb6/historial HTTP/1.1" 401 -
  "POST /api/inventario/terrenos/0e1ac348-a6cd-4f08-875d-43e474aa8ca2/historial HTTP/1.1" 401 -
  "POST /api/inventario/terrenos/0e9c3950-8c9e-42f8-9044-e942d5f9d673/historial HTTP/1.1" 401 -
  "POST /api/inventario/terrenos/0f49686b-6707-41a3-9350-cc0d52a66b3d/historial HTTP/1.1" 401 -
  "POST /api/inventario/terrenos/10f4ea23-95a9-4a3a-a997-3c3386956a9e/historial HTTP/1.1" 401 -
  "POST /api/inventario/terrenos/11c2c6b1-c544-409b-a8ed-d5218ff57806/historial HTTP/1.1" 401 -
  "POST /api/inventario/terrenos/123bdf6b-c3f7-4731-8b33-804e35cb102e/historial HTTP/1.1" 401 -
  "POST /api/inventario/terrenos/12443577-3bb8-440c-826e-95040842caee/historial HTTP/1.1" 401 -
  "POST /api/inventario/terrenos/12b53f50-9fcd-47f8-ac76-3eed1a83b0c1/historial HTTP/1.1" 401 -
  "POST /api/inventario/terrenos/156f0f25-8bd9-4677-b9d1-25a8f441817a/historial HTTP/1.1" 401 -
  "POST /api/inventario/terrenos/17b7fcc3-3b85-4781-b7b1-5f7bad7f0163/historial HTTP/1.1" 401 -
  "POST /api/inventario/terrenos/1b4c7f60-ff08-466c-90b1-4ed960221043/historial HTTP/1.1" 401 -
  "POST /api/inventario/terrenos/1edbaff1-38a5-4b28-9b20-3ba64228f8fa/historial HTTP/1.1" 401 -
  "POST /api/inventario/terrenos/2110e487-88ee-4103-8fbc-3279b3582c85/historial HTTP/1.1" 401 -
  "POST /api/inventario/terrenos/252ac35d-0eb5-4e0d-a61b-7aea374a2e4e/historial HTTP/1.1" 401 -
  "POST /api/inventario/terrenos/2661bac4-142d-425a-a5c6-c62b4dc697d1/historial HTTP/1.1" 401 -
  "POST /api/inventario/terrenos/27c81928-c262-44fd-a90f-782356d7a126/historial HTTP/1.1" 401 -
  "POST /api/inventario/terrenos/2980bdc5-76e0-4ee5-a185-136137e34f9b/historial HTTP/1.1" 401 -
  "POST /api/inventario/terrenos/2aab7f64-1bc6-4a08-9517-1d724a0adcbf/historial HTTP/1.1" 401 -
  "POST /api/inventario/terrenos/2b384ddd-7997-4936-ab12-da6b06fd68c1/historial HTTP/1.1" 401 -
  "POST /api/inventario/terrenos/7c8b8b2a-fa34-4b4c-beb8-cb378cdc2040/vista-publica HTTP/1.1" 401 -
  "POST /api/inventario/terrenos/048219bf-0326-451a-9159-f166e23364af/vista-publica HTTP/1.1" 401 -
  "POST /api/inventario/terrenos/0ace42b2-942e-4197-b996-59f2cad64bc9/vista-publica HTTP/1.1" 401 -
  "POST /api/inventario/terrenos/0bda326d-2a22-41cc-8b54-c7fc051bf07f/vista-publica HTTP/1.1" 401 -
  "POST /api/inventario/terrenos/0c0e0458-e8bc-40a8-ae3c-7f2fca05ebcf/vista-publica HTTP/1.1" 401 -
  "POST /api/inventario/terrenos/0cb51474-529b-461a-a6b3-f1b67c88fdfd/vista-publica HTTP/1.1" 401 -
  "POST /api/inventario/terrenos/0dfbf0af-6d26-484b-9481-6b0abf46eeb6/vista-publica HTTP/1.1" 401 -
  "POST /api/inventario/terrenos/0e1ac348-a6cd-4f08-875d-43e474aa8ca2/vista-publica HTTP/1.1" 401 -
  "POST /api/inventario/terrenos/0e9c3950-8c9e-42f8-9044-e942d5f9d673/vista-publica HTTP/1.1" 401 -
  "POST /api/inventario/terrenos/0f49686b-6707-41a3-9350-cc0d52a66b3d/vista-publica HTTP/1.1" 401 -
  "POST /api/inventario/terrenos/10f4ea23-95a9-4a3a-a997-3c3386956a9e/vista-publica HTTP/1.1" 401 -
  "POST /api/inventario/terrenos/11c2c6b1-c544-409b-a8ed-d5218ff57806/vista-publica HTTP/1.1" 401 -
  "POST /api/inventario/terrenos/123bdf6b-c3f7-4731-8b33-804e35cb102e/vista-publica HTTP/1.1" 401 -
  "POST /api/inventario/terrenos/12443577-3bb8-440c-826e-95040842caee/vista-publica HTTP/1.1" 401 -
  "POST /api/inventario/terrenos/12b53f50-9fcd-47f8-ac76-3eed1a83b0c1/vista-publica HTTP/1.1" 401 -
  "POST /api/inventario/terrenos/156f0f25-8bd9-4677-b9d1-25a8f441817a/vista-publica HTTP/1.1" 401 -
  "POST /api/inventario/terrenos/17b7fcc3-3b85-4781-b7b1-5f7bad7f0163/vista-publica HTTP/1.1" 401 -
  "POST /api/inventario/terrenos/1b4c7f60-ff08-466c-90b1-4ed960221043/vista-publica HTTP/1.1" 401 -
  "POST /api/inventario/terrenos/1edbaff1-38a5-4b28-9b20-3ba64228f8fa/vista-publica HTTP/1.1" 401 -
  "POST /api/inventario/terrenos/2110e487-88ee-4103-8fbc-3279b3582c85/vista-publica HTTP/1.1" 401 -
  "POST /api/inventario/terrenos/252ac35d-0eb5-4e0d-a61b-7aea374a2e4e/vista-publica HTTP/1.1" 401 -
  "POST /api/inventario/terrenos/2661bac4-142d-425a-a5c6-c62b4dc697d1/vista-publica HTTP/1.1" 401 -
  "POST /api/inventario/terrenos/27c81928-c262-44fd-a90f-782356d7a126/vista-publica HTTP/1.1" 401 -
  "POST /api/inventario/terrenos/2980bdc5-76e0-4ee5-a185-136137e34f9b/vista-publica HTTP/1.1" 401 -
  "POST /api/inventario/terrenos/2aab7f64-1bc6-4a08-9517-1d724a0adcbf/vista-publica HTTP/1.1" 401 -
  "POST /api/inventario/terrenos/2b384ddd-7997-4936-ab12-da6b06fd68c1/vista-publica HTTP/1.1" 401 -
  "POST /api/mapas HTTP/1.1" 401 -
  "POST /api/mapas/1 HTTP/1.1" 401 -
  "POST /api/mapas/2 HTTP/1.1" 401 -
  "POST /api/mapas/3 HTTP/1.1" 401 -
  "POST /api/mapas/4 HTTP/1.1" 401 -
  "POST /api/mapas/999999 HTTP/1.1" 401 -
  "POST /api/mapas/1/terrenos HTTP/1.1" 401 -
  "POST /api/mapas/2/terrenos HTTP/1.1" 401 -
  "POST /api/mapas/3/terrenos HTTP/1.1" 401 -
  "POST /api/mapas/4/terrenos HTTP/1.1" 401 -
  "POST /api/mapas/999999/terrenos HTTP/1.1" 401 -
  "POST /api/bases/1/adjuntar HTTP/1.1" 401 -
  "POST /api/bases/2/adjuntar HTTP/1.1" 401 -
  "POST /api/bases/3/adjuntar HTTP/1.1" 401 -
  "POST /api/bases/4/adjuntar HTTP/1.1" 401 -
  "POST /api/bases/999999/adjuntar HTTP/1.1" 401 -
  "POST /api/bases/1/terrenos HTTP/1.1" 401 -
  "POST /api/bases/2/terrenos HTTP/1.1" 401 -
  "POST /api/bases/3/terrenos HTTP/1.1" 401 -
  "POST /api/bases/4/terrenos HTTP/1.1" 401 -
  "POST /api/bases/999999/terrenos HTTP/1.1" 401 -
  "POST /api/carpetas HTTP/1.1" 401 -
  "POST /api/exportar HTTP/1.1" 401 -
  "POST /api/importar/analizar HTTP/1.1" 401 -
  "POST /api/importar/confirmar HTTP/1.1" 401 -
  "POST /api/importar/preparar HTTP/1.1" 401 -
  "POST /api/importar/vista-previa HTTP/1.1" 401 -
  "POST /api/inventario/terrenos HTTP/1.1" 401 -
  "POST /api/mapas HTTP/1.1" 401 -
  "POST /api/mapas/1/actualizar HTTP/1.1" 401 -
  "POST /api/mapas/2/actualizar HTTP/1.1" 401 -
  "POST /api/mapas/3/actualizar HTTP/1.1" 401 -
  "POST /api/mapas/4/actualizar HTTP/1.1" 401 -
  "POST /api/mapas/999999/actualizar HTTP/1.1" 401 -
  "POST /api/mapas/combinar HTTP/1.1" 401 -
  "POST /api/mapas/combinar/vista-previa HTTP/1.1" 401 -
  "POST /api/exportar HTTP/1.1" 401 -
  "POST /api/exportar HTTP/1.1" 401 -
  "POST /api/exportar HTTP/1.1" 401 -
  "POST /api/exportar HTTP/1.1" 401 -
  "POST /api/exportar HTTP/1.1" 401 -
  "POST /api/exportar HTTP/1.1" 401 -
  "POST /api/exportar HTTP/1.1" 401 -
  "POST /api/exportar HTTP/1.1" 401 -
  "POST /api/exportar HTTP/1.1" 401 -
  "PATCH /api/bases HTTP/1.1" 401 -
  "PATCH /api/bases/1 HTTP/1.1" 401 -
  "PATCH /api/bases/2 HTTP/1.1" 401 -
  "PATCH /api/bases/3 HTTP/1.1" 401 -
  "PATCH /api/bases/4 HTTP/1.1" 401 -
  "PATCH /api/bases/999999 HTTP/1.1" 401 -
  "PATCH /api/bases/1/terrenos HTTP/1.1" 401 -
  "PATCH /api/bases/2/terrenos HTTP/1.1" 401 -
  "PATCH /api/bases/3/terrenos HTTP/1.1" 401 -
  "PATCH /api/bases/4/terrenos HTTP/1.1" 401 -
  "PATCH /api/bases/999999/terrenos HTTP/1.1" 401 -
  "PATCH /api/carpetas HTTP/1.1" 401 -
  "PATCH /api/formatos HTTP/1.1" 401 -
  "PATCH /api/inventario/terrenos HTTP/1.1" 401 -
  "PATCH /api/inventario/terrenos/7c8b8b2a-fa34-4b4c-beb8-cb378cdc2040 HTTP/1.1" 401 -
  "PATCH /api/inventario/terrenos/048219bf-0326-451a-9159-f166e23364af HTTP/1.1" 401 -
  "PATCH /api/inventario/terrenos/0ace42b2-942e-4197-b996-59f2cad64bc9 HTTP/1.1" 401 -
  "PATCH /api/inventario/terrenos/0bda326d-2a22-41cc-8b54-c7fc051bf07f HTTP/1.1" 401 -
  "PATCH /api/inventario/terrenos/0c0e0458-e8bc-40a8-ae3c-7f2fca05ebcf HTTP/1.1" 401 -
  "PATCH /api/inventario/terrenos/0cb51474-529b-461a-a6b3-f1b67c88fdfd HTTP/1.1" 401 -
  "PATCH /api/inventario/terrenos/0dfbf0af-6d26-484b-9481-6b0abf46eeb6 HTTP/1.1" 401 -
  "PATCH /api/inventario/terrenos/0e1ac348-a6cd-4f08-875d-43e474aa8ca2 HTTP/1.1" 401 -
  "PATCH /api/inventario/terrenos/0e9c3950-8c9e-42f8-9044-e942d5f9d673 HTTP/1.1" 401 -
  "PATCH /api/inventario/terrenos/0f49686b-6707-41a3-9350-cc0d52a66b3d HTTP/1.1" 401 -
  "PATCH /api/inventario/terrenos/10f4ea23-95a9-4a3a-a997-3c3386956a9e HTTP/1.1" 401 -
  "PATCH /api/inventario/terrenos/11c2c6b1-c544-409b-a8ed-d5218ff57806 HTTP/1.1" 401 -
  "PATCH /api/inventario/terrenos/123bdf6b-c3f7-4731-8b33-804e35cb102e HTTP/1.1" 401 -
  "PATCH /api/inventario/terrenos/12443577-3bb8-440c-826e-95040842caee HTTP/1.1" 401 -
  "PATCH /api/inventario/terrenos/12b53f50-9fcd-47f8-ac76-3eed1a83b0c1 HTTP/1.1" 401 -
  "PATCH /api/inventario/terrenos/156f0f25-8bd9-4677-b9d1-25a8f441817a HTTP/1.1" 401 -
  "PATCH /api/inventario/terrenos/17b7fcc3-3b85-4781-b7b1-5f7bad7f0163 HTTP/1.1" 401 -
  "PATCH /api/inventario/terrenos/1b4c7f60-ff08-466c-90b1-4ed960221043 HTTP/1.1" 401 -
  "PATCH /api/inventario/terrenos/1edbaff1-38a5-4b28-9b20-3ba64228f8fa HTTP/1.1" 401 -
  "PATCH /api/inventario/terrenos/2110e487-88ee-4103-8fbc-3279b3582c85 HTTP/1.1" 401 -
  "PATCH /api/inventario/terrenos/252ac35d-0eb5-4e0d-a61b-7aea374a2e4e HTTP/1.1" 401 -
  "PATCH /api/inventario/terrenos/2661bac4-142d-425a-a5c6-c62b4dc697d1 HTTP/1.1" 401 -
  "PATCH /api/inventario/terrenos/27c81928-c262-44fd-a90f-782356d7a126 HTTP/1.1" 401 -
  "PATCH /api/inventario/terrenos/2980bdc5-76e0-4ee5-a185-136137e34f9b HTTP/1.1" 401 -
  "PATCH /api/inventario/terrenos/2aab7f64-1bc6-4a08-9517-1d724a0adcbf HTTP/1.1" 401 -
  "PATCH /api/inventario/terrenos/2b384ddd-7997-4936-ab12-da6b06fd68c1 HTTP/1.1" 401 -
  "PATCH /api/inventario/terrenos/7c8b8b2a-fa34-4b4c-beb8-cb378cdc2040/historial HTTP/1.1" 401 -
  "PATCH /api/inventario/terrenos/048219bf-0326-451a-9159-f166e23364af/historial HTTP/1.1" 401 -
  "PATCH /api/inventario/terrenos/0ace42b2-942e-4197-b996-59f2cad64bc9/historial HTTP/1.1" 401 -
  "PATCH /api/inventario/terrenos/0bda326d-2a22-41cc-8b54-c7fc051bf07f/historial HTTP/1.1" 401 -
  "PATCH /api/inventario/terrenos/0c0e0458-e8bc-40a8-ae3c-7f2fca05ebcf/historial HTTP/1.1" 401 -
  "PATCH /api/inventario/terrenos/0cb51474-529b-461a-a6b3-f1b67c88fdfd/historial HTTP/1.1" 401 -
  "PATCH /api/inventario/terrenos/0dfbf0af-6d26-484b-9481-6b0abf46eeb6/historial HTTP/1.1" 401 -
  "PATCH /api/inventario/terrenos/0e1ac348-a6cd-4f08-875d-43e474aa8ca2/historial HTTP/1.1" 401 -
  "PATCH /api/inventario/terrenos/0e9c3950-8c9e-42f8-9044-e942d5f9d673/historial HTTP/1.1" 401 -
  "PATCH /api/inventario/terrenos/0f49686b-6707-41a3-9350-cc0d52a66b3d/historial HTTP/1.1" 401 -
  "PATCH /api/inventario/terrenos/10f4ea23-95a9-4a3a-a997-3c3386956a9e/historial HTTP/1.1" 401 -
  "PATCH /api/inventario/terrenos/11c2c6b1-c544-409b-a8ed-d5218ff57806/historial HTTP/1.1" 401 -
  "PATCH /api/inventario/terrenos/123bdf6b-c3f7-4731-8b33-804e35cb102e/historial HTTP/1.1" 401 -
  "PATCH /api/inventario/terrenos/12443577-3bb8-440c-826e-95040842caee/historial HTTP/1.1" 401 -
  "PATCH /api/inventario/terrenos/12b53f50-9fcd-47f8-ac76-3eed1a83b0c1/historial HTTP/1.1" 401 -
  "PATCH /api/inventario/terrenos/156f0f25-8bd9-4677-b9d1-25a8f441817a/historial HTTP/1.1" 401 -
  "PATCH /api/inventario/terrenos/17b7fcc3-3b85-4781-b7b1-5f7bad7f0163/historial HTTP/1.1" 401 -
  "PATCH /api/inventario/terrenos/1b4c7f60-ff08-466c-90b1-4ed960221043/historial HTTP/1.1" 401 -
  "PATCH /api/inventario/terrenos/1edbaff1-38a5-4b28-9b20-3ba64228f8fa/historial HTTP/1.1" 401 -
  "PATCH /api/inventario/terrenos/2110e487-88ee-4103-8fbc-3279b3582c85/historial HTTP/1.1" 401 -
  "PATCH /api/inventario/terrenos/252ac35d-0eb5-4e0d-a61b-7aea374a2e4e/historial HTTP/1.1" 401 -
  "PATCH /api/inventario/terrenos/2661bac4-142d-425a-a5c6-c62b4dc697d1/historial HTTP/1.1" 401 -
  "PATCH /api/inventario/terrenos/27c81928-c262-44fd-a90f-782356d7a126/historial HTTP/1.1" 401 -
  "PATCH /api/inventario/terrenos/2980bdc5-76e0-4ee5-a185-136137e34f9b/historial HTTP/1.1" 401 -
  "PATCH /api/inventario/terrenos/2aab7f64-1bc6-4a08-9517-1d724a0adcbf/historial HTTP/1.1" 401 -
  "PATCH /api/inventario/terrenos/2b384ddd-7997-4936-ab12-da6b06fd68c1/historial HTTP/1.1" 401 -
  "PATCH /api/inventario/terrenos/7c8b8b2a-fa34-4b4c-beb8-cb378cdc2040/vista-publica HTTP/1.1" 401 -
  "PATCH /api/inventario/terrenos/048219bf-0326-451a-9159-f166e23364af/vista-publica HTTP/1.1" 401 -
  "PATCH /api/inventario/terrenos/0ace42b2-942e-4197-b996-59f2cad64bc9/vista-publica HTTP/1.1" 401 -
  "PATCH /api/inventario/terrenos/0bda326d-2a22-41cc-8b54-c7fc051bf07f/vista-publica HTTP/1.1" 401 -
  "PATCH /api/inventario/terrenos/0c0e0458-e8bc-40a8-ae3c-7f2fca05ebcf/vista-publica HTTP/1.1" 401 -
  "PATCH /api/inventario/terrenos/0cb51474-529b-461a-a6b3-f1b67c88fdfd/vista-publica HTTP/1.1" 401 -
  "PATCH /api/inventario/terrenos/0dfbf0af-6d26-484b-9481-6b0abf46eeb6/vista-publica HTTP/1.1" 401 -
  "PATCH /api/inventario/terrenos/0e1ac348-a6cd-4f08-875d-43e474aa8ca2/vista-publica HTTP/1.1" 401 -
  "PATCH /api/inventario/terrenos/0e9c3950-8c9e-42f8-9044-e942d5f9d673/vista-publica HTTP/1.1" 401 -
  "PATCH /api/inventario/terrenos/0f49686b-6707-41a3-9350-cc0d52a66b3d/vista-publica HTTP/1.1" 401 -
  "PATCH /api/inventario/terrenos/10f4ea23-95a9-4a3a-a997-3c3386956a9e/vista-publica HTTP/1.1" 401 -
  "PATCH /api/inventario/terrenos/11c2c6b1-c544-409b-a8ed-d5218ff57806/vista-publica HTTP/1.1" 401 -
  "PATCH /api/inventario/terrenos/123bdf6b-c3f7-4731-8b33-804e35cb102e/vista-publica HTTP/1.1" 401 -
  "PATCH /api/inventario/terrenos/12443577-3bb8-440c-826e-95040842caee/vista-publica HTTP/1.1" 401 -
  "PATCH /api/inventario/terrenos/12b53f50-9fcd-47f8-ac76-3eed1a83b0c1/vista-publica HTTP/1.1" 401 -
  "PATCH /api/inventario/terrenos/156f0f25-8bd9-4677-b9d1-25a8f441817a/vista-publica HTTP/1.1" 401 -
  "PATCH /api/inventario/terrenos/17b7fcc3-3b85-4781-b7b1-5f7bad7f0163/vista-publica HTTP/1.1" 401 -
  "PATCH /api/inventario/terrenos/1b4c7f60-ff08-466c-90b1-4ed960221043/vista-publica HTTP/1.1" 401 -
  "PATCH /api/inventario/terrenos/1edbaff1-38a5-4b28-9b20-3ba64228f8fa/vista-publica HTTP/1.1" 401 -
  "PATCH /api/inventario/terrenos/2110e487-88ee-4103-8fbc-3279b3582c85/vista-publica HTTP/1.1" 401 -
  "PATCH /api/inventario/terrenos/252ac35d-0eb5-4e0d-a61b-7aea374a2e4e/vista-publica HTTP/1.1" 401 -
  "PATCH /api/inventario/terrenos/2661bac4-142d-425a-a5c6-c62b4dc697d1/vista-publica HTTP/1.1" 401 -
  "PATCH /api/inventario/terrenos/27c81928-c262-44fd-a90f-782356d7a126/vista-publica HTTP/1.1" 401 -
  "PATCH /api/inventario/terrenos/2980bdc5-76e0-4ee5-a185-136137e34f9b/vista-publica HTTP/1.1" 401 -
  "PATCH /api/inventario/terrenos/2aab7f64-1bc6-4a08-9517-1d724a0adcbf/vista-publica HTTP/1.1" 401 -
  "PATCH /api/inventario/terrenos/2b384ddd-7997-4936-ab12-da6b06fd68c1/vista-publica HTTP/1.1" 401 -
  "PATCH /api/mapas HTTP/1.1" 401 -
  "PATCH /api/mapas/1 HTTP/1.1" 401 -
  "PATCH /api/mapas/2 HTTP/1.1" 401 -
  "PATCH /api/mapas/3 HTTP/1.1" 401 -
  "PATCH /api/mapas/4 HTTP/1.1" 401 -
  "PATCH /api/mapas/999999 HTTP/1.1" 401 -
  "PATCH /api/mapas/1/terrenos HTTP/1.1" 401 -
  "PATCH /api/mapas/2/terrenos HTTP/1.1" 401 -
  "PATCH /api/mapas/3/terrenos HTTP/1.1" 401 -
  "PATCH /api/mapas/4/terrenos HTTP/1.1" 401 -
  "PATCH /api/mapas/999999/terrenos HTTP/1.1" 401 -
  "PATCH /api/bases/1 HTTP/1.1" 401 -
  "PATCH /api/bases/2 HTTP/1.1" 401 -
  "PATCH /api/bases/3 HTTP/1.1" 401 -
  "PATCH /api/bases/4 HTTP/1.1" 401 -
  "PATCH /api/bases/999999 HTTP/1.1" 401 -
  "PATCH /api/bases/1/carpeta HTTP/1.1" 401 -
  "PATCH /api/bases/2/carpeta HTTP/1.1" 401 -
  "PATCH /api/bases/3/carpeta HTTP/1.1" 401 -
  "PATCH /api/bases/4/carpeta HTTP/1.1" 401 -
  "PATCH /api/bases/999999/carpeta HTTP/1.1" 401 -
  "PATCH /api/carpetas/1 HTTP/1.1" 401 -
  "PATCH /api/carpetas/2 HTTP/1.1" 401 -
  "PATCH /api/carpetas/3 HTTP/1.1" 401 -
  "PATCH /api/carpetas/4 HTTP/1.1" 401 -
  "PATCH /api/carpetas/999999 HTTP/1.1" 401 -
  "PATCH /api/formatos/1 HTTP/1.1" 401 -
  "PATCH /api/formatos/2 HTTP/1.1" 401 -
  "PATCH /api/formatos/3 HTTP/1.1" 401 -
  "PATCH /api/formatos/4 HTTP/1.1" 401 -
  "PATCH /api/formatos/999999 HTTP/1.1" 401 -
  "PATCH /api/inventario/terrenos/7c8b8b2a-fa34-4b4c-beb8-cb378cdc2040 HTTP/1.1" 401 -
  "PATCH /api/inventario/terrenos/048219bf-0326-451a-9159-f166e23364af HTTP/1.1" 401 -
  "PATCH /api/inventario/terrenos/0ace42b2-942e-4197-b996-59f2cad64bc9 HTTP/1.1" 401 -
  "PATCH /api/inventario/terrenos/0bda326d-2a22-41cc-8b54-c7fc051bf07f HTTP/1.1" 401 -
  "PATCH /api/inventario/terrenos/0c0e0458-e8bc-40a8-ae3c-7f2fca05ebcf HTTP/1.1" 401 -
  "PATCH /api/inventario/terrenos/0cb51474-529b-461a-a6b3-f1b67c88fdfd HTTP/1.1" 401 -
  "PATCH /api/inventario/terrenos/0dfbf0af-6d26-484b-9481-6b0abf46eeb6 HTTP/1.1" 401 -
  "PATCH /api/inventario/terrenos/0e1ac348-a6cd-4f08-875d-43e474aa8ca2 HTTP/1.1" 401 -
  "PATCH /api/inventario/terrenos/0e9c3950-8c9e-42f8-9044-e942d5f9d673 HTTP/1.1" 401 -
  "PATCH /api/inventario/terrenos/0f49686b-6707-41a3-9350-cc0d52a66b3d HTTP/1.1" 401 -
  "PATCH /api/inventario/terrenos/10f4ea23-95a9-4a3a-a997-3c3386956a9e HTTP/1.1" 401 -
  "PATCH /api/inventario/terrenos/11c2c6b1-c544-409b-a8ed-d5218ff57806 HTTP/1.1" 401 -
  "PATCH /api/inventario/terrenos/123bdf6b-c3f7-4731-8b33-804e35cb102e HTTP/1.1" 401 -
  "PATCH /api/inventario/terrenos/12443577-3bb8-440c-826e-95040842caee HTTP/1.1" 401 -
  "PATCH /api/inventario/terrenos/12b53f50-9fcd-47f8-ac76-3eed1a83b0c1 HTTP/1.1" 401 -
  "PATCH /api/inventario/terrenos/156f0f25-8bd9-4677-b9d1-25a8f441817a HTTP/1.1" 401 -
  "PATCH /api/inventario/terrenos/17b7fcc3-3b85-4781-b7b1-5f7bad7f0163 HTTP/1.1" 401 -
  "PATCH /api/inventario/terrenos/1b4c7f60-ff08-466c-90b1-4ed960221043 HTTP/1.1" 401 -
  "PATCH /api/inventario/terrenos/1edbaff1-38a5-4b28-9b20-3ba64228f8fa HTTP/1.1" 401 -
  "PATCH /api/inventario/terrenos/2110e487-88ee-4103-8fbc-3279b3582c85 HTTP/1.1" 401 -
  "PATCH /api/inventario/terrenos/252ac35d-0eb5-4e0d-a61b-7aea374a2e4e HTTP/1.1" 401 -
  "PATCH /api/inventario/terrenos/2661bac4-142d-425a-a5c6-c62b4dc697d1 HTTP/1.1" 401 -
  "PATCH /api/inventario/terrenos/27c81928-c262-44fd-a90f-782356d7a126 HTTP/1.1" 401 -
  "PATCH /api/inventario/terrenos/2980bdc5-76e0-4ee5-a185-136137e34f9b HTTP/1.1" 401 -
  "PATCH /api/inventario/terrenos/2aab7f64-1bc6-4a08-9517-1d724a0adcbf HTTP/1.1" 401 -
  "PATCH /api/inventario/terrenos/2b384ddd-7997-4936-ab12-da6b06fd68c1 HTTP/1.1" 401 -
  "PATCH /api/mapas/1 HTTP/1.1" 401 -
  "PATCH /api/mapas/2 HTTP/1.1" 401 -
  "PATCH /api/mapas/3 HTTP/1.1" 401 -
  "PATCH /api/mapas/4 HTTP/1.1" 401 -
  "PATCH /api/mapas/999999 HTTP/1.1" 401 -
  "PATCH /api/mapas/1/carpeta HTTP/1.1" 401 -
  "PATCH /api/mapas/2/carpeta HTTP/1.1" 401 -
  "PATCH /api/mapas/3/carpeta HTTP/1.1" 401 -
  "PATCH /api/mapas/4/carpeta HTTP/1.1" 401 -
  "PATCH /api/mapas/999999/carpeta HTTP/1.1" 401 -
  code 501, message Unsupported method ('PUT')
  "PUT /api/bases HTTP/1.1" 501 -
  "DELETE /api/bases/1 HTTP/1.1" 401 -
  "DELETE /api/bases/2 HTTP/1.1" 401 -
  "DELETE /api/bases/3 HTTP/1.1" 401 -
  "DELETE /api/bases/4 HTTP/1.1" 401 -
  "DELETE /api/bases/999999 HTTP/1.1" 401 -
  "DELETE /api/carpetas/1 HTTP/1.1" 401 -
  "DELETE /api/carpetas/2 HTTP/1.1" 401 -
  "DELETE /api/carpetas/3 HTTP/1.1" 401 -
  "DELETE /api/carpetas/4 HTTP/1.1" 401 -
  "DELETE /api/carpetas/999999 HTTP/1.1" 401 -
  "DELETE /api/formatos/1 HTTP/1.1" 401 -
  "DELETE /api/formatos/2 HTTP/1.1" 401 -
  "DELETE /api/formatos/3 HTTP/1.1" 401 -
  "DELETE /api/formatos/4 HTTP/1.1" 401 -
  "DELETE /api/formatos/999999 HTTP/1.1" 401 -
  "DELETE /api/mapas/1 HTTP/1.1" 401 -
  "DELETE /api/mapas/2 HTTP/1.1" 401 -
  "DELETE /api/mapas/3 HTTP/1.1" 401 -
  "DELETE /api/mapas/4 HTTP/1.1" 401 -
  "DELETE /api/mapas/999999 HTTP/1.1" 401 -
  "DELETE /api/bases HTTP/1.1" 401 -
  "DELETE /api/bases/1 HTTP/1.1" 401 -
  "DELETE /api/bases/2 HTTP/1.1" 401 -
  "DELETE /api/bases/3 HTTP/1.1" 401 -
  "DELETE /api/bases/4 HTTP/1.1" 401 -
  "DELETE /api/bases/999999 HTTP/1.1" 401 -
  "DELETE /api/bases/1/terrenos HTTP/1.1" 401 -
  "DELETE /api/bases/2/terrenos HTTP/1.1" 401 -
  "DELETE /api/bases/3/terrenos HTTP/1.1" 401 -
  "DELETE /api/bases/4/terrenos HTTP/1.1" 401 -
  "DELETE /api/bases/999999/terrenos HTTP/1.1" 401 -
  "DELETE /api/carpetas HTTP/1.1" 401 -
  "DELETE /api/formatos HTTP/1.1" 401 -
  "DELETE /api/inventario/terrenos HTTP/1.1" 401 -
  "DELETE /api/inventario/terrenos/7c8b8b2a-fa34-4b4c-beb8-cb378cdc2040 HTTP/1.1" 401 -
  "DELETE /api/inventario/terrenos/048219bf-0326-451a-9159-f166e23364af HTTP/1.1" 401 -
  "DELETE /api/inventario/terrenos/0ace42b2-942e-4197-b996-59f2cad64bc9 HTTP/1.1" 401 -
  "DELETE /api/inventario/terrenos/0bda326d-2a22-41cc-8b54-c7fc051bf07f HTTP/1.1" 401 -
  "DELETE /api/inventario/terrenos/0c0e0458-e8bc-40a8-ae3c-7f2fca05ebcf HTTP/1.1" 401 -
  "DELETE /api/inventario/terrenos/0cb51474-529b-461a-a6b3-f1b67c88fdfd HTTP/1.1" 401 -
  "DELETE /api/inventario/terrenos/0dfbf0af-6d26-484b-9481-6b0abf46eeb6 HTTP/1.1" 401 -
  "DELETE /api/inventario/terrenos/0e1ac348-a6cd-4f08-875d-43e474aa8ca2 HTTP/1.1" 401 -
  "DELETE /api/inventario/terrenos/0e9c3950-8c9e-42f8-9044-e942d5f9d673 HTTP/1.1" 401 -
  "DELETE /api/inventario/terrenos/0f49686b-6707-41a3-9350-cc0d52a66b3d HTTP/1.1" 401 -
  "DELETE /api/inventario/terrenos/10f4ea23-95a9-4a3a-a997-3c3386956a9e HTTP/1.1" 401 -
  "DELETE /api/inventario/terrenos/11c2c6b1-c544-409b-a8ed-d5218ff57806 HTTP/1.1" 401 -
  "DELETE /api/inventario/terrenos/123bdf6b-c3f7-4731-8b33-804e35cb102e HTTP/1.1" 401 -
  "DELETE /api/inventario/terrenos/12443577-3bb8-440c-826e-95040842caee HTTP/1.1" 401 -
  "DELETE /api/inventario/terrenos/12b53f50-9fcd-47f8-ac76-3eed1a83b0c1 HTTP/1.1" 401 -
  "DELETE /api/inventario/terrenos/156f0f25-8bd9-4677-b9d1-25a8f441817a HTTP/1.1" 401 -
  "DELETE /api/inventario/terrenos/17b7fcc3-3b85-4781-b7b1-5f7bad7f0163 HTTP/1.1" 401 -
  "DELETE /api/inventario/terrenos/1b4c7f60-ff08-466c-90b1-4ed960221043 HTTP/1.1" 401 -
  "DELETE /api/inventario/terrenos/1edbaff1-38a5-4b28-9b20-3ba64228f8fa HTTP/1.1" 401 -
  "DELETE /api/inventario/terrenos/2110e487-88ee-4103-8fbc-3279b3582c85 HTTP/1.1" 401 -
  "DELETE /api/inventario/terrenos/252ac35d-0eb5-4e0d-a61b-7aea374a2e4e HTTP/1.1" 401 -
  "DELETE /api/inventario/terrenos/2661bac4-142d-425a-a5c6-c62b4dc697d1 HTTP/1.1" 401 -
  "DELETE /api/inventario/terrenos/27c81928-c262-44fd-a90f-782356d7a126 HTTP/1.1" 401 -
  "DELETE /api/inventario/terrenos/2980bdc5-76e0-4ee5-a185-136137e34f9b HTTP/1.1" 401 -
  "DELETE /api/inventario/terrenos/2aab7f64-1bc6-4a08-9517-1d724a0adcbf HTTP/1.1" 401 -
  "DELETE /api/inventario/terrenos/2b384ddd-7997-4936-ab12-da6b06fd68c1 HTTP/1.1" 401 -
  "DELETE /api/inventario/terrenos/7c8b8b2a-fa34-4b4c-beb8-cb378cdc2040/historial HTTP/1.1" 401 -
  "DELETE /api/inventario/terrenos/048219bf-0326-451a-9159-f166e23364af/historial HTTP/1.1" 401 -
  "DELETE /api/inventario/terrenos/0ace42b2-942e-4197-b996-59f2cad64bc9/historial HTTP/1.1" 401 -
  "DELETE /api/inventario/terrenos/0bda326d-2a22-41cc-8b54-c7fc051bf07f/historial HTTP/1.1" 401 -
  "DELETE /api/inventario/terrenos/0c0e0458-e8bc-40a8-ae3c-7f2fca05ebcf/historial HTTP/1.1" 401 -
  "DELETE /api/inventario/terrenos/0cb51474-529b-461a-a6b3-f1b67c88fdfd/historial HTTP/1.1" 401 -
  "DELETE /api/inventario/terrenos/0dfbf0af-6d26-484b-9481-6b0abf46eeb6/historial HTTP/1.1" 401 -
  "DELETE /api/inventario/terrenos/0e1ac348-a6cd-4f08-875d-43e474aa8ca2/historial HTTP/1.1" 401 -
  "DELETE /api/inventario/terrenos/0e9c3950-8c9e-42f8-9044-e942d5f9d673/historial HTTP/1.1" 401 -
  "DELETE /api/inventario/terrenos/0f49686b-6707-41a3-9350-cc0d52a66b3d/historial HTTP/1.1" 401 -
  "DELETE /api/inventario/terrenos/10f4ea23-95a9-4a3a-a997-3c3386956a9e/historial HTTP/1.1" 401 -
  "DELETE /api/inventario/terrenos/11c2c6b1-c544-409b-a8ed-d5218ff57806/historial HTTP/1.1" 401 -
  "DELETE /api/inventario/terrenos/123bdf6b-c3f7-4731-8b33-804e35cb102e/historial HTTP/1.1" 401 -
  "DELETE /api/inventario/terrenos/12443577-3bb8-440c-826e-95040842caee/historial HTTP/1.1" 401 -
  "DELETE /api/inventario/terrenos/12b53f50-9fcd-47f8-ac76-3eed1a83b0c1/historial HTTP/1.1" 401 -
  "DELETE /api/inventario/terrenos/156f0f25-8bd9-4677-b9d1-25a8f441817a/historial HTTP/1.1" 401 -
  "DELETE /api/inventario/terrenos/17b7fcc3-3b85-4781-b7b1-5f7bad7f0163/historial HTTP/1.1" 401 -
  "DELETE /api/inventario/terrenos/1b4c7f60-ff08-466c-90b1-4ed960221043/historial HTTP/1.1" 401 -
  "DELETE /api/inventario/terrenos/1edbaff1-38a5-4b28-9b20-3ba64228f8fa/historial HTTP/1.1" 401 -
  "DELETE /api/inventario/terrenos/2110e487-88ee-4103-8fbc-3279b3582c85/historial HTTP/1.1" 401 -
  "DELETE /api/inventario/terrenos/252ac35d-0eb5-4e0d-a61b-7aea374a2e4e/historial HTTP/1.1" 401 -
  "DELETE /api/inventario/terrenos/2661bac4-142d-425a-a5c6-c62b4dc697d1/historial HTTP/1.1" 401 -
  "DELETE /api/inventario/terrenos/27c81928-c262-44fd-a90f-782356d7a126/historial HTTP/1.1" 401 -
  "DELETE /api/inventario/terrenos/2980bdc5-76e0-4ee5-a185-136137e34f9b/historial HTTP/1.1" 401 -
  "DELETE /api/inventario/terrenos/2aab7f64-1bc6-4a08-9517-1d724a0adcbf/historial HTTP/1.1" 401 -
  "DELETE /api/inventario/terrenos/2b384ddd-7997-4936-ab12-da6b06fd68c1/historial HTTP/1.1" 401 -
  "DELETE /api/inventario/terrenos/7c8b8b2a-fa34-4b4c-beb8-cb378cdc2040/vista-publica HTTP/1.1" 401 -
  "DELETE /api/inventario/terrenos/048219bf-0326-451a-9159-f166e23364af/vista-publica HTTP/1.1" 401 -
  "DELETE /api/inventario/terrenos/0ace42b2-942e-4197-b996-59f2cad64bc9/vista-publica HTTP/1.1" 401 -
  "DELETE /api/inventario/terrenos/0bda326d-2a22-41cc-8b54-c7fc051bf07f/vista-publica HTTP/1.1" 401 -
  "DELETE /api/inventario/terrenos/0c0e0458-e8bc-40a8-ae3c-7f2fca05ebcf/vista-publica HTTP/1.1" 401 -
  "DELETE /api/inventario/terrenos/0cb51474-529b-461a-a6b3-f1b67c88fdfd/vista-publica HTTP/1.1" 401 -
  "DELETE /api/inventario/terrenos/0dfbf0af-6d26-484b-9481-6b0abf46eeb6/vista-publica HTTP/1.1" 401 -
  "DELETE /api/inventario/terrenos/0e1ac348-a6cd-4f08-875d-43e474aa8ca2/vista-publica HTTP/1.1" 401 -
  "DELETE /api/inventario/terrenos/0e9c3950-8c9e-42f8-9044-e942d5f9d673/vista-publica HTTP/1.1" 401 -
  "DELETE /api/inventario/terrenos/0f49686b-6707-41a3-9350-cc0d52a66b3d/vista-publica HTTP/1.1" 401 -
  "DELETE /api/inventario/terrenos/10f4ea23-95a9-4a3a-a997-3c3386956a9e/vista-publica HTTP/1.1" 401 -
  "DELETE /api/inventario/terrenos/11c2c6b1-c544-409b-a8ed-d5218ff57806/vista-publica HTTP/1.1" 401 -
  "DELETE /api/inventario/terrenos/123bdf6b-c3f7-4731-8b33-804e35cb102e/vista-publica HTTP/1.1" 401 -
  "DELETE /api/inventario/terrenos/12443577-3bb8-440c-826e-95040842caee/vista-publica HTTP/1.1" 401 -
  "DELETE /api/inventario/terrenos/12b53f50-9fcd-47f8-ac76-3eed1a83b0c1/vista-publica HTTP/1.1" 401 -
  "DELETE /api/inventario/terrenos/156f0f25-8bd9-4677-b9d1-25a8f441817a/vista-publica HTTP/1.1" 401 -
  "DELETE /api/inventario/terrenos/17b7fcc3-3b85-4781-b7b1-5f7bad7f0163/vista-publica HTTP/1.1" 401 -
  "DELETE /api/inventario/terrenos/1b4c7f60-ff08-466c-90b1-4ed960221043/vista-publica HTTP/1.1" 401 -
  "DELETE /api/inventario/terrenos/1edbaff1-38a5-4b28-9b20-3ba64228f8fa/vista-publica HTTP/1.1" 401 -
  "DELETE /api/inventario/terrenos/2110e487-88ee-4103-8fbc-3279b3582c85/vista-publica HTTP/1.1" 401 -
  "DELETE /api/inventario/terrenos/252ac35d-0eb5-4e0d-a61b-7aea374a2e4e/vista-publica HTTP/1.1" 401 -
  "DELETE /api/inventario/terrenos/2661bac4-142d-425a-a5c6-c62b4dc697d1/vista-publica HTTP/1.1" 401 -
  "DELETE /api/inventario/terrenos/27c81928-c262-44fd-a90f-782356d7a126/vista-publica HTTP/1.1" 401 -
  "DELETE /api/inventario/terrenos/2980bdc5-76e0-4ee5-a185-136137e34f9b/vista-publica HTTP/1.1" 401 -
  "DELETE /api/inventario/terrenos/2aab7f64-1bc6-4a08-9517-1d724a0adcbf/vista-publica HTTP/1.1" 401 -
  "DELETE /api/inventario/terrenos/2b384ddd-7997-4936-ab12-da6b06fd68c1/vista-publica HTTP/1.1" 401 -
  "DELETE /api/mapas HTTP/1.1" 401 -
  "DELETE /api/mapas/1 HTTP/1.1" 401 -
  "DELETE /api/mapas/2 HTTP/1.1" 401 -
  "DELETE /api/mapas/3 HTTP/1.1" 401 -
  "DELETE /api/mapas/4 HTTP/1.1" 401 -
  "DELETE /api/mapas/999999 HTTP/1.1" 401 -
  "DELETE /api/mapas/1/terrenos HTTP/1.1" 401 -
  "DELETE /api/mapas/2/terrenos HTTP/1.1" 401 -
  "DELETE /api/mapas/3/terrenos HTTP/1.1" 401 -
  "DELETE /api/mapas/4/terrenos HTTP/1.1" 401 -
  "DELETE /api/mapas/999999/terrenos HTTP/1.1" 401 -
  "POST /api/login HTTP/1.1" 401 -
  "GET /api/publico/terrenos/7c8b8b2a-fa34-4b4c-beb8-cb378cdc2040 HTTP/1.1" 404 -
  "GET /api/publico/terrenos/048219bf-0326-451a-9159-f166e23364af HTTP/1.1" 404 -
  "GET /api/publico/terrenos/0ace42b2-942e-4197-b996-59f2cad64bc9 HTTP/1.1" 404 -
  "GET /api/publico/terrenos/0bda326d-2a22-41cc-8b54-c7fc051bf07f HTTP/1.1" 404 -
  "GET /api/publico/terrenos/0c0e0458-e8bc-40a8-ae3c-7f2fca05ebcf HTTP/1.1" 404 -
  "GET /api/publico/terrenos/0cb51474-529b-461a-a6b3-f1b67c88fdfd HTTP/1.1" 404 -
  "GET /api/publico/terrenos/0dfbf0af-6d26-484b-9481-6b0abf46eeb6 HTTP/1.1" 404 -
  "GET /api/publico/terrenos/0e1ac348-a6cd-4f08-875d-43e474aa8ca2 HTTP/1.1" 404 -
  "GET /api/publico/terrenos/0e9c3950-8c9e-42f8-9044-e942d5f9d673 HTTP/1.1" 404 -
  "GET /api/publico/terrenos/0f49686b-6707-41a3-9350-cc0d52a66b3d HTTP/1.1" 404 -
  "GET /api/publico/terrenos/10f4ea23-95a9-4a3a-a997-3c3386956a9e HTTP/1.1" 404 -
  "GET /api/publico/terrenos/11c2c6b1-c544-409b-a8ed-d5218ff57806 HTTP/1.1" 404 -
  "GET /api/publico/terrenos/123bdf6b-c3f7-4731-8b33-804e35cb102e HTTP/1.1" 404 -
  "GET /api/publico/terrenos/12443577-3bb8-440c-826e-95040842caee HTTP/1.1" 404 -
  "GET /api/publico/terrenos/12b53f50-9fcd-47f8-ac76-3eed1a83b0c1 HTTP/1.1" 404 -
  "GET /api/publico/terrenos/156f0f25-8bd9-4677-b9d1-25a8f441817a HTTP/1.1" 404 -
  "GET /api/publico/terrenos/17b7fcc3-3b85-4781-b7b1-5f7bad7f0163 HTTP/1.1" 404 -
  "GET /api/publico/terrenos/1b4c7f60-ff08-466c-90b1-4ed960221043 HTTP/1.1" 404 -
  "GET /api/publico/terrenos/1edbaff1-38a5-4b28-9b20-3ba64228f8fa HTTP/1.1" 404 -
  "GET /api/publico/terrenos/2110e487-88ee-4103-8fbc-3279b3582c85 HTTP/1.1" 404 -
  "GET /api/publico/terrenos/252ac35d-0eb5-4e0d-a61b-7aea374a2e4e HTTP/1.1" 404 -
  "GET /api/publico/terrenos/2661bac4-142d-425a-a5c6-c62b4dc697d1 HTTP/1.1" 404 -
  "GET /api/publico/terrenos/27c81928-c262-44fd-a90f-782356d7a126 HTTP/1.1" 404 -
  "GET /api/publico/terrenos/2980bdc5-76e0-4ee5-a185-136137e34f9b HTTP/1.1" 404 -
  "GET /api/publico/terrenos/2aab7f64-1bc6-4a08-9517-1d724a0adcbf HTTP/1.1" 404 -
  "GET /api/publico/terrenos/2b384ddd-7997-4936-ab12-da6b06fd68c1 HTTP/1.1" 404 -
  "GET /api/bases/1 HTTP/1.1" 404 -
  "GET /api/bases/2 HTTP/1.1" 404 -
  "GET /api/bases/3 HTTP/1.1" 404 -
  "GET /api/bases/4 HTTP/1.1" 404 -
  "GET /api/bases/999999 HTTP/1.1" 404 -
  "GET /api/bases/1/terrenos HTTP/1.1" 404 -
  "GET /api/bases/2/terrenos HTTP/1.1" 404 -
  "GET /api/bases/3/terrenos HTTP/1.1" 404 -
  "GET /api/bases/4/terrenos HTTP/1.1" 404 -
  "GET /api/bases/999999/terrenos HTTP/1.1" 404 -
  "GET /api/carpetas HTTP/1.1" 400 -
  "GET /api/inventario/terrenos/7c8b8b2a-fa34-4b4c-beb8-cb378cdc2040 HTTP/1.1" 404 -
  "GET /api/inventario/terrenos/7c8b8b2a-fa34-4b4c-beb8-cb378cdc2040/historial HTTP/1.1" 404 -
  "GET /api/inventario/terrenos/7c8b8b2a-fa34-4b4c-beb8-cb378cdc2040/vista-publica HTTP/1.1" 404 -
  "GET /api/inventario/terrenos/048219bf-0326-451a-9159-f166e23364af/vista-publica HTTP/1.1" 404 -
  "GET /api/inventario/terrenos/0ace42b2-942e-4197-b996-59f2cad64bc9/vista-publica HTTP/1.1" 404 -
  "GET /api/inventario/terrenos/0bda326d-2a22-41cc-8b54-c7fc051bf07f/vista-publica HTTP/1.1" 404 -
  "GET /api/inventario/terrenos/0c0e0458-e8bc-40a8-ae3c-7f2fca05ebcf/vista-publica HTTP/1.1" 404 -
  "GET /api/inventario/terrenos/0cb51474-529b-461a-a6b3-f1b67c88fdfd/vista-publica HTTP/1.1" 404 -
  "GET /api/inventario/terrenos/0dfbf0af-6d26-484b-9481-6b0abf46eeb6/vista-publica HTTP/1.1" 404 -
  "GET /api/inventario/terrenos/0e1ac348-a6cd-4f08-875d-43e474aa8ca2/vista-publica HTTP/1.1" 404 -
  "GET /api/inventario/terrenos/0e9c3950-8c9e-42f8-9044-e942d5f9d673/vista-publica HTTP/1.1" 404 -
  "GET /api/inventario/terrenos/0f49686b-6707-41a3-9350-cc0d52a66b3d/vista-publica HTTP/1.1" 404 -
  "GET /api/inventario/terrenos/10f4ea23-95a9-4a3a-a997-3c3386956a9e/vista-publica HTTP/1.1" 404 -
  "GET /api/inventario/terrenos/11c2c6b1-c544-409b-a8ed-d5218ff57806/vista-publica HTTP/1.1" 404 -
  "GET /api/inventario/terrenos/123bdf6b-c3f7-4731-8b33-804e35cb102e/vista-publica HTTP/1.1" 404 -
  "GET /api/inventario/terrenos/12443577-3bb8-440c-826e-95040842caee/vista-publica HTTP/1.1" 404 -
  "GET /api/inventario/terrenos/12b53f50-9fcd-47f8-ac76-3eed1a83b0c1/vista-publica HTTP/1.1" 404 -
  "GET /api/inventario/terrenos/156f0f25-8bd9-4677-b9d1-25a8f441817a/vista-publica HTTP/1.1" 404 -
  "GET /api/inventario/terrenos/17b7fcc3-3b85-4781-b7b1-5f7bad7f0163/vista-publica HTTP/1.1" 404 -
  "GET /api/inventario/terrenos/1b4c7f60-ff08-466c-90b1-4ed960221043/vista-publica HTTP/1.1" 404 -
  "GET /api/inventario/terrenos/1edbaff1-38a5-4b28-9b20-3ba64228f8fa/vista-publica HTTP/1.1" 404 -
  "GET /api/inventario/terrenos/2110e487-88ee-4103-8fbc-3279b3582c85/vista-publica HTTP/1.1" 404 -
  "GET /api/inventario/terrenos/252ac35d-0eb5-4e0d-a61b-7aea374a2e4e/vista-publica HTTP/1.1" 404 -
  "GET /api/inventario/terrenos/2661bac4-142d-425a-a5c6-c62b4dc697d1/vista-publica HTTP/1.1" 404 -
  "GET /api/inventario/terrenos/27c81928-c262-44fd-a90f-782356d7a126/vista-publica HTTP/1.1" 404 -
  "GET /api/inventario/terrenos/2980bdc5-76e0-4ee5-a185-136137e34f9b/vista-publica HTTP/1.1" 404 -
  "GET /api/inventario/terrenos/2aab7f64-1bc6-4a08-9517-1d724a0adcbf/vista-publica HTTP/1.1" 404 -
  "GET /api/inventario/terrenos/2b384ddd-7997-4936-ab12-da6b06fd68c1/vista-publica HTTP/1.1" 404 -
  "GET /api/mapas/1 HTTP/1.1" 404 -
  "GET /api/mapas/2 HTTP/1.1" 404 -
  "GET /api/mapas/3 HTTP/1.1" 404 -
  "GET /api/mapas/4 HTTP/1.1" 404 -
  "GET /api/mapas/999999 HTTP/1.1" 404 -
  "GET /api/mapas/1/terrenos HTTP/1.1" 404 -
  "GET /api/mapas/2/terrenos HTTP/1.1" 404 -
  "GET /api/mapas/3/terrenos HTTP/1.1" 404 -
  "GET /api/mapas/4/terrenos HTTP/1.1" 404 -
  "GET /api/mapas/999999/terrenos HTTP/1.1" 404 -
  "GET /api/bases/1/terrenos?ids=1 HTTP/1.1" 404 -
  "GET /api/mapas/2/terrenos?capa=1 HTTP/1.1" 404 -
  "GET /api/exportar HTTP/1.1" 405 -
  "GET /api/INVENTARIO/terrenos HTTP/1.1" 404 -
  "GET /api/inventario//terrenos HTTP/1.1" 404 -
  "GET /api/inventario/terrenos%2f HTTP/1.1" 404 -
  "GET /api/inventario/terrenos/%2e%2e/%2e%2e/bases HTTP/1.1" 404 -
  "GET /api/inventario/terrenos?limit=250&campos=contacto HTTP/1.1" 422 -
  "GET //api/bases/1/terrenos HTTP/1.1" 404 -
  "GET /api/publico/terrenos/7c8b8b2a-fa34-4b4c-beb8-cb378cdc2040 HTTP/1.1" 404 -
  "GET /api/publico/terrenos/048219bf-0326-451a-9159-f166e23364af HTTP/1.1" 404 -
  "GET /api/publico/terrenos/0ace42b2-942e-4197-b996-59f2cad64bc9 HTTP/1.1" 404 -
  "GET /api/publico/terrenos/0bda326d-2a22-41cc-8b54-c7fc051bf07f HTTP/1.1" 404 -
  "GET /api/publico/terrenos/0c0e0458-e8bc-40a8-ae3c-7f2fca05ebcf HTTP/1.1" 404 -
  "GET /api/publico/terrenos/0cb51474-529b-461a-a6b3-f1b67c88fdfd HTTP/1.1" 404 -
  "GET /api/publico/terrenos/0dfbf0af-6d26-484b-9481-6b0abf46eeb6 HTTP/1.1" 404 -
  "GET /api/publico/terrenos/0e1ac348-a6cd-4f08-875d-43e474aa8ca2 HTTP/1.1" 404 -
  "GET /api/publico/terrenos/0e9c3950-8c9e-42f8-9044-e942d5f9d673 HTTP/1.1" 404 -
  "GET /api/publico/terrenos/0f49686b-6707-41a3-9350-cc0d52a66b3d HTTP/1.1" 404 -
  "GET /api/publico/terrenos/10f4ea23-95a9-4a3a-a997-3c3386956a9e HTTP/1.1" 404 -
  "GET /api/publico/terrenos/11c2c6b1-c544-409b-a8ed-d5218ff57806 HTTP/1.1" 404 -
  "GET /api/publico/terrenos/123bdf6b-c3f7-4731-8b33-804e35cb102e HTTP/1.1" 404 -
  "GET /api/publico/terrenos/12443577-3bb8-440c-826e-95040842caee HTTP/1.1" 404 -
  "GET /api/publico/terrenos/12b53f50-9fcd-47f8-ac76-3eed1a83b0c1 HTTP/1.1" 404 -
  "GET /api/publico/terrenos/156f0f25-8bd9-4677-b9d1-25a8f441817a HTTP/1.1" 404 -
  "GET /api/publico/terrenos/17b7fcc3-3b85-4781-b7b1-5f7bad7f0163 HTTP/1.1" 404 -
  "GET /api/publico/terrenos/1b4c7f60-ff08-466c-90b1-4ed960221043 HTTP/1.1" 404 -
  "GET /api/publico/terrenos/1edbaff1-38a5-4b28-9b20-3ba64228f8fa HTTP/1.1" 404 -
  "GET /api/publico/terrenos/2110e487-88ee-4103-8fbc-3279b3582c85 HTTP/1.1" 404 -
  "GET /api/publico/terrenos/252ac35d-0eb5-4e0d-a61b-7aea374a2e4e HTTP/1.1" 404 -
  "GET /api/publico/terrenos/2661bac4-142d-425a-a5c6-c62b4dc697d1 HTTP/1.1" 404 -
  "GET /api/publico/terrenos/27c81928-c262-44fd-a90f-782356d7a126 HTTP/1.1" 404 -
  "GET /api/publico/terrenos/2980bdc5-76e0-4ee5-a185-136137e34f9b HTTP/1.1" 404 -
  "GET /api/publico/terrenos/2aab7f64-1bc6-4a08-9517-1d724a0adcbf HTTP/1.1" 404 -
  "GET /api/publico/terrenos/2b384ddd-7997-4936-ab12-da6b06fd68c1 HTTP/1.1" 404 -
  "GET /api/nope HTTP/1.1" 404 -
  "GET /api/bases HTTP/1.1" 401 -
  "GET /api/inventario/terrenos HTTP/1.1" 401 -
  "POST /api/login HTTP/1.1" 401 -
  "GET /api/inventario/terrenos HTTP/1.1" 401 -
  "POST /api/login HTTP/1.1" 401 -
  "POST /api/login HTTP/1.1" 401 -
  "POST /api/login HTTP/1.1" 401 -
  "POST /api/login HTTP/1.1" 401 -
  "POST /api/login HTTP/1.1" 429 -
  "POST /api/login HTTP/1.1" 429 -
  "POST /api/login HTTP/1.1" 429 -
  "POST /api/login HTTP/1.1" 429 -
  "POST /api/login HTTP/1.1" 429 -
  "POST /api/login HTTP/1.1" 429 -
  "POST /api/login HTTP/1.1" 429 -
  "POST /api/login HTTP/1.1" 429 -
  "POST /api/login HTTP/1.1" 429 -
  "POST /api/login HTTP/1.1" 429 -
  "POST /api/login HTTP/1.1" 429 -
  "POST /api/login HTTP/1.1" 429 -
  "POST /api/login HTTP/1.1" 429 -
  "POST /api/login HTTP/1.1" 429 -
  "POST /api/login HTTP/1.1" 429 -
  "POST /api/login HTTP/1.1" 429 -
  "POST /api/login HTTP/1.1" 429 -
  "POST /api/login HTTP/1.1" 429 -
  "POST /api/login HTTP/1.1" 429 -
  "POST /api/login HTTP/1.1" 429 -
  "POST /api/login HTTP/1.1" 429 -
  "POST /api/login HTTP/1.1" 429 -
