[serve_target] mode=local http://127.0.0.1:8433 root=/Users/andrejasso/Desktop/ARA Map
  "POST /api/inventario/terrenos HTTP/1.1" 422 -
  "POST /api/inventario/terrenos HTTP/1.1" 422 -
[serve_target] mode=local http://127.0.0.1:8433 root=/Users/andrejasso/Desktop/ARA Map
  "POST /api/inventario/terrenos HTTP/1.1" 422 -
  "POST /api/inventario/terrenos HTTP/1.1" 422 -
  "POST /api/inventario/terrenos HTTP/1.1" 422 -
  "PATCH /api/inventario/terrenos/40aec855-da97-408e-a467-4372e383e869 HTTP/1.1" 422 -
  "PATCH /api/inventario/terrenos/40aec855-da97-408e-a467-4372e383e869 HTTP/1.1" 422 -
  "PATCH /api/inventario/terrenos/40aec855-da97-408e-a467-4372e383e869 HTTP/1.1" 422 -
  "PATCH /api/inventario/terrenos/40aec855-da97-408e-a467-4372e383e869 HTTP/1.1" 422 -
  "PATCH /api/inventario/terrenos/40aec855-da97-408e-a467-4372e383e869 HTTP/1.1" 422 -
  "PATCH /api/inventario/terrenos/40aec855-da97-408e-a467-4372e383e869 HTTP/1.1" 422 -
  "PATCH /api/inventario/terrenos/40aec855-da97-408e-a467-4372e383e869 HTTP/1.1" 422 -
  "PATCH /api/inventario/terrenos/40aec855-da97-408e-a467-4372e383e869 HTTP/1.1" 422 -
  "PATCH /api/inventario/terrenos/40aec855-da97-408e-a467-4372e383e869 HTTP/1.1" 422 -
  "PATCH /api/inventario/terrenos/40aec855-da97-408e-a467-4372e383e869 HTTP/1.1" 422 -
  "PATCH /api/inventario/terrenos/cb66669a-acf2-492a-8de0-b14581b3b6fe HTTP/1.1" 422 -
  "PATCH /api/inventario/terrenos/cb66669a-acf2-492a-8de0-b14581b3b6fe HTTP/1.1" 422 -
  "PATCH /api/inventario/terrenos/cb66669a-acf2-492a-8de0-b14581b3b6fe HTTP/1.1" 422 -
  "PATCH /api/inventario/terrenos/cb66669a-acf2-492a-8de0-b14581b3b6fe HTTP/1.1" 422 -
  "PATCH /api/inventario/terrenos/cb66669a-acf2-492a-8de0-b14581b3b6fe HTTP/1.1" 422 -
  "PATCH /api/inventario/terrenos/cb66669a-acf2-492a-8de0-b14581b3b6fe HTTP/1.1" 422 -
  "PATCH /api/inventario/terrenos/cb66669a-acf2-492a-8de0-b14581b3b6fe HTTP/1.1" 422 -
  "PATCH /api/inventario/terrenos/cb66669a-acf2-492a-8de0-b14581b3b6fe HTTP/1.1" 422 -
  "PATCH /api/inventario/terrenos/cb66669a-acf2-492a-8de0-b14581b3b6fe HTTP/1.1" 422 -
  "PATCH /api/inventario/terrenos/cb66669a-acf2-492a-8de0-b14581b3b6fe HTTP/1.1" 422 -
  "PATCH /api/inventario/terrenos/d4b8ded9-def2-4da0-b182-803163193745 HTTP/1.1" 422 -
  "PATCH /api/inventario/terrenos/d4b8ded9-def2-4da0-b182-803163193745 HTTP/1.1" 422 -
  "PATCH /api/inventario/terrenos/d4b8ded9-def2-4da0-b182-803163193745 HTTP/1.1" 422 -
  "PATCH /api/inventario/terrenos/d4b8ded9-def2-4da0-b182-803163193745 HTTP/1.1" 422 -
  "PATCH /api/inventario/terrenos/d4b8ded9-def2-4da0-b182-803163193745 HTTP/1.1" 422 -
  "PATCH /api/inventario/terrenos/d4b8ded9-def2-4da0-b182-803163193745 HTTP/1.1" 422 -
  "PATCH /api/inventario/terrenos/d4b8ded9-def2-4da0-b182-803163193745 HTTP/1.1" 422 -
  "PATCH /api/inventario/terrenos/d4b8ded9-def2-4da0-b182-803163193745 HTTP/1.1" 422 -
  "PATCH /api/inventario/terrenos/d4b8ded9-def2-4da0-b182-803163193745 HTTP/1.1" 422 -
  "PATCH /api/inventario/terrenos/d4b8ded9-def2-4da0-b182-803163193745 HTTP/1.1" 422 -
  "POST /api/inventario/terrenos/40aec855-da97-408e-a467-4372e383e869/archivar HTTP/1.1" 404 -
  "POST /api/inventario/terrenos/40aec855-da97-408e-a467-4372e383e869/restaurar HTTP/1.1" 404 -
  "POST /api/inventario/terrenos/40aec855-da97-408e-a467-4372e383e869/publicar HTTP/1.1" 404 -
  "POST /api/inventario/terrenos/40aec855-da97-408e-a467-4372e383e869/despublicar HTTP/1.1" 404 -
  "PATCH /api/inventario/terrenos/de1897b7-bc9c-4927-be51-bffe5eaaa35e HTTP/1.1" 422 -
  "PATCH /api/inventario/terrenos/de1897b7-bc9c-4927-be51-bffe5eaaa35e HTTP/1.1" 422 -
  "PATCH /api/inventario/terrenos/de1897b7-bc9c-4927-be51-bffe5eaaa35e HTTP/1.1" 422 -
  "PATCH /api/inventario/terrenos/de1897b7-bc9c-4927-be51-bffe5eaaa35e HTTP/1.1" 422 -
  "PATCH /api/inventario/terrenos/de1897b7-bc9c-4927-be51-bffe5eaaa35e HTTP/1.1" 422 -
  "PATCH /api/inventario/terrenos/de1897b7-bc9c-4927-be51-bffe5eaaa35e HTTP/1.1" 422 -
  "PATCH /api/inventario/terrenos/de1897b7-bc9c-4927-be51-bffe5eaaa35e HTTP/1.1" 422 -
  "PATCH /api/inventario/terrenos/de1897b7-bc9c-4927-be51-bffe5eaaa35e HTTP/1.1" 422 -
  "PATCH /api/inventario/terrenos/de1897b7-bc9c-4927-be51-bffe5eaaa35e HTTP/1.1" 422 -
  "PATCH /api/inventario/terrenos/de1897b7-bc9c-4927-be51-bffe5eaaa35e HTTP/1.1" 422 -
  "PATCH /api/inventario/terrenos/de1897b7-bc9c-4927-be51-bffe5eaaa35e HTTP/1.1" 422 -
  "PATCH /api/inventario/terrenos/de1897b7-bc9c-4927-be51-bffe5eaaa35e HTTP/1.1" 422 -
  "PATCH /api/inventario/terrenos/de1897b7-bc9c-4927-be51-bffe5eaaa35e HTTP/1.1" 422 -
  "POST /api/inventario/terrenos HTTP/1.1" 422 -
  "POST /api/inventario/terrenos HTTP/1.1" 422 -
[serve_target] mode=local http://127.0.0.1:8433 root=/Users/andrejasso/Desktop/ARA Map
  "POST /api/inventario/terrenos HTTP/1.1" 409 -
[serve_target] FAULT INJECTION active: server.repo.inventario._event raises on 'FAULT-INJECT-46af64e1'
[serve_target] mode=local http://127.0.0.1:8433 root=/Users/andrejasso/Desktop/ARA Map
Traceback (most recent call last):
  File "/Users/andrejasso/Desktop/ARA Map/server/app.py", line 166, in _dispatch
    result = handler(request)
  File "/Users/andrejasso/Desktop/ARA Map/server/api/inventario.py", line 89, in create
    return repo.create(conn, fields, actor, key, request_hash)
           ~~~~~~~~~~~^^^^^^^^^^^^^^^^^^^^^^^^^^^^^^^^^^^^^^^^
  File "/Users/andrejasso/Desktop/ARA Map/server/repo/inventario.py", line 109, in create
    return _create(conn, fields, actor, key, request_hash)
  File "/Users/andrejasso/Desktop/ARA Map/server/repo/inventario.py", line 139, in _create
    _event(conn, inventory_id, 1, "create", actor, ahora, None, revision_id, {"changes": cambios})
    ~~~~~~^^^^^^^^^^^^^^^^^^^^^^^^^^^^^^^^^^^^^^^^^^^^^^^^^^^^^^^^^^^^^^^^^^^^^^^^^^^^^^^^^^^^^^^^
  File "/Users/andrejasso/Desktop/ARA Map/reports/inventory-developer-handoff-2026-10-05/verification/stage1/serve_target.py", line 41, in faulty
    raise RuntimeError("verifier fault injection before inventory_event insert")
RuntimeError: verifier fault injection before inventory_event insert
  "POST /api/inventario/terrenos HTTP/1.1" 500 -
Traceback (most recent call last):
  File "/Users/andrejasso/Desktop/ARA Map/server/app.py", line 166, in _dispatch
    result = handler(request)
  File "/Users/andrejasso/Desktop/ARA Map/server/api/inventario.py", line 124, in update
    return {"terreno": repo.update(conn, inventory_id, expected, fields,
                       ~~~~~~~~~~~^^^^^^^^^^^^^^^^^^^^^^^^^^^^^^^^^^^^^^
                                   tuple(dict.fromkeys(confirm)), actor)}
                                   ^^^^^^^^^^^^^^^^^^^^^^^^^^^^^^^^^^^^^
  File "/Users/andrejasso/Desktop/ARA Map/server/repo/inventario.py", line 185, in update
    _event(conn, inventory_id, expected_version + 1, "update", actor, ahora,
    ~~~~~~^^^^^^^^^^^^^^^^^^^^^^^^^^^^^^^^^^^^^^^^^^^^^^^^^^^^^^^^^^^^^^^^^^
           current["draft_revision_id"], revision_id, details)
           ^^^^^^^^^^^^^^^^^^^^^^^^^^^^^^^^^^^^^^^^^^^^^^^^^^^
  File "/Users/andrejasso/Desktop/ARA Map/reports/inventory-developer-handoff-2026-10-05/verification/stage1/serve_target.py", line 41, in faulty
    raise RuntimeError("verifier fault injection before inventory_event insert")
RuntimeError: verifier fault injection before inventory_event insert
  "PATCH /api/inventario/terrenos/90662496-5217-4d4d-8e82-8aa9f71a0c65 HTTP/1.1" 500 -
[serve_target] mode=local http://127.0.0.1:8433 root=/Users/andrejasso/Desktop/ARA Map
  "PATCH /api/inventario/terrenos/db01fd6f-8674-469d-b6eb-8aa520c1f18c HTTP/1.1" 409 -
  "PATCH /api/inventario/terrenos/db01fd6f-8674-469d-b6eb-8aa520c1f18c HTTP/1.1" 409 -
  "PATCH /api/inventario/terrenos/db01fd6f-8674-469d-b6eb-8aa520c1f18c HTTP/1.1" 409 -
  "PATCH /api/inventario/terrenos/db01fd6f-8674-469d-b6eb-8aa520c1f18c HTTP/1.1" 409 -
  "PATCH /api/inventario/terrenos/db01fd6f-8674-469d-b6eb-8aa520c1f18c HTTP/1.1" 422 -
  "PATCH /api/inventario/terrenos/db01fd6f-8674-469d-b6eb-8aa520c1f18c HTTP/1.1" 422 -
  "PATCH /api/inventario/terrenos/db01fd6f-8674-469d-b6eb-8aa520c1f18c HTTP/1.1" 409 -
  "PATCH /api/inventario/terrenos/db01fd6f-8674-469d-b6eb-8aa520c1f18c HTTP/1.1" 409 -
  "POST /api/login HTTP/1.1" 401 -
  "POST /api/login HTTP/1.1" 401 -
  "GET /api/inventario/terrenos HTTP/1.1" 401 -
  "GET /api/inventario/terrenos HTTP/1.1" 401 -
  "GET /api/inventario/terrenos HTTP/1.1" 401 -
  "GET /api/bases HTTP/1.1" 401 -
  "POST /api/carpetas HTTP/1.1" 401 -
  "POST /api/inventario/terrenos HTTP/1.1" 401 -
  "PATCH /api/inventario/terrenos/3b9b69f2-a2ec-4b43-9d1d-7c4dedfbe475 HTTP/1.1" 403 -
  "POST /api/inventario/terrenos HTTP/1.1" 403 -
  "PATCH /api/inventario/terrenos/3b9b69f2-a2ec-4b43-9d1d-7c4dedfbe475 HTTP/1.1" 403 -
  "POST /api/inventario/terrenos HTTP/1.1" 403 -
  "PATCH /api/inventario/terrenos/3b9b69f2-a2ec-4b43-9d1d-7c4dedfbe475 HTTP/1.1" 403 -
  "POST /api/inventario/terrenos HTTP/1.1" 403 -
  "POST /api/login HTTP/1.1" 403 -
  "POST /api/registro HTTP/1.1" 401 -
  "POST /api/registro HTTP/1.1" 404 -
  "POST /api/register HTTP/1.1" 401 -
  "POST /api/register HTTP/1.1" 404 -
  "POST /api/signup HTTP/1.1" 401 -
  "POST /api/signup HTTP/1.1" 404 -
  "POST /api/usuarios HTTP/1.1" 401 -
  "POST /api/usuarios HTTP/1.1" 404 -
  "POST /api/users HTTP/1.1" 401 -
  "POST /api/users HTTP/1.1" 404 -
  "POST /api/cuentas HTTP/1.1" 401 -
  "POST /api/cuentas HTTP/1.1" 404 -
  "POST /api/team HTTP/1.1" 401 -
  "POST /api/team HTTP/1.1" 404 -
  "POST /api/session HTTP/1.1" 401 -
  "POST /api/session HTTP/1.1" 405 -
  "POST /api/login HTTP/1.1" 401 -
  "GET /api/inventario/terrenos HTTP/1.1" 401 -
  "PATCH /api/inventario/terrenos/3b9b69f2-a2ec-4b43-9d1d-7c4dedfbe475 HTTP/1.1" 401 -
  "GET /api/inventario/terrenos HTTP/1.1" 401 -
  "GET /api/bases HTTP/1.1" 401 -
  "GET /api/bases/1 HTTP/1.1" 401 -
  "GET /api/bases/2 HTTP/1.1" 401 -
  "GET /api/bases/3 HTTP/1.1" 401 -
  "GET /api/bases/4 HTTP/1.1" 401 -
  "GET /api/bases/999999 HTTP/1.1" 401 -
  "GET /api/bases/1/terrenos HTTP/1.1" 401 -
  "GET /api/bases/2/terrenos HTTP/1.1" 401 -
  "GET /api/bases/3/terrenos HTTP/1.1" 401 -
  "GET /api/bases/4/terrenos HTTP/1.1" 401 -
  "GET /api/bases/999999/terrenos HTTP/1.1" 401 -
  "GET /api/carpetas HTTP/1.1" 401 -
  "GET /api/formatos HTTP/1.1" 401 -
  "GET /api/inventario/terrenos HTTP/1.1" 401 -
  "GET /api/inventario/terrenos/9eb7e5a5-df09-4a56-9470-ea005fae3266 HTTP/1.1" 401 -
  "GET /api/inventario/terrenos/04c79e05-0d50-441f-b91d-63b0ebe2e0ff HTTP/1.1" 401 -
  "GET /api/inventario/terrenos/060413ea-2570-4eec-a85c-643a700c29fb HTTP/1.1" 401 -
  "GET /api/inventario/terrenos/06897ca7-793b-4d77-b9af-1b1cf472de33 HTTP/1.1" 401 -
  "GET /api/inventario/terrenos/09d99dac-e212-4811-afc2-cacfc09f29b1 HTTP/1.1" 401 -
  "GET /api/inventario/terrenos/0a300d97-fc65-4520-80c9-e9c0ffaec458 HTTP/1.1" 401 -
  "GET /api/inventario/terrenos/0ec02c5c-ae34-428c-a450-38c1a27deac3 HTTP/1.1" 401 -
  "GET /api/inventario/terrenos/105d94a9-7ea2-4650-95f1-5b70ed8335c3 HTTP/1.1" 401 -
  "GET /api/inventario/terrenos/12bb3136-49c4-4405-8758-026ae0f55695 HTTP/1.1" 401 -
  "GET /api/inventario/terrenos/1a1fb570-bf16-4d9f-81ac-b921c378bb0c HTTP/1.1" 401 -
  "GET /api/inventario/terrenos/25af041c-c68b-4cf1-8d3f-28ae9623fbed HTTP/1.1" 401 -
  "GET /api/inventario/terrenos/26fd1d94-1e07-4a89-821c-7857217579b0 HTTP/1.1" 401 -
  "GET /api/inventario/terrenos/2bcd5cf3-beff-4b46-bd8a-cfe49b7dd8d8 HTTP/1.1" 401 -
  "GET /api/inventario/terrenos/2bd85ad8-2bc4-4e77-a01e-1bd0e2a36455 HTTP/1.1" 401 -
  "GET /api/inventario/terrenos/2be4cf3d-4347-4dd5-98e8-b2b0dfbfb88e HTTP/1.1" 401 -
  "GET /api/inventario/terrenos/2c1dcb8e-cac5-4a7d-a9d7-1781a2d7398e HTTP/1.1" 401 -
  "GET /api/inventario/terrenos/2e65c531-2eee-4e36-9b3c-cdc48363c87f HTTP/1.1" 401 -
  "GET /api/inventario/terrenos/2f8f6e07-3468-4f5e-a0c3-cdc6f1b86b8e HTTP/1.1" 401 -
  "GET /api/inventario/terrenos/2faeca26-ae99-42e4-8f46-7ad324fc55de HTTP/1.1" 401 -
  "GET /api/inventario/terrenos/32e74730-7c03-451c-b880-fd983ed21a27 HTTP/1.1" 401 -
  "GET /api/inventario/terrenos/33f74705-e7a0-4d5c-b5a9-2556e67a9352 HTTP/1.1" 401 -
  "GET /api/inventario/terrenos/36a164ea-d912-4b7a-bc03-b9e51c6aaf23 HTTP/1.1" 401 -
  "GET /api/inventario/terrenos/36ab5989-062f-444f-b6a4-d5f405095a70 HTTP/1.1" 401 -
  "GET /api/inventario/terrenos/3b9b69f2-a2ec-4b43-9d1d-7c4dedfbe475 HTTP/1.1" 401 -
  "GET /api/inventario/terrenos/3d964f01-4f51-42d6-b840-01244686b172 HTTP/1.1" 401 -
  "GET /api/inventario/terrenos/3db2ded7-348f-4b25-8fdc-0f70d33fb91d HTTP/1.1" 401 -
  "GET /api/inventario/terrenos/9eb7e5a5-df09-4a56-9470-ea005fae3266/historial HTTP/1.1" 401 -
  "GET /api/inventario/terrenos/04c79e05-0d50-441f-b91d-63b0ebe2e0ff/historial HTTP/1.1" 401 -
  "GET /api/inventario/terrenos/060413ea-2570-4eec-a85c-643a700c29fb/historial HTTP/1.1" 401 -
  "GET /api/inventario/terrenos/06897ca7-793b-4d77-b9af-1b1cf472de33/historial HTTP/1.1" 401 -
  "GET /api/inventario/terrenos/09d99dac-e212-4811-afc2-cacfc09f29b1/historial HTTP/1.1" 401 -
  "GET /api/inventario/terrenos/0a300d97-fc65-4520-80c9-e9c0ffaec458/historial HTTP/1.1" 401 -
  "GET /api/inventario/terrenos/0ec02c5c-ae34-428c-a450-38c1a27deac3/historial HTTP/1.1" 401 -
  "GET /api/inventario/terrenos/105d94a9-7ea2-4650-95f1-5b70ed8335c3/historial HTTP/1.1" 401 -
  "GET /api/inventario/terrenos/12bb3136-49c4-4405-8758-026ae0f55695/historial HTTP/1.1" 401 -
  "GET /api/inventario/terrenos/1a1fb570-bf16-4d9f-81ac-b921c378bb0c/historial HTTP/1.1" 401 -
  "GET /api/inventario/terrenos/25af041c-c68b-4cf1-8d3f-28ae9623fbed/historial HTTP/1.1" 401 -
  "GET /api/inventario/terrenos/26fd1d94-1e07-4a89-821c-7857217579b0/historial HTTP/1.1" 401 -
  "GET /api/inventario/terrenos/2bcd5cf3-beff-4b46-bd8a-cfe49b7dd8d8/historial HTTP/1.1" 401 -
  "GET /api/inventario/terrenos/2bd85ad8-2bc4-4e77-a01e-1bd0e2a36455/historial HTTP/1.1" 401 -
  "GET /api/inventario/terrenos/2be4cf3d-4347-4dd5-98e8-b2b0dfbfb88e/historial HTTP/1.1" 401 -
  "GET /api/inventario/terrenos/2c1dcb8e-cac5-4a7d-a9d7-1781a2d7398e/historial HTTP/1.1" 401 -
  "GET /api/inventario/terrenos/2e65c531-2eee-4e36-9b3c-cdc48363c87f/historial HTTP/1.1" 401 -
  "GET /api/inventario/terrenos/2f8f6e07-3468-4f5e-a0c3-cdc6f1b86b8e/historial HTTP/1.1" 401 -
  "GET /api/inventario/terrenos/2faeca26-ae99-42e4-8f46-7ad324fc55de/historial HTTP/1.1" 401 -
  "GET /api/inventario/terrenos/32e74730-7c03-451c-b880-fd983ed21a27/historial HTTP/1.1" 401 -
  "GET /api/inventario/terrenos/33f74705-e7a0-4d5c-b5a9-2556e67a9352/historial HTTP/1.1" 401 -
  "GET /api/inventario/terrenos/36a164ea-d912-4b7a-bc03-b9e51c6aaf23/historial HTTP/1.1" 401 -
  "GET /api/inventario/terrenos/36ab5989-062f-444f-b6a4-d5f405095a70/historial HTTP/1.1" 401 -
  "GET /api/inventario/terrenos/3b9b69f2-a2ec-4b43-9d1d-7c4dedfbe475/historial HTTP/1.1" 401 -
  "GET /api/inventario/terrenos/3d964f01-4f51-42d6-b840-01244686b172/historial HTTP/1.1" 401 -
  "GET /api/inventario/terrenos/3db2ded7-348f-4b25-8fdc-0f70d33fb91d/historial HTTP/1.1" 401 -
  "GET /api/inventario/terrenos/9eb7e5a5-df09-4a56-9470-ea005fae3266/vista-publica HTTP/1.1" 401 -
  "GET /api/inventario/terrenos/04c79e05-0d50-441f-b91d-63b0ebe2e0ff/vista-publica HTTP/1.1" 401 -
  "GET /api/inventario/terrenos/060413ea-2570-4eec-a85c-643a700c29fb/vista-publica HTTP/1.1" 401 -
  "GET /api/inventario/terrenos/06897ca7-793b-4d77-b9af-1b1cf472de33/vista-publica HTTP/1.1" 401 -
  "GET /api/inventario/terrenos/09d99dac-e212-4811-afc2-cacfc09f29b1/vista-publica HTTP/1.1" 401 -
  "GET /api/inventario/terrenos/0a300d97-fc65-4520-80c9-e9c0ffaec458/vista-publica HTTP/1.1" 401 -
  "GET /api/inventario/terrenos/0ec02c5c-ae34-428c-a450-38c1a27deac3/vista-publica HTTP/1.1" 401 -
  "GET /api/inventario/terrenos/105d94a9-7ea2-4650-95f1-5b70ed8335c3/vista-publica HTTP/1.1" 401 -
  "GET /api/inventario/terrenos/12bb3136-49c4-4405-8758-026ae0f55695/vista-publica HTTP/1.1" 401 -
  "GET /api/inventario/terrenos/1a1fb570-bf16-4d9f-81ac-b921c378bb0c/vista-publica HTTP/1.1" 401 -
  "GET /api/inventario/terrenos/25af041c-c68b-4cf1-8d3f-28ae9623fbed/vista-publica HTTP/1.1" 401 -
  "GET /api/inventario/terrenos/26fd1d94-1e07-4a89-821c-7857217579b0/vista-publica HTTP/1.1" 401 -
  "GET /api/inventario/terrenos/2bcd5cf3-beff-4b46-bd8a-cfe49b7dd8d8/vista-publica HTTP/1.1" 401 -
  "GET /api/inventario/terrenos/2bd85ad8-2bc4-4e77-a01e-1bd0e2a36455/vista-publica HTTP/1.1" 401 -
  "GET /api/inventario/terrenos/2be4cf3d-4347-4dd5-98e8-b2b0dfbfb88e/vista-publica HTTP/1.1" 401 -
  "GET /api/inventario/terrenos/2c1dcb8e-cac5-4a7d-a9d7-1781a2d7398e/vista-publica HTTP/1.1" 401 -
  "GET /api/inventario/terrenos/2e65c531-2eee-4e36-9b3c-cdc48363c87f/vista-publica HTTP/1.1" 401 -
  "GET /api/inventario/terrenos/2f8f6e07-3468-4f5e-a0c3-cdc6f1b86b8e/vista-publica HTTP/1.1" 401 -
  "GET /api/inventario/terrenos/2faeca26-ae99-42e4-8f46-7ad324fc55de/vista-publica HTTP/1.1" 401 -
  "GET /api/inventario/terrenos/32e74730-7c03-451c-b880-fd983ed21a27/vista-publica HTTP/1.1" 401 -
  "GET /api/inventario/terrenos/33f74705-e7a0-4d5c-b5a9-2556e67a9352/vista-publica HTTP/1.1" 401 -
  "GET /api/inventario/terrenos/36a164ea-d912-4b7a-bc03-b9e51c6aaf23/vista-publica HTTP/1.1" 401 -
  "GET /api/inventario/terrenos/36ab5989-062f-444f-b6a4-d5f405095a70/vista-publica HTTP/1.1" 401 -
  "GET /api/inventario/terrenos/3b9b69f2-a2ec-4b43-9d1d-7c4dedfbe475/vista-publica HTTP/1.1" 401 -
  "GET /api/inventario/terrenos/3d964f01-4f51-42d6-b840-01244686b172/vista-publica HTTP/1.1" 401 -
  "GET /api/inventario/terrenos/3db2ded7-348f-4b25-8fdc-0f70d33fb91d/vista-publica HTTP/1.1" 401 -
  "GET /api/mapas HTTP/1.1" 401 -
  "GET /api/mapas/1 HTTP/1.1" 401 -
  "GET /api/mapas/2 HTTP/1.1" 401 -
  "GET /api/mapas/3 HTTP/1.1" 401 -
  "GET /api/mapas/4 HTTP/1.1" 401 -
  "GET /api/mapas/999999 HTTP/1.1" 401 -
  "GET /api/mapas/1/terrenos HTTP/1.1" 401 -
  "GET /api/mapas/2/terrenos HTTP/1.1" 401 -
  "GET /api/mapas/3/terrenos HTTP/1.1" 401 -
  "GET /api/mapas/4/terrenos HTTP/1.1" 401 -
  "GET /api/mapas/999999/terrenos HTTP/1.1" 401 -
  "GET /api/carpetas?tipo=bases HTTP/1.1" 401 -
  "GET /api/carpetas?tipo=mapas HTTP/1.1" 401 -
  "GET /api/bases/1/terrenos?ids=1 HTTP/1.1" 401 -
  "GET /api/mapas/2/terrenos?capa=1 HTTP/1.1" 401 -
  "GET /api/inventario/terrenos?limit=250&include_archived=true HTTP/1.1" 401 -
  "GET /api/exportar HTTP/1.1" 401 -
  "GET /api/nope HTTP/1.1" 401 -
  "GET /api/bases/1/secreto HTTP/1.1" 401 -
  "GET /api/inventario HTTP/1.1" 401 -
  "GET /api/inventario/terrenos/x/y/z HTTP/1.1" 401 -
  "GET /api/BASES HTTP/1.1" 401 -
  "GET /api//bases HTTP/1.1" 401 -
  "GET /api/bases/ HTTP/1.1" 401 -
  "GET /api/./bases HTTP/1.1" 401 -
  "GET /api/bases%2F1 HTTP/1.1" 401 -
  "GET /api/publico/terrenos/../../bases HTTP/1.1" 401 -
  "GET /api/publico/terrenos/..%2f..%2fbases HTTP/1.1" 404 -
  "GET /api/publico/../bases HTTP/1.1" 401 -
  "GET /api/config/../bases HTTP/1.1" 401 -
  "GET /api/session/../mapas/1/terrenos HTTP/1.1" 401 -
  "GET /api/bases?x=/api/config HTTP/1.1" 401 -
  "GET /api/publico/terrenosX HTTP/1.1" 401 -
  "GET /api/publico HTTP/1.1" 401 -
  "GET /api/exportar/ HTTP/1.1" 401 -
  "GET /api/inventario/terrenos/ HTTP/1.1" 401 -
  "GET /api/INVENTARIO/terrenos HTTP/1.1" 401 -
  "GET /api/inventario/terrenos;x=1 HTTP/1.1" 401 -
  "GET /api/inventario//terrenos HTTP/1.1" 401 -
  "GET /api/inventario/terrenos%2f HTTP/1.1" 401 -
  "GET /api/inventario/terrenos?cursor=../.. HTTP/1.1" 401 -
  "GET /api/inventario/terrenos/%2e%2e/%2e%2e/bases HTTP/1.1" 401 -
  "GET /api/inventario/terrenos?limit=250&campos=contacto HTTP/1.1" 401 -
  "GET //api/inventario/terrenos HTTP/1.1" 401 -
  "GET //api/bases/1/terrenos HTTP/1.1" 401 -
  code 501, message Unsupported method ('HEAD')
  "HEAD /api/bases HTTP/1.1" 501 -
  code 501, message Unsupported method ('OPTIONS')
  "OPTIONS /api/bases HTTP/1.1" 501 -
  "POST /api/bases HTTP/1.1" 401 -
  "POST /api/bases/1 HTTP/1.1" 401 -
  "POST /api/bases/2 HTTP/1.1" 401 -
  "POST /api/bases/3 HTTP/1.1" 401 -
  "POST /api/bases/4 HTTP/1.1" 401 -
  "POST /api/bases/999999 HTTP/1.1" 401 -
  "POST /api/bases/1/terrenos HTTP/1.1" 401 -
  "POST /api/bases/2/terrenos HTTP/1.1" 401 -
  "POST /api/bases/3/terrenos HTTP/1.1" 401 -
  "POST /api/bases/4/terrenos HTTP/1.1" 401 -
  "POST /api/bases/999999/terrenos HTTP/1.1" 401 -
  "POST /api/carpetas HTTP/1.1" 401 -
  "POST /api/formatos HTTP/1.1" 401 -
  "POST /api/inventario/terrenos HTTP/1.1" 401 -
  "POST /api/inventario/terrenos/9eb7e5a5-df09-4a56-9470-ea005fae3266 HTTP/1.1" 401 -
  "POST /api/inventario/terrenos/04c79e05-0d50-441f-b91d-63b0ebe2e0ff HTTP/1.1" 401 -
  "POST /api/inventario/terrenos/060413ea-2570-4eec-a85c-643a700c29fb HTTP/1.1" 401 -
  "POST /api/inventario/terrenos/06897ca7-793b-4d77-b9af-1b1cf472de33 HTTP/1.1" 401 -
  "POST /api/inventario/terrenos/09d99dac-e212-4811-afc2-cacfc09f29b1 HTTP/1.1" 401 -
  "POST /api/inventario/terrenos/0a300d97-fc65-4520-80c9-e9c0ffaec458 HTTP/1.1" 401 -
  "POST /api/inventario/terrenos/0ec02c5c-ae34-428c-a450-38c1a27deac3 HTTP/1.1" 401 -
  "POST /api/inventario/terrenos/105d94a9-7ea2-4650-95f1-5b70ed8335c3 HTTP/1.1" 401 -
  "POST /api/inventario/terrenos/12bb3136-49c4-4405-8758-026ae0f55695 HTTP/1.1" 401 -
  "POST /api/inventario/terrenos/1a1fb570-bf16-4d9f-81ac-b921c378bb0c HTTP/1.1" 401 -
  "POST /api/inventario/terrenos/25af041c-c68b-4cf1-8d3f-28ae9623fbed HTTP/1.1" 401 -
  "POST /api/inventario/terrenos/26fd1d94-1e07-4a89-821c-7857217579b0 HTTP/1.1" 401 -
  "POST /api/inventario/terrenos/2bcd5cf3-beff-4b46-bd8a-cfe49b7dd8d8 HTTP/1.1" 401 -
  "POST /api/inventario/terrenos/2bd85ad8-2bc4-4e77-a01e-1bd0e2a36455 HTTP/1.1" 401 -
  "POST /api/inventario/terrenos/2be4cf3d-4347-4dd5-98e8-b2b0dfbfb88e HTTP/1.1" 401 -
  "POST /api/inventario/terrenos/2c1dcb8e-cac5-4a7d-a9d7-1781a2d7398e HTTP/1.1" 401 -
  "POST /api/inventario/terrenos/2e65c531-2eee-4e36-9b3c-cdc48363c87f HTTP/1.1" 401 -
  "POST /api/inventario/terrenos/2f8f6e07-3468-4f5e-a0c3-cdc6f1b86b8e HTTP/1.1" 401 -
  "POST /api/inventario/terrenos/2faeca26-ae99-42e4-8f46-7ad324fc55de HTTP/1.1" 401 -
  "POST /api/inventario/terrenos/32e74730-7c03-451c-b880-fd983ed21a27 HTTP/1.1" 401 -
  "POST /api/inventario/terrenos/33f74705-e7a0-4d5c-b5a9-2556e67a9352 HTTP/1.1" 401 -
  "POST /api/inventario/terrenos/36a164ea-d912-4b7a-bc03-b9e51c6aaf23 HTTP/1.1" 401 -
  "POST /api/inventario/terrenos/36ab5989-062f-444f-b6a4-d5f405095a70 HTTP/1.1" 401 -
  "POST /api/inventario/terrenos/3b9b69f2-a2ec-4b43-9d1d-7c4dedfbe475 HTTP/1.1" 401 -
  "POST /api/inventario/terrenos/3d964f01-4f51-42d6-b840-01244686b172 HTTP/1.1" 401 -
  "POST /api/inventario/terrenos/3db2ded7-348f-4b25-8fdc-0f70d33fb91d HTTP/1.1" 401 -
  "POST /api/inventario/terrenos/9eb7e5a5-df09-4a56-9470-ea005fae3266/historial HTTP/1.1" 401 -
  "POST /api/inventario/terrenos/04c79e05-0d50-441f-b91d-63b0ebe2e0ff/historial HTTP/1.1" 401 -
  "POST /api/inventario/terrenos/060413ea-2570-4eec-a85c-643a700c29fb/historial HTTP/1.1" 401 -
  "POST /api/inventario/terrenos/06897ca7-793b-4d77-b9af-1b1cf472de33/historial HTTP/1.1" 401 -
  "POST /api/inventario/terrenos/09d99dac-e212-4811-afc2-cacfc09f29b1/historial HTTP/1.1" 401 -
  "POST /api/inventario/terrenos/0a300d97-fc65-4520-80c9-e9c0ffaec458/historial HTTP/1.1" 401 -
  "POST /api/inventario/terrenos/0ec02c5c-ae34-428c-a450-38c1a27deac3/historial HTTP/1.1" 401 -
  "POST /api/inventario/terrenos/105d94a9-7ea2-4650-95f1-5b70ed8335c3/historial HTTP/1.1" 401 -
  "POST /api/inventario/terrenos/12bb3136-49c4-4405-8758-026ae0f55695/historial HTTP/1.1" 401 -
  "POST /api/inventario/terrenos/1a1fb570-bf16-4d9f-81ac-b921c378bb0c/historial HTTP/1.1" 401 -
  "POST /api/inventario/terrenos/25af041c-c68b-4cf1-8d3f-28ae9623fbed/historial HTTP/1.1" 401 -
  "POST /api/inventario/terrenos/26fd1d94-1e07-4a89-821c-7857217579b0/historial HTTP/1.1" 401 -
  "POST /api/inventario/terrenos/2bcd5cf3-beff-4b46-bd8a-cfe49b7dd8d8/historial HTTP/1.1" 401 -
  "POST /api/inventario/terrenos/2bd85ad8-2bc4-4e77-a01e-1bd0e2a36455/historial HTTP/1.1" 401 -
  "POST /api/inventario/terrenos/2be4cf3d-4347-4dd5-98e8-b2b0dfbfb88e/historial HTTP/1.1" 401 -
  "POST /api/inventario/terrenos/2c1dcb8e-cac5-4a7d-a9d7-1781a2d7398e/historial HTTP/1.1" 401 -
  "POST /api/inventario/terrenos/2e65c531-2eee-4e36-9b3c-cdc48363c87f/historial HTTP/1.1" 401 -
  "POST /api/inventario/terrenos/2f8f6e07-3468-4f5e-a0c3-cdc6f1b86b8e/historial HTTP/1.1" 401 -
  "POST /api/inventario/terrenos/2faeca26-ae99-42e4-8f46-7ad324fc55de/historial HTTP/1.1" 401 -
  "POST /api/inventario/terrenos/32e74730-7c03-451c-b880-fd983ed21a27/historial HTTP/1.1" 401 -
  "POST /api/inventario/terrenos/33f74705-e7a0-4d5c-b5a9-2556e67a9352/historial HTTP/1.1" 401 -
  "POST /api/inventario/terrenos/36a164ea-d912-4b7a-bc03-b9e51c6aaf23/historial HTTP/1.1" 401 -
  "POST /api/inventario/terrenos/36ab5989-062f-444f-b6a4-d5f405095a70/historial HTTP/1.1" 401 -
  "POST /api/inventario/terrenos/3b9b69f2-a2ec-4b43-9d1d-7c4dedfbe475/historial HTTP/1.1" 401 -
  "POST /api/inventario/terrenos/3d964f01-4f51-42d6-b840-01244686b172/historial HTTP/1.1" 401 -
  "POST /api/inventario/terrenos/3db2ded7-348f-4b25-8fdc-0f70d33fb91d/historial HTTP/1.1" 401 -
  "POST /api/inventario/terrenos/9eb7e5a5-df09-4a56-9470-ea005fae3266/vista-publica HTTP/1.1" 401 -
  "POST /api/inventario/terrenos/04c79e05-0d50-441f-b91d-63b0ebe2e0ff/vista-publica HTTP/1.1" 401 -
  "POST /api/inventario/terrenos/060413ea-2570-4eec-a85c-643a700c29fb/vista-publica HTTP/1.1" 401 -
  "POST /api/inventario/terrenos/06897ca7-793b-4d77-b9af-1b1cf472de33/vista-publica HTTP/1.1" 401 -
  "POST /api/inventario/terrenos/09d99dac-e212-4811-afc2-cacfc09f29b1/vista-publica HTTP/1.1" 401 -
  "POST /api/inventario/terrenos/0a300d97-fc65-4520-80c9-e9c0ffaec458/vista-publica HTTP/1.1" 401 -
  "POST /api/inventario/terrenos/0ec02c5c-ae34-428c-a450-38c1a27deac3/vista-publica HTTP/1.1" 401 -
  "POST /api/inventario/terrenos/105d94a9-7ea2-4650-95f1-5b70ed8335c3/vista-publica HTTP/1.1" 401 -
  "POST /api/inventario/terrenos/12bb3136-49c4-4405-8758-026ae0f55695/vista-publica HTTP/1.1" 401 -
  "POST /api/inventario/terrenos/1a1fb570-bf16-4d9f-81ac-b921c378bb0c/vista-publica HTTP/1.1" 401 -
  "POST /api/inventario/terrenos/25af041c-c68b-4cf1-8d3f-28ae9623fbed/vista-publica HTTP/1.1" 401 -
  "POST /api/inventario/terrenos/26fd1d94-1e07-4a89-821c-7857217579b0/vista-publica HTTP/1.1" 401 -
  "POST /api/inventario/terrenos/2bcd5cf3-beff-4b46-bd8a-cfe49b7dd8d8/vista-publica HTTP/1.1" 401 -
  "POST /api/inventario/terrenos/2bd85ad8-2bc4-4e77-a01e-1bd0e2a36455/vista-publica HTTP/1.1" 401 -
  "POST /api/inventario/terrenos/2be4cf3d-4347-4dd5-98e8-b2b0dfbfb88e/vista-publica HTTP/1.1" 401 -
  "POST /api/inventario/terrenos/2c1dcb8e-cac5-4a7d-a9d7-1781a2d7398e/vista-publica HTTP/1.1" 401 -
  "POST /api/inventario/terrenos/2e65c531-2eee-4e36-9b3c-cdc48363c87f/vista-publica HTTP/1.1" 401 -
  "POST /api/inventario/terrenos/2f8f6e07-3468-4f5e-a0c3-cdc6f1b86b8e/vista-publica HTTP/1.1" 401 -
  "POST /api/inventario/terrenos/2faeca26-ae99-42e4-8f46-7ad324fc55de/vista-publica HTTP/1.1" 401 -
  "POST /api/inventario/terrenos/32e74730-7c03-451c-b880-fd983ed21a27/vista-publica HTTP/1.1" 401 -
  "POST /api/inventario/terrenos/33f74705-e7a0-4d5c-b5a9-2556e67a9352/vista-publica HTTP/1.1" 401 -
  "POST /api/inventario/terrenos/36a164ea-d912-4b7a-bc03-b9e51c6aaf23/vista-publica HTTP/1.1" 401 -
  "POST /api/inventario/terrenos/36ab5989-062f-444f-b6a4-d5f405095a70/vista-publica HTTP/1.1" 401 -
  "POST /api/inventario/terrenos/3b9b69f2-a2ec-4b43-9d1d-7c4dedfbe475/vista-publica HTTP/1.1" 401 -
  "POST /api/inventario/terrenos/3d964f01-4f51-42d6-b840-01244686b172/vista-publica HTTP/1.1" 401 -
  "POST /api/inventario/terrenos/3db2ded7-348f-4b25-8fdc-0f70d33fb91d/vista-publica HTTP/1.1" 401 -
  "POST /api/mapas HTTP/1.1" 401 -
  "POST /api/mapas/1 HTTP/1.1" 401 -
  "POST /api/mapas/2 HTTP/1.1" 401 -
  "POST /api/mapas/3 HTTP/1.1" 401 -
  "POST /api/mapas/4 HTTP/1.1" 401 -
  "POST /api/mapas/999999 HTTP/1.1" 401 -
  "POST /api/mapas/1/terrenos HTTP/1.1" 401 -
  "POST /api/mapas/2/terrenos HTTP/1.1" 401 -
  "POST /api/mapas/3/terrenos HTTP/1.1" 401 -
  "POST /api/mapas/4/terrenos HTTP/1.1" 401 -
  "POST /api/mapas/999999/terrenos HTTP/1.1" 401 -
  "POST /api/bases/1/adjuntar HTTP/1.1" 401 -
  "POST /api/bases/2/adjuntar HTTP/1.1" 401 -
  "POST /api/bases/3/adjuntar HTTP/1.1" 401 -
  "POST /api/bases/4/adjuntar HTTP/1.1" 401 -
  "POST /api/bases/999999/adjuntar HTTP/1.1" 401 -
  "POST /api/bases/1/terrenos HTTP/1.1" 401 -
  "POST /api/bases/2/terrenos HTTP/1.1" 401 -
  "POST /api/bases/3/terrenos HTTP/1.1" 401 -
  "POST /api/bases/4/terrenos HTTP/1.1" 401 -
  "POST /api/bases/999999/terrenos HTTP/1.1" 401 -
  "POST /api/carpetas HTTP/1.1" 401 -
  "POST /api/exportar HTTP/1.1" 401 -
  "POST /api/importar/analizar HTTP/1.1" 401 -
  "POST /api/importar/confirmar HTTP/1.1" 401 -
  "POST /api/importar/preparar HTTP/1.1" 401 -
  "POST /api/importar/vista-previa HTTP/1.1" 401 -
  "POST /api/inventario/terrenos HTTP/1.1" 401 -
  "POST /api/mapas HTTP/1.1" 401 -
  "POST /api/mapas/1/actualizar HTTP/1.1" 401 -
  "POST /api/mapas/2/actualizar HTTP/1.1" 401 -
  "POST /api/mapas/3/actualizar HTTP/1.1" 401 -
  "POST /api/mapas/4/actualizar HTTP/1.1" 401 -
  "POST /api/mapas/999999/actualizar HTTP/1.1" 401 -
  "POST /api/mapas/combinar HTTP/1.1" 401 -
  "POST /api/mapas/combinar/vista-previa HTTP/1.1" 401 -
  "POST /api/exportar HTTP/1.1" 401 -
  "POST /api/exportar HTTP/1.1" 401 -
  "POST /api/exportar HTTP/1.1" 401 -
  "POST /api/exportar HTTP/1.1" 401 -
  "POST /api/exportar HTTP/1.1" 401 -
  "POST /api/exportar HTTP/1.1" 401 -
  "POST /api/exportar HTTP/1.1" 401 -
  "POST /api/exportar HTTP/1.1" 401 -
  "POST /api/exportar HTTP/1.1" 401 -
  "PATCH /api/bases HTTP/1.1" 401 -
  "PATCH /api/bases/1 HTTP/1.1" 401 -
  "PATCH /api/bases/2 HTTP/1.1" 401 -
  "PATCH /api/bases/3 HTTP/1.1" 401 -
  "PATCH /api/bases/4 HTTP/1.1" 401 -
  "PATCH /api/bases/999999 HTTP/1.1" 401 -
  "PATCH /api/bases/1/terrenos HTTP/1.1" 401 -
  "PATCH /api/bases/2/terrenos HTTP/1.1" 401 -
  "PATCH /api/bases/3/terrenos HTTP/1.1" 401 -
  "PATCH /api/bases/4/terrenos HTTP/1.1" 401 -
  "PATCH /api/bases/999999/terrenos HTTP/1.1" 401 -
  "PATCH /api/carpetas HTTP/1.1" 401 -
  "PATCH /api/formatos HTTP/1.1" 401 -
  "PATCH /api/inventario/terrenos HTTP/1.1" 401 -
  "PATCH /api/inventario/terrenos/9eb7e5a5-df09-4a56-9470-ea005fae3266 HTTP/1.1" 401 -
  "PATCH /api/inventario/terrenos/04c79e05-0d50-441f-b91d-63b0ebe2e0ff HTTP/1.1" 401 -
  "PATCH /api/inventario/terrenos/060413ea-2570-4eec-a85c-643a700c29fb HTTP/1.1" 401 -
  "PATCH /api/inventario/terrenos/06897ca7-793b-4d77-b9af-1b1cf472de33 HTTP/1.1" 401 -
  "PATCH /api/inventario/terrenos/09d99dac-e212-4811-afc2-cacfc09f29b1 HTTP/1.1" 401 -
  "PATCH /api/inventario/terrenos/0a300d97-fc65-4520-80c9-e9c0ffaec458 HTTP/1.1" 401 -
  "PATCH /api/inventario/terrenos/0ec02c5c-ae34-428c-a450-38c1a27deac3 HTTP/1.1" 401 -
  "PATCH /api/inventario/terrenos/105d94a9-7ea2-4650-95f1-5b70ed8335c3 HTTP/1.1" 401 -
  "PATCH /api/inventario/terrenos/12bb3136-49c4-4405-8758-026ae0f55695 HTTP/1.1" 401 -
  "PATCH /api/inventario/terrenos/1a1fb570-bf16-4d9f-81ac-b921c378bb0c HTTP/1.1" 401 -
  "PATCH /api/inventario/terrenos/25af041c-c68b-4cf1-8d3f-28ae9623fbed HTTP/1.1" 401 -
  "PATCH /api/inventario/terrenos/26fd1d94-1e07-4a89-821c-7857217579b0 HTTP/1.1" 401 -
  "PATCH /api/inventario/terrenos/2bcd5cf3-beff-4b46-bd8a-cfe49b7dd8d8 HTTP/1.1" 401 -
  "PATCH /api/inventario/terrenos/2bd85ad8-2bc4-4e77-a01e-1bd0e2a36455 HTTP/1.1" 401 -
  "PATCH /api/inventario/terrenos/2be4cf3d-4347-4dd5-98e8-b2b0dfbfb88e HTTP/1.1" 401 -
  "PATCH /api/inventario/terrenos/2c1dcb8e-cac5-4a7d-a9d7-1781a2d7398e HTTP/1.1" 401 -
  "PATCH /api/inventario/terrenos/2e65c531-2eee-4e36-9b3c-cdc48363c87f HTTP/1.1" 401 -
  "PATCH /api/inventario/terrenos/2f8f6e07-3468-4f5e-a0c3-cdc6f1b86b8e HTTP/1.1" 401 -
  "PATCH /api/inventario/terrenos/2faeca26-ae99-42e4-8f46-7ad324fc55de HTTP/1.1" 401 -
  "PATCH /api/inventario/terrenos/32e74730-7c03-451c-b880-fd983ed21a27 HTTP/1.1" 401 -
  "PATCH /api/inventario/terrenos/33f74705-e7a0-4d5c-b5a9-2556e67a9352 HTTP/1.1" 401 -
  "PATCH /api/inventario/terrenos/36a164ea-d912-4b7a-bc03-b9e51c6aaf23 HTTP/1.1" 401 -
  "PATCH /api/inventario/terrenos/36ab5989-062f-444f-b6a4-d5f405095a70 HTTP/1.1" 401 -
  "PATCH /api/inventario/terrenos/3b9b69f2-a2ec-4b43-9d1d-7c4dedfbe475 HTTP/1.1" 401 -
  "PATCH /api/inventario/terrenos/3d964f01-4f51-42d6-b840-01244686b172 HTTP/1.1" 401 -
  "PATCH /api/inventario/terrenos/3db2ded7-348f-4b25-8fdc-0f70d33fb91d HTTP/1.1" 401 -
  "PATCH /api/inventario/terrenos/9eb7e5a5-df09-4a56-9470-ea005fae3266/historial HTTP/1.1" 401 -
  "PATCH /api/inventario/terrenos/04c79e05-0d50-441f-b91d-63b0ebe2e0ff/historial HTTP/1.1" 401 -
  "PATCH /api/inventario/terrenos/060413ea-2570-4eec-a85c-643a700c29fb/historial HTTP/1.1" 401 -
  "PATCH /api/inventario/terrenos/06897ca7-793b-4d77-b9af-1b1cf472de33/historial HTTP/1.1" 401 -
  "PATCH /api/inventario/terrenos/09d99dac-e212-4811-afc2-cacfc09f29b1/historial HTTP/1.1" 401 -
  "PATCH /api/inventario/terrenos/0a300d97-fc65-4520-80c9-e9c0ffaec458/historial HTTP/1.1" 401 -
  "PATCH /api/inventario/terrenos/0ec02c5c-ae34-428c-a450-38c1a27deac3/historial HTTP/1.1" 401 -
  "PATCH /api/inventario/terrenos/105d94a9-7ea2-4650-95f1-5b70ed8335c3/historial HTTP/1.1" 401 -
  "PATCH /api/inventario/terrenos/12bb3136-49c4-4405-8758-026ae0f55695/historial HTTP/1.1" 401 -
  "PATCH /api/inventario/terrenos/1a1fb570-bf16-4d9f-81ac-b921c378bb0c/historial HTTP/1.1" 401 -
  "PATCH /api/inventario/terrenos/25af041c-c68b-4cf1-8d3f-28ae9623fbed/historial HTTP/1.1" 401 -
  "PATCH /api/inventario/terrenos/26fd1d94-1e07-4a89-821c-7857217579b0/historial HTTP/1.1" 401 -
  "PATCH /api/inventario/terrenos/2bcd5cf3-beff-4b46-bd8a-cfe49b7dd8d8/historial HTTP/1.1" 401 -
  "PATCH /api/inventario/terrenos/2bd85ad8-2bc4-4e77-a01e-1bd0e2a36455/historial HTTP/1.1" 401 -
  "PATCH /api/inventario/terrenos/2be4cf3d-4347-4dd5-98e8-b2b0dfbfb88e/historial HTTP/1.1" 401 -
  "PATCH /api/inventario/terrenos/2c1dcb8e-cac5-4a7d-a9d7-1781a2d7398e/historial HTTP/1.1" 401 -
  "PATCH /api/inventario/terrenos/2e65c531-2eee-4e36-9b3c-cdc48363c87f/historial HTTP/1.1" 401 -
  "PATCH /api/inventario/terrenos/2f8f6e07-3468-4f5e-a0c3-cdc6f1b86b8e/historial HTTP/1.1" 401 -
  "PATCH /api/inventario/terrenos/2faeca26-ae99-42e4-8f46-7ad324fc55de/historial HTTP/1.1" 401 -
  "PATCH /api/inventario/terrenos/32e74730-7c03-451c-b880-fd983ed21a27/historial HTTP/1.1" 401 -
  "PATCH /api/inventario/terrenos/33f74705-e7a0-4d5c-b5a9-2556e67a9352/historial HTTP/1.1" 401 -
  "PATCH /api/inventario/terrenos/36a164ea-d912-4b7a-bc03-b9e51c6aaf23/historial HTTP/1.1" 401 -
  "PATCH /api/inventario/terrenos/36ab5989-062f-444f-b6a4-d5f405095a70/historial HTTP/1.1" 401 -
  "PATCH /api/inventario/terrenos/3b9b69f2-a2ec-4b43-9d1d-7c4dedfbe475/historial HTTP/1.1" 401 -
  "PATCH /api/inventario/terrenos/3d964f01-4f51-42d6-b840-01244686b172/historial HTTP/1.1" 401 -
  "PATCH /api/inventario/terrenos/3db2ded7-348f-4b25-8fdc-0f70d33fb91d/historial HTTP/1.1" 401 -
  "PATCH /api/inventario/terrenos/9eb7e5a5-df09-4a56-9470-ea005fae3266/vista-publica HTTP/1.1" 401 -
  "PATCH /api/inventario/terrenos/04c79e05-0d50-441f-b91d-63b0ebe2e0ff/vista-publica HTTP/1.1" 401 -
  "PATCH /api/inventario/terrenos/060413ea-2570-4eec-a85c-643a700c29fb/vista-publica HTTP/1.1" 401 -
  "PATCH /api/inventario/terrenos/06897ca7-793b-4d77-b9af-1b1cf472de33/vista-publica HTTP/1.1" 401 -
  "PATCH /api/inventario/terrenos/09d99dac-e212-4811-afc2-cacfc09f29b1/vista-publica HTTP/1.1" 401 -
  "PATCH /api/inventario/terrenos/0a300d97-fc65-4520-80c9-e9c0ffaec458/vista-publica HTTP/1.1" 401 -
  "PATCH /api/inventario/terrenos/0ec02c5c-ae34-428c-a450-38c1a27deac3/vista-publica HTTP/1.1" 401 -
  "PATCH /api/inventario/terrenos/105d94a9-7ea2-4650-95f1-5b70ed8335c3/vista-publica HTTP/1.1" 401 -
  "PATCH /api/inventario/terrenos/12bb3136-49c4-4405-8758-026ae0f55695/vista-publica HTTP/1.1" 401 -
  "PATCH /api/inventario/terrenos/1a1fb570-bf16-4d9f-81ac-b921c378bb0c/vista-publica HTTP/1.1" 401 -
  "PATCH /api/inventario/terrenos/25af041c-c68b-4cf1-8d3f-28ae9623fbed/vista-publica HTTP/1.1" 401 -
  "PATCH /api/inventario/terrenos/26fd1d94-1e07-4a89-821c-7857217579b0/vista-publica HTTP/1.1" 401 -
  "PATCH /api/inventario/terrenos/2bcd5cf3-beff-4b46-bd8a-cfe49b7dd8d8/vista-publica HTTP/1.1" 401 -
  "PATCH /api/inventario/terrenos/2bd85ad8-2bc4-4e77-a01e-1bd0e2a36455/vista-publica HTTP/1.1" 401 -
  "PATCH /api/inventario/terrenos/2be4cf3d-4347-4dd5-98e8-b2b0dfbfb88e/vista-publica HTTP/1.1" 401 -
  "PATCH /api/inventario/terrenos/2c1dcb8e-cac5-4a7d-a9d7-1781a2d7398e/vista-publica HTTP/1.1" 401 -
  "PATCH /api/inventario/terrenos/2e65c531-2eee-4e36-9b3c-cdc48363c87f/vista-publica HTTP/1.1" 401 -
  "PATCH /api/inventario/terrenos/2f8f6e07-3468-4f5e-a0c3-cdc6f1b86b8e/vista-publica HTTP/1.1" 401 -
  "PATCH /api/inventario/terrenos/2faeca26-ae99-42e4-8f46-7ad324fc55de/vista-publica HTTP/1.1" 401 -
  "PATCH /api/inventario/terrenos/32e74730-7c03-451c-b880-fd983ed21a27/vista-publica HTTP/1.1" 401 -
  "PATCH /api/inventario/terrenos/33f74705-e7a0-4d5c-b5a9-2556e67a9352/vista-publica HTTP/1.1" 401 -
  "PATCH /api/inventario/terrenos/36a164ea-d912-4b7a-bc03-b9e51c6aaf23/vista-publica HTTP/1.1" 401 -
  "PATCH /api/inventario/terrenos/36ab5989-062f-444f-b6a4-d5f405095a70/vista-publica HTTP/1.1" 401 -
  "PATCH /api/inventario/terrenos/3b9b69f2-a2ec-4b43-9d1d-7c4dedfbe475/vista-publica HTTP/1.1" 401 -
  "PATCH /api/inventario/terrenos/3d964f01-4f51-42d6-b840-01244686b172/vista-publica HTTP/1.1" 401 -
  "PATCH /api/inventario/terrenos/3db2ded7-348f-4b25-8fdc-0f70d33fb91d/vista-publica HTTP/1.1" 401 -
  "PATCH /api/mapas HTTP/1.1" 401 -
  "PATCH /api/mapas/1 HTTP/1.1" 401 -
  "PATCH /api/mapas/2 HTTP/1.1" 401 -
  "PATCH /api/mapas/3 HTTP/1.1" 401 -
  "PATCH /api/mapas/4 HTTP/1.1" 401 -
  "PATCH /api/mapas/999999 HTTP/1.1" 401 -
  "PATCH /api/mapas/1/terrenos HTTP/1.1" 401 -
  "PATCH /api/mapas/2/terrenos HTTP/1.1" 401 -
  "PATCH /api/mapas/3/terrenos HTTP/1.1" 401 -
  "PATCH /api/mapas/4/terrenos HTTP/1.1" 401 -
  "PATCH /api/mapas/999999/terrenos HTTP/1.1" 401 -
  "PATCH /api/bases/1 HTTP/1.1" 401 -
  "PATCH /api/bases/2 HTTP/1.1" 401 -
  "PATCH /api/bases/3 HTTP/1.1" 401 -
  "PATCH /api/bases/4 HTTP/1.1" 401 -
  "PATCH /api/bases/999999 HTTP/1.1" 401 -
  "PATCH /api/bases/1/carpeta HTTP/1.1" 401 -
  "PATCH /api/bases/2/carpeta HTTP/1.1" 401 -
  "PATCH /api/bases/3/carpeta HTTP/1.1" 401 -
  "PATCH /api/bases/4/carpeta HTTP/1.1" 401 -
  "PATCH /api/bases/999999/carpeta HTTP/1.1" 401 -
  "PATCH /api/carpetas/1 HTTP/1.1" 401 -
  "PATCH /api/carpetas/2 HTTP/1.1" 401 -
  "PATCH /api/carpetas/3 HTTP/1.1" 401 -
  "PATCH /api/carpetas/4 HTTP/1.1" 401 -
  "PATCH /api/carpetas/999999 HTTP/1.1" 401 -
  "PATCH /api/formatos/1 HTTP/1.1" 401 -
  "PATCH /api/formatos/2 HTTP/1.1" 401 -
  "PATCH /api/formatos/3 HTTP/1.1" 401 -
  "PATCH /api/formatos/4 HTTP/1.1" 401 -
  "PATCH /api/formatos/999999 HTTP/1.1" 401 -
  "PATCH /api/inventario/terrenos/9eb7e5a5-df09-4a56-9470-ea005fae3266 HTTP/1.1" 401 -
  "PATCH /api/inventario/terrenos/04c79e05-0d50-441f-b91d-63b0ebe2e0ff HTTP/1.1" 401 -
  "PATCH /api/inventario/terrenos/060413ea-2570-4eec-a85c-643a700c29fb HTTP/1.1" 401 -
  "PATCH /api/inventario/terrenos/06897ca7-793b-4d77-b9af-1b1cf472de33 HTTP/1.1" 401 -
  "PATCH /api/inventario/terrenos/09d99dac-e212-4811-afc2-cacfc09f29b1 HTTP/1.1" 401 -
  "PATCH /api/inventario/terrenos/0a300d97-fc65-4520-80c9-e9c0ffaec458 HTTP/1.1" 401 -
  "PATCH /api/inventario/terrenos/0ec02c5c-ae34-428c-a450-38c1a27deac3 HTTP/1.1" 401 -
  "PATCH /api/inventario/terrenos/105d94a9-7ea2-4650-95f1-5b70ed8335c3 HTTP/1.1" 401 -
  "PATCH /api/inventario/terrenos/12bb3136-49c4-4405-8758-026ae0f55695 HTTP/1.1" 401 -
  "PATCH /api/inventario/terrenos/1a1fb570-bf16-4d9f-81ac-b921c378bb0c HTTP/1.1" 401 -
  "PATCH /api/inventario/terrenos/25af041c-c68b-4cf1-8d3f-28ae9623fbed HTTP/1.1" 401 -
  "PATCH /api/inventario/terrenos/26fd1d94-1e07-4a89-821c-7857217579b0 HTTP/1.1" 401 -
  "PATCH /api/inventario/terrenos/2bcd5cf3-beff-4b46-bd8a-cfe49b7dd8d8 HTTP/1.1" 401 -
  "PATCH /api/inventario/terrenos/2bd85ad8-2bc4-4e77-a01e-1bd0e2a36455 HTTP/1.1" 401 -
  "PATCH /api/inventario/terrenos/2be4cf3d-4347-4dd5-98e8-b2b0dfbfb88e HTTP/1.1" 401 -
  "PATCH /api/inventario/terrenos/2c1dcb8e-cac5-4a7d-a9d7-1781a2d7398e HTTP/1.1" 401 -
  "PATCH /api/inventario/terrenos/2e65c531-2eee-4e36-9b3c-cdc48363c87f HTTP/1.1" 401 -
  "PATCH /api/inventario/terrenos/2f8f6e07-3468-4f5e-a0c3-cdc6f1b86b8e HTTP/1.1" 401 -
  "PATCH /api/inventario/terrenos/2faeca26-ae99-42e4-8f46-7ad324fc55de HTTP/1.1" 401 -
  "PATCH /api/inventario/terrenos/32e74730-7c03-451c-b880-fd983ed21a27 HTTP/1.1" 401 -
  "PATCH /api/inventario/terrenos/33f74705-e7a0-4d5c-b5a9-2556e67a9352 HTTP/1.1" 401 -
  "PATCH /api/inventario/terrenos/36a164ea-d912-4b7a-bc03-b9e51c6aaf23 HTTP/1.1" 401 -
  "PATCH /api/inventario/terrenos/36ab5989-062f-444f-b6a4-d5f405095a70 HTTP/1.1" 401 -
  "PATCH /api/inventario/terrenos/3b9b69f2-a2ec-4b43-9d1d-7c4dedfbe475 HTTP/1.1" 401 -
  "PATCH /api/inventario/terrenos/3d964f01-4f51-42d6-b840-01244686b172 HTTP/1.1" 401 -
  "PATCH /api/inventario/terrenos/3db2ded7-348f-4b25-8fdc-0f70d33fb91d HTTP/1.1" 401 -
  "PATCH /api/mapas/1 HTTP/1.1" 401 -
  "PATCH /api/mapas/2 HTTP/1.1" 401 -
  "PATCH /api/mapas/3 HTTP/1.1" 401 -
  "PATCH /api/mapas/4 HTTP/1.1" 401 -
  "PATCH /api/mapas/999999 HTTP/1.1" 401 -
  "PATCH /api/mapas/1/carpeta HTTP/1.1" 401 -
  "PATCH /api/mapas/2/carpeta HTTP/1.1" 401 -
  "PATCH /api/mapas/3/carpeta HTTP/1.1" 401 -
  "PATCH /api/mapas/4/carpeta HTTP/1.1" 401 -
  "PATCH /api/mapas/999999/carpeta HTTP/1.1" 401 -
  code 501, message Unsupported method ('PUT')
  "PUT /api/bases HTTP/1.1" 501 -
  "DELETE /api/bases/1 HTTP/1.1" 401 -
  "DELETE /api/bases/2 HTTP/1.1" 401 -
  "DELETE /api/bases/3 HTTP/1.1" 401 -
  "DELETE /api/bases/4 HTTP/1.1" 401 -
  "DELETE /api/bases/999999 HTTP/1.1" 401 -
  "DELETE /api/carpetas/1 HTTP/1.1" 401 -
  "DELETE /api/carpetas/2 HTTP/1.1" 401 -
  "DELETE /api/carpetas/3 HTTP/1.1" 401 -
  "DELETE /api/carpetas/4 HTTP/1.1" 401 -
  "DELETE /api/carpetas/999999 HTTP/1.1" 401 -
  "DELETE /api/formatos/1 HTTP/1.1" 401 -
  "DELETE /api/formatos/2 HTTP/1.1" 401 -
  "DELETE /api/formatos/3 HTTP/1.1" 401 -
  "DELETE /api/formatos/4 HTTP/1.1" 401 -
  "DELETE /api/formatos/999999 HTTP/1.1" 401 -
  "DELETE /api/mapas/1 HTTP/1.1" 401 -
  "DELETE /api/mapas/2 HTTP/1.1" 401 -
  "DELETE /api/mapas/3 HTTP/1.1" 401 -
  "DELETE /api/mapas/4 HTTP/1.1" 401 -
  "DELETE /api/mapas/999999 HTTP/1.1" 401 -
  "DELETE /api/bases HTTP/1.1" 401 -
  "DELETE /api/bases/1 HTTP/1.1" 401 -
  "DELETE /api/bases/2 HTTP/1.1" 401 -
  "DELETE /api/bases/3 HTTP/1.1" 401 -
  "DELETE /api/bases/4 HTTP/1.1" 401 -
  "DELETE /api/bases/999999 HTTP/1.1" 401 -
  "DELETE /api/bases/1/terrenos HTTP/1.1" 401 -
  "DELETE /api/bases/2/terrenos HTTP/1.1" 401 -
  "DELETE /api/bases/3/terrenos HTTP/1.1" 401 -
  "DELETE /api/bases/4/terrenos HTTP/1.1" 401 -
  "DELETE /api/bases/999999/terrenos HTTP/1.1" 401 -
  "DELETE /api/carpetas HTTP/1.1" 401 -
  "DELETE /api/formatos HTTP/1.1" 401 -
  "DELETE /api/inventario/terrenos HTTP/1.1" 401 -
  "DELETE /api/inventario/terrenos/9eb7e5a5-df09-4a56-9470-ea005fae3266 HTTP/1.1" 401 -
  "DELETE /api/inventario/terrenos/04c79e05-0d50-441f-b91d-63b0ebe2e0ff HTTP/1.1" 401 -
  "DELETE /api/inventario/terrenos/060413ea-2570-4eec-a85c-643a700c29fb HTTP/1.1" 401 -
  "DELETE /api/inventario/terrenos/06897ca7-793b-4d77-b9af-1b1cf472de33 HTTP/1.1" 401 -
  "DELETE /api/inventario/terrenos/09d99dac-e212-4811-afc2-cacfc09f29b1 HTTP/1.1" 401 -
  "DELETE /api/inventario/terrenos/0a300d97-fc65-4520-80c9-e9c0ffaec458 HTTP/1.1" 401 -
  "DELETE /api/inventario/terrenos/0ec02c5c-ae34-428c-a450-38c1a27deac3 HTTP/1.1" 401 -
  "DELETE /api/inventario/terrenos/105d94a9-7ea2-4650-95f1-5b70ed8335c3 HTTP/1.1" 401 -
  "DELETE /api/inventario/terrenos/12bb3136-49c4-4405-8758-026ae0f55695 HTTP/1.1" 401 -
  "DELETE /api/inventario/terrenos/1a1fb570-bf16-4d9f-81ac-b921c378bb0c HTTP/1.1" 401 -
  "DELETE /api/inventario/terrenos/25af041c-c68b-4cf1-8d3f-28ae9623fbed HTTP/1.1" 401 -
  "DELETE /api/inventario/terrenos/26fd1d94-1e07-4a89-821c-7857217579b0 HTTP/1.1" 401 -
  "DELETE /api/inventario/terrenos/2bcd5cf3-beff-4b46-bd8a-cfe49b7dd8d8 HTTP/1.1" 401 -
  "DELETE /api/inventario/terrenos/2bd85ad8-2bc4-4e77-a01e-1bd0e2a36455 HTTP/1.1" 401 -
  "DELETE /api/inventario/terrenos/2be4cf3d-4347-4dd5-98e8-b2b0dfbfb88e HTTP/1.1" 401 -
  "DELETE /api/inventario/terrenos/2c1dcb8e-cac5-4a7d-a9d7-1781a2d7398e HTTP/1.1" 401 -
  "DELETE /api/inventario/terrenos/2e65c531-2eee-4e36-9b3c-cdc48363c87f HTTP/1.1" 401 -
  "DELETE /api/inventario/terrenos/2f8f6e07-3468-4f5e-a0c3-cdc6f1b86b8e HTTP/1.1" 401 -
  "DELETE /api/inventario/terrenos/2faeca26-ae99-42e4-8f46-7ad324fc55de HTTP/1.1" 401 -
  "DELETE /api/inventario/terrenos/32e74730-7c03-451c-b880-fd983ed21a27 HTTP/1.1" 401 -
  "DELETE /api/inventario/terrenos/33f74705-e7a0-4d5c-b5a9-2556e67a9352 HTTP/1.1" 401 -
  "DELETE /api/inventario/terrenos/36a164ea-d912-4b7a-bc03-b9e51c6aaf23 HTTP/1.1" 401 -
  "DELETE /api/inventario/terrenos/36ab5989-062f-444f-b6a4-d5f405095a70 HTTP/1.1" 401 -
  "DELETE /api/inventario/terrenos/3b9b69f2-a2ec-4b43-9d1d-7c4dedfbe475 HTTP/1.1" 401 -
  "DELETE /api/inventario/terrenos/3d964f01-4f51-42d6-b840-01244686b172 HTTP/1.1" 401 -
  "DELETE /api/inventario/terrenos/3db2ded7-348f-4b25-8fdc-0f70d33fb91d HTTP/1.1" 401 -
  "DELETE /api/inventario/terrenos/9eb7e5a5-df09-4a56-9470-ea005fae3266/historial HTTP/1.1" 401 -
  "DELETE /api/inventario/terrenos/04c79e05-0d50-441f-b91d-63b0ebe2e0ff/historial HTTP/1.1" 401 -
  "DELETE /api/inventario/terrenos/060413ea-2570-4eec-a85c-643a700c29fb/historial HTTP/1.1" 401 -
  "DELETE /api/inventario/terrenos/06897ca7-793b-4d77-b9af-1b1cf472de33/historial HTTP/1.1" 401 -
  "DELETE /api/inventario/terrenos/09d99dac-e212-4811-afc2-cacfc09f29b1/historial HTTP/1.1" 401 -
  "DELETE /api/inventario/terrenos/0a300d97-fc65-4520-80c9-e9c0ffaec458/historial HTTP/1.1" 401 -
  "DELETE /api/inventario/terrenos/0ec02c5c-ae34-428c-a450-38c1a27deac3/historial HTTP/1.1" 401 -
  "DELETE /api/inventario/terrenos/105d94a9-7ea2-4650-95f1-5b70ed8335c3/historial HTTP/1.1" 401 -
  "DELETE /api/inventario/terrenos/12bb3136-49c4-4405-8758-026ae0f55695/historial HTTP/1.1" 401 -
  "DELETE /api/inventario/terrenos/1a1fb570-bf16-4d9f-81ac-b921c378bb0c/historial HTTP/1.1" 401 -
  "DELETE /api/inventario/terrenos/25af041c-c68b-4cf1-8d3f-28ae9623fbed/historial HTTP/1.1" 401 -
  "DELETE /api/inventario/terrenos/26fd1d94-1e07-4a89-821c-7857217579b0/historial HTTP/1.1" 401 -
  "DELETE /api/inventario/terrenos/2bcd5cf3-beff-4b46-bd8a-cfe49b7dd8d8/historial HTTP/1.1" 401 -
  "DELETE /api/inventario/terrenos/2bd85ad8-2bc4-4e77-a01e-1bd0e2a36455/historial HTTP/1.1" 401 -
  "DELETE /api/inventario/terrenos/2be4cf3d-4347-4dd5-98e8-b2b0dfbfb88e/historial HTTP/1.1" 401 -
  "DELETE /api/inventario/terrenos/2c1dcb8e-cac5-4a7d-a9d7-1781a2d7398e/historial HTTP/1.1" 401 -
  "DELETE /api/inventario/terrenos/2e65c531-2eee-4e36-9b3c-cdc48363c87f/historial HTTP/1.1" 401 -
  "DELETE /api/inventario/terrenos/2f8f6e07-3468-4f5e-a0c3-cdc6f1b86b8e/historial HTTP/1.1" 401 -
  "DELETE /api/inventario/terrenos/2faeca26-ae99-42e4-8f46-7ad324fc55de/historial HTTP/1.1" 401 -
  "DELETE /api/inventario/terrenos/32e74730-7c03-451c-b880-fd983ed21a27/historial HTTP/1.1" 401 -
  "DELETE /api/inventario/terrenos/33f74705-e7a0-4d5c-b5a9-2556e67a9352/historial HTTP/1.1" 401 -
  "DELETE /api/inventario/terrenos/36a164ea-d912-4b7a-bc03-b9e51c6aaf23/historial HTTP/1.1" 401 -
  "DELETE /api/inventario/terrenos/36ab5989-062f-444f-b6a4-d5f405095a70/historial HTTP/1.1" 401 -
  "DELETE /api/inventario/terrenos/3b9b69f2-a2ec-4b43-9d1d-7c4dedfbe475/historial HTTP/1.1" 401 -
  "DELETE /api/inventario/terrenos/3d964f01-4f51-42d6-b840-01244686b172/historial HTTP/1.1" 401 -
  "DELETE /api/inventario/terrenos/3db2ded7-348f-4b25-8fdc-0f70d33fb91d/historial HTTP/1.1" 401 -
  "DELETE /api/inventario/terrenos/9eb7e5a5-df09-4a56-9470-ea005fae3266/vista-publica HTTP/1.1" 401 -
  "DELETE /api/inventario/terrenos/04c79e05-0d50-441f-b91d-63b0ebe2e0ff/vista-publica HTTP/1.1" 401 -
  "DELETE /api/inventario/terrenos/060413ea-2570-4eec-a85c-643a700c29fb/vista-publica HTTP/1.1" 401 -
  "DELETE /api/inventario/terrenos/06897ca7-793b-4d77-b9af-1b1cf472de33/vista-publica HTTP/1.1" 401 -
  "DELETE /api/inventario/terrenos/09d99dac-e212-4811-afc2-cacfc09f29b1/vista-publica HTTP/1.1" 401 -
  "DELETE /api/inventario/terrenos/0a300d97-fc65-4520-80c9-e9c0ffaec458/vista-publica HTTP/1.1" 401 -
  "DELETE /api/inventario/terrenos/0ec02c5c-ae34-428c-a450-38c1a27deac3/vista-publica HTTP/1.1" 401 -
  "DELETE /api/inventario/terrenos/105d94a9-7ea2-4650-95f1-5b70ed8335c3/vista-publica HTTP/1.1" 401 -
  "DELETE /api/inventario/terrenos/12bb3136-49c4-4405-8758-026ae0f55695/vista-publica HTTP/1.1" 401 -
  "DELETE /api/inventario/terrenos/1a1fb570-bf16-4d9f-81ac-b921c378bb0c/vista-publica HTTP/1.1" 401 -
  "DELETE /api/inventario/terrenos/25af041c-c68b-4cf1-8d3f-28ae9623fbed/vista-publica HTTP/1.1" 401 -
  "DELETE /api/inventario/terrenos/26fd1d94-1e07-4a89-821c-7857217579b0/vista-publica HTTP/1.1" 401 -
  "DELETE /api/inventario/terrenos/2bcd5cf3-beff-4b46-bd8a-cfe49b7dd8d8/vista-publica HTTP/1.1" 401 -
  "DELETE /api/inventario/terrenos/2bd85ad8-2bc4-4e77-a01e-1bd0e2a36455/vista-publica HTTP/1.1" 401 -
  "DELETE /api/inventario/terrenos/2be4cf3d-4347-4dd5-98e8-b2b0dfbfb88e/vista-publica HTTP/1.1" 401 -
  "DELETE /api/inventario/terrenos/2c1dcb8e-cac5-4a7d-a9d7-1781a2d7398e/vista-publica HTTP/1.1" 401 -
  "DELETE /api/inventario/terrenos/2e65c531-2eee-4e36-9b3c-cdc48363c87f/vista-publica HTTP/1.1" 401 -
  "DELETE /api/inventario/terrenos/2f8f6e07-3468-4f5e-a0c3-cdc6f1b86b8e/vista-publica HTTP/1.1" 401 -
  "DELETE /api/inventario/terrenos/2faeca26-ae99-42e4-8f46-7ad324fc55de/vista-publica HTTP/1.1" 401 -
  "DELETE /api/inventario/terrenos/32e74730-7c03-451c-b880-fd983ed21a27/vista-publica HTTP/1.1" 401 -
  "DELETE /api/inventario/terrenos/33f74705-e7a0-4d5c-b5a9-2556e67a9352/vista-publica HTTP/1.1" 401 -
  "DELETE /api/inventario/terrenos/36a164ea-d912-4b7a-bc03-b9e51c6aaf23/vista-publica HTTP/1.1" 401 -
  "DELETE /api/inventario/terrenos/36ab5989-062f-444f-b6a4-d5f405095a70/vista-publica HTTP/1.1" 401 -
  "DELETE /api/inventario/terrenos/3b9b69f2-a2ec-4b43-9d1d-7c4dedfbe475/vista-publica HTTP/1.1" 401 -
  "DELETE /api/inventario/terrenos/3d964f01-4f51-42d6-b840-01244686b172/vista-publica HTTP/1.1" 401 -
  "DELETE /api/inventario/terrenos/3db2ded7-348f-4b25-8fdc-0f70d33fb91d/vista-publica HTTP/1.1" 401 -
  "DELETE /api/mapas HTTP/1.1" 401 -
  "DELETE /api/mapas/1 HTTP/1.1" 401 -
  "DELETE /api/mapas/2 HTTP/1.1" 401 -
  "DELETE /api/mapas/3 HTTP/1.1" 401 -
  "DELETE /api/mapas/4 HTTP/1.1" 401 -
  "DELETE /api/mapas/999999 HTTP/1.1" 401 -
  "DELETE /api/mapas/1/terrenos HTTP/1.1" 401 -
  "DELETE /api/mapas/2/terrenos HTTP/1.1" 401 -
  "DELETE /api/mapas/3/terrenos HTTP/1.1" 401 -
  "DELETE /api/mapas/4/terrenos HTTP/1.1" 401 -
  "DELETE /api/mapas/999999/terrenos HTTP/1.1" 401 -
  "POST /api/login HTTP/1.1" 401 -
  "GET /api/publico/terrenos/9eb7e5a5-df09-4a56-9470-ea005fae3266 HTTP/1.1" 404 -
  "GET /api/publico/terrenos/04c79e05-0d50-441f-b91d-63b0ebe2e0ff HTTP/1.1" 404 -
  "GET /api/publico/terrenos/060413ea-2570-4eec-a85c-643a700c29fb HTTP/1.1" 404 -
  "GET /api/publico/terrenos/06897ca7-793b-4d77-b9af-1b1cf472de33 HTTP/1.1" 404 -
  "GET /api/publico/terrenos/09d99dac-e212-4811-afc2-cacfc09f29b1 HTTP/1.1" 404 -
  "GET /api/publico/terrenos/0a300d97-fc65-4520-80c9-e9c0ffaec458 HTTP/1.1" 404 -
  "GET /api/publico/terrenos/0ec02c5c-ae34-428c-a450-38c1a27deac3 HTTP/1.1" 404 -
  "GET /api/publico/terrenos/105d94a9-7ea2-4650-95f1-5b70ed8335c3 HTTP/1.1" 404 -
  "GET /api/publico/terrenos/12bb3136-49c4-4405-8758-026ae0f55695 HTTP/1.1" 404 -
  "GET /api/publico/terrenos/1a1fb570-bf16-4d9f-81ac-b921c378bb0c HTTP/1.1" 404 -
  "GET /api/publico/terrenos/25af041c-c68b-4cf1-8d3f-28ae9623fbed HTTP/1.1" 404 -
  "GET /api/publico/terrenos/26fd1d94-1e07-4a89-821c-7857217579b0 HTTP/1.1" 404 -
  "GET /api/publico/terrenos/2bcd5cf3-beff-4b46-bd8a-cfe49b7dd8d8 HTTP/1.1" 404 -
  "GET /api/publico/terrenos/2bd85ad8-2bc4-4e77-a01e-1bd0e2a36455 HTTP/1.1" 404 -
  "GET /api/publico/terrenos/2be4cf3d-4347-4dd5-98e8-b2b0dfbfb88e HTTP/1.1" 404 -
  "GET /api/publico/terrenos/2c1dcb8e-cac5-4a7d-a9d7-1781a2d7398e HTTP/1.1" 404 -
  "GET /api/publico/terrenos/2e65c531-2eee-4e36-9b3c-cdc48363c87f HTTP/1.1" 404 -
  "GET /api/publico/terrenos/2f8f6e07-3468-4f5e-a0c3-cdc6f1b86b8e HTTP/1.1" 404 -
  "GET /api/publico/terrenos/2faeca26-ae99-42e4-8f46-7ad324fc55de HTTP/1.1" 404 -
  "GET /api/publico/terrenos/32e74730-7c03-451c-b880-fd983ed21a27 HTTP/1.1" 404 -
  "GET /api/publico/terrenos/33f74705-e7a0-4d5c-b5a9-2556e67a9352 HTTP/1.1" 404 -
  "GET /api/publico/terrenos/36a164ea-d912-4b7a-bc03-b9e51c6aaf23 HTTP/1.1" 404 -
  "GET /api/publico/terrenos/36ab5989-062f-444f-b6a4-d5f405095a70 HTTP/1.1" 404 -
  "GET /api/publico/terrenos/3b9b69f2-a2ec-4b43-9d1d-7c4dedfbe475 HTTP/1.1" 404 -
  "GET /api/publico/terrenos/3d964f01-4f51-42d6-b840-01244686b172 HTTP/1.1" 404 -
  "GET /api/publico/terrenos/3db2ded7-348f-4b25-8fdc-0f70d33fb91d HTTP/1.1" 404 -
  "GET /api/bases/1 HTTP/1.1" 404 -
  "GET /api/bases/2 HTTP/1.1" 404 -
  "GET /api/bases/3 HTTP/1.1" 404 -
  "GET /api/bases/4 HTTP/1.1" 404 -
  "GET /api/bases/999999 HTTP/1.1" 404 -
  "GET /api/bases/1/terrenos HTTP/1.1" 404 -
  "GET /api/bases/2/terrenos HTTP/1.1" 404 -
  "GET /api/bases/3/terrenos HTTP/1.1" 404 -
  "GET /api/bases/4/terrenos HTTP/1.1" 404 -
  "GET /api/bases/999999/terrenos HTTP/1.1" 404 -
  "GET /api/carpetas HTTP/1.1" 400 -
  "GET /api/inventario/terrenos/9eb7e5a5-df09-4a56-9470-ea005fae3266 HTTP/1.1" 404 -
  "GET /api/inventario/terrenos/9eb7e5a5-df09-4a56-9470-ea005fae3266/historial HTTP/1.1" 404 -
  "GET /api/inventario/terrenos/9eb7e5a5-df09-4a56-9470-ea005fae3266/vista-publica HTTP/1.1" 404 -
  "GET /api/inventario/terrenos/04c79e05-0d50-441f-b91d-63b0ebe2e0ff/vista-publica HTTP/1.1" 404 -
  "GET /api/inventario/terrenos/060413ea-2570-4eec-a85c-643a700c29fb/vista-publica HTTP/1.1" 404 -
  "GET /api/inventario/terrenos/06897ca7-793b-4d77-b9af-1b1cf472de33/vista-publica HTTP/1.1" 404 -
  "GET /api/inventario/terrenos/09d99dac-e212-4811-afc2-cacfc09f29b1/vista-publica HTTP/1.1" 404 -
  "GET /api/inventario/terrenos/0a300d97-fc65-4520-80c9-e9c0ffaec458/vista-publica HTTP/1.1" 404 -
  "GET /api/inventario/terrenos/0ec02c5c-ae34-428c-a450-38c1a27deac3/vista-publica HTTP/1.1" 404 -
  "GET /api/inventario/terrenos/105d94a9-7ea2-4650-95f1-5b70ed8335c3/vista-publica HTTP/1.1" 404 -
  "GET /api/inventario/terrenos/12bb3136-49c4-4405-8758-026ae0f55695/vista-publica HTTP/1.1" 404 -
  "GET /api/inventario/terrenos/1a1fb570-bf16-4d9f-81ac-b921c378bb0c/vista-publica HTTP/1.1" 404 -
  "GET /api/inventario/terrenos/25af041c-c68b-4cf1-8d3f-28ae9623fbed/vista-publica HTTP/1.1" 404 -
  "GET /api/inventario/terrenos/26fd1d94-1e07-4a89-821c-7857217579b0/vista-publica HTTP/1.1" 404 -
  "GET /api/inventario/terrenos/2bcd5cf3-beff-4b46-bd8a-cfe49b7dd8d8/vista-publica HTTP/1.1" 404 -
  "GET /api/inventario/terrenos/2bd85ad8-2bc4-4e77-a01e-1bd0e2a36455/vista-publica HTTP/1.1" 404 -
  "GET /api/inventario/terrenos/2be4cf3d-4347-4dd5-98e8-b2b0dfbfb88e/vista-publica HTTP/1.1" 404 -
  "GET /api/inventario/terrenos/2c1dcb8e-cac5-4a7d-a9d7-1781a2d7398e/vista-publica HTTP/1.1" 404 -
  "GET /api/inventario/terrenos/2e65c531-2eee-4e36-9b3c-cdc48363c87f/vista-publica HTTP/1.1" 404 -
  "GET /api/inventario/terrenos/2f8f6e07-3468-4f5e-a0c3-cdc6f1b86b8e/vista-publica HTTP/1.1" 404 -
  "GET /api/inventario/terrenos/2faeca26-ae99-42e4-8f46-7ad324fc55de/vista-publica HTTP/1.1" 404 -
  "GET /api/inventario/terrenos/32e74730-7c03-451c-b880-fd983ed21a27/vista-publica HTTP/1.1" 404 -
  "GET /api/inventario/terrenos/33f74705-e7a0-4d5c-b5a9-2556e67a9352/vista-publica HTTP/1.1" 404 -
  "GET /api/inventario/terrenos/36a164ea-d912-4b7a-bc03-b9e51c6aaf23/vista-publica HTTP/1.1" 404 -
  "GET /api/inventario/terrenos/36ab5989-062f-444f-b6a4-d5f405095a70/vista-publica HTTP/1.1" 404 -
  "GET /api/inventario/terrenos/3b9b69f2-a2ec-4b43-9d1d-7c4dedfbe475/vista-publica HTTP/1.1" 404 -
  "GET /api/inventario/terrenos/3d964f01-4f51-42d6-b840-01244686b172/vista-publica HTTP/1.1" 404 -
  "GET /api/inventario/terrenos/3db2ded7-348f-4b25-8fdc-0f70d33fb91d/vista-publica HTTP/1.1" 404 -
  "GET /api/mapas/1 HTTP/1.1" 404 -
  "GET /api/mapas/2 HTTP/1.1" 404 -
  "GET /api/mapas/3 HTTP/1.1" 404 -
  "GET /api/mapas/4 HTTP/1.1" 404 -
  "GET /api/mapas/999999 HTTP/1.1" 404 -
  "GET /api/mapas/1/terrenos HTTP/1.1" 404 -
  "GET /api/mapas/2/terrenos HTTP/1.1" 404 -
  "GET /api/mapas/3/terrenos HTTP/1.1" 404 -
  "GET /api/mapas/4/terrenos HTTP/1.1" 404 -
  "GET /api/mapas/999999/terrenos HTTP/1.1" 404 -
  "GET /api/bases/1/terrenos?ids=1 HTTP/1.1" 404 -
  "GET /api/mapas/2/terrenos?capa=1 HTTP/1.1" 404 -
  "GET /api/exportar HTTP/1.1" 405 -
  "GET /api/INVENTARIO/terrenos HTTP/1.1" 404 -
  "GET /api/inventario//terrenos HTTP/1.1" 404 -
  "GET /api/inventario/terrenos%2f HTTP/1.1" 404 -
  "GET /api/inventario/terrenos/%2e%2e/%2e%2e/bases HTTP/1.1" 404 -
  "GET /api/inventario/terrenos?limit=250&campos=contacto HTTP/1.1" 422 -
  "GET //api/bases/1/terrenos HTTP/1.1" 404 -
  "GET /api/publico/terrenos/9eb7e5a5-df09-4a56-9470-ea005fae3266 HTTP/1.1" 404 -
  "GET /api/publico/terrenos/04c79e05-0d50-441f-b91d-63b0ebe2e0ff HTTP/1.1" 404 -
  "GET /api/publico/terrenos/060413ea-2570-4eec-a85c-643a700c29fb HTTP/1.1" 404 -
  "GET /api/publico/terrenos/06897ca7-793b-4d77-b9af-1b1cf472de33 HTTP/1.1" 404 -
  "GET /api/publico/terrenos/09d99dac-e212-4811-afc2-cacfc09f29b1 HTTP/1.1" 404 -
  "GET /api/publico/terrenos/0a300d97-fc65-4520-80c9-e9c0ffaec458 HTTP/1.1" 404 -
  "GET /api/publico/terrenos/0ec02c5c-ae34-428c-a450-38c1a27deac3 HTTP/1.1" 404 -
  "GET /api/publico/terrenos/105d94a9-7ea2-4650-95f1-5b70ed8335c3 HTTP/1.1" 404 -
  "GET /api/publico/terrenos/12bb3136-49c4-4405-8758-026ae0f55695 HTTP/1.1" 404 -
  "GET /api/publico/terrenos/1a1fb570-bf16-4d9f-81ac-b921c378bb0c HTTP/1.1" 404 -
  "GET /api/publico/terrenos/25af041c-c68b-4cf1-8d3f-28ae9623fbed HTTP/1.1" 404 -
  "GET /api/publico/terrenos/26fd1d94-1e07-4a89-821c-7857217579b0 HTTP/1.1" 404 -
  "GET /api/publico/terrenos/2bcd5cf3-beff-4b46-bd8a-cfe49b7dd8d8 HTTP/1.1" 404 -
  "GET /api/publico/terrenos/2bd85ad8-2bc4-4e77-a01e-1bd0e2a36455 HTTP/1.1" 404 -
  "GET /api/publico/terrenos/2be4cf3d-4347-4dd5-98e8-b2b0dfbfb88e HTTP/1.1" 404 -
  "GET /api/publico/terrenos/2c1dcb8e-cac5-4a7d-a9d7-1781a2d7398e HTTP/1.1" 404 -
  "GET /api/publico/terrenos/2e65c531-2eee-4e36-9b3c-cdc48363c87f HTTP/1.1" 404 -
  "GET /api/publico/terrenos/2f8f6e07-3468-4f5e-a0c3-cdc6f1b86b8e HTTP/1.1" 404 -
  "GET /api/publico/terrenos/2faeca26-ae99-42e4-8f46-7ad324fc55de HTTP/1.1" 404 -
  "GET /api/publico/terrenos/32e74730-7c03-451c-b880-fd983ed21a27 HTTP/1.1" 404 -
  "GET /api/publico/terrenos/33f74705-e7a0-4d5c-b5a9-2556e67a9352 HTTP/1.1" 404 -
  "GET /api/publico/terrenos/36a164ea-d912-4b7a-bc03-b9e51c6aaf23 HTTP/1.1" 404 -
  "GET /api/publico/terrenos/36ab5989-062f-444f-b6a4-d5f405095a70 HTTP/1.1" 404 -
  "GET /api/publico/terrenos/3b9b69f2-a2ec-4b43-9d1d-7c4dedfbe475 HTTP/1.1" 404 -
  "GET /api/publico/terrenos/3d964f01-4f51-42d6-b840-01244686b172 HTTP/1.1" 404 -
  "GET /api/publico/terrenos/3db2ded7-348f-4b25-8fdc-0f70d33fb91d HTTP/1.1" 404 -
  "GET /api/nope HTTP/1.1" 404 -
  "GET /api/bases HTTP/1.1" 401 -
  "GET /api/inventario/terrenos HTTP/1.1" 401 -
  "POST /api/login HTTP/1.1" 401 -
  "GET /api/inventario/terrenos HTTP/1.1" 401 -
  "POST /api/login HTTP/1.1" 401 -
  "POST /api/login HTTP/1.1" 401 -
  "POST /api/login HTTP/1.1" 401 -
  "POST /api/login HTTP/1.1" 401 -
  "POST /api/login HTTP/1.1" 429 -
  "POST /api/login HTTP/1.1" 429 -
  "POST /api/login HTTP/1.1" 429 -
  "POST /api/login HTTP/1.1" 429 -
  "POST /api/login HTTP/1.1" 429 -
  "POST /api/login HTTP/1.1" 429 -
  "POST /api/login HTTP/1.1" 429 -
  "POST /api/login HTTP/1.1" 429 -
  "POST /api/login HTTP/1.1" 429 -
  "POST /api/login HTTP/1.1" 429 -
  "POST /api/login HTTP/1.1" 429 -
  "POST /api/login HTTP/1.1" 429 -
  "POST /api/login HTTP/1.1" 429 -
  "POST /api/login HTTP/1.1" 429 -
  "POST /api/login HTTP/1.1" 429 -
  "POST /api/login HTTP/1.1" 429 -
  "POST /api/login HTTP/1.1" 429 -
  "POST /api/login HTTP/1.1" 429 -
  "POST /api/login HTTP/1.1" 429 -
  "POST /api/login HTTP/1.1" 429 -
  "POST /api/login HTTP/1.1" 429 -
  "POST /api/login HTTP/1.1" 429 -
