[serve_target] mode=cloud http://127.0.0.1:8433 root=/home/user/ARA-MAP
  "POST /api/inventario/terrenos HTTP/1.1" 422 -
  "POST /api/inventario/terrenos HTTP/1.1" 422 -
[serve_target] mode=cloud http://127.0.0.1:8433 root=/home/user/ARA-MAP
  "POST /api/inventario/terrenos HTTP/1.1" 422 -
  "POST /api/inventario/terrenos HTTP/1.1" 422 -
  "POST /api/inventario/terrenos HTTP/1.1" 422 -
  "PATCH /api/inventario/terrenos/af5f1ef4-71f7-42be-8d28-1a186d30ff5d HTTP/1.1" 422 -
  "PATCH /api/inventario/terrenos/af5f1ef4-71f7-42be-8d28-1a186d30ff5d HTTP/1.1" 422 -
  "PATCH /api/inventario/terrenos/af5f1ef4-71f7-42be-8d28-1a186d30ff5d HTTP/1.1" 422 -
  "PATCH /api/inventario/terrenos/af5f1ef4-71f7-42be-8d28-1a186d30ff5d HTTP/1.1" 422 -
  "PATCH /api/inventario/terrenos/af5f1ef4-71f7-42be-8d28-1a186d30ff5d HTTP/1.1" 422 -
  "PATCH /api/inventario/terrenos/af5f1ef4-71f7-42be-8d28-1a186d30ff5d HTTP/1.1" 422 -
  "PATCH /api/inventario/terrenos/af5f1ef4-71f7-42be-8d28-1a186d30ff5d HTTP/1.1" 422 -
  "PATCH /api/inventario/terrenos/af5f1ef4-71f7-42be-8d28-1a186d30ff5d HTTP/1.1" 422 -
  "PATCH /api/inventario/terrenos/af5f1ef4-71f7-42be-8d28-1a186d30ff5d HTTP/1.1" 422 -
  "PATCH /api/inventario/terrenos/af5f1ef4-71f7-42be-8d28-1a186d30ff5d HTTP/1.1" 422 -
  "PATCH /api/inventario/terrenos/3e7ed57f-bb6b-4f9e-bb6a-37ea42a277ca HTTP/1.1" 422 -
  "PATCH /api/inventario/terrenos/3e7ed57f-bb6b-4f9e-bb6a-37ea42a277ca HTTP/1.1" 422 -
  "PATCH /api/inventario/terrenos/3e7ed57f-bb6b-4f9e-bb6a-37ea42a277ca HTTP/1.1" 422 -
  "PATCH /api/inventario/terrenos/3e7ed57f-bb6b-4f9e-bb6a-37ea42a277ca HTTP/1.1" 422 -
  "PATCH /api/inventario/terrenos/3e7ed57f-bb6b-4f9e-bb6a-37ea42a277ca HTTP/1.1" 422 -
  "PATCH /api/inventario/terrenos/3e7ed57f-bb6b-4f9e-bb6a-37ea42a277ca HTTP/1.1" 422 -
  "PATCH /api/inventario/terrenos/3e7ed57f-bb6b-4f9e-bb6a-37ea42a277ca HTTP/1.1" 422 -
  "PATCH /api/inventario/terrenos/3e7ed57f-bb6b-4f9e-bb6a-37ea42a277ca HTTP/1.1" 422 -
  "PATCH /api/inventario/terrenos/3e7ed57f-bb6b-4f9e-bb6a-37ea42a277ca HTTP/1.1" 422 -
  "PATCH /api/inventario/terrenos/3e7ed57f-bb6b-4f9e-bb6a-37ea42a277ca HTTP/1.1" 422 -
  "PATCH /api/inventario/terrenos/40b4c0c4-4cbe-4025-8d37-4bd391e65a5e HTTP/1.1" 422 -
  "PATCH /api/inventario/terrenos/40b4c0c4-4cbe-4025-8d37-4bd391e65a5e HTTP/1.1" 422 -
  "PATCH /api/inventario/terrenos/40b4c0c4-4cbe-4025-8d37-4bd391e65a5e HTTP/1.1" 422 -
  "PATCH /api/inventario/terrenos/40b4c0c4-4cbe-4025-8d37-4bd391e65a5e HTTP/1.1" 422 -
  "PATCH /api/inventario/terrenos/40b4c0c4-4cbe-4025-8d37-4bd391e65a5e HTTP/1.1" 422 -
  "PATCH /api/inventario/terrenos/40b4c0c4-4cbe-4025-8d37-4bd391e65a5e HTTP/1.1" 422 -
  "PATCH /api/inventario/terrenos/40b4c0c4-4cbe-4025-8d37-4bd391e65a5e HTTP/1.1" 422 -
  "PATCH /api/inventario/terrenos/40b4c0c4-4cbe-4025-8d37-4bd391e65a5e HTTP/1.1" 422 -
  "PATCH /api/inventario/terrenos/40b4c0c4-4cbe-4025-8d37-4bd391e65a5e HTTP/1.1" 422 -
  "PATCH /api/inventario/terrenos/40b4c0c4-4cbe-4025-8d37-4bd391e65a5e HTTP/1.1" 422 -
  "POST /api/inventario/terrenos/af5f1ef4-71f7-42be-8d28-1a186d30ff5d/publicar HTTP/1.1" 422 -
  "POST /api/inventario/terrenos/af5f1ef4-71f7-42be-8d28-1a186d30ff5d/despublicar HTTP/1.1" 409 -
  "PATCH /api/inventario/terrenos/0c72fbeb-6c1f-4b23-b37a-59ba27997c0c HTTP/1.1" 422 -
  "PATCH /api/inventario/terrenos/0c72fbeb-6c1f-4b23-b37a-59ba27997c0c HTTP/1.1" 422 -
  "PATCH /api/inventario/terrenos/0c72fbeb-6c1f-4b23-b37a-59ba27997c0c HTTP/1.1" 422 -
  "PATCH /api/inventario/terrenos/0c72fbeb-6c1f-4b23-b37a-59ba27997c0c HTTP/1.1" 422 -
  "PATCH /api/inventario/terrenos/0c72fbeb-6c1f-4b23-b37a-59ba27997c0c HTTP/1.1" 422 -
  "PATCH /api/inventario/terrenos/0c72fbeb-6c1f-4b23-b37a-59ba27997c0c HTTP/1.1" 422 -
  "PATCH /api/inventario/terrenos/0c72fbeb-6c1f-4b23-b37a-59ba27997c0c HTTP/1.1" 422 -
  "PATCH /api/inventario/terrenos/0c72fbeb-6c1f-4b23-b37a-59ba27997c0c HTTP/1.1" 422 -
  "PATCH /api/inventario/terrenos/0c72fbeb-6c1f-4b23-b37a-59ba27997c0c HTTP/1.1" 422 -
  "PATCH /api/inventario/terrenos/0c72fbeb-6c1f-4b23-b37a-59ba27997c0c HTTP/1.1" 422 -
  "PATCH /api/inventario/terrenos/0c72fbeb-6c1f-4b23-b37a-59ba27997c0c HTTP/1.1" 422 -
  "PATCH /api/inventario/terrenos/0c72fbeb-6c1f-4b23-b37a-59ba27997c0c HTTP/1.1" 422 -
  "PATCH /api/inventario/terrenos/0c72fbeb-6c1f-4b23-b37a-59ba27997c0c HTTP/1.1" 422 -
  "POST /api/inventario/terrenos HTTP/1.1" 422 -
  "POST /api/inventario/terrenos HTTP/1.1" 422 -
[serve_target] mode=cloud http://127.0.0.1:8433 root=/home/user/ARA-MAP
  "POST /api/inventario/terrenos HTTP/1.1" 409 -
[serve_target] FAULT INJECTION active: server.repo.inventario._event raises on 'FAULT-INJECT-d53f5ef8'
[serve_target] mode=cloud http://127.0.0.1:8433 root=/home/user/ARA-MAP
Traceback (most recent call last):
  File "/home/user/ARA-MAP/server/app.py", line 171, in _dispatch
    result = handler(request)
             ^^^^^^^^^^^^^^^^
  File "/home/user/ARA-MAP/server/api/inventario.py", line 90, in create
    return repo.create(conn, fields, actor, key, request_hash)
           ^^^^^^^^^^^^^^^^^^^^^^^^^^^^^^^^^^^^^^^^^^^^^^^^^^^
  File "/home/user/ARA-MAP/server/repo/inventario.py", line 175, in create
    return _create(conn, fields, actor, key, request_hash)
           ^^^^^^^^^^^^^^^^^^^^^^^^^^^^^^^^^^^^^^^^^^^^^^^
  File "/home/user/ARA-MAP/server/repo/inventario.py", line 205, in _create
    _event(conn, inventory_id, 1, "create", actor, ahora, None, revision_id, {"changes": cambios})
  File "/home/user/ARA-MAP/reports/inventory-developer-handoff-2026-10-05/verification/stage1/serve_target.py", line 41, in faulty
    raise RuntimeError("verifier fault injection before inventory_event insert")
RuntimeError: verifier fault injection before inventory_event insert
  "POST /api/inventario/terrenos HTTP/1.1" 500 -
Traceback (most recent call last):
  File "/home/user/ARA-MAP/server/app.py", line 171, in _dispatch
    result = handler(request)
             ^^^^^^^^^^^^^^^^
  File "/home/user/ARA-MAP/server/api/inventario.py", line 125, in update
    return {"terreno": repo.update(conn, inventory_id, expected, fields,
                       ^^^^^^^^^^^^^^^^^^^^^^^^^^^^^^^^^^^^^^^^^^^^^^^^^
  File "/home/user/ARA-MAP/server/repo/inventario.py", line 251, in update
    _event(conn, inventory_id, expected_version + 1, "update", actor, ahora,
  File "/home/user/ARA-MAP/reports/inventory-developer-handoff-2026-10-05/verification/stage1/serve_target.py", line 41, in faulty
    raise RuntimeError("verifier fault injection before inventory_event insert")
RuntimeError: verifier fault injection before inventory_event insert
  "PATCH /api/inventario/terrenos/9f937e24-3522-425c-966a-267b5d15c86b HTTP/1.1" 500 -
[serve_target] mode=cloud http://127.0.0.1:8433 root=/home/user/ARA-MAP
  "PATCH /api/inventario/terrenos/27903496-f761-4418-9b9a-2c26572b98c4 HTTP/1.1" 409 -
  "PATCH /api/inventario/terrenos/27903496-f761-4418-9b9a-2c26572b98c4 HTTP/1.1" 409 -
  "PATCH /api/inventario/terrenos/27903496-f761-4418-9b9a-2c26572b98c4 HTTP/1.1" 409 -
  "PATCH /api/inventario/terrenos/27903496-f761-4418-9b9a-2c26572b98c4 HTTP/1.1" 409 -
  "PATCH /api/inventario/terrenos/27903496-f761-4418-9b9a-2c26572b98c4 HTTP/1.1" 422 -
  "PATCH /api/inventario/terrenos/27903496-f761-4418-9b9a-2c26572b98c4 HTTP/1.1" 422 -
  "PATCH /api/inventario/terrenos/27903496-f761-4418-9b9a-2c26572b98c4 HTTP/1.1" 409 -
  "PATCH /api/inventario/terrenos/27903496-f761-4418-9b9a-2c26572b98c4 HTTP/1.1" 409 -
  "POST /api/login HTTP/1.1" 401 -
  "POST /api/login HTTP/1.1" 401 -
  "GET /api/inventario/terrenos HTTP/1.1" 401 -
  "GET /api/inventario/terrenos HTTP/1.1" 401 -
  "GET /api/inventario/terrenos HTTP/1.1" 401 -
  "GET /api/bases HTTP/1.1" 401 -
  "POST /api/carpetas HTTP/1.1" 401 -
  "POST /api/inventario/terrenos HTTP/1.1" 401 -
  "PATCH /api/inventario/terrenos/73b3351b-0f42-4584-9ee6-3bd48ea30abc HTTP/1.1" 403 -
  "POST /api/inventario/terrenos HTTP/1.1" 403 -
  "PATCH /api/inventario/terrenos/73b3351b-0f42-4584-9ee6-3bd48ea30abc HTTP/1.1" 403 -
  "POST /api/inventario/terrenos HTTP/1.1" 403 -
  "PATCH /api/inventario/terrenos/73b3351b-0f42-4584-9ee6-3bd48ea30abc HTTP/1.1" 403 -
  "POST /api/inventario/terrenos HTTP/1.1" 403 -
  "POST /api/login HTTP/1.1" 403 -
  "POST /api/registro HTTP/1.1" 401 -
  "POST /api/registro HTTP/1.1" 404 -
  "POST /api/register HTTP/1.1" 401 -
  "POST /api/register HTTP/1.1" 404 -
  "POST /api/signup HTTP/1.1" 401 -
  "POST /api/signup HTTP/1.1" 404 -
  "POST /api/usuarios HTTP/1.1" 401 -
  "POST /api/usuarios HTTP/1.1" 404 -
  "POST /api/users HTTP/1.1" 401 -
  "POST /api/users HTTP/1.1" 404 -
  "POST /api/cuentas HTTP/1.1" 401 -
  "POST /api/cuentas HTTP/1.1" 404 -
  "POST /api/team HTTP/1.1" 401 -
  "POST /api/team HTTP/1.1" 404 -
  "POST /api/session HTTP/1.1" 401 -
  "POST /api/session HTTP/1.1" 405 -
  "POST /api/login HTTP/1.1" 401 -
  "GET /api/inventario/terrenos HTTP/1.1" 401 -
  "PATCH /api/inventario/terrenos/73b3351b-0f42-4584-9ee6-3bd48ea30abc HTTP/1.1" 401 -
  "GET /api/inventario/terrenos HTTP/1.1" 401 -
  "GET /api/bases HTTP/1.1" 401 -
  "GET /api/bases/1 HTTP/1.1" 401 -
  "GET /api/bases/2 HTTP/1.1" 401 -
  "GET /api/bases/3 HTTP/1.1" 401 -
  "GET /api/bases/4 HTTP/1.1" 401 -
  "GET /api/bases/999999 HTTP/1.1" 401 -
  "GET /api/bases/1/terrenos HTTP/1.1" 401 -
  "GET /api/bases/2/terrenos HTTP/1.1" 401 -
  "GET /api/bases/3/terrenos HTTP/1.1" 401 -
  "GET /api/bases/4/terrenos HTTP/1.1" 401 -
  "GET /api/bases/999999/terrenos HTTP/1.1" 401 -
  "GET /api/carpetas HTTP/1.1" 401 -
  "GET /api/formatos HTTP/1.1" 401 -
  "GET /api/inventario/terrenos HTTP/1.1" 401 -
  "GET /api/inventario/terrenos/658e2564-74b4-46c1-9e6d-e71479707c81 HTTP/1.1" 401 -
  "GET /api/inventario/terrenos/03d61507-0b8b-4cf2-8d13-bebfffa16412 HTTP/1.1" 401 -
  "GET /api/inventario/terrenos/04187526-9c31-482b-b05a-cfcbbb9d3fe2 HTTP/1.1" 401 -
  "GET /api/inventario/terrenos/07afbc15-c0e8-410e-ad04-9899545c6f65 HTTP/1.1" 401 -
  "GET /api/inventario/terrenos/0894960d-43ce-45bc-b00c-ec75fd638ea2 HTTP/1.1" 401 -
  "GET /api/inventario/terrenos/0ab66022-ba19-4404-bd84-572ec9e92870 HTTP/1.1" 401 -
  "GET /api/inventario/terrenos/0b613bf6-f713-4efc-aac5-739782929e31 HTTP/1.1" 401 -
  "GET /api/inventario/terrenos/0be103db-08b6-455d-a422-50dc77c52ef2 HTTP/1.1" 401 -
  "GET /api/inventario/terrenos/0c72fbeb-6c1f-4b23-b37a-59ba27997c0c HTTP/1.1" 401 -
  "GET /api/inventario/terrenos/0de973b2-a5d2-4466-ad54-a830cf1595f2 HTTP/1.1" 401 -
  "GET /api/inventario/terrenos/0f55ce8f-bbd2-4912-8d83-637611177197 HTTP/1.1" 401 -
  "GET /api/inventario/terrenos/0ff77391-d7cd-473e-8478-9792106df348 HTTP/1.1" 401 -
  "GET /api/inventario/terrenos/11542e26-fa59-43cd-a8b7-056fdc21d156 HTTP/1.1" 401 -
  "GET /api/inventario/terrenos/119f1aec-319a-47cb-b0df-7839f8249609 HTTP/1.1" 401 -
  "GET /api/inventario/terrenos/128ba34b-d36d-444f-9688-ca4100956a94 HTTP/1.1" 401 -
  "GET /api/inventario/terrenos/12caac22-47ea-428c-93b2-1d7d8b854182 HTTP/1.1" 401 -
  "GET /api/inventario/terrenos/14994523-6e25-4a77-b67c-ca6be5658883 HTTP/1.1" 401 -
  "GET /api/inventario/terrenos/15bdb874-9405-4843-9457-289df31abc23 HTTP/1.1" 401 -
  "GET /api/inventario/terrenos/1748dce1-3b4f-4984-ba49-57c1f11432f3 HTTP/1.1" 401 -
  "GET /api/inventario/terrenos/188e3fc2-28e6-4c1b-8ce8-ca20c93f90a9 HTTP/1.1" 401 -
  "GET /api/inventario/terrenos/1b7b0241-2e9f-40b5-99c8-43fc79173f15 HTTP/1.1" 401 -
  "GET /api/inventario/terrenos/21499ea9-3b38-40ab-af0e-758724ec70d5 HTTP/1.1" 401 -
  "GET /api/inventario/terrenos/26939c14-e17c-487e-864c-601d079d33ee HTTP/1.1" 401 -
  "GET /api/inventario/terrenos/26c1194c-9f99-4160-8859-146c9e88d829 HTTP/1.1" 401 -
  "GET /api/inventario/terrenos/26de1a8f-8f69-49d1-91a1-d17e200bd9d0 HTTP/1.1" 401 -
  "GET /api/inventario/terrenos/27389396-2b8f-4c83-9ede-51fe027fbb74 HTTP/1.1" 401 -
  "GET /api/inventario/terrenos/658e2564-74b4-46c1-9e6d-e71479707c81/historial HTTP/1.1" 401 -
  "GET /api/inventario/terrenos/03d61507-0b8b-4cf2-8d13-bebfffa16412/historial HTTP/1.1" 401 -
  "GET /api/inventario/terrenos/04187526-9c31-482b-b05a-cfcbbb9d3fe2/historial HTTP/1.1" 401 -
  "GET /api/inventario/terrenos/07afbc15-c0e8-410e-ad04-9899545c6f65/historial HTTP/1.1" 401 -
  "GET /api/inventario/terrenos/0894960d-43ce-45bc-b00c-ec75fd638ea2/historial HTTP/1.1" 401 -
  "GET /api/inventario/terrenos/0ab66022-ba19-4404-bd84-572ec9e92870/historial HTTP/1.1" 401 -
  "GET /api/inventario/terrenos/0b613bf6-f713-4efc-aac5-739782929e31/historial HTTP/1.1" 401 -
  "GET /api/inventario/terrenos/0be103db-08b6-455d-a422-50dc77c52ef2/historial HTTP/1.1" 401 -
  "GET /api/inventario/terrenos/0c72fbeb-6c1f-4b23-b37a-59ba27997c0c/historial HTTP/1.1" 401 -
  "GET /api/inventario/terrenos/0de973b2-a5d2-4466-ad54-a830cf1595f2/historial HTTP/1.1" 401 -
  "GET /api/inventario/terrenos/0f55ce8f-bbd2-4912-8d83-637611177197/historial HTTP/1.1" 401 -
  "GET /api/inventario/terrenos/0ff77391-d7cd-473e-8478-9792106df348/historial HTTP/1.1" 401 -
  "GET /api/inventario/terrenos/11542e26-fa59-43cd-a8b7-056fdc21d156/historial HTTP/1.1" 401 -
  "GET /api/inventario/terrenos/119f1aec-319a-47cb-b0df-7839f8249609/historial HTTP/1.1" 401 -
  "GET /api/inventario/terrenos/128ba34b-d36d-444f-9688-ca4100956a94/historial HTTP/1.1" 401 -
  "GET /api/inventario/terrenos/12caac22-47ea-428c-93b2-1d7d8b854182/historial HTTP/1.1" 401 -
  "GET /api/inventario/terrenos/14994523-6e25-4a77-b67c-ca6be5658883/historial HTTP/1.1" 401 -
  "GET /api/inventario/terrenos/15bdb874-9405-4843-9457-289df31abc23/historial HTTP/1.1" 401 -
  "GET /api/inventario/terrenos/1748dce1-3b4f-4984-ba49-57c1f11432f3/historial HTTP/1.1" 401 -
  "GET /api/inventario/terrenos/188e3fc2-28e6-4c1b-8ce8-ca20c93f90a9/historial HTTP/1.1" 401 -
  "GET /api/inventario/terrenos/1b7b0241-2e9f-40b5-99c8-43fc79173f15/historial HTTP/1.1" 401 -
  "GET /api/inventario/terrenos/21499ea9-3b38-40ab-af0e-758724ec70d5/historial HTTP/1.1" 401 -
  "GET /api/inventario/terrenos/26939c14-e17c-487e-864c-601d079d33ee/historial HTTP/1.1" 401 -
  "GET /api/inventario/terrenos/26c1194c-9f99-4160-8859-146c9e88d829/historial HTTP/1.1" 401 -
  "GET /api/inventario/terrenos/26de1a8f-8f69-49d1-91a1-d17e200bd9d0/historial HTTP/1.1" 401 -
  "GET /api/inventario/terrenos/27389396-2b8f-4c83-9ede-51fe027fbb74/historial HTTP/1.1" 401 -
  "GET /api/inventario/terrenos/658e2564-74b4-46c1-9e6d-e71479707c81/vista-publica HTTP/1.1" 401 -
  "GET /api/inventario/terrenos/03d61507-0b8b-4cf2-8d13-bebfffa16412/vista-publica HTTP/1.1" 401 -
  "GET /api/inventario/terrenos/04187526-9c31-482b-b05a-cfcbbb9d3fe2/vista-publica HTTP/1.1" 401 -
  "GET /api/inventario/terrenos/07afbc15-c0e8-410e-ad04-9899545c6f65/vista-publica HTTP/1.1" 401 -
  "GET /api/inventario/terrenos/0894960d-43ce-45bc-b00c-ec75fd638ea2/vista-publica HTTP/1.1" 401 -
  "GET /api/inventario/terrenos/0ab66022-ba19-4404-bd84-572ec9e92870/vista-publica HTTP/1.1" 401 -
  "GET /api/inventario/terrenos/0b613bf6-f713-4efc-aac5-739782929e31/vista-publica HTTP/1.1" 401 -
  "GET /api/inventario/terrenos/0be103db-08b6-455d-a422-50dc77c52ef2/vista-publica HTTP/1.1" 401 -
  "GET /api/inventario/terrenos/0c72fbeb-6c1f-4b23-b37a-59ba27997c0c/vista-publica HTTP/1.1" 401 -
  "GET /api/inventario/terrenos/0de973b2-a5d2-4466-ad54-a830cf1595f2/vista-publica HTTP/1.1" 401 -
  "GET /api/inventario/terrenos/0f55ce8f-bbd2-4912-8d83-637611177197/vista-publica HTTP/1.1" 401 -
  "GET /api/inventario/terrenos/0ff77391-d7cd-473e-8478-9792106df348/vista-publica HTTP/1.1" 401 -
  "GET /api/inventario/terrenos/11542e26-fa59-43cd-a8b7-056fdc21d156/vista-publica HTTP/1.1" 401 -
  "GET /api/inventario/terrenos/119f1aec-319a-47cb-b0df-7839f8249609/vista-publica HTTP/1.1" 401 -
  "GET /api/inventario/terrenos/128ba34b-d36d-444f-9688-ca4100956a94/vista-publica HTTP/1.1" 401 -
  "GET /api/inventario/terrenos/12caac22-47ea-428c-93b2-1d7d8b854182/vista-publica HTTP/1.1" 401 -
  "GET /api/inventario/terrenos/14994523-6e25-4a77-b67c-ca6be5658883/vista-publica HTTP/1.1" 401 -
  "GET /api/inventario/terrenos/15bdb874-9405-4843-9457-289df31abc23/vista-publica HTTP/1.1" 401 -
  "GET /api/inventario/terrenos/1748dce1-3b4f-4984-ba49-57c1f11432f3/vista-publica HTTP/1.1" 401 -
  "GET /api/inventario/terrenos/188e3fc2-28e6-4c1b-8ce8-ca20c93f90a9/vista-publica HTTP/1.1" 401 -
  "GET /api/inventario/terrenos/1b7b0241-2e9f-40b5-99c8-43fc79173f15/vista-publica HTTP/1.1" 401 -
  "GET /api/inventario/terrenos/21499ea9-3b38-40ab-af0e-758724ec70d5/vista-publica HTTP/1.1" 401 -
  "GET /api/inventario/terrenos/26939c14-e17c-487e-864c-601d079d33ee/vista-publica HTTP/1.1" 401 -
  "GET /api/inventario/terrenos/26c1194c-9f99-4160-8859-146c9e88d829/vista-publica HTTP/1.1" 401 -
  "GET /api/inventario/terrenos/26de1a8f-8f69-49d1-91a1-d17e200bd9d0/vista-publica HTTP/1.1" 401 -
  "GET /api/inventario/terrenos/27389396-2b8f-4c83-9ede-51fe027fbb74/vista-publica HTTP/1.1" 401 -
  "GET /api/mapas HTTP/1.1" 401 -
  "GET /api/mapas/1 HTTP/1.1" 401 -
  "GET /api/mapas/2 HTTP/1.1" 401 -
  "GET /api/mapas/3 HTTP/1.1" 401 -
  "GET /api/mapas/4 HTTP/1.1" 401 -
  "GET /api/mapas/999999 HTTP/1.1" 401 -
  "GET /api/mapas/1/terrenos HTTP/1.1" 401 -
  "GET /api/mapas/2/terrenos HTTP/1.1" 401 -
  "GET /api/mapas/3/terrenos HTTP/1.1" 401 -
  "GET /api/mapas/4/terrenos HTTP/1.1" 401 -
  "GET /api/mapas/999999/terrenos HTTP/1.1" 401 -
  "GET /api/carpetas?tipo=bases HTTP/1.1" 401 -
  "GET /api/carpetas?tipo=mapas HTTP/1.1" 401 -
  "GET /api/bases/1/terrenos?ids=1 HTTP/1.1" 401 -
  "GET /api/mapas/2/terrenos?capa=1 HTTP/1.1" 401 -
  "GET /api/inventario/terrenos?limit=250&include_archived=true HTTP/1.1" 401 -
  "GET /api/exportar HTTP/1.1" 401 -
  "GET /api/nope HTTP/1.1" 401 -
  "GET /api/bases/1/secreto HTTP/1.1" 401 -
  "GET /api/inventario HTTP/1.1" 401 -
  "GET /api/inventario/terrenos/x/y/z HTTP/1.1" 401 -
  "GET /api/BASES HTTP/1.1" 401 -
  "GET /api//bases HTTP/1.1" 401 -
  "GET /api/bases/ HTTP/1.1" 401 -
  "GET /api/./bases HTTP/1.1" 401 -
  "GET /api/bases%2F1 HTTP/1.1" 401 -
  "GET /api/publico/terrenos/../../bases HTTP/1.1" 401 -
  "GET /api/publico/terrenos/..%2f..%2fbases HTTP/1.1" 404 -
  "GET /api/publico/../bases HTTP/1.1" 401 -
  "GET /api/config/../bases HTTP/1.1" 401 -
  "GET /api/session/../mapas/1/terrenos HTTP/1.1" 401 -
  "GET /api/bases?x=/api/config HTTP/1.1" 401 -
  "GET /api/publico/terrenosX HTTP/1.1" 401 -
  "GET /api/publico HTTP/1.1" 401 -
  "GET /api/exportar/ HTTP/1.1" 401 -
  "GET /api/inventario/terrenos/ HTTP/1.1" 401 -
  "GET /api/INVENTARIO/terrenos HTTP/1.1" 401 -
  "GET /api/inventario/terrenos;x=1 HTTP/1.1" 401 -
  "GET /api/inventario//terrenos HTTP/1.1" 401 -
  "GET /api/inventario/terrenos%2f HTTP/1.1" 401 -
  "GET /api/inventario/terrenos?cursor=../.. HTTP/1.1" 401 -
  "GET /api/inventario/terrenos/%2e%2e/%2e%2e/bases HTTP/1.1" 401 -
  "GET /api/inventario/terrenos?limit=250&campos=contacto HTTP/1.1" 401 -
  "GET //api/inventario/terrenos HTTP/1.1" 401 -
  "GET //api/bases/1/terrenos HTTP/1.1" 401 -
  code 501, message Unsupported method ('HEAD')
  "HEAD /api/bases HTTP/1.1" 501 -
  code 501, message Unsupported method ('OPTIONS')
  "OPTIONS /api/bases HTTP/1.1" 501 -
  "POST /api/bases HTTP/1.1" 401 -
  "POST /api/bases/1 HTTP/1.1" 401 -
  "POST /api/bases/2 HTTP/1.1" 401 -
  "POST /api/bases/3 HTTP/1.1" 401 -
  "POST /api/bases/4 HTTP/1.1" 401 -
  "POST /api/bases/999999 HTTP/1.1" 401 -
  "POST /api/bases/1/terrenos HTTP/1.1" 401 -
  "POST /api/bases/2/terrenos HTTP/1.1" 401 -
  "POST /api/bases/3/terrenos HTTP/1.1" 401 -
  "POST /api/bases/4/terrenos HTTP/1.1" 401 -
  "POST /api/bases/999999/terrenos HTTP/1.1" 401 -
  "POST /api/carpetas HTTP/1.1" 401 -
  "POST /api/formatos HTTP/1.1" 401 -
  "POST /api/inventario/terrenos HTTP/1.1" 401 -
  "POST /api/inventario/terrenos/658e2564-74b4-46c1-9e6d-e71479707c81 HTTP/1.1" 401 -
  "POST /api/inventario/terrenos/03d61507-0b8b-4cf2-8d13-bebfffa16412 HTTP/1.1" 401 -
  "POST /api/inventario/terrenos/04187526-9c31-482b-b05a-cfcbbb9d3fe2 HTTP/1.1" 401 -
  "POST /api/inventario/terrenos/07afbc15-c0e8-410e-ad04-9899545c6f65 HTTP/1.1" 401 -
  "POST /api/inventario/terrenos/0894960d-43ce-45bc-b00c-ec75fd638ea2 HTTP/1.1" 401 -
  "POST /api/inventario/terrenos/0ab66022-ba19-4404-bd84-572ec9e92870 HTTP/1.1" 401 -
  "POST /api/inventario/terrenos/0b613bf6-f713-4efc-aac5-739782929e31 HTTP/1.1" 401 -
  "POST /api/inventario/terrenos/0be103db-08b6-455d-a422-50dc77c52ef2 HTTP/1.1" 401 -
  "POST /api/inventario/terrenos/0c72fbeb-6c1f-4b23-b37a-59ba27997c0c HTTP/1.1" 401 -
  "POST /api/inventario/terrenos/0de973b2-a5d2-4466-ad54-a830cf1595f2 HTTP/1.1" 401 -
  "POST /api/inventario/terrenos/0f55ce8f-bbd2-4912-8d83-637611177197 HTTP/1.1" 401 -
  "POST /api/inventario/terrenos/0ff77391-d7cd-473e-8478-9792106df348 HTTP/1.1" 401 -
  "POST /api/inventario/terrenos/11542e26-fa59-43cd-a8b7-056fdc21d156 HTTP/1.1" 401 -
  "POST /api/inventario/terrenos/119f1aec-319a-47cb-b0df-7839f8249609 HTTP/1.1" 401 -
  "POST /api/inventario/terrenos/128ba34b-d36d-444f-9688-ca4100956a94 HTTP/1.1" 401 -
  "POST /api/inventario/terrenos/12caac22-47ea-428c-93b2-1d7d8b854182 HTTP/1.1" 401 -
  "POST /api/inventario/terrenos/14994523-6e25-4a77-b67c-ca6be5658883 HTTP/1.1" 401 -
  "POST /api/inventario/terrenos/15bdb874-9405-4843-9457-289df31abc23 HTTP/1.1" 401 -
  "POST /api/inventario/terrenos/1748dce1-3b4f-4984-ba49-57c1f11432f3 HTTP/1.1" 401 -
  "POST /api/inventario/terrenos/188e3fc2-28e6-4c1b-8ce8-ca20c93f90a9 HTTP/1.1" 401 -
  "POST /api/inventario/terrenos/1b7b0241-2e9f-40b5-99c8-43fc79173f15 HTTP/1.1" 401 -
  "POST /api/inventario/terrenos/21499ea9-3b38-40ab-af0e-758724ec70d5 HTTP/1.1" 401 -
  "POST /api/inventario/terrenos/26939c14-e17c-487e-864c-601d079d33ee HTTP/1.1" 401 -
  "POST /api/inventario/terrenos/26c1194c-9f99-4160-8859-146c9e88d829 HTTP/1.1" 401 -
  "POST /api/inventario/terrenos/26de1a8f-8f69-49d1-91a1-d17e200bd9d0 HTTP/1.1" 401 -
  "POST /api/inventario/terrenos/27389396-2b8f-4c83-9ede-51fe027fbb74 HTTP/1.1" 401 -
  "POST /api/inventario/terrenos/658e2564-74b4-46c1-9e6d-e71479707c81/historial HTTP/1.1" 401 -
  "POST /api/inventario/terrenos/03d61507-0b8b-4cf2-8d13-bebfffa16412/historial HTTP/1.1" 401 -
  "POST /api/inventario/terrenos/04187526-9c31-482b-b05a-cfcbbb9d3fe2/historial HTTP/1.1" 401 -
  "POST /api/inventario/terrenos/07afbc15-c0e8-410e-ad04-9899545c6f65/historial HTTP/1.1" 401 -
  "POST /api/inventario/terrenos/0894960d-43ce-45bc-b00c-ec75fd638ea2/historial HTTP/1.1" 401 -
  "POST /api/inventario/terrenos/0ab66022-ba19-4404-bd84-572ec9e92870/historial HTTP/1.1" 401 -
  "POST /api/inventario/terrenos/0b613bf6-f713-4efc-aac5-739782929e31/historial HTTP/1.1" 401 -
  "POST /api/inventario/terrenos/0be103db-08b6-455d-a422-50dc77c52ef2/historial HTTP/1.1" 401 -
  "POST /api/inventario/terrenos/0c72fbeb-6c1f-4b23-b37a-59ba27997c0c/historial HTTP/1.1" 401 -
  "POST /api/inventario/terrenos/0de973b2-a5d2-4466-ad54-a830cf1595f2/historial HTTP/1.1" 401 -
  "POST /api/inventario/terrenos/0f55ce8f-bbd2-4912-8d83-637611177197/historial HTTP/1.1" 401 -
  "POST /api/inventario/terrenos/0ff77391-d7cd-473e-8478-9792106df348/historial HTTP/1.1" 401 -
  "POST /api/inventario/terrenos/11542e26-fa59-43cd-a8b7-056fdc21d156/historial HTTP/1.1" 401 -
  "POST /api/inventario/terrenos/119f1aec-319a-47cb-b0df-7839f8249609/historial HTTP/1.1" 401 -
  "POST /api/inventario/terrenos/128ba34b-d36d-444f-9688-ca4100956a94/historial HTTP/1.1" 401 -
  "POST /api/inventario/terrenos/12caac22-47ea-428c-93b2-1d7d8b854182/historial HTTP/1.1" 401 -
  "POST /api/inventario/terrenos/14994523-6e25-4a77-b67c-ca6be5658883/historial HTTP/1.1" 401 -
  "POST /api/inventario/terrenos/15bdb874-9405-4843-9457-289df31abc23/historial HTTP/1.1" 401 -
  "POST /api/inventario/terrenos/1748dce1-3b4f-4984-ba49-57c1f11432f3/historial HTTP/1.1" 401 -
  "POST /api/inventario/terrenos/188e3fc2-28e6-4c1b-8ce8-ca20c93f90a9/historial HTTP/1.1" 401 -
  "POST /api/inventario/terrenos/1b7b0241-2e9f-40b5-99c8-43fc79173f15/historial HTTP/1.1" 401 -
  "POST /api/inventario/terrenos/21499ea9-3b38-40ab-af0e-758724ec70d5/historial HTTP/1.1" 401 -
  "POST /api/inventario/terrenos/26939c14-e17c-487e-864c-601d079d33ee/historial HTTP/1.1" 401 -
  "POST /api/inventario/terrenos/26c1194c-9f99-4160-8859-146c9e88d829/historial HTTP/1.1" 401 -
  "POST /api/inventario/terrenos/26de1a8f-8f69-49d1-91a1-d17e200bd9d0/historial HTTP/1.1" 401 -
  "POST /api/inventario/terrenos/27389396-2b8f-4c83-9ede-51fe027fbb74/historial HTTP/1.1" 401 -
  "POST /api/inventario/terrenos/658e2564-74b4-46c1-9e6d-e71479707c81/vista-publica HTTP/1.1" 401 -
  "POST /api/inventario/terrenos/03d61507-0b8b-4cf2-8d13-bebfffa16412/vista-publica HTTP/1.1" 401 -
  "POST /api/inventario/terrenos/04187526-9c31-482b-b05a-cfcbbb9d3fe2/vista-publica HTTP/1.1" 401 -
  "POST /api/inventario/terrenos/07afbc15-c0e8-410e-ad04-9899545c6f65/vista-publica HTTP/1.1" 401 -
  "POST /api/inventario/terrenos/0894960d-43ce-45bc-b00c-ec75fd638ea2/vista-publica HTTP/1.1" 401 -
  "POST /api/inventario/terrenos/0ab66022-ba19-4404-bd84-572ec9e92870/vista-publica HTTP/1.1" 401 -
  "POST /api/inventario/terrenos/0b613bf6-f713-4efc-aac5-739782929e31/vista-publica HTTP/1.1" 401 -
  "POST /api/inventario/terrenos/0be103db-08b6-455d-a422-50dc77c52ef2/vista-publica HTTP/1.1" 401 -
  "POST /api/inventario/terrenos/0c72fbeb-6c1f-4b23-b37a-59ba27997c0c/vista-publica HTTP/1.1" 401 -
  "POST /api/inventario/terrenos/0de973b2-a5d2-4466-ad54-a830cf1595f2/vista-publica HTTP/1.1" 401 -
  "POST /api/inventario/terrenos/0f55ce8f-bbd2-4912-8d83-637611177197/vista-publica HTTP/1.1" 401 -
  "POST /api/inventario/terrenos/0ff77391-d7cd-473e-8478-9792106df348/vista-publica HTTP/1.1" 401 -
  "POST /api/inventario/terrenos/11542e26-fa59-43cd-a8b7-056fdc21d156/vista-publica HTTP/1.1" 401 -
  "POST /api/inventario/terrenos/119f1aec-319a-47cb-b0df-7839f8249609/vista-publica HTTP/1.1" 401 -
  "POST /api/inventario/terrenos/128ba34b-d36d-444f-9688-ca4100956a94/vista-publica HTTP/1.1" 401 -
  "POST /api/inventario/terrenos/12caac22-47ea-428c-93b2-1d7d8b854182/vista-publica HTTP/1.1" 401 -
  "POST /api/inventario/terrenos/14994523-6e25-4a77-b67c-ca6be5658883/vista-publica HTTP/1.1" 401 -
  "POST /api/inventario/terrenos/15bdb874-9405-4843-9457-289df31abc23/vista-publica HTTP/1.1" 401 -
  "POST /api/inventario/terrenos/1748dce1-3b4f-4984-ba49-57c1f11432f3/vista-publica HTTP/1.1" 401 -
  "POST /api/inventario/terrenos/188e3fc2-28e6-4c1b-8ce8-ca20c93f90a9/vista-publica HTTP/1.1" 401 -
  "POST /api/inventario/terrenos/1b7b0241-2e9f-40b5-99c8-43fc79173f15/vista-publica HTTP/1.1" 401 -
  "POST /api/inventario/terrenos/21499ea9-3b38-40ab-af0e-758724ec70d5/vista-publica HTTP/1.1" 401 -
  "POST /api/inventario/terrenos/26939c14-e17c-487e-864c-601d079d33ee/vista-publica HTTP/1.1" 401 -
  "POST /api/inventario/terrenos/26c1194c-9f99-4160-8859-146c9e88d829/vista-publica HTTP/1.1" 401 -
  "POST /api/inventario/terrenos/26de1a8f-8f69-49d1-91a1-d17e200bd9d0/vista-publica HTTP/1.1" 401 -
  "POST /api/inventario/terrenos/27389396-2b8f-4c83-9ede-51fe027fbb74/vista-publica HTTP/1.1" 401 -
  "POST /api/mapas HTTP/1.1" 401 -
  "POST /api/mapas/1 HTTP/1.1" 401 -
  "POST /api/mapas/2 HTTP/1.1" 401 -
  "POST /api/mapas/3 HTTP/1.1" 401 -
  "POST /api/mapas/4 HTTP/1.1" 401 -
  "POST /api/mapas/999999 HTTP/1.1" 401 -
  "POST /api/mapas/1/terrenos HTTP/1.1" 401 -
  "POST /api/mapas/2/terrenos HTTP/1.1" 401 -
  "POST /api/mapas/3/terrenos HTTP/1.1" 401 -
  "POST /api/mapas/4/terrenos HTTP/1.1" 401 -
  "POST /api/mapas/999999/terrenos HTTP/1.1" 401 -
  "POST /api/bases/1/adjuntar HTTP/1.1" 401 -
  "POST /api/bases/2/adjuntar HTTP/1.1" 401 -
  "POST /api/bases/3/adjuntar HTTP/1.1" 401 -
  "POST /api/bases/4/adjuntar HTTP/1.1" 401 -
  "POST /api/bases/999999/adjuntar HTTP/1.1" 401 -
  "POST /api/bases/1/terrenos HTTP/1.1" 401 -
  "POST /api/bases/2/terrenos HTTP/1.1" 401 -
  "POST /api/bases/3/terrenos HTTP/1.1" 401 -
  "POST /api/bases/4/terrenos HTTP/1.1" 401 -
  "POST /api/bases/999999/terrenos HTTP/1.1" 401 -
  "POST /api/carpetas HTTP/1.1" 401 -
  "POST /api/exportar HTTP/1.1" 401 -
  "POST /api/importar/analizar HTTP/1.1" 401 -
  "POST /api/importar/confirmar HTTP/1.1" 401 -
  "POST /api/importar/preparar HTTP/1.1" 401 -
  "POST /api/importar/vista-previa HTTP/1.1" 401 -
  "POST /api/inventario/terrenos HTTP/1.1" 401 -
  "POST /api/inventario/terrenos/658e2564-74b4-46c1-9e6d-e71479707c81/archivar HTTP/1.1" 401 -
  "POST /api/inventario/terrenos/03d61507-0b8b-4cf2-8d13-bebfffa16412/archivar HTTP/1.1" 401 -
  "POST /api/inventario/terrenos/04187526-9c31-482b-b05a-cfcbbb9d3fe2/archivar HTTP/1.1" 401 -
  "POST /api/inventario/terrenos/07afbc15-c0e8-410e-ad04-9899545c6f65/archivar HTTP/1.1" 401 -
  "POST /api/inventario/terrenos/0894960d-43ce-45bc-b00c-ec75fd638ea2/archivar HTTP/1.1" 401 -
  "POST /api/inventario/terrenos/0ab66022-ba19-4404-bd84-572ec9e92870/archivar HTTP/1.1" 401 -
  "POST /api/inventario/terrenos/0b613bf6-f713-4efc-aac5-739782929e31/archivar HTTP/1.1" 401 -
  "POST /api/inventario/terrenos/0be103db-08b6-455d-a422-50dc77c52ef2/archivar HTTP/1.1" 401 -
  "POST /api/inventario/terrenos/0c72fbeb-6c1f-4b23-b37a-59ba27997c0c/archivar HTTP/1.1" 401 -
  "POST /api/inventario/terrenos/0de973b2-a5d2-4466-ad54-a830cf1595f2/archivar HTTP/1.1" 401 -
  "POST /api/inventario/terrenos/0f55ce8f-bbd2-4912-8d83-637611177197/archivar HTTP/1.1" 401 -
  "POST /api/inventario/terrenos/0ff77391-d7cd-473e-8478-9792106df348/archivar HTTP/1.1" 401 -
  "POST /api/inventario/terrenos/11542e26-fa59-43cd-a8b7-056fdc21d156/archivar HTTP/1.1" 401 -
  "POST /api/inventario/terrenos/119f1aec-319a-47cb-b0df-7839f8249609/archivar HTTP/1.1" 401 -
  "POST /api/inventario/terrenos/128ba34b-d36d-444f-9688-ca4100956a94/archivar HTTP/1.1" 401 -
  "POST /api/inventario/terrenos/12caac22-47ea-428c-93b2-1d7d8b854182/archivar HTTP/1.1" 401 -
  "POST /api/inventario/terrenos/14994523-6e25-4a77-b67c-ca6be5658883/archivar HTTP/1.1" 401 -
  "POST /api/inventario/terrenos/15bdb874-9405-4843-9457-289df31abc23/archivar HTTP/1.1" 401 -
  "POST /api/inventario/terrenos/1748dce1-3b4f-4984-ba49-57c1f11432f3/archivar HTTP/1.1" 401 -
  "POST /api/inventario/terrenos/188e3fc2-28e6-4c1b-8ce8-ca20c93f90a9/archivar HTTP/1.1" 401 -
  "POST /api/inventario/terrenos/1b7b0241-2e9f-40b5-99c8-43fc79173f15/archivar HTTP/1.1" 401 -
  "POST /api/inventario/terrenos/21499ea9-3b38-40ab-af0e-758724ec70d5/archivar HTTP/1.1" 401 -
  "POST /api/inventario/terrenos/26939c14-e17c-487e-864c-601d079d33ee/archivar HTTP/1.1" 401 -
  "POST /api/inventario/terrenos/26c1194c-9f99-4160-8859-146c9e88d829/archivar HTTP/1.1" 401 -
  "POST /api/inventario/terrenos/26de1a8f-8f69-49d1-91a1-d17e200bd9d0/archivar HTTP/1.1" 401 -
  "POST /api/inventario/terrenos/27389396-2b8f-4c83-9ede-51fe027fbb74/archivar HTTP/1.1" 401 -
  "POST /api/inventario/terrenos/658e2564-74b4-46c1-9e6d-e71479707c81/despublicar HTTP/1.1" 401 -
  "POST /api/inventario/terrenos/03d61507-0b8b-4cf2-8d13-bebfffa16412/despublicar HTTP/1.1" 401 -
  "POST /api/inventario/terrenos/04187526-9c31-482b-b05a-cfcbbb9d3fe2/despublicar HTTP/1.1" 401 -
  "POST /api/inventario/terrenos/07afbc15-c0e8-410e-ad04-9899545c6f65/despublicar HTTP/1.1" 401 -
  "POST /api/inventario/terrenos/0894960d-43ce-45bc-b00c-ec75fd638ea2/despublicar HTTP/1.1" 401 -
  "POST /api/inventario/terrenos/0ab66022-ba19-4404-bd84-572ec9e92870/despublicar HTTP/1.1" 401 -
  "POST /api/inventario/terrenos/0b613bf6-f713-4efc-aac5-739782929e31/despublicar HTTP/1.1" 401 -
  "POST /api/inventario/terrenos/0be103db-08b6-455d-a422-50dc77c52ef2/despublicar HTTP/1.1" 401 -
  "POST /api/inventario/terrenos/0c72fbeb-6c1f-4b23-b37a-59ba27997c0c/despublicar HTTP/1.1" 401 -
  "POST /api/inventario/terrenos/0de973b2-a5d2-4466-ad54-a830cf1595f2/despublicar HTTP/1.1" 401 -
  "POST /api/inventario/terrenos/0f55ce8f-bbd2-4912-8d83-637611177197/despublicar HTTP/1.1" 401 -
  "POST /api/inventario/terrenos/0ff77391-d7cd-473e-8478-9792106df348/despublicar HTTP/1.1" 401 -
  "POST /api/inventario/terrenos/11542e26-fa59-43cd-a8b7-056fdc21d156/despublicar HTTP/1.1" 401 -
  "POST /api/inventario/terrenos/119f1aec-319a-47cb-b0df-7839f8249609/despublicar HTTP/1.1" 401 -
  "POST /api/inventario/terrenos/128ba34b-d36d-444f-9688-ca4100956a94/despublicar HTTP/1.1" 401 -
  "POST /api/inventario/terrenos/12caac22-47ea-428c-93b2-1d7d8b854182/despublicar HTTP/1.1" 401 -
  "POST /api/inventario/terrenos/14994523-6e25-4a77-b67c-ca6be5658883/despublicar HTTP/1.1" 401 -
  "POST /api/inventario/terrenos/15bdb874-9405-4843-9457-289df31abc23/despublicar HTTP/1.1" 401 -
  "POST /api/inventario/terrenos/1748dce1-3b4f-4984-ba49-57c1f11432f3/despublicar HTTP/1.1" 401 -
  "POST /api/inventario/terrenos/188e3fc2-28e6-4c1b-8ce8-ca20c93f90a9/despublicar HTTP/1.1" 401 -
  "POST /api/inventario/terrenos/1b7b0241-2e9f-40b5-99c8-43fc79173f15/despublicar HTTP/1.1" 401 -
  "POST /api/inventario/terrenos/21499ea9-3b38-40ab-af0e-758724ec70d5/despublicar HTTP/1.1" 401 -
  "POST /api/inventario/terrenos/26939c14-e17c-487e-864c-601d079d33ee/despublicar HTTP/1.1" 401 -
  "POST /api/inventario/terrenos/26c1194c-9f99-4160-8859-146c9e88d829/despublicar HTTP/1.1" 401 -
  "POST /api/inventario/terrenos/26de1a8f-8f69-49d1-91a1-d17e200bd9d0/despublicar HTTP/1.1" 401 -
  "POST /api/inventario/terrenos/27389396-2b8f-4c83-9ede-51fe027fbb74/despublicar HTTP/1.1" 401 -
  "POST /api/inventario/terrenos/658e2564-74b4-46c1-9e6d-e71479707c81/publicar HTTP/1.1" 401 -
  "POST /api/inventario/terrenos/03d61507-0b8b-4cf2-8d13-bebfffa16412/publicar HTTP/1.1" 401 -
  "POST /api/inventario/terrenos/04187526-9c31-482b-b05a-cfcbbb9d3fe2/publicar HTTP/1.1" 401 -
  "POST /api/inventario/terrenos/07afbc15-c0e8-410e-ad04-9899545c6f65/publicar HTTP/1.1" 401 -
  "POST /api/inventario/terrenos/0894960d-43ce-45bc-b00c-ec75fd638ea2/publicar HTTP/1.1" 401 -
  "POST /api/inventario/terrenos/0ab66022-ba19-4404-bd84-572ec9e92870/publicar HTTP/1.1" 401 -
  "POST /api/inventario/terrenos/0b613bf6-f713-4efc-aac5-739782929e31/publicar HTTP/1.1" 401 -
  "POST /api/inventario/terrenos/0be103db-08b6-455d-a422-50dc77c52ef2/publicar HTTP/1.1" 401 -
  "POST /api/inventario/terrenos/0c72fbeb-6c1f-4b23-b37a-59ba27997c0c/publicar HTTP/1.1" 401 -
  "POST /api/inventario/terrenos/0de973b2-a5d2-4466-ad54-a830cf1595f2/publicar HTTP/1.1" 401 -
  "POST /api/inventario/terrenos/0f55ce8f-bbd2-4912-8d83-637611177197/publicar HTTP/1.1" 401 -
  "POST /api/inventario/terrenos/0ff77391-d7cd-473e-8478-9792106df348/publicar HTTP/1.1" 401 -
  "POST /api/inventario/terrenos/11542e26-fa59-43cd-a8b7-056fdc21d156/publicar HTTP/1.1" 401 -
  "POST /api/inventario/terrenos/119f1aec-319a-47cb-b0df-7839f8249609/publicar HTTP/1.1" 401 -
  "POST /api/inventario/terrenos/128ba34b-d36d-444f-9688-ca4100956a94/publicar HTTP/1.1" 401 -
  "POST /api/inventario/terrenos/12caac22-47ea-428c-93b2-1d7d8b854182/publicar HTTP/1.1" 401 -
  "POST /api/inventario/terrenos/14994523-6e25-4a77-b67c-ca6be5658883/publicar HTTP/1.1" 401 -
  "POST /api/inventario/terrenos/15bdb874-9405-4843-9457-289df31abc23/publicar HTTP/1.1" 401 -
  "POST /api/inventario/terrenos/1748dce1-3b4f-4984-ba49-57c1f11432f3/publicar HTTP/1.1" 401 -
  "POST /api/inventario/terrenos/188e3fc2-28e6-4c1b-8ce8-ca20c93f90a9/publicar HTTP/1.1" 401 -
  "POST /api/inventario/terrenos/1b7b0241-2e9f-40b5-99c8-43fc79173f15/publicar HTTP/1.1" 401 -
  "POST /api/inventario/terrenos/21499ea9-3b38-40ab-af0e-758724ec70d5/publicar HTTP/1.1" 401 -
  "POST /api/inventario/terrenos/26939c14-e17c-487e-864c-601d079d33ee/publicar HTTP/1.1" 401 -
  "POST /api/inventario/terrenos/26c1194c-9f99-4160-8859-146c9e88d829/publicar HTTP/1.1" 401 -
  "POST /api/inventario/terrenos/26de1a8f-8f69-49d1-91a1-d17e200bd9d0/publicar HTTP/1.1" 401 -
  "POST /api/inventario/terrenos/27389396-2b8f-4c83-9ede-51fe027fbb74/publicar HTTP/1.1" 401 -
  "POST /api/inventario/terrenos/658e2564-74b4-46c1-9e6d-e71479707c81/restaurar HTTP/1.1" 401 -
  "POST /api/inventario/terrenos/03d61507-0b8b-4cf2-8d13-bebfffa16412/restaurar HTTP/1.1" 401 -
  "POST /api/inventario/terrenos/04187526-9c31-482b-b05a-cfcbbb9d3fe2/restaurar HTTP/1.1" 401 -
  "POST /api/inventario/terrenos/07afbc15-c0e8-410e-ad04-9899545c6f65/restaurar HTTP/1.1" 401 -
  "POST /api/inventario/terrenos/0894960d-43ce-45bc-b00c-ec75fd638ea2/restaurar HTTP/1.1" 401 -
  "POST /api/inventario/terrenos/0ab66022-ba19-4404-bd84-572ec9e92870/restaurar HTTP/1.1" 401 -
  "POST /api/inventario/terrenos/0b613bf6-f713-4efc-aac5-739782929e31/restaurar HTTP/1.1" 401 -
  "POST /api/inventario/terrenos/0be103db-08b6-455d-a422-50dc77c52ef2/restaurar HTTP/1.1" 401 -
  "POST /api/inventario/terrenos/0c72fbeb-6c1f-4b23-b37a-59ba27997c0c/restaurar HTTP/1.1" 401 -
  "POST /api/inventario/terrenos/0de973b2-a5d2-4466-ad54-a830cf1595f2/restaurar HTTP/1.1" 401 -
  "POST /api/inventario/terrenos/0f55ce8f-bbd2-4912-8d83-637611177197/restaurar HTTP/1.1" 401 -
  "POST /api/inventario/terrenos/0ff77391-d7cd-473e-8478-9792106df348/restaurar HTTP/1.1" 401 -
  "POST /api/inventario/terrenos/11542e26-fa59-43cd-a8b7-056fdc21d156/restaurar HTTP/1.1" 401 -
  "POST /api/inventario/terrenos/119f1aec-319a-47cb-b0df-7839f8249609/restaurar HTTP/1.1" 401 -
  "POST /api/inventario/terrenos/128ba34b-d36d-444f-9688-ca4100956a94/restaurar HTTP/1.1" 401 -
  "POST /api/inventario/terrenos/12caac22-47ea-428c-93b2-1d7d8b854182/restaurar HTTP/1.1" 401 -
  "POST /api/inventario/terrenos/14994523-6e25-4a77-b67c-ca6be5658883/restaurar HTTP/1.1" 401 -
  "POST /api/inventario/terrenos/15bdb874-9405-4843-9457-289df31abc23/restaurar HTTP/1.1" 401 -
  "POST /api/inventario/terrenos/1748dce1-3b4f-4984-ba49-57c1f11432f3/restaurar HTTP/1.1" 401 -
  "POST /api/inventario/terrenos/188e3fc2-28e6-4c1b-8ce8-ca20c93f90a9/restaurar HTTP/1.1" 401 -
  "POST /api/inventario/terrenos/1b7b0241-2e9f-40b5-99c8-43fc79173f15/restaurar HTTP/1.1" 401 -
  "POST /api/inventario/terrenos/21499ea9-3b38-40ab-af0e-758724ec70d5/restaurar HTTP/1.1" 401 -
  "POST /api/inventario/terrenos/26939c14-e17c-487e-864c-601d079d33ee/restaurar HTTP/1.1" 401 -
  "POST /api/inventario/terrenos/26c1194c-9f99-4160-8859-146c9e88d829/restaurar HTTP/1.1" 401 -
  "POST /api/inventario/terrenos/26de1a8f-8f69-49d1-91a1-d17e200bd9d0/restaurar HTTP/1.1" 401 -
  "POST /api/inventario/terrenos/27389396-2b8f-4c83-9ede-51fe027fbb74/restaurar HTTP/1.1" 401 -
  "POST /api/mapas HTTP/1.1" 401 -
  "POST /api/mapas/1/actualizar HTTP/1.1" 401 -
  "POST /api/mapas/2/actualizar HTTP/1.1" 401 -
  "POST /api/mapas/3/actualizar HTTP/1.1" 401 -
  "POST /api/mapas/4/actualizar HTTP/1.1" 401 -
  "POST /api/mapas/999999/actualizar HTTP/1.1" 401 -
  "POST /api/mapas/combinar HTTP/1.1" 401 -
  "POST /api/mapas/combinar/vista-previa HTTP/1.1" 401 -
  "POST /api/exportar HTTP/1.1" 401 -
  "POST /api/exportar HTTP/1.1" 401 -
  "POST /api/exportar HTTP/1.1" 401 -
  "POST /api/exportar HTTP/1.1" 401 -
  "POST /api/exportar HTTP/1.1" 401 -
  "POST /api/exportar HTTP/1.1" 401 -
  "POST /api/exportar HTTP/1.1" 401 -
  "POST /api/exportar HTTP/1.1" 401 -
  "POST /api/exportar HTTP/1.1" 401 -
  "PATCH /api/bases HTTP/1.1" 401 -
  "PATCH /api/bases/1 HTTP/1.1" 401 -
  "PATCH /api/bases/2 HTTP/1.1" 401 -
  "PATCH /api/bases/3 HTTP/1.1" 401 -
  "PATCH /api/bases/4 HTTP/1.1" 401 -
  "PATCH /api/bases/999999 HTTP/1.1" 401 -
  "PATCH /api/bases/1/terrenos HTTP/1.1" 401 -
  "PATCH /api/bases/2/terrenos HTTP/1.1" 401 -
  "PATCH /api/bases/3/terrenos HTTP/1.1" 401 -
  "PATCH /api/bases/4/terrenos HTTP/1.1" 401 -
  "PATCH /api/bases/999999/terrenos HTTP/1.1" 401 -
  "PATCH /api/carpetas HTTP/1.1" 401 -
  "PATCH /api/formatos HTTP/1.1" 401 -
  "PATCH /api/inventario/terrenos HTTP/1.1" 401 -
  "PATCH /api/inventario/terrenos/658e2564-74b4-46c1-9e6d-e71479707c81 HTTP/1.1" 401 -
  "PATCH /api/inventario/terrenos/03d61507-0b8b-4cf2-8d13-bebfffa16412 HTTP/1.1" 401 -
  "PATCH /api/inventario/terrenos/04187526-9c31-482b-b05a-cfcbbb9d3fe2 HTTP/1.1" 401 -
  "PATCH /api/inventario/terrenos/07afbc15-c0e8-410e-ad04-9899545c6f65 HTTP/1.1" 401 -
  "PATCH /api/inventario/terrenos/0894960d-43ce-45bc-b00c-ec75fd638ea2 HTTP/1.1" 401 -
  "PATCH /api/inventario/terrenos/0ab66022-ba19-4404-bd84-572ec9e92870 HTTP/1.1" 401 -
  "PATCH /api/inventario/terrenos/0b613bf6-f713-4efc-aac5-739782929e31 HTTP/1.1" 401 -
  "PATCH /api/inventario/terrenos/0be103db-08b6-455d-a422-50dc77c52ef2 HTTP/1.1" 401 -
  "PATCH /api/inventario/terrenos/0c72fbeb-6c1f-4b23-b37a-59ba27997c0c HTTP/1.1" 401 -
  "PATCH /api/inventario/terrenos/0de973b2-a5d2-4466-ad54-a830cf1595f2 HTTP/1.1" 401 -
  "PATCH /api/inventario/terrenos/0f55ce8f-bbd2-4912-8d83-637611177197 HTTP/1.1" 401 -
  "PATCH /api/inventario/terrenos/0ff77391-d7cd-473e-8478-9792106df348 HTTP/1.1" 401 -
  "PATCH /api/inventario/terrenos/11542e26-fa59-43cd-a8b7-056fdc21d156 HTTP/1.1" 401 -
  "PATCH /api/inventario/terrenos/119f1aec-319a-47cb-b0df-7839f8249609 HTTP/1.1" 401 -
  "PATCH /api/inventario/terrenos/128ba34b-d36d-444f-9688-ca4100956a94 HTTP/1.1" 401 -
  "PATCH /api/inventario/terrenos/12caac22-47ea-428c-93b2-1d7d8b854182 HTTP/1.1" 401 -
  "PATCH /api/inventario/terrenos/14994523-6e25-4a77-b67c-ca6be5658883 HTTP/1.1" 401 -
  "PATCH /api/inventario/terrenos/15bdb874-9405-4843-9457-289df31abc23 HTTP/1.1" 401 -
  "PATCH /api/inventario/terrenos/1748dce1-3b4f-4984-ba49-57c1f11432f3 HTTP/1.1" 401 -
  "PATCH /api/inventario/terrenos/188e3fc2-28e6-4c1b-8ce8-ca20c93f90a9 HTTP/1.1" 401 -
  "PATCH /api/inventario/terrenos/1b7b0241-2e9f-40b5-99c8-43fc79173f15 HTTP/1.1" 401 -
  "PATCH /api/inventario/terrenos/21499ea9-3b38-40ab-af0e-758724ec70d5 HTTP/1.1" 401 -
  "PATCH /api/inventario/terrenos/26939c14-e17c-487e-864c-601d079d33ee HTTP/1.1" 401 -
  "PATCH /api/inventario/terrenos/26c1194c-9f99-4160-8859-146c9e88d829 HTTP/1.1" 401 -
  "PATCH /api/inventario/terrenos/26de1a8f-8f69-49d1-91a1-d17e200bd9d0 HTTP/1.1" 401 -
  "PATCH /api/inventario/terrenos/27389396-2b8f-4c83-9ede-51fe027fbb74 HTTP/1.1" 401 -
  "PATCH /api/inventario/terrenos/658e2564-74b4-46c1-9e6d-e71479707c81/historial HTTP/1.1" 401 -
  "PATCH /api/inventario/terrenos/03d61507-0b8b-4cf2-8d13-bebfffa16412/historial HTTP/1.1" 401 -
  "PATCH /api/inventario/terrenos/04187526-9c31-482b-b05a-cfcbbb9d3fe2/historial HTTP/1.1" 401 -
  "PATCH /api/inventario/terrenos/07afbc15-c0e8-410e-ad04-9899545c6f65/historial HTTP/1.1" 401 -
  "PATCH /api/inventario/terrenos/0894960d-43ce-45bc-b00c-ec75fd638ea2/historial HTTP/1.1" 401 -
  "PATCH /api/inventario/terrenos/0ab66022-ba19-4404-bd84-572ec9e92870/historial HTTP/1.1" 401 -
  "PATCH /api/inventario/terrenos/0b613bf6-f713-4efc-aac5-739782929e31/historial HTTP/1.1" 401 -
  "PATCH /api/inventario/terrenos/0be103db-08b6-455d-a422-50dc77c52ef2/historial HTTP/1.1" 401 -
  "PATCH /api/inventario/terrenos/0c72fbeb-6c1f-4b23-b37a-59ba27997c0c/historial HTTP/1.1" 401 -
  "PATCH /api/inventario/terrenos/0de973b2-a5d2-4466-ad54-a830cf1595f2/historial HTTP/1.1" 401 -
  "PATCH /api/inventario/terrenos/0f55ce8f-bbd2-4912-8d83-637611177197/historial HTTP/1.1" 401 -
  "PATCH /api/inventario/terrenos/0ff77391-d7cd-473e-8478-9792106df348/historial HTTP/1.1" 401 -
  "PATCH /api/inventario/terrenos/11542e26-fa59-43cd-a8b7-056fdc21d156/historial HTTP/1.1" 401 -
  "PATCH /api/inventario/terrenos/119f1aec-319a-47cb-b0df-7839f8249609/historial HTTP/1.1" 401 -
  "PATCH /api/inventario/terrenos/128ba34b-d36d-444f-9688-ca4100956a94/historial HTTP/1.1" 401 -
  "PATCH /api/inventario/terrenos/12caac22-47ea-428c-93b2-1d7d8b854182/historial HTTP/1.1" 401 -
  "PATCH /api/inventario/terrenos/14994523-6e25-4a77-b67c-ca6be5658883/historial HTTP/1.1" 401 -
  "PATCH /api/inventario/terrenos/15bdb874-9405-4843-9457-289df31abc23/historial HTTP/1.1" 401 -
  "PATCH /api/inventario/terrenos/1748dce1-3b4f-4984-ba49-57c1f11432f3/historial HTTP/1.1" 401 -
  "PATCH /api/inventario/terrenos/188e3fc2-28e6-4c1b-8ce8-ca20c93f90a9/historial HTTP/1.1" 401 -
  "PATCH /api/inventario/terrenos/1b7b0241-2e9f-40b5-99c8-43fc79173f15/historial HTTP/1.1" 401 -
  "PATCH /api/inventario/terrenos/21499ea9-3b38-40ab-af0e-758724ec70d5/historial HTTP/1.1" 401 -
  "PATCH /api/inventario/terrenos/26939c14-e17c-487e-864c-601d079d33ee/historial HTTP/1.1" 401 -
  "PATCH /api/inventario/terrenos/26c1194c-9f99-4160-8859-146c9e88d829/historial HTTP/1.1" 401 -
  "PATCH /api/inventario/terrenos/26de1a8f-8f69-49d1-91a1-d17e200bd9d0/historial HTTP/1.1" 401 -
  "PATCH /api/inventario/terrenos/27389396-2b8f-4c83-9ede-51fe027fbb74/historial HTTP/1.1" 401 -
  "PATCH /api/inventario/terrenos/658e2564-74b4-46c1-9e6d-e71479707c81/vista-publica HTTP/1.1" 401 -
  "PATCH /api/inventario/terrenos/03d61507-0b8b-4cf2-8d13-bebfffa16412/vista-publica HTTP/1.1" 401 -
  "PATCH /api/inventario/terrenos/04187526-9c31-482b-b05a-cfcbbb9d3fe2/vista-publica HTTP/1.1" 401 -
  "PATCH /api/inventario/terrenos/07afbc15-c0e8-410e-ad04-9899545c6f65/vista-publica HTTP/1.1" 401 -
  "PATCH /api/inventario/terrenos/0894960d-43ce-45bc-b00c-ec75fd638ea2/vista-publica HTTP/1.1" 401 -
  "PATCH /api/inventario/terrenos/0ab66022-ba19-4404-bd84-572ec9e92870/vista-publica HTTP/1.1" 401 -
  "PATCH /api/inventario/terrenos/0b613bf6-f713-4efc-aac5-739782929e31/vista-publica HTTP/1.1" 401 -
  "PATCH /api/inventario/terrenos/0be103db-08b6-455d-a422-50dc77c52ef2/vista-publica HTTP/1.1" 401 -
  "PATCH /api/inventario/terrenos/0c72fbeb-6c1f-4b23-b37a-59ba27997c0c/vista-publica HTTP/1.1" 401 -
  "PATCH /api/inventario/terrenos/0de973b2-a5d2-4466-ad54-a830cf1595f2/vista-publica HTTP/1.1" 401 -
  "PATCH /api/inventario/terrenos/0f55ce8f-bbd2-4912-8d83-637611177197/vista-publica HTTP/1.1" 401 -
  "PATCH /api/inventario/terrenos/0ff77391-d7cd-473e-8478-9792106df348/vista-publica HTTP/1.1" 401 -
  "PATCH /api/inventario/terrenos/11542e26-fa59-43cd-a8b7-056fdc21d156/vista-publica HTTP/1.1" 401 -
  "PATCH /api/inventario/terrenos/119f1aec-319a-47cb-b0df-7839f8249609/vista-publica HTTP/1.1" 401 -
  "PATCH /api/inventario/terrenos/128ba34b-d36d-444f-9688-ca4100956a94/vista-publica HTTP/1.1" 401 -
  "PATCH /api/inventario/terrenos/12caac22-47ea-428c-93b2-1d7d8b854182/vista-publica HTTP/1.1" 401 -
  "PATCH /api/inventario/terrenos/14994523-6e25-4a77-b67c-ca6be5658883/vista-publica HTTP/1.1" 401 -
  "PATCH /api/inventario/terrenos/15bdb874-9405-4843-9457-289df31abc23/vista-publica HTTP/1.1" 401 -
  "PATCH /api/inventario/terrenos/1748dce1-3b4f-4984-ba49-57c1f11432f3/vista-publica HTTP/1.1" 401 -
  "PATCH /api/inventario/terrenos/188e3fc2-28e6-4c1b-8ce8-ca20c93f90a9/vista-publica HTTP/1.1" 401 -
  "PATCH /api/inventario/terrenos/1b7b0241-2e9f-40b5-99c8-43fc79173f15/vista-publica HTTP/1.1" 401 -
  "PATCH /api/inventario/terrenos/21499ea9-3b38-40ab-af0e-758724ec70d5/vista-publica HTTP/1.1" 401 -
  "PATCH /api/inventario/terrenos/26939c14-e17c-487e-864c-601d079d33ee/vista-publica HTTP/1.1" 401 -
  "PATCH /api/inventario/terrenos/26c1194c-9f99-4160-8859-146c9e88d829/vista-publica HTTP/1.1" 401 -
  "PATCH /api/inventario/terrenos/26de1a8f-8f69-49d1-91a1-d17e200bd9d0/vista-publica HTTP/1.1" 401 -
  "PATCH /api/inventario/terrenos/27389396-2b8f-4c83-9ede-51fe027fbb74/vista-publica HTTP/1.1" 401 -
  "PATCH /api/mapas HTTP/1.1" 401 -
  "PATCH /api/mapas/1 HTTP/1.1" 401 -
  "PATCH /api/mapas/2 HTTP/1.1" 401 -
  "PATCH /api/mapas/3 HTTP/1.1" 401 -
  "PATCH /api/mapas/4 HTTP/1.1" 401 -
  "PATCH /api/mapas/999999 HTTP/1.1" 401 -
  "PATCH /api/mapas/1/terrenos HTTP/1.1" 401 -
  "PATCH /api/mapas/2/terrenos HTTP/1.1" 401 -
  "PATCH /api/mapas/3/terrenos HTTP/1.1" 401 -
  "PATCH /api/mapas/4/terrenos HTTP/1.1" 401 -
  "PATCH /api/mapas/999999/terrenos HTTP/1.1" 401 -
  "PATCH /api/bases/1 HTTP/1.1" 401 -
  "PATCH /api/bases/2 HTTP/1.1" 401 -
  "PATCH /api/bases/3 HTTP/1.1" 401 -
  "PATCH /api/bases/4 HTTP/1.1" 401 -
  "PATCH /api/bases/999999 HTTP/1.1" 401 -
  "PATCH /api/bases/1/carpeta HTTP/1.1" 401 -
  "PATCH /api/bases/2/carpeta HTTP/1.1" 401 -
  "PATCH /api/bases/3/carpeta HTTP/1.1" 401 -
  "PATCH /api/bases/4/carpeta HTTP/1.1" 401 -
  "PATCH /api/bases/999999/carpeta HTTP/1.1" 401 -
  "PATCH /api/carpetas/1 HTTP/1.1" 401 -
  "PATCH /api/carpetas/2 HTTP/1.1" 401 -
  "PATCH /api/carpetas/3 HTTP/1.1" 401 -
  "PATCH /api/carpetas/4 HTTP/1.1" 401 -
  "PATCH /api/carpetas/999999 HTTP/1.1" 401 -
  "PATCH /api/formatos/1 HTTP/1.1" 401 -
  "PATCH /api/formatos/2 HTTP/1.1" 401 -
  "PATCH /api/formatos/3 HTTP/1.1" 401 -
  "PATCH /api/formatos/4 HTTP/1.1" 401 -
  "PATCH /api/formatos/999999 HTTP/1.1" 401 -
  "PATCH /api/inventario/terrenos/658e2564-74b4-46c1-9e6d-e71479707c81 HTTP/1.1" 401 -
  "PATCH /api/inventario/terrenos/03d61507-0b8b-4cf2-8d13-bebfffa16412 HTTP/1.1" 401 -
  "PATCH /api/inventario/terrenos/04187526-9c31-482b-b05a-cfcbbb9d3fe2 HTTP/1.1" 401 -
  "PATCH /api/inventario/terrenos/07afbc15-c0e8-410e-ad04-9899545c6f65 HTTP/1.1" 401 -
  "PATCH /api/inventario/terrenos/0894960d-43ce-45bc-b00c-ec75fd638ea2 HTTP/1.1" 401 -
  "PATCH /api/inventario/terrenos/0ab66022-ba19-4404-bd84-572ec9e92870 HTTP/1.1" 401 -
  "PATCH /api/inventario/terrenos/0b613bf6-f713-4efc-aac5-739782929e31 HTTP/1.1" 401 -
  "PATCH /api/inventario/terrenos/0be103db-08b6-455d-a422-50dc77c52ef2 HTTP/1.1" 401 -
  "PATCH /api/inventario/terrenos/0c72fbeb-6c1f-4b23-b37a-59ba27997c0c HTTP/1.1" 401 -
  "PATCH /api/inventario/terrenos/0de973b2-a5d2-4466-ad54-a830cf1595f2 HTTP/1.1" 401 -
  "PATCH /api/inventario/terrenos/0f55ce8f-bbd2-4912-8d83-637611177197 HTTP/1.1" 401 -
  "PATCH /api/inventario/terrenos/0ff77391-d7cd-473e-8478-9792106df348 HTTP/1.1" 401 -
  "PATCH /api/inventario/terrenos/11542e26-fa59-43cd-a8b7-056fdc21d156 HTTP/1.1" 401 -
  "PATCH /api/inventario/terrenos/119f1aec-319a-47cb-b0df-7839f8249609 HTTP/1.1" 401 -
  "PATCH /api/inventario/terrenos/128ba34b-d36d-444f-9688-ca4100956a94 HTTP/1.1" 401 -
  "PATCH /api/inventario/terrenos/12caac22-47ea-428c-93b2-1d7d8b854182 HTTP/1.1" 401 -
  "PATCH /api/inventario/terrenos/14994523-6e25-4a77-b67c-ca6be5658883 HTTP/1.1" 401 -
  "PATCH /api/inventario/terrenos/15bdb874-9405-4843-9457-289df31abc23 HTTP/1.1" 401 -
  "PATCH /api/inventario/terrenos/1748dce1-3b4f-4984-ba49-57c1f11432f3 HTTP/1.1" 401 -
  "PATCH /api/inventario/terrenos/188e3fc2-28e6-4c1b-8ce8-ca20c93f90a9 HTTP/1.1" 401 -
  "PATCH /api/inventario/terrenos/1b7b0241-2e9f-40b5-99c8-43fc79173f15 HTTP/1.1" 401 -
  "PATCH /api/inventario/terrenos/21499ea9-3b38-40ab-af0e-758724ec70d5 HTTP/1.1" 401 -
  "PATCH /api/inventario/terrenos/26939c14-e17c-487e-864c-601d079d33ee HTTP/1.1" 401 -
  "PATCH /api/inventario/terrenos/26c1194c-9f99-4160-8859-146c9e88d829 HTTP/1.1" 401 -
  "PATCH /api/inventario/terrenos/26de1a8f-8f69-49d1-91a1-d17e200bd9d0 HTTP/1.1" 401 -
  "PATCH /api/inventario/terrenos/27389396-2b8f-4c83-9ede-51fe027fbb74 HTTP/1.1" 401 -
  "PATCH /api/mapas/1 HTTP/1.1" 401 -
  "PATCH /api/mapas/2 HTTP/1.1" 401 -
  "PATCH /api/mapas/3 HTTP/1.1" 401 -
  "PATCH /api/mapas/4 HTTP/1.1" 401 -
  "PATCH /api/mapas/999999 HTTP/1.1" 401 -
  "PATCH /api/mapas/1/carpeta HTTP/1.1" 401 -
  "PATCH /api/mapas/2/carpeta HTTP/1.1" 401 -
  "PATCH /api/mapas/3/carpeta HTTP/1.1" 401 -
  "PATCH /api/mapas/4/carpeta HTTP/1.1" 401 -
  "PATCH /api/mapas/999999/carpeta HTTP/1.1" 401 -
  code 501, message Unsupported method ('PUT')
  "PUT /api/bases HTTP/1.1" 501 -
  "DELETE /api/bases/1 HTTP/1.1" 401 -
  "DELETE /api/bases/2 HTTP/1.1" 401 -
  "DELETE /api/bases/3 HTTP/1.1" 401 -
  "DELETE /api/bases/4 HTTP/1.1" 401 -
  "DELETE /api/bases/999999 HTTP/1.1" 401 -
  "DELETE /api/carpetas/1 HTTP/1.1" 401 -
  "DELETE /api/carpetas/2 HTTP/1.1" 401 -
  "DELETE /api/carpetas/3 HTTP/1.1" 401 -
  "DELETE /api/carpetas/4 HTTP/1.1" 401 -
  "DELETE /api/carpetas/999999 HTTP/1.1" 401 -
  "DELETE /api/formatos/1 HTTP/1.1" 401 -
  "DELETE /api/formatos/2 HTTP/1.1" 401 -
  "DELETE /api/formatos/3 HTTP/1.1" 401 -
  "DELETE /api/formatos/4 HTTP/1.1" 401 -
  "DELETE /api/formatos/999999 HTTP/1.1" 401 -
  "DELETE /api/mapas/1 HTTP/1.1" 401 -
  "DELETE /api/mapas/2 HTTP/1.1" 401 -
  "DELETE /api/mapas/3 HTTP/1.1" 401 -
  "DELETE /api/mapas/4 HTTP/1.1" 401 -
  "DELETE /api/mapas/999999 HTTP/1.1" 401 -
  "DELETE /api/bases HTTP/1.1" 401 -
  "DELETE /api/bases/1 HTTP/1.1" 401 -
  "DELETE /api/bases/2 HTTP/1.1" 401 -
  "DELETE /api/bases/3 HTTP/1.1" 401 -
  "DELETE /api/bases/4 HTTP/1.1" 401 -
  "DELETE /api/bases/999999 HTTP/1.1" 401 -
  "DELETE /api/bases/1/terrenos HTTP/1.1" 401 -
  "DELETE /api/bases/2/terrenos HTTP/1.1" 401 -
  "DELETE /api/bases/3/terrenos HTTP/1.1" 401 -
  "DELETE /api/bases/4/terrenos HTTP/1.1" 401 -
  "DELETE /api/bases/999999/terrenos HTTP/1.1" 401 -
  "DELETE /api/carpetas HTTP/1.1" 401 -
  "DELETE /api/formatos HTTP/1.1" 401 -
  "DELETE /api/inventario/terrenos HTTP/1.1" 401 -
  "DELETE /api/inventario/terrenos/658e2564-74b4-46c1-9e6d-e71479707c81 HTTP/1.1" 401 -
  "DELETE /api/inventario/terrenos/03d61507-0b8b-4cf2-8d13-bebfffa16412 HTTP/1.1" 401 -
  "DELETE /api/inventario/terrenos/04187526-9c31-482b-b05a-cfcbbb9d3fe2 HTTP/1.1" 401 -
  "DELETE /api/inventario/terrenos/07afbc15-c0e8-410e-ad04-9899545c6f65 HTTP/1.1" 401 -
  "DELETE /api/inventario/terrenos/0894960d-43ce-45bc-b00c-ec75fd638ea2 HTTP/1.1" 401 -
  "DELETE /api/inventario/terrenos/0ab66022-ba19-4404-bd84-572ec9e92870 HTTP/1.1" 401 -
  "DELETE /api/inventario/terrenos/0b613bf6-f713-4efc-aac5-739782929e31 HTTP/1.1" 401 -
  "DELETE /api/inventario/terrenos/0be103db-08b6-455d-a422-50dc77c52ef2 HTTP/1.1" 401 -
  "DELETE /api/inventario/terrenos/0c72fbeb-6c1f-4b23-b37a-59ba27997c0c HTTP/1.1" 401 -
  "DELETE /api/inventario/terrenos/0de973b2-a5d2-4466-ad54-a830cf1595f2 HTTP/1.1" 401 -
  "DELETE /api/inventario/terrenos/0f55ce8f-bbd2-4912-8d83-637611177197 HTTP/1.1" 401 -
  "DELETE /api/inventario/terrenos/0ff77391-d7cd-473e-8478-9792106df348 HTTP/1.1" 401 -
  "DELETE /api/inventario/terrenos/11542e26-fa59-43cd-a8b7-056fdc21d156 HTTP/1.1" 401 -
  "DELETE /api/inventario/terrenos/119f1aec-319a-47cb-b0df-7839f8249609 HTTP/1.1" 401 -
  "DELETE /api/inventario/terrenos/128ba34b-d36d-444f-9688-ca4100956a94 HTTP/1.1" 401 -
  "DELETE /api/inventario/terrenos/12caac22-47ea-428c-93b2-1d7d8b854182 HTTP/1.1" 401 -
  "DELETE /api/inventario/terrenos/14994523-6e25-4a77-b67c-ca6be5658883 HTTP/1.1" 401 -
  "DELETE /api/inventario/terrenos/15bdb874-9405-4843-9457-289df31abc23 HTTP/1.1" 401 -
  "DELETE /api/inventario/terrenos/1748dce1-3b4f-4984-ba49-57c1f11432f3 HTTP/1.1" 401 -
  "DELETE /api/inventario/terrenos/188e3fc2-28e6-4c1b-8ce8-ca20c93f90a9 HTTP/1.1" 401 -
  "DELETE /api/inventario/terrenos/1b7b0241-2e9f-40b5-99c8-43fc79173f15 HTTP/1.1" 401 -
  "DELETE /api/inventario/terrenos/21499ea9-3b38-40ab-af0e-758724ec70d5 HTTP/1.1" 401 -
  "DELETE /api/inventario/terrenos/26939c14-e17c-487e-864c-601d079d33ee HTTP/1.1" 401 -
  "DELETE /api/inventario/terrenos/26c1194c-9f99-4160-8859-146c9e88d829 HTTP/1.1" 401 -
  "DELETE /api/inventario/terrenos/26de1a8f-8f69-49d1-91a1-d17e200bd9d0 HTTP/1.1" 401 -
  "DELETE /api/inventario/terrenos/27389396-2b8f-4c83-9ede-51fe027fbb74 HTTP/1.1" 401 -
  "DELETE /api/inventario/terrenos/658e2564-74b4-46c1-9e6d-e71479707c81/historial HTTP/1.1" 401 -
  "DELETE /api/inventario/terrenos/03d61507-0b8b-4cf2-8d13-bebfffa16412/historial HTTP/1.1" 401 -
  "DELETE /api/inventario/terrenos/04187526-9c31-482b-b05a-cfcbbb9d3fe2/historial HTTP/1.1" 401 -
  "DELETE /api/inventario/terrenos/07afbc15-c0e8-410e-ad04-9899545c6f65/historial HTTP/1.1" 401 -
  "DELETE /api/inventario/terrenos/0894960d-43ce-45bc-b00c-ec75fd638ea2/historial HTTP/1.1" 401 -
  "DELETE /api/inventario/terrenos/0ab66022-ba19-4404-bd84-572ec9e92870/historial HTTP/1.1" 401 -
  "DELETE /api/inventario/terrenos/0b613bf6-f713-4efc-aac5-739782929e31/historial HTTP/1.1" 401 -
  "DELETE /api/inventario/terrenos/0be103db-08b6-455d-a422-50dc77c52ef2/historial HTTP/1.1" 401 -
  "DELETE /api/inventario/terrenos/0c72fbeb-6c1f-4b23-b37a-59ba27997c0c/historial HTTP/1.1" 401 -
  "DELETE /api/inventario/terrenos/0de973b2-a5d2-4466-ad54-a830cf1595f2/historial HTTP/1.1" 401 -
  "DELETE /api/inventario/terrenos/0f55ce8f-bbd2-4912-8d83-637611177197/historial HTTP/1.1" 401 -
  "DELETE /api/inventario/terrenos/0ff77391-d7cd-473e-8478-9792106df348/historial HTTP/1.1" 401 -
  "DELETE /api/inventario/terrenos/11542e26-fa59-43cd-a8b7-056fdc21d156/historial HTTP/1.1" 401 -
  "DELETE /api/inventario/terrenos/119f1aec-319a-47cb-b0df-7839f8249609/historial HTTP/1.1" 401 -
  "DELETE /api/inventario/terrenos/128ba34b-d36d-444f-9688-ca4100956a94/historial HTTP/1.1" 401 -
  "DELETE /api/inventario/terrenos/12caac22-47ea-428c-93b2-1d7d8b854182/historial HTTP/1.1" 401 -
  "DELETE /api/inventario/terrenos/14994523-6e25-4a77-b67c-ca6be5658883/historial HTTP/1.1" 401 -
  "DELETE /api/inventario/terrenos/15bdb874-9405-4843-9457-289df31abc23/historial HTTP/1.1" 401 -
  "DELETE /api/inventario/terrenos/1748dce1-3b4f-4984-ba49-57c1f11432f3/historial HTTP/1.1" 401 -
  "DELETE /api/inventario/terrenos/188e3fc2-28e6-4c1b-8ce8-ca20c93f90a9/historial HTTP/1.1" 401 -
  "DELETE /api/inventario/terrenos/1b7b0241-2e9f-40b5-99c8-43fc79173f15/historial HTTP/1.1" 401 -
  "DELETE /api/inventario/terrenos/21499ea9-3b38-40ab-af0e-758724ec70d5/historial HTTP/1.1" 401 -
  "DELETE /api/inventario/terrenos/26939c14-e17c-487e-864c-601d079d33ee/historial HTTP/1.1" 401 -
  "DELETE /api/inventario/terrenos/26c1194c-9f99-4160-8859-146c9e88d829/historial HTTP/1.1" 401 -
  "DELETE /api/inventario/terrenos/26de1a8f-8f69-49d1-91a1-d17e200bd9d0/historial HTTP/1.1" 401 -
  "DELETE /api/inventario/terrenos/27389396-2b8f-4c83-9ede-51fe027fbb74/historial HTTP/1.1" 401 -
  "DELETE /api/inventario/terrenos/658e2564-74b4-46c1-9e6d-e71479707c81/vista-publica HTTP/1.1" 401 -
  "DELETE /api/inventario/terrenos/03d61507-0b8b-4cf2-8d13-bebfffa16412/vista-publica HTTP/1.1" 401 -
  "DELETE /api/inventario/terrenos/04187526-9c31-482b-b05a-cfcbbb9d3fe2/vista-publica HTTP/1.1" 401 -
  "DELETE /api/inventario/terrenos/07afbc15-c0e8-410e-ad04-9899545c6f65/vista-publica HTTP/1.1" 401 -
  "DELETE /api/inventario/terrenos/0894960d-43ce-45bc-b00c-ec75fd638ea2/vista-publica HTTP/1.1" 401 -
  "DELETE /api/inventario/terrenos/0ab66022-ba19-4404-bd84-572ec9e92870/vista-publica HTTP/1.1" 401 -
  "DELETE /api/inventario/terrenos/0b613bf6-f713-4efc-aac5-739782929e31/vista-publica HTTP/1.1" 401 -
  "DELETE /api/inventario/terrenos/0be103db-08b6-455d-a422-50dc77c52ef2/vista-publica HTTP/1.1" 401 -
  "DELETE /api/inventario/terrenos/0c72fbeb-6c1f-4b23-b37a-59ba27997c0c/vista-publica HTTP/1.1" 401 -
  "DELETE /api/inventario/terrenos/0de973b2-a5d2-4466-ad54-a830cf1595f2/vista-publica HTTP/1.1" 401 -
  "DELETE /api/inventario/terrenos/0f55ce8f-bbd2-4912-8d83-637611177197/vista-publica HTTP/1.1" 401 -
  "DELETE /api/inventario/terrenos/0ff77391-d7cd-473e-8478-9792106df348/vista-publica HTTP/1.1" 401 -
  "DELETE /api/inventario/terrenos/11542e26-fa59-43cd-a8b7-056fdc21d156/vista-publica HTTP/1.1" 401 -
  "DELETE /api/inventario/terrenos/119f1aec-319a-47cb-b0df-7839f8249609/vista-publica HTTP/1.1" 401 -
  "DELETE /api/inventario/terrenos/128ba34b-d36d-444f-9688-ca4100956a94/vista-publica HTTP/1.1" 401 -
  "DELETE /api/inventario/terrenos/12caac22-47ea-428c-93b2-1d7d8b854182/vista-publica HTTP/1.1" 401 -
  "DELETE /api/inventario/terrenos/14994523-6e25-4a77-b67c-ca6be5658883/vista-publica HTTP/1.1" 401 -
  "DELETE /api/inventario/terrenos/15bdb874-9405-4843-9457-289df31abc23/vista-publica HTTP/1.1" 401 -
  "DELETE /api/inventario/terrenos/1748dce1-3b4f-4984-ba49-57c1f11432f3/vista-publica HTTP/1.1" 401 -
  "DELETE /api/inventario/terrenos/188e3fc2-28e6-4c1b-8ce8-ca20c93f90a9/vista-publica HTTP/1.1" 401 -
  "DELETE /api/inventario/terrenos/1b7b0241-2e9f-40b5-99c8-43fc79173f15/vista-publica HTTP/1.1" 401 -
  "DELETE /api/inventario/terrenos/21499ea9-3b38-40ab-af0e-758724ec70d5/vista-publica HTTP/1.1" 401 -
  "DELETE /api/inventario/terrenos/26939c14-e17c-487e-864c-601d079d33ee/vista-publica HTTP/1.1" 401 -
  "DELETE /api/inventario/terrenos/26c1194c-9f99-4160-8859-146c9e88d829/vista-publica HTTP/1.1" 401 -
  "DELETE /api/inventario/terrenos/26de1a8f-8f69-49d1-91a1-d17e200bd9d0/vista-publica HTTP/1.1" 401 -
  "DELETE /api/inventario/terrenos/27389396-2b8f-4c83-9ede-51fe027fbb74/vista-publica HTTP/1.1" 401 -
  "DELETE /api/mapas HTTP/1.1" 401 -
  "DELETE /api/mapas/1 HTTP/1.1" 401 -
  "DELETE /api/mapas/2 HTTP/1.1" 401 -
  "DELETE /api/mapas/3 HTTP/1.1" 401 -
  "DELETE /api/mapas/4 HTTP/1.1" 401 -
  "DELETE /api/mapas/999999 HTTP/1.1" 401 -
  "DELETE /api/mapas/1/terrenos HTTP/1.1" 401 -
  "DELETE /api/mapas/2/terrenos HTTP/1.1" 401 -
  "DELETE /api/mapas/3/terrenos HTTP/1.1" 401 -
  "DELETE /api/mapas/4/terrenos HTTP/1.1" 401 -
  "DELETE /api/mapas/999999/terrenos HTTP/1.1" 401 -
  "POST /api/login HTTP/1.1" 401 -
  "GET /api/publico/terrenos?campos=contacto&include_private=1 HTTP/1.1" 422 -
  "GET /api/publico/terrenos/658e2564-74b4-46c1-9e6d-e71479707c81 HTTP/1.1" 404 -
  "GET /api/publico/terrenos/03d61507-0b8b-4cf2-8d13-bebfffa16412 HTTP/1.1" 404 -
  "GET /api/publico/terrenos/04187526-9c31-482b-b05a-cfcbbb9d3fe2 HTTP/1.1" 404 -
  "GET /api/publico/terrenos/07afbc15-c0e8-410e-ad04-9899545c6f65 HTTP/1.1" 404 -
  "GET /api/publico/terrenos/0894960d-43ce-45bc-b00c-ec75fd638ea2 HTTP/1.1" 404 -
  "GET /api/publico/terrenos/0ab66022-ba19-4404-bd84-572ec9e92870 HTTP/1.1" 404 -
  "GET /api/publico/terrenos/0b613bf6-f713-4efc-aac5-739782929e31 HTTP/1.1" 404 -
  "GET /api/publico/terrenos/0be103db-08b6-455d-a422-50dc77c52ef2 HTTP/1.1" 404 -
  "GET /api/publico/terrenos/0c72fbeb-6c1f-4b23-b37a-59ba27997c0c HTTP/1.1" 404 -
  "GET /api/publico/terrenos/0de973b2-a5d2-4466-ad54-a830cf1595f2 HTTP/1.1" 404 -
  "GET /api/publico/terrenos/0f55ce8f-bbd2-4912-8d83-637611177197 HTTP/1.1" 404 -
  "GET /api/publico/terrenos/0ff77391-d7cd-473e-8478-9792106df348 HTTP/1.1" 404 -
  "GET /api/publico/terrenos/11542e26-fa59-43cd-a8b7-056fdc21d156 HTTP/1.1" 404 -
  "GET /api/publico/terrenos/119f1aec-319a-47cb-b0df-7839f8249609 HTTP/1.1" 404 -
  "GET /api/publico/terrenos/128ba34b-d36d-444f-9688-ca4100956a94 HTTP/1.1" 404 -
  "GET /api/publico/terrenos/12caac22-47ea-428c-93b2-1d7d8b854182 HTTP/1.1" 404 -
  "GET /api/publico/terrenos/14994523-6e25-4a77-b67c-ca6be5658883 HTTP/1.1" 404 -
  "GET /api/publico/terrenos/15bdb874-9405-4843-9457-289df31abc23 HTTP/1.1" 404 -
  "GET /api/publico/terrenos/1748dce1-3b4f-4984-ba49-57c1f11432f3 HTTP/1.1" 404 -
  "GET /api/publico/terrenos/188e3fc2-28e6-4c1b-8ce8-ca20c93f90a9 HTTP/1.1" 404 -
  "GET /api/publico/terrenos/1b7b0241-2e9f-40b5-99c8-43fc79173f15 HTTP/1.1" 404 -
  "GET /api/publico/terrenos/21499ea9-3b38-40ab-af0e-758724ec70d5 HTTP/1.1" 404 -
  "GET /api/publico/terrenos/26939c14-e17c-487e-864c-601d079d33ee HTTP/1.1" 404 -
  "GET /api/publico/terrenos/26c1194c-9f99-4160-8859-146c9e88d829 HTTP/1.1" 404 -
  "GET /api/publico/terrenos/26de1a8f-8f69-49d1-91a1-d17e200bd9d0 HTTP/1.1" 404 -
  "GET /api/publico/terrenos/27389396-2b8f-4c83-9ede-51fe027fbb74 HTTP/1.1" 404 -
  "GET /api/bases/1 HTTP/1.1" 404 -
  "GET /api/bases/2 HTTP/1.1" 404 -
  "GET /api/bases/3 HTTP/1.1" 404 -
  "GET /api/bases/4 HTTP/1.1" 404 -
  "GET /api/bases/999999 HTTP/1.1" 404 -
  "GET /api/bases/1/terrenos HTTP/1.1" 404 -
  "GET /api/bases/2/terrenos HTTP/1.1" 404 -
  "GET /api/bases/3/terrenos HTTP/1.1" 404 -
  "GET /api/bases/4/terrenos HTTP/1.1" 404 -
  "GET /api/bases/999999/terrenos HTTP/1.1" 404 -
  "GET /api/carpetas HTTP/1.1" 400 -
  "GET /api/inventario/terrenos/658e2564-74b4-46c1-9e6d-e71479707c81 HTTP/1.1" 404 -
  "GET /api/inventario/terrenos/658e2564-74b4-46c1-9e6d-e71479707c81/historial HTTP/1.1" 404 -
  "GET /api/inventario/terrenos/658e2564-74b4-46c1-9e6d-e71479707c81/vista-publica HTTP/1.1" 404 -
  "GET /api/mapas/1 HTTP/1.1" 404 -
  "GET /api/mapas/2 HTTP/1.1" 404 -
  "GET /api/mapas/3 HTTP/1.1" 404 -
  "GET /api/mapas/4 HTTP/1.1" 404 -
  "GET /api/mapas/999999 HTTP/1.1" 404 -
  "GET /api/mapas/1/terrenos HTTP/1.1" 404 -
  "GET /api/mapas/2/terrenos HTTP/1.1" 404 -
  "GET /api/mapas/3/terrenos HTTP/1.1" 404 -
  "GET /api/mapas/4/terrenos HTTP/1.1" 404 -
  "GET /api/mapas/999999/terrenos HTTP/1.1" 404 -
  "GET /api/bases/1/terrenos?ids=1 HTTP/1.1" 404 -
  "GET /api/mapas/2/terrenos?capa=1 HTTP/1.1" 404 -
  "GET /api/exportar HTTP/1.1" 405 -
  "GET /api/INVENTARIO/terrenos HTTP/1.1" 404 -
  "GET /api/inventario//terrenos HTTP/1.1" 404 -
  "GET /api/inventario/terrenos%2f HTTP/1.1" 404 -
  "GET /api/inventario/terrenos/%2e%2e/%2e%2e/bases HTTP/1.1" 404 -
  "GET /api/inventario/terrenos?limit=250&campos=contacto HTTP/1.1" 422 -
  "GET //api/bases/1/terrenos HTTP/1.1" 404 -
  "GET /api/publico/terrenos?campos=contacto&include_private=1 HTTP/1.1" 422 -
  "GET /api/publico/terrenos/658e2564-74b4-46c1-9e6d-e71479707c81 HTTP/1.1" 404 -
  "GET /api/publico/terrenos/03d61507-0b8b-4cf2-8d13-bebfffa16412 HTTP/1.1" 404 -
  "GET /api/publico/terrenos/04187526-9c31-482b-b05a-cfcbbb9d3fe2 HTTP/1.1" 404 -
  "GET /api/publico/terrenos/07afbc15-c0e8-410e-ad04-9899545c6f65 HTTP/1.1" 404 -
  "GET /api/publico/terrenos/0894960d-43ce-45bc-b00c-ec75fd638ea2 HTTP/1.1" 404 -
  "GET /api/publico/terrenos/0ab66022-ba19-4404-bd84-572ec9e92870 HTTP/1.1" 404 -
  "GET /api/publico/terrenos/0b613bf6-f713-4efc-aac5-739782929e31 HTTP/1.1" 404 -
  "GET /api/publico/terrenos/0be103db-08b6-455d-a422-50dc77c52ef2 HTTP/1.1" 404 -
  "GET /api/publico/terrenos/0c72fbeb-6c1f-4b23-b37a-59ba27997c0c HTTP/1.1" 404 -
  "GET /api/publico/terrenos/0de973b2-a5d2-4466-ad54-a830cf1595f2 HTTP/1.1" 404 -
  "GET /api/publico/terrenos/0f55ce8f-bbd2-4912-8d83-637611177197 HTTP/1.1" 404 -
  "GET /api/publico/terrenos/0ff77391-d7cd-473e-8478-9792106df348 HTTP/1.1" 404 -
  "GET /api/publico/terrenos/11542e26-fa59-43cd-a8b7-056fdc21d156 HTTP/1.1" 404 -
  "GET /api/publico/terrenos/119f1aec-319a-47cb-b0df-7839f8249609 HTTP/1.1" 404 -
  "GET /api/publico/terrenos/128ba34b-d36d-444f-9688-ca4100956a94 HTTP/1.1" 404 -
  "GET /api/publico/terrenos/12caac22-47ea-428c-93b2-1d7d8b854182 HTTP/1.1" 404 -
  "GET /api/publico/terrenos/14994523-6e25-4a77-b67c-ca6be5658883 HTTP/1.1" 404 -
  "GET /api/publico/terrenos/15bdb874-9405-4843-9457-289df31abc23 HTTP/1.1" 404 -
  "GET /api/publico/terrenos/1748dce1-3b4f-4984-ba49-57c1f11432f3 HTTP/1.1" 404 -
  "GET /api/publico/terrenos/188e3fc2-28e6-4c1b-8ce8-ca20c93f90a9 HTTP/1.1" 404 -
  "GET /api/publico/terrenos/1b7b0241-2e9f-40b5-99c8-43fc79173f15 HTTP/1.1" 404 -
  "GET /api/publico/terrenos/21499ea9-3b38-40ab-af0e-758724ec70d5 HTTP/1.1" 404 -
  "GET /api/publico/terrenos/26939c14-e17c-487e-864c-601d079d33ee HTTP/1.1" 404 -
  "GET /api/publico/terrenos/26c1194c-9f99-4160-8859-146c9e88d829 HTTP/1.1" 404 -
  "GET /api/publico/terrenos/26de1a8f-8f69-49d1-91a1-d17e200bd9d0 HTTP/1.1" 404 -
  "GET /api/publico/terrenos/27389396-2b8f-4c83-9ede-51fe027fbb74 HTTP/1.1" 404 -
  "GET /api/nope HTTP/1.1" 404 -
  "GET /api/bases HTTP/1.1" 401 -
  "GET /api/inventario/terrenos HTTP/1.1" 401 -
  "POST /api/login HTTP/1.1" 401 -
  "GET /api/inventario/terrenos HTTP/1.1" 401 -
  "POST /api/login HTTP/1.1" 401 -
  "POST /api/login HTTP/1.1" 401 -
  "POST /api/login HTTP/1.1" 401 -
  "POST /api/login HTTP/1.1" 401 -
  "POST /api/login HTTP/1.1" 429 -
  "POST /api/login HTTP/1.1" 429 -
  "POST /api/login HTTP/1.1" 429 -
  "POST /api/login HTTP/1.1" 429 -
  "POST /api/login HTTP/1.1" 429 -
  "POST /api/login HTTP/1.1" 429 -
  "POST /api/login HTTP/1.1" 429 -
  "POST /api/login HTTP/1.1" 429 -
  "POST /api/login HTTP/1.1" 429 -
  "POST /api/login HTTP/1.1" 429 -
  "POST /api/login HTTP/1.1" 429 -
  "POST /api/login HTTP/1.1" 429 -
  "POST /api/login HTTP/1.1" 429 -
  "POST /api/login HTTP/1.1" 429 -
  "POST /api/login HTTP/1.1" 429 -
  "POST /api/login HTTP/1.1" 429 -
  "POST /api/login HTTP/1.1" 429 -
  "POST /api/login HTTP/1.1" 429 -
  "POST /api/login HTTP/1.1" 429 -
  "POST /api/login HTTP/1.1" 429 -
  "POST /api/login HTTP/1.1" 429 -
  "POST /api/login HTTP/1.1" 429 -
