[serve_target] mode=cloud http://127.0.0.1:8433 root=/home/user/ARA-MAP
  "POST /api/inventario/terrenos HTTP/1.1" 422 -
  "POST /api/inventario/terrenos HTTP/1.1" 422 -
[serve_target] mode=cloud http://127.0.0.1:8433 root=/home/user/ARA-MAP
  "POST /api/inventario/terrenos HTTP/1.1" 422 -
  "POST /api/inventario/terrenos HTTP/1.1" 422 -
  "POST /api/inventario/terrenos HTTP/1.1" 422 -
  "PATCH /api/inventario/terrenos/b3fe8ef1-152e-4d7d-9996-6b6c44e40788 HTTP/1.1" 422 -
  "PATCH /api/inventario/terrenos/b3fe8ef1-152e-4d7d-9996-6b6c44e40788 HTTP/1.1" 422 -
  "PATCH /api/inventario/terrenos/b3fe8ef1-152e-4d7d-9996-6b6c44e40788 HTTP/1.1" 422 -
  "PATCH /api/inventario/terrenos/b3fe8ef1-152e-4d7d-9996-6b6c44e40788 HTTP/1.1" 422 -
  "PATCH /api/inventario/terrenos/b3fe8ef1-152e-4d7d-9996-6b6c44e40788 HTTP/1.1" 422 -
  "PATCH /api/inventario/terrenos/b3fe8ef1-152e-4d7d-9996-6b6c44e40788 HTTP/1.1" 422 -
  "PATCH /api/inventario/terrenos/b3fe8ef1-152e-4d7d-9996-6b6c44e40788 HTTP/1.1" 422 -
  "PATCH /api/inventario/terrenos/b3fe8ef1-152e-4d7d-9996-6b6c44e40788 HTTP/1.1" 422 -
  "PATCH /api/inventario/terrenos/b3fe8ef1-152e-4d7d-9996-6b6c44e40788 HTTP/1.1" 422 -
  "PATCH /api/inventario/terrenos/b3fe8ef1-152e-4d7d-9996-6b6c44e40788 HTTP/1.1" 422 -
  "PATCH /api/inventario/terrenos/55193563-45b3-49b8-b873-120615ad6726 HTTP/1.1" 422 -
  "PATCH /api/inventario/terrenos/55193563-45b3-49b8-b873-120615ad6726 HTTP/1.1" 422 -
  "PATCH /api/inventario/terrenos/55193563-45b3-49b8-b873-120615ad6726 HTTP/1.1" 422 -
  "PATCH /api/inventario/terrenos/55193563-45b3-49b8-b873-120615ad6726 HTTP/1.1" 422 -
  "PATCH /api/inventario/terrenos/55193563-45b3-49b8-b873-120615ad6726 HTTP/1.1" 422 -
  "PATCH /api/inventario/terrenos/55193563-45b3-49b8-b873-120615ad6726 HTTP/1.1" 422 -
  "PATCH /api/inventario/terrenos/55193563-45b3-49b8-b873-120615ad6726 HTTP/1.1" 422 -
  "PATCH /api/inventario/terrenos/55193563-45b3-49b8-b873-120615ad6726 HTTP/1.1" 422 -
  "PATCH /api/inventario/terrenos/55193563-45b3-49b8-b873-120615ad6726 HTTP/1.1" 422 -
  "PATCH /api/inventario/terrenos/55193563-45b3-49b8-b873-120615ad6726 HTTP/1.1" 422 -
  "PATCH /api/inventario/terrenos/2a768b7e-d3c3-47e0-9667-14ee2cbe3b86 HTTP/1.1" 422 -
  "PATCH /api/inventario/terrenos/2a768b7e-d3c3-47e0-9667-14ee2cbe3b86 HTTP/1.1" 422 -
  "PATCH /api/inventario/terrenos/2a768b7e-d3c3-47e0-9667-14ee2cbe3b86 HTTP/1.1" 422 -
  "PATCH /api/inventario/terrenos/2a768b7e-d3c3-47e0-9667-14ee2cbe3b86 HTTP/1.1" 422 -
  "PATCH /api/inventario/terrenos/2a768b7e-d3c3-47e0-9667-14ee2cbe3b86 HTTP/1.1" 422 -
  "PATCH /api/inventario/terrenos/2a768b7e-d3c3-47e0-9667-14ee2cbe3b86 HTTP/1.1" 422 -
  "PATCH /api/inventario/terrenos/2a768b7e-d3c3-47e0-9667-14ee2cbe3b86 HTTP/1.1" 422 -
  "PATCH /api/inventario/terrenos/2a768b7e-d3c3-47e0-9667-14ee2cbe3b86 HTTP/1.1" 422 -
  "PATCH /api/inventario/terrenos/2a768b7e-d3c3-47e0-9667-14ee2cbe3b86 HTTP/1.1" 422 -
  "PATCH /api/inventario/terrenos/2a768b7e-d3c3-47e0-9667-14ee2cbe3b86 HTTP/1.1" 422 -
  "POST /api/inventario/terrenos/b3fe8ef1-152e-4d7d-9996-6b6c44e40788/publicar HTTP/1.1" 422 -
  "POST /api/inventario/terrenos/b3fe8ef1-152e-4d7d-9996-6b6c44e40788/despublicar HTTP/1.1" 409 -
  "PATCH /api/inventario/terrenos/051fc2c5-87c7-40cc-a2d2-1f3300630a28 HTTP/1.1" 422 -
  "PATCH /api/inventario/terrenos/051fc2c5-87c7-40cc-a2d2-1f3300630a28 HTTP/1.1" 422 -
  "PATCH /api/inventario/terrenos/051fc2c5-87c7-40cc-a2d2-1f3300630a28 HTTP/1.1" 422 -
  "PATCH /api/inventario/terrenos/051fc2c5-87c7-40cc-a2d2-1f3300630a28 HTTP/1.1" 422 -
  "PATCH /api/inventario/terrenos/051fc2c5-87c7-40cc-a2d2-1f3300630a28 HTTP/1.1" 422 -
  "PATCH /api/inventario/terrenos/051fc2c5-87c7-40cc-a2d2-1f3300630a28 HTTP/1.1" 422 -
  "PATCH /api/inventario/terrenos/051fc2c5-87c7-40cc-a2d2-1f3300630a28 HTTP/1.1" 422 -
  "PATCH /api/inventario/terrenos/051fc2c5-87c7-40cc-a2d2-1f3300630a28 HTTP/1.1" 422 -
  "PATCH /api/inventario/terrenos/051fc2c5-87c7-40cc-a2d2-1f3300630a28 HTTP/1.1" 422 -
  "PATCH /api/inventario/terrenos/051fc2c5-87c7-40cc-a2d2-1f3300630a28 HTTP/1.1" 422 -
  "PATCH /api/inventario/terrenos/051fc2c5-87c7-40cc-a2d2-1f3300630a28 HTTP/1.1" 422 -
  "PATCH /api/inventario/terrenos/051fc2c5-87c7-40cc-a2d2-1f3300630a28 HTTP/1.1" 422 -
  "PATCH /api/inventario/terrenos/051fc2c5-87c7-40cc-a2d2-1f3300630a28 HTTP/1.1" 422 -
  "POST /api/inventario/terrenos HTTP/1.1" 422 -
  "POST /api/inventario/terrenos HTTP/1.1" 422 -
[serve_target] mode=cloud http://127.0.0.1:8433 root=/home/user/ARA-MAP
  "POST /api/inventario/terrenos HTTP/1.1" 409 -
[serve_target] FAULT INJECTION active: server.repo.inventario._event raises on 'FAULT-INJECT-6142940e'
[serve_target] mode=cloud http://127.0.0.1:8433 root=/home/user/ARA-MAP
Traceback (most recent call last):
  File "/home/user/ARA-MAP/server/app.py", line 171, in _dispatch
    result = handler(request)
             ^^^^^^^^^^^^^^^^
  File "/home/user/ARA-MAP/server/api/inventario.py", line 90, in create
    return repo.create(conn, fields, actor, key, request_hash)
           ^^^^^^^^^^^^^^^^^^^^^^^^^^^^^^^^^^^^^^^^^^^^^^^^^^^
  File "/home/user/ARA-MAP/server/repo/inventario.py", line 175, in create
    return _create(conn, fields, actor, key, request_hash)
           ^^^^^^^^^^^^^^^^^^^^^^^^^^^^^^^^^^^^^^^^^^^^^^^
  File "/home/user/ARA-MAP/server/repo/inventario.py", line 205, in _create
    _event(conn, inventory_id, 1, "create", actor, ahora, None, revision_id, {"changes": cambios})
  File "/home/user/ARA-MAP/reports/inventory-developer-handoff-2026-10-05/verification/stage1/serve_target.py", line 41, in faulty
    raise RuntimeError("verifier fault injection before inventory_event insert")
RuntimeError: verifier fault injection before inventory_event insert
  "POST /api/inventario/terrenos HTTP/1.1" 500 -
Traceback (most recent call last):
  File "/home/user/ARA-MAP/server/app.py", line 171, in _dispatch
    result = handler(request)
             ^^^^^^^^^^^^^^^^
  File "/home/user/ARA-MAP/server/api/inventario.py", line 125, in update
    return {"terreno": repo.update(conn, inventory_id, expected, fields,
                       ^^^^^^^^^^^^^^^^^^^^^^^^^^^^^^^^^^^^^^^^^^^^^^^^^
  File "/home/user/ARA-MAP/server/repo/inventario.py", line 251, in update
    _event(conn, inventory_id, expected_version + 1, "update", actor, ahora,
  File "/home/user/ARA-MAP/reports/inventory-developer-handoff-2026-10-05/verification/stage1/serve_target.py", line 41, in faulty
    raise RuntimeError("verifier fault injection before inventory_event insert")
RuntimeError: verifier fault injection before inventory_event insert
  "PATCH /api/inventario/terrenos/14bded6a-7b5d-49cd-8942-c8aafb2ac986 HTTP/1.1" 500 -
[serve_target] mode=cloud http://127.0.0.1:8433 root=/home/user/ARA-MAP
  "PATCH /api/inventario/terrenos/bbd27c47-b2a9-4999-8b5a-32e371b7d5d7 HTTP/1.1" 409 -
  "PATCH /api/inventario/terrenos/bbd27c47-b2a9-4999-8b5a-32e371b7d5d7 HTTP/1.1" 409 -
  "PATCH /api/inventario/terrenos/bbd27c47-b2a9-4999-8b5a-32e371b7d5d7 HTTP/1.1" 409 -
  "PATCH /api/inventario/terrenos/bbd27c47-b2a9-4999-8b5a-32e371b7d5d7 HTTP/1.1" 409 -
  "PATCH /api/inventario/terrenos/bbd27c47-b2a9-4999-8b5a-32e371b7d5d7 HTTP/1.1" 422 -
  "PATCH /api/inventario/terrenos/bbd27c47-b2a9-4999-8b5a-32e371b7d5d7 HTTP/1.1" 422 -
  "PATCH /api/inventario/terrenos/bbd27c47-b2a9-4999-8b5a-32e371b7d5d7 HTTP/1.1" 409 -
  "PATCH /api/inventario/terrenos/bbd27c47-b2a9-4999-8b5a-32e371b7d5d7 HTTP/1.1" 409 -
  "POST /api/login HTTP/1.1" 401 -
  "POST /api/login HTTP/1.1" 401 -
  "GET /api/inventario/terrenos HTTP/1.1" 401 -
  "GET /api/inventario/terrenos HTTP/1.1" 401 -
  "GET /api/inventario/terrenos HTTP/1.1" 401 -
  "GET /api/bases HTTP/1.1" 401 -
  "POST /api/carpetas HTTP/1.1" 401 -
  "POST /api/inventario/terrenos HTTP/1.1" 401 -
  "PATCH /api/inventario/terrenos/7ae13a56-20fe-469d-bb25-df5a48f19a93 HTTP/1.1" 403 -
  "POST /api/inventario/terrenos HTTP/1.1" 403 -
  "PATCH /api/inventario/terrenos/7ae13a56-20fe-469d-bb25-df5a48f19a93 HTTP/1.1" 403 -
  "POST /api/inventario/terrenos HTTP/1.1" 403 -
  "PATCH /api/inventario/terrenos/7ae13a56-20fe-469d-bb25-df5a48f19a93 HTTP/1.1" 403 -
  "POST /api/inventario/terrenos HTTP/1.1" 403 -
  "POST /api/login HTTP/1.1" 403 -
  "POST /api/registro HTTP/1.1" 401 -
  "POST /api/registro HTTP/1.1" 404 -
  "POST /api/register HTTP/1.1" 401 -
  "POST /api/register HTTP/1.1" 404 -
  "POST /api/signup HTTP/1.1" 401 -
  "POST /api/signup HTTP/1.1" 404 -
  "POST /api/usuarios HTTP/1.1" 401 -
  "POST /api/usuarios HTTP/1.1" 404 -
  "POST /api/users HTTP/1.1" 401 -
  "POST /api/users HTTP/1.1" 404 -
  "POST /api/cuentas HTTP/1.1" 401 -
  "POST /api/cuentas HTTP/1.1" 404 -
  "POST /api/team HTTP/1.1" 401 -
  "POST /api/team HTTP/1.1" 404 -
  "POST /api/session HTTP/1.1" 401 -
  "POST /api/session HTTP/1.1" 405 -
  "POST /api/login HTTP/1.1" 401 -
  "GET /api/inventario/terrenos HTTP/1.1" 401 -
  "PATCH /api/inventario/terrenos/7ae13a56-20fe-469d-bb25-df5a48f19a93 HTTP/1.1" 401 -
  "GET /api/inventario/terrenos HTTP/1.1" 401 -
  "GET /api/bases HTTP/1.1" 401 -
  "GET /api/bases/1 HTTP/1.1" 401 -
  "GET /api/bases/2 HTTP/1.1" 401 -
  "GET /api/bases/3 HTTP/1.1" 401 -
  "GET /api/bases/4 HTTP/1.1" 401 -
  "GET /api/bases/999999 HTTP/1.1" 401 -
  "GET /api/bases/1/terrenos HTTP/1.1" 401 -
  "GET /api/bases/2/terrenos HTTP/1.1" 401 -
  "GET /api/bases/3/terrenos HTTP/1.1" 401 -
  "GET /api/bases/4/terrenos HTTP/1.1" 401 -
  "GET /api/bases/999999/terrenos HTTP/1.1" 401 -
  "GET /api/carpetas HTTP/1.1" 401 -
  "GET /api/formatos HTTP/1.1" 401 -
  "GET /api/inventario/terrenos HTTP/1.1" 401 -
  "GET /api/inventario/terrenos/ec08a2fe-219b-457a-8a28-9605edfb141f HTTP/1.1" 401 -
  "GET /api/inventario/terrenos/00a18aa7-22a2-4701-a38b-b775baf544ad HTTP/1.1" 401 -
  "GET /api/inventario/terrenos/00a5d0fc-f03c-4624-8047-c7679bd7611a HTTP/1.1" 401 -
  "GET /api/inventario/terrenos/01017416-6cd1-4f8f-9ca9-a3fb87d64bab HTTP/1.1" 401 -
  "GET /api/inventario/terrenos/01bfeb11-91cd-41d6-8a46-b365f3c972a8 HTTP/1.1" 401 -
  "GET /api/inventario/terrenos/01dbe88c-2298-4cd6-9c44-fc8f35569823 HTTP/1.1" 401 -
  "GET /api/inventario/terrenos/04b3f754-d82b-4073-9296-16d70f74d523 HTTP/1.1" 401 -
  "GET /api/inventario/terrenos/051fc2c5-87c7-40cc-a2d2-1f3300630a28 HTTP/1.1" 401 -
  "GET /api/inventario/terrenos/0b01cc2d-7e4d-4cb3-a649-e6616b713563 HTTP/1.1" 401 -
  "GET /api/inventario/terrenos/0b70cbe1-0456-4e2e-96a9-fcf517139077 HTTP/1.1" 401 -
  "GET /api/inventario/terrenos/0d34e124-7874-4c4a-8d1f-25efc7ae0b80 HTTP/1.1" 401 -
  "GET /api/inventario/terrenos/13a64ee8-d6dd-4eee-92b5-1ef3f9e3a313 HTTP/1.1" 401 -
  "GET /api/inventario/terrenos/14bded6a-7b5d-49cd-8942-c8aafb2ac986 HTTP/1.1" 401 -
  "GET /api/inventario/terrenos/155195c7-f3d5-4aab-a142-b9f8e74cd2fb HTTP/1.1" 401 -
  "GET /api/inventario/terrenos/18e761a8-32a6-4ea0-8e6f-5396602b31ad HTTP/1.1" 401 -
  "GET /api/inventario/terrenos/1c7b7937-2605-4171-b6ee-6487893cce03 HTTP/1.1" 401 -
  "GET /api/inventario/terrenos/1ee702c1-2529-4891-bdc8-80163f6d590a HTTP/1.1" 401 -
  "GET /api/inventario/terrenos/1fda6d44-cf93-4ce8-b322-1f08c6f15189 HTTP/1.1" 401 -
  "GET /api/inventario/terrenos/20356464-11a2-42d5-8595-896a65e17ee8 HTTP/1.1" 401 -
  "GET /api/inventario/terrenos/20512724-6604-4d6a-accf-869d6ddeaaf8 HTTP/1.1" 401 -
  "GET /api/inventario/terrenos/2191d66b-8089-44f5-a54c-093c24036bfd HTTP/1.1" 401 -
  "GET /api/inventario/terrenos/2291dabb-58bd-4e74-989b-8f8321ec2a42 HTTP/1.1" 401 -
  "GET /api/inventario/terrenos/2481dbac-15d6-4828-9d68-5ef35489c1ba HTTP/1.1" 401 -
  "GET /api/inventario/terrenos/25522875-b531-49c3-88ae-2be82697af72 HTTP/1.1" 401 -
  "GET /api/inventario/terrenos/2705fe6b-b86d-4c70-9956-87e1db16693b HTTP/1.1" 401 -
  "GET /api/inventario/terrenos/2a768b7e-d3c3-47e0-9667-14ee2cbe3b86 HTTP/1.1" 401 -
  "GET /api/inventario/terrenos/ec08a2fe-219b-457a-8a28-9605edfb141f/historial HTTP/1.1" 401 -
  "GET /api/inventario/terrenos/00a18aa7-22a2-4701-a38b-b775baf544ad/historial HTTP/1.1" 401 -
  "GET /api/inventario/terrenos/00a5d0fc-f03c-4624-8047-c7679bd7611a/historial HTTP/1.1" 401 -
  "GET /api/inventario/terrenos/01017416-6cd1-4f8f-9ca9-a3fb87d64bab/historial HTTP/1.1" 401 -
  "GET /api/inventario/terrenos/01bfeb11-91cd-41d6-8a46-b365f3c972a8/historial HTTP/1.1" 401 -
  "GET /api/inventario/terrenos/01dbe88c-2298-4cd6-9c44-fc8f35569823/historial HTTP/1.1" 401 -
  "GET /api/inventario/terrenos/04b3f754-d82b-4073-9296-16d70f74d523/historial HTTP/1.1" 401 -
  "GET /api/inventario/terrenos/051fc2c5-87c7-40cc-a2d2-1f3300630a28/historial HTTP/1.1" 401 -
  "GET /api/inventario/terrenos/0b01cc2d-7e4d-4cb3-a649-e6616b713563/historial HTTP/1.1" 401 -
  "GET /api/inventario/terrenos/0b70cbe1-0456-4e2e-96a9-fcf517139077/historial HTTP/1.1" 401 -
  "GET /api/inventario/terrenos/0d34e124-7874-4c4a-8d1f-25efc7ae0b80/historial HTTP/1.1" 401 -
  "GET /api/inventario/terrenos/13a64ee8-d6dd-4eee-92b5-1ef3f9e3a313/historial HTTP/1.1" 401 -
  "GET /api/inventario/terrenos/14bded6a-7b5d-49cd-8942-c8aafb2ac986/historial HTTP/1.1" 401 -
  "GET /api/inventario/terrenos/155195c7-f3d5-4aab-a142-b9f8e74cd2fb/historial HTTP/1.1" 401 -
  "GET /api/inventario/terrenos/18e761a8-32a6-4ea0-8e6f-5396602b31ad/historial HTTP/1.1" 401 -
  "GET /api/inventario/terrenos/1c7b7937-2605-4171-b6ee-6487893cce03/historial HTTP/1.1" 401 -
  "GET /api/inventario/terrenos/1ee702c1-2529-4891-bdc8-80163f6d590a/historial HTTP/1.1" 401 -
  "GET /api/inventario/terrenos/1fda6d44-cf93-4ce8-b322-1f08c6f15189/historial HTTP/1.1" 401 -
  "GET /api/inventario/terrenos/20356464-11a2-42d5-8595-896a65e17ee8/historial HTTP/1.1" 401 -
  "GET /api/inventario/terrenos/20512724-6604-4d6a-accf-869d6ddeaaf8/historial HTTP/1.1" 401 -
  "GET /api/inventario/terrenos/2191d66b-8089-44f5-a54c-093c24036bfd/historial HTTP/1.1" 401 -
  "GET /api/inventario/terrenos/2291dabb-58bd-4e74-989b-8f8321ec2a42/historial HTTP/1.1" 401 -
  "GET /api/inventario/terrenos/2481dbac-15d6-4828-9d68-5ef35489c1ba/historial HTTP/1.1" 401 -
  "GET /api/inventario/terrenos/25522875-b531-49c3-88ae-2be82697af72/historial HTTP/1.1" 401 -
  "GET /api/inventario/terrenos/2705fe6b-b86d-4c70-9956-87e1db16693b/historial HTTP/1.1" 401 -
  "GET /api/inventario/terrenos/2a768b7e-d3c3-47e0-9667-14ee2cbe3b86/historial HTTP/1.1" 401 -
  "GET /api/inventario/terrenos/ec08a2fe-219b-457a-8a28-9605edfb141f/vista-publica HTTP/1.1" 401 -
  "GET /api/inventario/terrenos/00a18aa7-22a2-4701-a38b-b775baf544ad/vista-publica HTTP/1.1" 401 -
  "GET /api/inventario/terrenos/00a5d0fc-f03c-4624-8047-c7679bd7611a/vista-publica HTTP/1.1" 401 -
  "GET /api/inventario/terrenos/01017416-6cd1-4f8f-9ca9-a3fb87d64bab/vista-publica HTTP/1.1" 401 -
  "GET /api/inventario/terrenos/01bfeb11-91cd-41d6-8a46-b365f3c972a8/vista-publica HTTP/1.1" 401 -
  "GET /api/inventario/terrenos/01dbe88c-2298-4cd6-9c44-fc8f35569823/vista-publica HTTP/1.1" 401 -
  "GET /api/inventario/terrenos/04b3f754-d82b-4073-9296-16d70f74d523/vista-publica HTTP/1.1" 401 -
  "GET /api/inventario/terrenos/051fc2c5-87c7-40cc-a2d2-1f3300630a28/vista-publica HTTP/1.1" 401 -
  "GET /api/inventario/terrenos/0b01cc2d-7e4d-4cb3-a649-e6616b713563/vista-publica HTTP/1.1" 401 -
  "GET /api/inventario/terrenos/0b70cbe1-0456-4e2e-96a9-fcf517139077/vista-publica HTTP/1.1" 401 -
  "GET /api/inventario/terrenos/0d34e124-7874-4c4a-8d1f-25efc7ae0b80/vista-publica HTTP/1.1" 401 -
  "GET /api/inventario/terrenos/13a64ee8-d6dd-4eee-92b5-1ef3f9e3a313/vista-publica HTTP/1.1" 401 -
  "GET /api/inventario/terrenos/14bded6a-7b5d-49cd-8942-c8aafb2ac986/vista-publica HTTP/1.1" 401 -
  "GET /api/inventario/terrenos/155195c7-f3d5-4aab-a142-b9f8e74cd2fb/vista-publica HTTP/1.1" 401 -
  "GET /api/inventario/terrenos/18e761a8-32a6-4ea0-8e6f-5396602b31ad/vista-publica HTTP/1.1" 401 -
  "GET /api/inventario/terrenos/1c7b7937-2605-4171-b6ee-6487893cce03/vista-publica HTTP/1.1" 401 -
  "GET /api/inventario/terrenos/1ee702c1-2529-4891-bdc8-80163f6d590a/vista-publica HTTP/1.1" 401 -
  "GET /api/inventario/terrenos/1fda6d44-cf93-4ce8-b322-1f08c6f15189/vista-publica HTTP/1.1" 401 -
  "GET /api/inventario/terrenos/20356464-11a2-42d5-8595-896a65e17ee8/vista-publica HTTP/1.1" 401 -
  "GET /api/inventario/terrenos/20512724-6604-4d6a-accf-869d6ddeaaf8/vista-publica HTTP/1.1" 401 -
  "GET /api/inventario/terrenos/2191d66b-8089-44f5-a54c-093c24036bfd/vista-publica HTTP/1.1" 401 -
  "GET /api/inventario/terrenos/2291dabb-58bd-4e74-989b-8f8321ec2a42/vista-publica HTTP/1.1" 401 -
  "GET /api/inventario/terrenos/2481dbac-15d6-4828-9d68-5ef35489c1ba/vista-publica HTTP/1.1" 401 -
  "GET /api/inventario/terrenos/25522875-b531-49c3-88ae-2be82697af72/vista-publica HTTP/1.1" 401 -
  "GET /api/inventario/terrenos/2705fe6b-b86d-4c70-9956-87e1db16693b/vista-publica HTTP/1.1" 401 -
  "GET /api/inventario/terrenos/2a768b7e-d3c3-47e0-9667-14ee2cbe3b86/vista-publica HTTP/1.1" 401 -
  "GET /api/mapas HTTP/1.1" 401 -
  "GET /api/mapas/1 HTTP/1.1" 401 -
  "GET /api/mapas/2 HTTP/1.1" 401 -
  "GET /api/mapas/3 HTTP/1.1" 401 -
  "GET /api/mapas/4 HTTP/1.1" 401 -
  "GET /api/mapas/999999 HTTP/1.1" 401 -
  "GET /api/mapas/1/terrenos HTTP/1.1" 401 -
  "GET /api/mapas/2/terrenos HTTP/1.1" 401 -
  "GET /api/mapas/3/terrenos HTTP/1.1" 401 -
  "GET /api/mapas/4/terrenos HTTP/1.1" 401 -
  "GET /api/mapas/999999/terrenos HTTP/1.1" 401 -
  "GET /api/carpetas?tipo=bases HTTP/1.1" 401 -
  "GET /api/carpetas?tipo=mapas HTTP/1.1" 401 -
  "GET /api/bases/1/terrenos?ids=1 HTTP/1.1" 401 -
  "GET /api/mapas/2/terrenos?capa=1 HTTP/1.1" 401 -
  "GET /api/inventario/terrenos?limit=250&include_archived=true HTTP/1.1" 401 -
  "GET /api/exportar HTTP/1.1" 401 -
  "GET /api/nope HTTP/1.1" 401 -
  "GET /api/bases/1/secreto HTTP/1.1" 401 -
  "GET /api/inventario HTTP/1.1" 401 -
  "GET /api/inventario/terrenos/x/y/z HTTP/1.1" 401 -
  "GET /api/BASES HTTP/1.1" 401 -
  "GET /api//bases HTTP/1.1" 401 -
  "GET /api/bases/ HTTP/1.1" 401 -
  "GET /api/./bases HTTP/1.1" 401 -
  "GET /api/bases%2F1 HTTP/1.1" 401 -
  "GET /api/publico/terrenos/../../bases HTTP/1.1" 401 -
  "GET /api/publico/terrenos/..%2f..%2fbases HTTP/1.1" 404 -
  "GET /api/publico/../bases HTTP/1.1" 401 -
  "GET /api/config/../bases HTTP/1.1" 401 -
  "GET /api/session/../mapas/1/terrenos HTTP/1.1" 401 -
  "GET /api/bases?x=/api/config HTTP/1.1" 401 -
  "GET /api/publico/terrenosX HTTP/1.1" 401 -
  "GET /api/publico HTTP/1.1" 401 -
  "GET /api/exportar/ HTTP/1.1" 401 -
  "GET /api/inventario/terrenos/ HTTP/1.1" 401 -
  "GET /api/INVENTARIO/terrenos HTTP/1.1" 401 -
  "GET /api/inventario/terrenos;x=1 HTTP/1.1" 401 -
  "GET /api/inventario//terrenos HTTP/1.1" 401 -
  "GET /api/inventario/terrenos%2f HTTP/1.1" 401 -
  "GET /api/inventario/terrenos?cursor=../.. HTTP/1.1" 401 -
  "GET /api/inventario/terrenos/%2e%2e/%2e%2e/bases HTTP/1.1" 401 -
  "GET /api/inventario/terrenos?limit=250&campos=contacto HTTP/1.1" 401 -
  "GET //api/inventario/terrenos HTTP/1.1" 401 -
  "GET //api/bases/1/terrenos HTTP/1.1" 401 -
  code 501, message Unsupported method ('HEAD')
  "HEAD /api/bases HTTP/1.1" 501 -
  code 501, message Unsupported method ('OPTIONS')
  "OPTIONS /api/bases HTTP/1.1" 501 -
  "POST /api/bases HTTP/1.1" 401 -
  "POST /api/bases/1 HTTP/1.1" 401 -
  "POST /api/bases/2 HTTP/1.1" 401 -
  "POST /api/bases/3 HTTP/1.1" 401 -
  "POST /api/bases/4 HTTP/1.1" 401 -
  "POST /api/bases/999999 HTTP/1.1" 401 -
  "POST /api/bases/1/terrenos HTTP/1.1" 401 -
  "POST /api/bases/2/terrenos HTTP/1.1" 401 -
  "POST /api/bases/3/terrenos HTTP/1.1" 401 -
  "POST /api/bases/4/terrenos HTTP/1.1" 401 -
  "POST /api/bases/999999/terrenos HTTP/1.1" 401 -
  "POST /api/carpetas HTTP/1.1" 401 -
  "POST /api/formatos HTTP/1.1" 401 -
  "POST /api/inventario/terrenos HTTP/1.1" 401 -
  "POST /api/inventario/terrenos/ec08a2fe-219b-457a-8a28-9605edfb141f HTTP/1.1" 401 -
  "POST /api/inventario/terrenos/00a18aa7-22a2-4701-a38b-b775baf544ad HTTP/1.1" 401 -
  "POST /api/inventario/terrenos/00a5d0fc-f03c-4624-8047-c7679bd7611a HTTP/1.1" 401 -
  "POST /api/inventario/terrenos/01017416-6cd1-4f8f-9ca9-a3fb87d64bab HTTP/1.1" 401 -
  "POST /api/inventario/terrenos/01bfeb11-91cd-41d6-8a46-b365f3c972a8 HTTP/1.1" 401 -
  "POST /api/inventario/terrenos/01dbe88c-2298-4cd6-9c44-fc8f35569823 HTTP/1.1" 401 -
  "POST /api/inventario/terrenos/04b3f754-d82b-4073-9296-16d70f74d523 HTTP/1.1" 401 -
  "POST /api/inventario/terrenos/051fc2c5-87c7-40cc-a2d2-1f3300630a28 HTTP/1.1" 401 -
  "POST /api/inventario/terrenos/0b01cc2d-7e4d-4cb3-a649-e6616b713563 HTTP/1.1" 401 -
  "POST /api/inventario/terrenos/0b70cbe1-0456-4e2e-96a9-fcf517139077 HTTP/1.1" 401 -
  "POST /api/inventario/terrenos/0d34e124-7874-4c4a-8d1f-25efc7ae0b80 HTTP/1.1" 401 -
  "POST /api/inventario/terrenos/13a64ee8-d6dd-4eee-92b5-1ef3f9e3a313 HTTP/1.1" 401 -
  "POST /api/inventario/terrenos/14bded6a-7b5d-49cd-8942-c8aafb2ac986 HTTP/1.1" 401 -
  "POST /api/inventario/terrenos/155195c7-f3d5-4aab-a142-b9f8e74cd2fb HTTP/1.1" 401 -
  "POST /api/inventario/terrenos/18e761a8-32a6-4ea0-8e6f-5396602b31ad HTTP/1.1" 401 -
  "POST /api/inventario/terrenos/1c7b7937-2605-4171-b6ee-6487893cce03 HTTP/1.1" 401 -
  "POST /api/inventario/terrenos/1ee702c1-2529-4891-bdc8-80163f6d590a HTTP/1.1" 401 -
  "POST /api/inventario/terrenos/1fda6d44-cf93-4ce8-b322-1f08c6f15189 HTTP/1.1" 401 -
  "POST /api/inventario/terrenos/20356464-11a2-42d5-8595-896a65e17ee8 HTTP/1.1" 401 -
  "POST /api/inventario/terrenos/20512724-6604-4d6a-accf-869d6ddeaaf8 HTTP/1.1" 401 -
  "POST /api/inventario/terrenos/2191d66b-8089-44f5-a54c-093c24036bfd HTTP/1.1" 401 -
  "POST /api/inventario/terrenos/2291dabb-58bd-4e74-989b-8f8321ec2a42 HTTP/1.1" 401 -
  "POST /api/inventario/terrenos/2481dbac-15d6-4828-9d68-5ef35489c1ba HTTP/1.1" 401 -
  "POST /api/inventario/terrenos/25522875-b531-49c3-88ae-2be82697af72 HTTP/1.1" 401 -
  "POST /api/inventario/terrenos/2705fe6b-b86d-4c70-9956-87e1db16693b HTTP/1.1" 401 -
  "POST /api/inventario/terrenos/2a768b7e-d3c3-47e0-9667-14ee2cbe3b86 HTTP/1.1" 401 -
  "POST /api/inventario/terrenos/ec08a2fe-219b-457a-8a28-9605edfb141f/historial HTTP/1.1" 401 -
  "POST /api/inventario/terrenos/00a18aa7-22a2-4701-a38b-b775baf544ad/historial HTTP/1.1" 401 -
  "POST /api/inventario/terrenos/00a5d0fc-f03c-4624-8047-c7679bd7611a/historial HTTP/1.1" 401 -
  "POST /api/inventario/terrenos/01017416-6cd1-4f8f-9ca9-a3fb87d64bab/historial HTTP/1.1" 401 -
  "POST /api/inventario/terrenos/01bfeb11-91cd-41d6-8a46-b365f3c972a8/historial HTTP/1.1" 401 -
  "POST /api/inventario/terrenos/01dbe88c-2298-4cd6-9c44-fc8f35569823/historial HTTP/1.1" 401 -
  "POST /api/inventario/terrenos/04b3f754-d82b-4073-9296-16d70f74d523/historial HTTP/1.1" 401 -
  "POST /api/inventario/terrenos/051fc2c5-87c7-40cc-a2d2-1f3300630a28/historial HTTP/1.1" 401 -
  "POST /api/inventario/terrenos/0b01cc2d-7e4d-4cb3-a649-e6616b713563/historial HTTP/1.1" 401 -
  "POST /api/inventario/terrenos/0b70cbe1-0456-4e2e-96a9-fcf517139077/historial HTTP/1.1" 401 -
  "POST /api/inventario/terrenos/0d34e124-7874-4c4a-8d1f-25efc7ae0b80/historial HTTP/1.1" 401 -
  "POST /api/inventario/terrenos/13a64ee8-d6dd-4eee-92b5-1ef3f9e3a313/historial HTTP/1.1" 401 -
  "POST /api/inventario/terrenos/14bded6a-7b5d-49cd-8942-c8aafb2ac986/historial HTTP/1.1" 401 -
  "POST /api/inventario/terrenos/155195c7-f3d5-4aab-a142-b9f8e74cd2fb/historial HTTP/1.1" 401 -
  "POST /api/inventario/terrenos/18e761a8-32a6-4ea0-8e6f-5396602b31ad/historial HTTP/1.1" 401 -
  "POST /api/inventario/terrenos/1c7b7937-2605-4171-b6ee-6487893cce03/historial HTTP/1.1" 401 -
  "POST /api/inventario/terrenos/1ee702c1-2529-4891-bdc8-80163f6d590a/historial HTTP/1.1" 401 -
  "POST /api/inventario/terrenos/1fda6d44-cf93-4ce8-b322-1f08c6f15189/historial HTTP/1.1" 401 -
  "POST /api/inventario/terrenos/20356464-11a2-42d5-8595-896a65e17ee8/historial HTTP/1.1" 401 -
  "POST /api/inventario/terrenos/20512724-6604-4d6a-accf-869d6ddeaaf8/historial HTTP/1.1" 401 -
  "POST /api/inventario/terrenos/2191d66b-8089-44f5-a54c-093c24036bfd/historial HTTP/1.1" 401 -
  "POST /api/inventario/terrenos/2291dabb-58bd-4e74-989b-8f8321ec2a42/historial HTTP/1.1" 401 -
  "POST /api/inventario/terrenos/2481dbac-15d6-4828-9d68-5ef35489c1ba/historial HTTP/1.1" 401 -
  "POST /api/inventario/terrenos/25522875-b531-49c3-88ae-2be82697af72/historial HTTP/1.1" 401 -
  "POST /api/inventario/terrenos/2705fe6b-b86d-4c70-9956-87e1db16693b/historial HTTP/1.1" 401 -
  "POST /api/inventario/terrenos/2a768b7e-d3c3-47e0-9667-14ee2cbe3b86/historial HTTP/1.1" 401 -
  "POST /api/inventario/terrenos/ec08a2fe-219b-457a-8a28-9605edfb141f/vista-publica HTTP/1.1" 401 -
  "POST /api/inventario/terrenos/00a18aa7-22a2-4701-a38b-b775baf544ad/vista-publica HTTP/1.1" 401 -
  "POST /api/inventario/terrenos/00a5d0fc-f03c-4624-8047-c7679bd7611a/vista-publica HTTP/1.1" 401 -
  "POST /api/inventario/terrenos/01017416-6cd1-4f8f-9ca9-a3fb87d64bab/vista-publica HTTP/1.1" 401 -
  "POST /api/inventario/terrenos/01bfeb11-91cd-41d6-8a46-b365f3c972a8/vista-publica HTTP/1.1" 401 -
  "POST /api/inventario/terrenos/01dbe88c-2298-4cd6-9c44-fc8f35569823/vista-publica HTTP/1.1" 401 -
  "POST /api/inventario/terrenos/04b3f754-d82b-4073-9296-16d70f74d523/vista-publica HTTP/1.1" 401 -
  "POST /api/inventario/terrenos/051fc2c5-87c7-40cc-a2d2-1f3300630a28/vista-publica HTTP/1.1" 401 -
  "POST /api/inventario/terrenos/0b01cc2d-7e4d-4cb3-a649-e6616b713563/vista-publica HTTP/1.1" 401 -
  "POST /api/inventario/terrenos/0b70cbe1-0456-4e2e-96a9-fcf517139077/vista-publica HTTP/1.1" 401 -
  "POST /api/inventario/terrenos/0d34e124-7874-4c4a-8d1f-25efc7ae0b80/vista-publica HTTP/1.1" 401 -
  "POST /api/inventario/terrenos/13a64ee8-d6dd-4eee-92b5-1ef3f9e3a313/vista-publica HTTP/1.1" 401 -
  "POST /api/inventario/terrenos/14bded6a-7b5d-49cd-8942-c8aafb2ac986/vista-publica HTTP/1.1" 401 -
  "POST /api/inventario/terrenos/155195c7-f3d5-4aab-a142-b9f8e74cd2fb/vista-publica HTTP/1.1" 401 -
  "POST /api/inventario/terrenos/18e761a8-32a6-4ea0-8e6f-5396602b31ad/vista-publica HTTP/1.1" 401 -
  "POST /api/inventario/terrenos/1c7b7937-2605-4171-b6ee-6487893cce03/vista-publica HTTP/1.1" 401 -
  "POST /api/inventario/terrenos/1ee702c1-2529-4891-bdc8-80163f6d590a/vista-publica HTTP/1.1" 401 -
  "POST /api/inventario/terrenos/1fda6d44-cf93-4ce8-b322-1f08c6f15189/vista-publica HTTP/1.1" 401 -
  "POST /api/inventario/terrenos/20356464-11a2-42d5-8595-896a65e17ee8/vista-publica HTTP/1.1" 401 -
  "POST /api/inventario/terrenos/20512724-6604-4d6a-accf-869d6ddeaaf8/vista-publica HTTP/1.1" 401 -
  "POST /api/inventario/terrenos/2191d66b-8089-44f5-a54c-093c24036bfd/vista-publica HTTP/1.1" 401 -
  "POST /api/inventario/terrenos/2291dabb-58bd-4e74-989b-8f8321ec2a42/vista-publica HTTP/1.1" 401 -
  "POST /api/inventario/terrenos/2481dbac-15d6-4828-9d68-5ef35489c1ba/vista-publica HTTP/1.1" 401 -
  "POST /api/inventario/terrenos/25522875-b531-49c3-88ae-2be82697af72/vista-publica HTTP/1.1" 401 -
  "POST /api/inventario/terrenos/2705fe6b-b86d-4c70-9956-87e1db16693b/vista-publica HTTP/1.1" 401 -
  "POST /api/inventario/terrenos/2a768b7e-d3c3-47e0-9667-14ee2cbe3b86/vista-publica HTTP/1.1" 401 -
  "POST /api/mapas HTTP/1.1" 401 -
  "POST /api/mapas/1 HTTP/1.1" 401 -
  "POST /api/mapas/2 HTTP/1.1" 401 -
  "POST /api/mapas/3 HTTP/1.1" 401 -
  "POST /api/mapas/4 HTTP/1.1" 401 -
  "POST /api/mapas/999999 HTTP/1.1" 401 -
  "POST /api/mapas/1/terrenos HTTP/1.1" 401 -
  "POST /api/mapas/2/terrenos HTTP/1.1" 401 -
  "POST /api/mapas/3/terrenos HTTP/1.1" 401 -
  "POST /api/mapas/4/terrenos HTTP/1.1" 401 -
  "POST /api/mapas/999999/terrenos HTTP/1.1" 401 -
  "POST /api/bases/1/adjuntar HTTP/1.1" 401 -
  "POST /api/bases/2/adjuntar HTTP/1.1" 401 -
  "POST /api/bases/3/adjuntar HTTP/1.1" 401 -
  "POST /api/bases/4/adjuntar HTTP/1.1" 401 -
  "POST /api/bases/999999/adjuntar HTTP/1.1" 401 -
  "POST /api/bases/1/terrenos HTTP/1.1" 401 -
  "POST /api/bases/2/terrenos HTTP/1.1" 401 -
  "POST /api/bases/3/terrenos HTTP/1.1" 401 -
  "POST /api/bases/4/terrenos HTTP/1.1" 401 -
  "POST /api/bases/999999/terrenos HTTP/1.1" 401 -
  "POST /api/carpetas HTTP/1.1" 401 -
  "POST /api/exportar HTTP/1.1" 401 -
  "POST /api/importar/analizar HTTP/1.1" 401 -
  "POST /api/importar/confirmar HTTP/1.1" 401 -
  "POST /api/importar/preparar HTTP/1.1" 401 -
  "POST /api/importar/vista-previa HTTP/1.1" 401 -
  "POST /api/inventario/terrenos HTTP/1.1" 401 -
  "POST /api/inventario/terrenos/ec08a2fe-219b-457a-8a28-9605edfb141f/archivar HTTP/1.1" 401 -
  "POST /api/inventario/terrenos/00a18aa7-22a2-4701-a38b-b775baf544ad/archivar HTTP/1.1" 401 -
  "POST /api/inventario/terrenos/00a5d0fc-f03c-4624-8047-c7679bd7611a/archivar HTTP/1.1" 401 -
  "POST /api/inventario/terrenos/01017416-6cd1-4f8f-9ca9-a3fb87d64bab/archivar HTTP/1.1" 401 -
  "POST /api/inventario/terrenos/01bfeb11-91cd-41d6-8a46-b365f3c972a8/archivar HTTP/1.1" 401 -
  "POST /api/inventario/terrenos/01dbe88c-2298-4cd6-9c44-fc8f35569823/archivar HTTP/1.1" 401 -
  "POST /api/inventario/terrenos/04b3f754-d82b-4073-9296-16d70f74d523/archivar HTTP/1.1" 401 -
  "POST /api/inventario/terrenos/051fc2c5-87c7-40cc-a2d2-1f3300630a28/archivar HTTP/1.1" 401 -
  "POST /api/inventario/terrenos/0b01cc2d-7e4d-4cb3-a649-e6616b713563/archivar HTTP/1.1" 401 -
  "POST /api/inventario/terrenos/0b70cbe1-0456-4e2e-96a9-fcf517139077/archivar HTTP/1.1" 401 -
  "POST /api/inventario/terrenos/0d34e124-7874-4c4a-8d1f-25efc7ae0b80/archivar HTTP/1.1" 401 -
  "POST /api/inventario/terrenos/13a64ee8-d6dd-4eee-92b5-1ef3f9e3a313/archivar HTTP/1.1" 401 -
  "POST /api/inventario/terrenos/14bded6a-7b5d-49cd-8942-c8aafb2ac986/archivar HTTP/1.1" 401 -
  "POST /api/inventario/terrenos/155195c7-f3d5-4aab-a142-b9f8e74cd2fb/archivar HTTP/1.1" 401 -
  "POST /api/inventario/terrenos/18e761a8-32a6-4ea0-8e6f-5396602b31ad/archivar HTTP/1.1" 401 -
  "POST /api/inventario/terrenos/1c7b7937-2605-4171-b6ee-6487893cce03/archivar HTTP/1.1" 401 -
  "POST /api/inventario/terrenos/1ee702c1-2529-4891-bdc8-80163f6d590a/archivar HTTP/1.1" 401 -
  "POST /api/inventario/terrenos/1fda6d44-cf93-4ce8-b322-1f08c6f15189/archivar HTTP/1.1" 401 -
  "POST /api/inventario/terrenos/20356464-11a2-42d5-8595-896a65e17ee8/archivar HTTP/1.1" 401 -
  "POST /api/inventario/terrenos/20512724-6604-4d6a-accf-869d6ddeaaf8/archivar HTTP/1.1" 401 -
  "POST /api/inventario/terrenos/2191d66b-8089-44f5-a54c-093c24036bfd/archivar HTTP/1.1" 401 -
  "POST /api/inventario/terrenos/2291dabb-58bd-4e74-989b-8f8321ec2a42/archivar HTTP/1.1" 401 -
  "POST /api/inventario/terrenos/2481dbac-15d6-4828-9d68-5ef35489c1ba/archivar HTTP/1.1" 401 -
  "POST /api/inventario/terrenos/25522875-b531-49c3-88ae-2be82697af72/archivar HTTP/1.1" 401 -
  "POST /api/inventario/terrenos/2705fe6b-b86d-4c70-9956-87e1db16693b/archivar HTTP/1.1" 401 -
  "POST /api/inventario/terrenos/2a768b7e-d3c3-47e0-9667-14ee2cbe3b86/archivar HTTP/1.1" 401 -
  "POST /api/inventario/terrenos/ec08a2fe-219b-457a-8a28-9605edfb141f/despublicar HTTP/1.1" 401 -
  "POST /api/inventario/terrenos/00a18aa7-22a2-4701-a38b-b775baf544ad/despublicar HTTP/1.1" 401 -
  "POST /api/inventario/terrenos/00a5d0fc-f03c-4624-8047-c7679bd7611a/despublicar HTTP/1.1" 401 -
  "POST /api/inventario/terrenos/01017416-6cd1-4f8f-9ca9-a3fb87d64bab/despublicar HTTP/1.1" 401 -
  "POST /api/inventario/terrenos/01bfeb11-91cd-41d6-8a46-b365f3c972a8/despublicar HTTP/1.1" 401 -
  "POST /api/inventario/terrenos/01dbe88c-2298-4cd6-9c44-fc8f35569823/despublicar HTTP/1.1" 401 -
  "POST /api/inventario/terrenos/04b3f754-d82b-4073-9296-16d70f74d523/despublicar HTTP/1.1" 401 -
  "POST /api/inventario/terrenos/051fc2c5-87c7-40cc-a2d2-1f3300630a28/despublicar HTTP/1.1" 401 -
  "POST /api/inventario/terrenos/0b01cc2d-7e4d-4cb3-a649-e6616b713563/despublicar HTTP/1.1" 401 -
  "POST /api/inventario/terrenos/0b70cbe1-0456-4e2e-96a9-fcf517139077/despublicar HTTP/1.1" 401 -
  "POST /api/inventario/terrenos/0d34e124-7874-4c4a-8d1f-25efc7ae0b80/despublicar HTTP/1.1" 401 -
  "POST /api/inventario/terrenos/13a64ee8-d6dd-4eee-92b5-1ef3f9e3a313/despublicar HTTP/1.1" 401 -
  "POST /api/inventario/terrenos/14bded6a-7b5d-49cd-8942-c8aafb2ac986/despublicar HTTP/1.1" 401 -
  "POST /api/inventario/terrenos/155195c7-f3d5-4aab-a142-b9f8e74cd2fb/despublicar HTTP/1.1" 401 -
  "POST /api/inventario/terrenos/18e761a8-32a6-4ea0-8e6f-5396602b31ad/despublicar HTTP/1.1" 401 -
  "POST /api/inventario/terrenos/1c7b7937-2605-4171-b6ee-6487893cce03/despublicar HTTP/1.1" 401 -
  "POST /api/inventario/terrenos/1ee702c1-2529-4891-bdc8-80163f6d590a/despublicar HTTP/1.1" 401 -
  "POST /api/inventario/terrenos/1fda6d44-cf93-4ce8-b322-1f08c6f15189/despublicar HTTP/1.1" 401 -
  "POST /api/inventario/terrenos/20356464-11a2-42d5-8595-896a65e17ee8/despublicar HTTP/1.1" 401 -
  "POST /api/inventario/terrenos/20512724-6604-4d6a-accf-869d6ddeaaf8/despublicar HTTP/1.1" 401 -
  "POST /api/inventario/terrenos/2191d66b-8089-44f5-a54c-093c24036bfd/despublicar HTTP/1.1" 401 -
  "POST /api/inventario/terrenos/2291dabb-58bd-4e74-989b-8f8321ec2a42/despublicar HTTP/1.1" 401 -
  "POST /api/inventario/terrenos/2481dbac-15d6-4828-9d68-5ef35489c1ba/despublicar HTTP/1.1" 401 -
  "POST /api/inventario/terrenos/25522875-b531-49c3-88ae-2be82697af72/despublicar HTTP/1.1" 401 -
  "POST /api/inventario/terrenos/2705fe6b-b86d-4c70-9956-87e1db16693b/despublicar HTTP/1.1" 401 -
  "POST /api/inventario/terrenos/2a768b7e-d3c3-47e0-9667-14ee2cbe3b86/despublicar HTTP/1.1" 401 -
  "POST /api/inventario/terrenos/ec08a2fe-219b-457a-8a28-9605edfb141f/publicar HTTP/1.1" 401 -
  "POST /api/inventario/terrenos/00a18aa7-22a2-4701-a38b-b775baf544ad/publicar HTTP/1.1" 401 -
  "POST /api/inventario/terrenos/00a5d0fc-f03c-4624-8047-c7679bd7611a/publicar HTTP/1.1" 401 -
  "POST /api/inventario/terrenos/01017416-6cd1-4f8f-9ca9-a3fb87d64bab/publicar HTTP/1.1" 401 -
  "POST /api/inventario/terrenos/01bfeb11-91cd-41d6-8a46-b365f3c972a8/publicar HTTP/1.1" 401 -
  "POST /api/inventario/terrenos/01dbe88c-2298-4cd6-9c44-fc8f35569823/publicar HTTP/1.1" 401 -
  "POST /api/inventario/terrenos/04b3f754-d82b-4073-9296-16d70f74d523/publicar HTTP/1.1" 401 -
  "POST /api/inventario/terrenos/051fc2c5-87c7-40cc-a2d2-1f3300630a28/publicar HTTP/1.1" 401 -
  "POST /api/inventario/terrenos/0b01cc2d-7e4d-4cb3-a649-e6616b713563/publicar HTTP/1.1" 401 -
  "POST /api/inventario/terrenos/0b70cbe1-0456-4e2e-96a9-fcf517139077/publicar HTTP/1.1" 401 -
  "POST /api/inventario/terrenos/0d34e124-7874-4c4a-8d1f-25efc7ae0b80/publicar HTTP/1.1" 401 -
  "POST /api/inventario/terrenos/13a64ee8-d6dd-4eee-92b5-1ef3f9e3a313/publicar HTTP/1.1" 401 -
  "POST /api/inventario/terrenos/14bded6a-7b5d-49cd-8942-c8aafb2ac986/publicar HTTP/1.1" 401 -
  "POST /api/inventario/terrenos/155195c7-f3d5-4aab-a142-b9f8e74cd2fb/publicar HTTP/1.1" 401 -
  "POST /api/inventario/terrenos/18e761a8-32a6-4ea0-8e6f-5396602b31ad/publicar HTTP/1.1" 401 -
  "POST /api/inventario/terrenos/1c7b7937-2605-4171-b6ee-6487893cce03/publicar HTTP/1.1" 401 -
  "POST /api/inventario/terrenos/1ee702c1-2529-4891-bdc8-80163f6d590a/publicar HTTP/1.1" 401 -
  "POST /api/inventario/terrenos/1fda6d44-cf93-4ce8-b322-1f08c6f15189/publicar HTTP/1.1" 401 -
  "POST /api/inventario/terrenos/20356464-11a2-42d5-8595-896a65e17ee8/publicar HTTP/1.1" 401 -
  "POST /api/inventario/terrenos/20512724-6604-4d6a-accf-869d6ddeaaf8/publicar HTTP/1.1" 401 -
  "POST /api/inventario/terrenos/2191d66b-8089-44f5-a54c-093c24036bfd/publicar HTTP/1.1" 401 -
  "POST /api/inventario/terrenos/2291dabb-58bd-4e74-989b-8f8321ec2a42/publicar HTTP/1.1" 401 -
  "POST /api/inventario/terrenos/2481dbac-15d6-4828-9d68-5ef35489c1ba/publicar HTTP/1.1" 401 -
  "POST /api/inventario/terrenos/25522875-b531-49c3-88ae-2be82697af72/publicar HTTP/1.1" 401 -
  "POST /api/inventario/terrenos/2705fe6b-b86d-4c70-9956-87e1db16693b/publicar HTTP/1.1" 401 -
  "POST /api/inventario/terrenos/2a768b7e-d3c3-47e0-9667-14ee2cbe3b86/publicar HTTP/1.1" 401 -
  "POST /api/inventario/terrenos/ec08a2fe-219b-457a-8a28-9605edfb141f/restaurar HTTP/1.1" 401 -
  "POST /api/inventario/terrenos/00a18aa7-22a2-4701-a38b-b775baf544ad/restaurar HTTP/1.1" 401 -
  "POST /api/inventario/terrenos/00a5d0fc-f03c-4624-8047-c7679bd7611a/restaurar HTTP/1.1" 401 -
  "POST /api/inventario/terrenos/01017416-6cd1-4f8f-9ca9-a3fb87d64bab/restaurar HTTP/1.1" 401 -
  "POST /api/inventario/terrenos/01bfeb11-91cd-41d6-8a46-b365f3c972a8/restaurar HTTP/1.1" 401 -
  "POST /api/inventario/terrenos/01dbe88c-2298-4cd6-9c44-fc8f35569823/restaurar HTTP/1.1" 401 -
  "POST /api/inventario/terrenos/04b3f754-d82b-4073-9296-16d70f74d523/restaurar HTTP/1.1" 401 -
  "POST /api/inventario/terrenos/051fc2c5-87c7-40cc-a2d2-1f3300630a28/restaurar HTTP/1.1" 401 -
  "POST /api/inventario/terrenos/0b01cc2d-7e4d-4cb3-a649-e6616b713563/restaurar HTTP/1.1" 401 -
  "POST /api/inventario/terrenos/0b70cbe1-0456-4e2e-96a9-fcf517139077/restaurar HTTP/1.1" 401 -
  "POST /api/inventario/terrenos/0d34e124-7874-4c4a-8d1f-25efc7ae0b80/restaurar HTTP/1.1" 401 -
  "POST /api/inventario/terrenos/13a64ee8-d6dd-4eee-92b5-1ef3f9e3a313/restaurar HTTP/1.1" 401 -
  "POST /api/inventario/terrenos/14bded6a-7b5d-49cd-8942-c8aafb2ac986/restaurar HTTP/1.1" 401 -
  "POST /api/inventario/terrenos/155195c7-f3d5-4aab-a142-b9f8e74cd2fb/restaurar HTTP/1.1" 401 -
  "POST /api/inventario/terrenos/18e761a8-32a6-4ea0-8e6f-5396602b31ad/restaurar HTTP/1.1" 401 -
  "POST /api/inventario/terrenos/1c7b7937-2605-4171-b6ee-6487893cce03/restaurar HTTP/1.1" 401 -
  "POST /api/inventario/terrenos/1ee702c1-2529-4891-bdc8-80163f6d590a/restaurar HTTP/1.1" 401 -
  "POST /api/inventario/terrenos/1fda6d44-cf93-4ce8-b322-1f08c6f15189/restaurar HTTP/1.1" 401 -
  "POST /api/inventario/terrenos/20356464-11a2-42d5-8595-896a65e17ee8/restaurar HTTP/1.1" 401 -
  "POST /api/inventario/terrenos/20512724-6604-4d6a-accf-869d6ddeaaf8/restaurar HTTP/1.1" 401 -
  "POST /api/inventario/terrenos/2191d66b-8089-44f5-a54c-093c24036bfd/restaurar HTTP/1.1" 401 -
  "POST /api/inventario/terrenos/2291dabb-58bd-4e74-989b-8f8321ec2a42/restaurar HTTP/1.1" 401 -
  "POST /api/inventario/terrenos/2481dbac-15d6-4828-9d68-5ef35489c1ba/restaurar HTTP/1.1" 401 -
  "POST /api/inventario/terrenos/25522875-b531-49c3-88ae-2be82697af72/restaurar HTTP/1.1" 401 -
  "POST /api/inventario/terrenos/2705fe6b-b86d-4c70-9956-87e1db16693b/restaurar HTTP/1.1" 401 -
  "POST /api/inventario/terrenos/2a768b7e-d3c3-47e0-9667-14ee2cbe3b86/restaurar HTTP/1.1" 401 -
  "POST /api/mapas HTTP/1.1" 401 -
  "POST /api/mapas/1/actualizar HTTP/1.1" 401 -
  "POST /api/mapas/2/actualizar HTTP/1.1" 401 -
  "POST /api/mapas/3/actualizar HTTP/1.1" 401 -
  "POST /api/mapas/4/actualizar HTTP/1.1" 401 -
  "POST /api/mapas/999999/actualizar HTTP/1.1" 401 -
  "POST /api/mapas/combinar HTTP/1.1" 401 -
  "POST /api/mapas/combinar/vista-previa HTTP/1.1" 401 -
  "POST /api/exportar HTTP/1.1" 401 -
  "POST /api/exportar HTTP/1.1" 401 -
  "POST /api/exportar HTTP/1.1" 401 -
  "POST /api/exportar HTTP/1.1" 401 -
  "POST /api/exportar HTTP/1.1" 401 -
  "POST /api/exportar HTTP/1.1" 401 -
  "POST /api/exportar HTTP/1.1" 401 -
  "POST /api/exportar HTTP/1.1" 401 -
  "POST /api/exportar HTTP/1.1" 401 -
  "PATCH /api/bases HTTP/1.1" 401 -
  "PATCH /api/bases/1 HTTP/1.1" 401 -
  "PATCH /api/bases/2 HTTP/1.1" 401 -
  "PATCH /api/bases/3 HTTP/1.1" 401 -
  "PATCH /api/bases/4 HTTP/1.1" 401 -
  "PATCH /api/bases/999999 HTTP/1.1" 401 -
  "PATCH /api/bases/1/terrenos HTTP/1.1" 401 -
  "PATCH /api/bases/2/terrenos HTTP/1.1" 401 -
  "PATCH /api/bases/3/terrenos HTTP/1.1" 401 -
  "PATCH /api/bases/4/terrenos HTTP/1.1" 401 -
  "PATCH /api/bases/999999/terrenos HTTP/1.1" 401 -
  "PATCH /api/carpetas HTTP/1.1" 401 -
  "PATCH /api/formatos HTTP/1.1" 401 -
  "PATCH /api/inventario/terrenos HTTP/1.1" 401 -
  "PATCH /api/inventario/terrenos/ec08a2fe-219b-457a-8a28-9605edfb141f HTTP/1.1" 401 -
  "PATCH /api/inventario/terrenos/00a18aa7-22a2-4701-a38b-b775baf544ad HTTP/1.1" 401 -
  "PATCH /api/inventario/terrenos/00a5d0fc-f03c-4624-8047-c7679bd7611a HTTP/1.1" 401 -
  "PATCH /api/inventario/terrenos/01017416-6cd1-4f8f-9ca9-a3fb87d64bab HTTP/1.1" 401 -
  "PATCH /api/inventario/terrenos/01bfeb11-91cd-41d6-8a46-b365f3c972a8 HTTP/1.1" 401 -
  "PATCH /api/inventario/terrenos/01dbe88c-2298-4cd6-9c44-fc8f35569823 HTTP/1.1" 401 -
  "PATCH /api/inventario/terrenos/04b3f754-d82b-4073-9296-16d70f74d523 HTTP/1.1" 401 -
  "PATCH /api/inventario/terrenos/051fc2c5-87c7-40cc-a2d2-1f3300630a28 HTTP/1.1" 401 -
  "PATCH /api/inventario/terrenos/0b01cc2d-7e4d-4cb3-a649-e6616b713563 HTTP/1.1" 401 -
  "PATCH /api/inventario/terrenos/0b70cbe1-0456-4e2e-96a9-fcf517139077 HTTP/1.1" 401 -
  "PATCH /api/inventario/terrenos/0d34e124-7874-4c4a-8d1f-25efc7ae0b80 HTTP/1.1" 401 -
  "PATCH /api/inventario/terrenos/13a64ee8-d6dd-4eee-92b5-1ef3f9e3a313 HTTP/1.1" 401 -
  "PATCH /api/inventario/terrenos/14bded6a-7b5d-49cd-8942-c8aafb2ac986 HTTP/1.1" 401 -
  "PATCH /api/inventario/terrenos/155195c7-f3d5-4aab-a142-b9f8e74cd2fb HTTP/1.1" 401 -
  "PATCH /api/inventario/terrenos/18e761a8-32a6-4ea0-8e6f-5396602b31ad HTTP/1.1" 401 -
  "PATCH /api/inventario/terrenos/1c7b7937-2605-4171-b6ee-6487893cce03 HTTP/1.1" 401 -
  "PATCH /api/inventario/terrenos/1ee702c1-2529-4891-bdc8-80163f6d590a HTTP/1.1" 401 -
  "PATCH /api/inventario/terrenos/1fda6d44-cf93-4ce8-b322-1f08c6f15189 HTTP/1.1" 401 -
  "PATCH /api/inventario/terrenos/20356464-11a2-42d5-8595-896a65e17ee8 HTTP/1.1" 401 -
  "PATCH /api/inventario/terrenos/20512724-6604-4d6a-accf-869d6ddeaaf8 HTTP/1.1" 401 -
  "PATCH /api/inventario/terrenos/2191d66b-8089-44f5-a54c-093c24036bfd HTTP/1.1" 401 -
  "PATCH /api/inventario/terrenos/2291dabb-58bd-4e74-989b-8f8321ec2a42 HTTP/1.1" 401 -
  "PATCH /api/inventario/terrenos/2481dbac-15d6-4828-9d68-5ef35489c1ba HTTP/1.1" 401 -
  "PATCH /api/inventario/terrenos/25522875-b531-49c3-88ae-2be82697af72 HTTP/1.1" 401 -
  "PATCH /api/inventario/terrenos/2705fe6b-b86d-4c70-9956-87e1db16693b HTTP/1.1" 401 -
  "PATCH /api/inventario/terrenos/2a768b7e-d3c3-47e0-9667-14ee2cbe3b86 HTTP/1.1" 401 -
  "PATCH /api/inventario/terrenos/ec08a2fe-219b-457a-8a28-9605edfb141f/historial HTTP/1.1" 401 -
  "PATCH /api/inventario/terrenos/00a18aa7-22a2-4701-a38b-b775baf544ad/historial HTTP/1.1" 401 -
  "PATCH /api/inventario/terrenos/00a5d0fc-f03c-4624-8047-c7679bd7611a/historial HTTP/1.1" 401 -
  "PATCH /api/inventario/terrenos/01017416-6cd1-4f8f-9ca9-a3fb87d64bab/historial HTTP/1.1" 401 -
  "PATCH /api/inventario/terrenos/01bfeb11-91cd-41d6-8a46-b365f3c972a8/historial HTTP/1.1" 401 -
  "PATCH /api/inventario/terrenos/01dbe88c-2298-4cd6-9c44-fc8f35569823/historial HTTP/1.1" 401 -
  "PATCH /api/inventario/terrenos/04b3f754-d82b-4073-9296-16d70f74d523/historial HTTP/1.1" 401 -
  "PATCH /api/inventario/terrenos/051fc2c5-87c7-40cc-a2d2-1f3300630a28/historial HTTP/1.1" 401 -
  "PATCH /api/inventario/terrenos/0b01cc2d-7e4d-4cb3-a649-e6616b713563/historial HTTP/1.1" 401 -
  "PATCH /api/inventario/terrenos/0b70cbe1-0456-4e2e-96a9-fcf517139077/historial HTTP/1.1" 401 -
  "PATCH /api/inventario/terrenos/0d34e124-7874-4c4a-8d1f-25efc7ae0b80/historial HTTP/1.1" 401 -
  "PATCH /api/inventario/terrenos/13a64ee8-d6dd-4eee-92b5-1ef3f9e3a313/historial HTTP/1.1" 401 -
  "PATCH /api/inventario/terrenos/14bded6a-7b5d-49cd-8942-c8aafb2ac986/historial HTTP/1.1" 401 -
  "PATCH /api/inventario/terrenos/155195c7-f3d5-4aab-a142-b9f8e74cd2fb/historial HTTP/1.1" 401 -
  "PATCH /api/inventario/terrenos/18e761a8-32a6-4ea0-8e6f-5396602b31ad/historial HTTP/1.1" 401 -
  "PATCH /api/inventario/terrenos/1c7b7937-2605-4171-b6ee-6487893cce03/historial HTTP/1.1" 401 -
  "PATCH /api/inventario/terrenos/1ee702c1-2529-4891-bdc8-80163f6d590a/historial HTTP/1.1" 401 -
  "PATCH /api/inventario/terrenos/1fda6d44-cf93-4ce8-b322-1f08c6f15189/historial HTTP/1.1" 401 -
  "PATCH /api/inventario/terrenos/20356464-11a2-42d5-8595-896a65e17ee8/historial HTTP/1.1" 401 -
  "PATCH /api/inventario/terrenos/20512724-6604-4d6a-accf-869d6ddeaaf8/historial HTTP/1.1" 401 -
  "PATCH /api/inventario/terrenos/2191d66b-8089-44f5-a54c-093c24036bfd/historial HTTP/1.1" 401 -
  "PATCH /api/inventario/terrenos/2291dabb-58bd-4e74-989b-8f8321ec2a42/historial HTTP/1.1" 401 -
  "PATCH /api/inventario/terrenos/2481dbac-15d6-4828-9d68-5ef35489c1ba/historial HTTP/1.1" 401 -
  "PATCH /api/inventario/terrenos/25522875-b531-49c3-88ae-2be82697af72/historial HTTP/1.1" 401 -
  "PATCH /api/inventario/terrenos/2705fe6b-b86d-4c70-9956-87e1db16693b/historial HTTP/1.1" 401 -
  "PATCH /api/inventario/terrenos/2a768b7e-d3c3-47e0-9667-14ee2cbe3b86/historial HTTP/1.1" 401 -
  "PATCH /api/inventario/terrenos/ec08a2fe-219b-457a-8a28-9605edfb141f/vista-publica HTTP/1.1" 401 -
  "PATCH /api/inventario/terrenos/00a18aa7-22a2-4701-a38b-b775baf544ad/vista-publica HTTP/1.1" 401 -
  "PATCH /api/inventario/terrenos/00a5d0fc-f03c-4624-8047-c7679bd7611a/vista-publica HTTP/1.1" 401 -
  "PATCH /api/inventario/terrenos/01017416-6cd1-4f8f-9ca9-a3fb87d64bab/vista-publica HTTP/1.1" 401 -
  "PATCH /api/inventario/terrenos/01bfeb11-91cd-41d6-8a46-b365f3c972a8/vista-publica HTTP/1.1" 401 -
  "PATCH /api/inventario/terrenos/01dbe88c-2298-4cd6-9c44-fc8f35569823/vista-publica HTTP/1.1" 401 -
  "PATCH /api/inventario/terrenos/04b3f754-d82b-4073-9296-16d70f74d523/vista-publica HTTP/1.1" 401 -
  "PATCH /api/inventario/terrenos/051fc2c5-87c7-40cc-a2d2-1f3300630a28/vista-publica HTTP/1.1" 401 -
  "PATCH /api/inventario/terrenos/0b01cc2d-7e4d-4cb3-a649-e6616b713563/vista-publica HTTP/1.1" 401 -
  "PATCH /api/inventario/terrenos/0b70cbe1-0456-4e2e-96a9-fcf517139077/vista-publica HTTP/1.1" 401 -
  "PATCH /api/inventario/terrenos/0d34e124-7874-4c4a-8d1f-25efc7ae0b80/vista-publica HTTP/1.1" 401 -
  "PATCH /api/inventario/terrenos/13a64ee8-d6dd-4eee-92b5-1ef3f9e3a313/vista-publica HTTP/1.1" 401 -
  "PATCH /api/inventario/terrenos/14bded6a-7b5d-49cd-8942-c8aafb2ac986/vista-publica HTTP/1.1" 401 -
  "PATCH /api/inventario/terrenos/155195c7-f3d5-4aab-a142-b9f8e74cd2fb/vista-publica HTTP/1.1" 401 -
  "PATCH /api/inventario/terrenos/18e761a8-32a6-4ea0-8e6f-5396602b31ad/vista-publica HTTP/1.1" 401 -
  "PATCH /api/inventario/terrenos/1c7b7937-2605-4171-b6ee-6487893cce03/vista-publica HTTP/1.1" 401 -
  "PATCH /api/inventario/terrenos/1ee702c1-2529-4891-bdc8-80163f6d590a/vista-publica HTTP/1.1" 401 -
  "PATCH /api/inventario/terrenos/1fda6d44-cf93-4ce8-b322-1f08c6f15189/vista-publica HTTP/1.1" 401 -
  "PATCH /api/inventario/terrenos/20356464-11a2-42d5-8595-896a65e17ee8/vista-publica HTTP/1.1" 401 -
  "PATCH /api/inventario/terrenos/20512724-6604-4d6a-accf-869d6ddeaaf8/vista-publica HTTP/1.1" 401 -
  "PATCH /api/inventario/terrenos/2191d66b-8089-44f5-a54c-093c24036bfd/vista-publica HTTP/1.1" 401 -
  "PATCH /api/inventario/terrenos/2291dabb-58bd-4e74-989b-8f8321ec2a42/vista-publica HTTP/1.1" 401 -
  "PATCH /api/inventario/terrenos/2481dbac-15d6-4828-9d68-5ef35489c1ba/vista-publica HTTP/1.1" 401 -
  "PATCH /api/inventario/terrenos/25522875-b531-49c3-88ae-2be82697af72/vista-publica HTTP/1.1" 401 -
  "PATCH /api/inventario/terrenos/2705fe6b-b86d-4c70-9956-87e1db16693b/vista-publica HTTP/1.1" 401 -
  "PATCH /api/inventario/terrenos/2a768b7e-d3c3-47e0-9667-14ee2cbe3b86/vista-publica HTTP/1.1" 401 -
  "PATCH /api/mapas HTTP/1.1" 401 -
  "PATCH /api/mapas/1 HTTP/1.1" 401 -
  "PATCH /api/mapas/2 HTTP/1.1" 401 -
  "PATCH /api/mapas/3 HTTP/1.1" 401 -
  "PATCH /api/mapas/4 HTTP/1.1" 401 -
  "PATCH /api/mapas/999999 HTTP/1.1" 401 -
  "PATCH /api/mapas/1/terrenos HTTP/1.1" 401 -
  "PATCH /api/mapas/2/terrenos HTTP/1.1" 401 -
  "PATCH /api/mapas/3/terrenos HTTP/1.1" 401 -
  "PATCH /api/mapas/4/terrenos HTTP/1.1" 401 -
  "PATCH /api/mapas/999999/terrenos HTTP/1.1" 401 -
  "PATCH /api/bases/1 HTTP/1.1" 401 -
  "PATCH /api/bases/2 HTTP/1.1" 401 -
  "PATCH /api/bases/3 HTTP/1.1" 401 -
  "PATCH /api/bases/4 HTTP/1.1" 401 -
  "PATCH /api/bases/999999 HTTP/1.1" 401 -
  "PATCH /api/bases/1/carpeta HTTP/1.1" 401 -
  "PATCH /api/bases/2/carpeta HTTP/1.1" 401 -
  "PATCH /api/bases/3/carpeta HTTP/1.1" 401 -
  "PATCH /api/bases/4/carpeta HTTP/1.1" 401 -
  "PATCH /api/bases/999999/carpeta HTTP/1.1" 401 -
  "PATCH /api/carpetas/1 HTTP/1.1" 401 -
  "PATCH /api/carpetas/2 HTTP/1.1" 401 -
  "PATCH /api/carpetas/3 HTTP/1.1" 401 -
  "PATCH /api/carpetas/4 HTTP/1.1" 401 -
  "PATCH /api/carpetas/999999 HTTP/1.1" 401 -
  "PATCH /api/formatos/1 HTTP/1.1" 401 -
  "PATCH /api/formatos/2 HTTP/1.1" 401 -
  "PATCH /api/formatos/3 HTTP/1.1" 401 -
  "PATCH /api/formatos/4 HTTP/1.1" 401 -
  "PATCH /api/formatos/999999 HTTP/1.1" 401 -
  "PATCH /api/inventario/terrenos/ec08a2fe-219b-457a-8a28-9605edfb141f HTTP/1.1" 401 -
  "PATCH /api/inventario/terrenos/00a18aa7-22a2-4701-a38b-b775baf544ad HTTP/1.1" 401 -
  "PATCH /api/inventario/terrenos/00a5d0fc-f03c-4624-8047-c7679bd7611a HTTP/1.1" 401 -
  "PATCH /api/inventario/terrenos/01017416-6cd1-4f8f-9ca9-a3fb87d64bab HTTP/1.1" 401 -
  "PATCH /api/inventario/terrenos/01bfeb11-91cd-41d6-8a46-b365f3c972a8 HTTP/1.1" 401 -
  "PATCH /api/inventario/terrenos/01dbe88c-2298-4cd6-9c44-fc8f35569823 HTTP/1.1" 401 -
  "PATCH /api/inventario/terrenos/04b3f754-d82b-4073-9296-16d70f74d523 HTTP/1.1" 401 -
  "PATCH /api/inventario/terrenos/051fc2c5-87c7-40cc-a2d2-1f3300630a28 HTTP/1.1" 401 -
  "PATCH /api/inventario/terrenos/0b01cc2d-7e4d-4cb3-a649-e6616b713563 HTTP/1.1" 401 -
  "PATCH /api/inventario/terrenos/0b70cbe1-0456-4e2e-96a9-fcf517139077 HTTP/1.1" 401 -
  "PATCH /api/inventario/terrenos/0d34e124-7874-4c4a-8d1f-25efc7ae0b80 HTTP/1.1" 401 -
  "PATCH /api/inventario/terrenos/13a64ee8-d6dd-4eee-92b5-1ef3f9e3a313 HTTP/1.1" 401 -
  "PATCH /api/inventario/terrenos/14bded6a-7b5d-49cd-8942-c8aafb2ac986 HTTP/1.1" 401 -
  "PATCH /api/inventario/terrenos/155195c7-f3d5-4aab-a142-b9f8e74cd2fb HTTP/1.1" 401 -
  "PATCH /api/inventario/terrenos/18e761a8-32a6-4ea0-8e6f-5396602b31ad HTTP/1.1" 401 -
  "PATCH /api/inventario/terrenos/1c7b7937-2605-4171-b6ee-6487893cce03 HTTP/1.1" 401 -
  "PATCH /api/inventario/terrenos/1ee702c1-2529-4891-bdc8-80163f6d590a HTTP/1.1" 401 -
  "PATCH /api/inventario/terrenos/1fda6d44-cf93-4ce8-b322-1f08c6f15189 HTTP/1.1" 401 -
  "PATCH /api/inventario/terrenos/20356464-11a2-42d5-8595-896a65e17ee8 HTTP/1.1" 401 -
  "PATCH /api/inventario/terrenos/20512724-6604-4d6a-accf-869d6ddeaaf8 HTTP/1.1" 401 -
  "PATCH /api/inventario/terrenos/2191d66b-8089-44f5-a54c-093c24036bfd HTTP/1.1" 401 -
  "PATCH /api/inventario/terrenos/2291dabb-58bd-4e74-989b-8f8321ec2a42 HTTP/1.1" 401 -
  "PATCH /api/inventario/terrenos/2481dbac-15d6-4828-9d68-5ef35489c1ba HTTP/1.1" 401 -
  "PATCH /api/inventario/terrenos/25522875-b531-49c3-88ae-2be82697af72 HTTP/1.1" 401 -
  "PATCH /api/inventario/terrenos/2705fe6b-b86d-4c70-9956-87e1db16693b HTTP/1.1" 401 -
  "PATCH /api/inventario/terrenos/2a768b7e-d3c3-47e0-9667-14ee2cbe3b86 HTTP/1.1" 401 -
  "PATCH /api/mapas/1 HTTP/1.1" 401 -
  "PATCH /api/mapas/2 HTTP/1.1" 401 -
  "PATCH /api/mapas/3 HTTP/1.1" 401 -
  "PATCH /api/mapas/4 HTTP/1.1" 401 -
  "PATCH /api/mapas/999999 HTTP/1.1" 401 -
  "PATCH /api/mapas/1/carpeta HTTP/1.1" 401 -
  "PATCH /api/mapas/2/carpeta HTTP/1.1" 401 -
  "PATCH /api/mapas/3/carpeta HTTP/1.1" 401 -
  "PATCH /api/mapas/4/carpeta HTTP/1.1" 401 -
  "PATCH /api/mapas/999999/carpeta HTTP/1.1" 401 -
  code 501, message Unsupported method ('PUT')
  "PUT /api/bases HTTP/1.1" 501 -
  "DELETE /api/bases/1 HTTP/1.1" 401 -
  "DELETE /api/bases/2 HTTP/1.1" 401 -
  "DELETE /api/bases/3 HTTP/1.1" 401 -
  "DELETE /api/bases/4 HTTP/1.1" 401 -
  "DELETE /api/bases/999999 HTTP/1.1" 401 -
  "DELETE /api/carpetas/1 HTTP/1.1" 401 -
  "DELETE /api/carpetas/2 HTTP/1.1" 401 -
  "DELETE /api/carpetas/3 HTTP/1.1" 401 -
  "DELETE /api/carpetas/4 HTTP/1.1" 401 -
  "DELETE /api/carpetas/999999 HTTP/1.1" 401 -
  "DELETE /api/formatos/1 HTTP/1.1" 401 -
  "DELETE /api/formatos/2 HTTP/1.1" 401 -
  "DELETE /api/formatos/3 HTTP/1.1" 401 -
  "DELETE /api/formatos/4 HTTP/1.1" 401 -
  "DELETE /api/formatos/999999 HTTP/1.1" 401 -
  "DELETE /api/mapas/1 HTTP/1.1" 401 -
  "DELETE /api/mapas/2 HTTP/1.1" 401 -
  "DELETE /api/mapas/3 HTTP/1.1" 401 -
  "DELETE /api/mapas/4 HTTP/1.1" 401 -
  "DELETE /api/mapas/999999 HTTP/1.1" 401 -
  "DELETE /api/bases HTTP/1.1" 401 -
  "DELETE /api/bases/1 HTTP/1.1" 401 -
  "DELETE /api/bases/2 HTTP/1.1" 401 -
  "DELETE /api/bases/3 HTTP/1.1" 401 -
  "DELETE /api/bases/4 HTTP/1.1" 401 -
  "DELETE /api/bases/999999 HTTP/1.1" 401 -
  "DELETE /api/bases/1/terrenos HTTP/1.1" 401 -
  "DELETE /api/bases/2/terrenos HTTP/1.1" 401 -
  "DELETE /api/bases/3/terrenos HTTP/1.1" 401 -
  "DELETE /api/bases/4/terrenos HTTP/1.1" 401 -
  "DELETE /api/bases/999999/terrenos HTTP/1.1" 401 -
  "DELETE /api/carpetas HTTP/1.1" 401 -
  "DELETE /api/formatos HTTP/1.1" 401 -
  "DELETE /api/inventario/terrenos HTTP/1.1" 401 -
  "DELETE /api/inventario/terrenos/ec08a2fe-219b-457a-8a28-9605edfb141f HTTP/1.1" 401 -
  "DELETE /api/inventario/terrenos/00a18aa7-22a2-4701-a38b-b775baf544ad HTTP/1.1" 401 -
  "DELETE /api/inventario/terrenos/00a5d0fc-f03c-4624-8047-c7679bd7611a HTTP/1.1" 401 -
  "DELETE /api/inventario/terrenos/01017416-6cd1-4f8f-9ca9-a3fb87d64bab HTTP/1.1" 401 -
  "DELETE /api/inventario/terrenos/01bfeb11-91cd-41d6-8a46-b365f3c972a8 HTTP/1.1" 401 -
  "DELETE /api/inventario/terrenos/01dbe88c-2298-4cd6-9c44-fc8f35569823 HTTP/1.1" 401 -
  "DELETE /api/inventario/terrenos/04b3f754-d82b-4073-9296-16d70f74d523 HTTP/1.1" 401 -
  "DELETE /api/inventario/terrenos/051fc2c5-87c7-40cc-a2d2-1f3300630a28 HTTP/1.1" 401 -
  "DELETE /api/inventario/terrenos/0b01cc2d-7e4d-4cb3-a649-e6616b713563 HTTP/1.1" 401 -
  "DELETE /api/inventario/terrenos/0b70cbe1-0456-4e2e-96a9-fcf517139077 HTTP/1.1" 401 -
  "DELETE /api/inventario/terrenos/0d34e124-7874-4c4a-8d1f-25efc7ae0b80 HTTP/1.1" 401 -
  "DELETE /api/inventario/terrenos/13a64ee8-d6dd-4eee-92b5-1ef3f9e3a313 HTTP/1.1" 401 -
  "DELETE /api/inventario/terrenos/14bded6a-7b5d-49cd-8942-c8aafb2ac986 HTTP/1.1" 401 -
  "DELETE /api/inventario/terrenos/155195c7-f3d5-4aab-a142-b9f8e74cd2fb HTTP/1.1" 401 -
  "DELETE /api/inventario/terrenos/18e761a8-32a6-4ea0-8e6f-5396602b31ad HTTP/1.1" 401 -
  "DELETE /api/inventario/terrenos/1c7b7937-2605-4171-b6ee-6487893cce03 HTTP/1.1" 401 -
  "DELETE /api/inventario/terrenos/1ee702c1-2529-4891-bdc8-80163f6d590a HTTP/1.1" 401 -
  "DELETE /api/inventario/terrenos/1fda6d44-cf93-4ce8-b322-1f08c6f15189 HTTP/1.1" 401 -
  "DELETE /api/inventario/terrenos/20356464-11a2-42d5-8595-896a65e17ee8 HTTP/1.1" 401 -
  "DELETE /api/inventario/terrenos/20512724-6604-4d6a-accf-869d6ddeaaf8 HTTP/1.1" 401 -
  "DELETE /api/inventario/terrenos/2191d66b-8089-44f5-a54c-093c24036bfd HTTP/1.1" 401 -
  "DELETE /api/inventario/terrenos/2291dabb-58bd-4e74-989b-8f8321ec2a42 HTTP/1.1" 401 -
  "DELETE /api/inventario/terrenos/2481dbac-15d6-4828-9d68-5ef35489c1ba HTTP/1.1" 401 -
  "DELETE /api/inventario/terrenos/25522875-b531-49c3-88ae-2be82697af72 HTTP/1.1" 401 -
  "DELETE /api/inventario/terrenos/2705fe6b-b86d-4c70-9956-87e1db16693b HTTP/1.1" 401 -
  "DELETE /api/inventario/terrenos/2a768b7e-d3c3-47e0-9667-14ee2cbe3b86 HTTP/1.1" 401 -
  "DELETE /api/inventario/terrenos/ec08a2fe-219b-457a-8a28-9605edfb141f/historial HTTP/1.1" 401 -
  "DELETE /api/inventario/terrenos/00a18aa7-22a2-4701-a38b-b775baf544ad/historial HTTP/1.1" 401 -
  "DELETE /api/inventario/terrenos/00a5d0fc-f03c-4624-8047-c7679bd7611a/historial HTTP/1.1" 401 -
  "DELETE /api/inventario/terrenos/01017416-6cd1-4f8f-9ca9-a3fb87d64bab/historial HTTP/1.1" 401 -
  "DELETE /api/inventario/terrenos/01bfeb11-91cd-41d6-8a46-b365f3c972a8/historial HTTP/1.1" 401 -
  "DELETE /api/inventario/terrenos/01dbe88c-2298-4cd6-9c44-fc8f35569823/historial HTTP/1.1" 401 -
  "DELETE /api/inventario/terrenos/04b3f754-d82b-4073-9296-16d70f74d523/historial HTTP/1.1" 401 -
  "DELETE /api/inventario/terrenos/051fc2c5-87c7-40cc-a2d2-1f3300630a28/historial HTTP/1.1" 401 -
  "DELETE /api/inventario/terrenos/0b01cc2d-7e4d-4cb3-a649-e6616b713563/historial HTTP/1.1" 401 -
  "DELETE /api/inventario/terrenos/0b70cbe1-0456-4e2e-96a9-fcf517139077/historial HTTP/1.1" 401 -
  "DELETE /api/inventario/terrenos/0d34e124-7874-4c4a-8d1f-25efc7ae0b80/historial HTTP/1.1" 401 -
  "DELETE /api/inventario/terrenos/13a64ee8-d6dd-4eee-92b5-1ef3f9e3a313/historial HTTP/1.1" 401 -
  "DELETE /api/inventario/terrenos/14bded6a-7b5d-49cd-8942-c8aafb2ac986/historial HTTP/1.1" 401 -
  "DELETE /api/inventario/terrenos/155195c7-f3d5-4aab-a142-b9f8e74cd2fb/historial HTTP/1.1" 401 -
  "DELETE /api/inventario/terrenos/18e761a8-32a6-4ea0-8e6f-5396602b31ad/historial HTTP/1.1" 401 -
  "DELETE /api/inventario/terrenos/1c7b7937-2605-4171-b6ee-6487893cce03/historial HTTP/1.1" 401 -
  "DELETE /api/inventario/terrenos/1ee702c1-2529-4891-bdc8-80163f6d590a/historial HTTP/1.1" 401 -
  "DELETE /api/inventario/terrenos/1fda6d44-cf93-4ce8-b322-1f08c6f15189/historial HTTP/1.1" 401 -
  "DELETE /api/inventario/terrenos/20356464-11a2-42d5-8595-896a65e17ee8/historial HTTP/1.1" 401 -
  "DELETE /api/inventario/terrenos/20512724-6604-4d6a-accf-869d6ddeaaf8/historial HTTP/1.1" 401 -
  "DELETE /api/inventario/terrenos/2191d66b-8089-44f5-a54c-093c24036bfd/historial HTTP/1.1" 401 -
  "DELETE /api/inventario/terrenos/2291dabb-58bd-4e74-989b-8f8321ec2a42/historial HTTP/1.1" 401 -
  "DELETE /api/inventario/terrenos/2481dbac-15d6-4828-9d68-5ef35489c1ba/historial HTTP/1.1" 401 -
  "DELETE /api/inventario/terrenos/25522875-b531-49c3-88ae-2be82697af72/historial HTTP/1.1" 401 -
  "DELETE /api/inventario/terrenos/2705fe6b-b86d-4c70-9956-87e1db16693b/historial HTTP/1.1" 401 -
  "DELETE /api/inventario/terrenos/2a768b7e-d3c3-47e0-9667-14ee2cbe3b86/historial HTTP/1.1" 401 -
  "DELETE /api/inventario/terrenos/ec08a2fe-219b-457a-8a28-9605edfb141f/vista-publica HTTP/1.1" 401 -
  "DELETE /api/inventario/terrenos/00a18aa7-22a2-4701-a38b-b775baf544ad/vista-publica HTTP/1.1" 401 -
  "DELETE /api/inventario/terrenos/00a5d0fc-f03c-4624-8047-c7679bd7611a/vista-publica HTTP/1.1" 401 -
  "DELETE /api/inventario/terrenos/01017416-6cd1-4f8f-9ca9-a3fb87d64bab/vista-publica HTTP/1.1" 401 -
  "DELETE /api/inventario/terrenos/01bfeb11-91cd-41d6-8a46-b365f3c972a8/vista-publica HTTP/1.1" 401 -
  "DELETE /api/inventario/terrenos/01dbe88c-2298-4cd6-9c44-fc8f35569823/vista-publica HTTP/1.1" 401 -
  "DELETE /api/inventario/terrenos/04b3f754-d82b-4073-9296-16d70f74d523/vista-publica HTTP/1.1" 401 -
  "DELETE /api/inventario/terrenos/051fc2c5-87c7-40cc-a2d2-1f3300630a28/vista-publica HTTP/1.1" 401 -
  "DELETE /api/inventario/terrenos/0b01cc2d-7e4d-4cb3-a649-e6616b713563/vista-publica HTTP/1.1" 401 -
  "DELETE /api/inventario/terrenos/0b70cbe1-0456-4e2e-96a9-fcf517139077/vista-publica HTTP/1.1" 401 -
  "DELETE /api/inventario/terrenos/0d34e124-7874-4c4a-8d1f-25efc7ae0b80/vista-publica HTTP/1.1" 401 -
  "DELETE /api/inventario/terrenos/13a64ee8-d6dd-4eee-92b5-1ef3f9e3a313/vista-publica HTTP/1.1" 401 -
  "DELETE /api/inventario/terrenos/14bded6a-7b5d-49cd-8942-c8aafb2ac986/vista-publica HTTP/1.1" 401 -
  "DELETE /api/inventario/terrenos/155195c7-f3d5-4aab-a142-b9f8e74cd2fb/vista-publica HTTP/1.1" 401 -
  "DELETE /api/inventario/terrenos/18e761a8-32a6-4ea0-8e6f-5396602b31ad/vista-publica HTTP/1.1" 401 -
  "DELETE /api/inventario/terrenos/1c7b7937-2605-4171-b6ee-6487893cce03/vista-publica HTTP/1.1" 401 -
  "DELETE /api/inventario/terrenos/1ee702c1-2529-4891-bdc8-80163f6d590a/vista-publica HTTP/1.1" 401 -
  "DELETE /api/inventario/terrenos/1fda6d44-cf93-4ce8-b322-1f08c6f15189/vista-publica HTTP/1.1" 401 -
  "DELETE /api/inventario/terrenos/20356464-11a2-42d5-8595-896a65e17ee8/vista-publica HTTP/1.1" 401 -
  "DELETE /api/inventario/terrenos/20512724-6604-4d6a-accf-869d6ddeaaf8/vista-publica HTTP/1.1" 401 -
  "DELETE /api/inventario/terrenos/2191d66b-8089-44f5-a54c-093c24036bfd/vista-publica HTTP/1.1" 401 -
  "DELETE /api/inventario/terrenos/2291dabb-58bd-4e74-989b-8f8321ec2a42/vista-publica HTTP/1.1" 401 -
  "DELETE /api/inventario/terrenos/2481dbac-15d6-4828-9d68-5ef35489c1ba/vista-publica HTTP/1.1" 401 -
  "DELETE /api/inventario/terrenos/25522875-b531-49c3-88ae-2be82697af72/vista-publica HTTP/1.1" 401 -
  "DELETE /api/inventario/terrenos/2705fe6b-b86d-4c70-9956-87e1db16693b/vista-publica HTTP/1.1" 401 -
  "DELETE /api/inventario/terrenos/2a768b7e-d3c3-47e0-9667-14ee2cbe3b86/vista-publica HTTP/1.1" 401 -
  "DELETE /api/mapas HTTP/1.1" 401 -
  "DELETE /api/mapas/1 HTTP/1.1" 401 -
  "DELETE /api/mapas/2 HTTP/1.1" 401 -
  "DELETE /api/mapas/3 HTTP/1.1" 401 -
  "DELETE /api/mapas/4 HTTP/1.1" 401 -
  "DELETE /api/mapas/999999 HTTP/1.1" 401 -
  "DELETE /api/mapas/1/terrenos HTTP/1.1" 401 -
  "DELETE /api/mapas/2/terrenos HTTP/1.1" 401 -
  "DELETE /api/mapas/3/terrenos HTTP/1.1" 401 -
  "DELETE /api/mapas/4/terrenos HTTP/1.1" 401 -
  "DELETE /api/mapas/999999/terrenos HTTP/1.1" 401 -
  "POST /api/login HTTP/1.1" 401 -
  "GET /api/publico/terrenos?campos=contacto&include_private=1 HTTP/1.1" 422 -
  "GET /api/publico/terrenos/ec08a2fe-219b-457a-8a28-9605edfb141f HTTP/1.1" 404 -
  "GET /api/publico/terrenos/00a18aa7-22a2-4701-a38b-b775baf544ad HTTP/1.1" 404 -
  "GET /api/publico/terrenos/00a5d0fc-f03c-4624-8047-c7679bd7611a HTTP/1.1" 404 -
  "GET /api/publico/terrenos/01017416-6cd1-4f8f-9ca9-a3fb87d64bab HTTP/1.1" 404 -
  "GET /api/publico/terrenos/01bfeb11-91cd-41d6-8a46-b365f3c972a8 HTTP/1.1" 404 -
  "GET /api/publico/terrenos/01dbe88c-2298-4cd6-9c44-fc8f35569823 HTTP/1.1" 404 -
  "GET /api/publico/terrenos/04b3f754-d82b-4073-9296-16d70f74d523 HTTP/1.1" 404 -
  "GET /api/publico/terrenos/051fc2c5-87c7-40cc-a2d2-1f3300630a28 HTTP/1.1" 404 -
  "GET /api/publico/terrenos/0b01cc2d-7e4d-4cb3-a649-e6616b713563 HTTP/1.1" 404 -
  "GET /api/publico/terrenos/0b70cbe1-0456-4e2e-96a9-fcf517139077 HTTP/1.1" 404 -
  "GET /api/publico/terrenos/0d34e124-7874-4c4a-8d1f-25efc7ae0b80 HTTP/1.1" 404 -
  "GET /api/publico/terrenos/13a64ee8-d6dd-4eee-92b5-1ef3f9e3a313 HTTP/1.1" 404 -
  "GET /api/publico/terrenos/14bded6a-7b5d-49cd-8942-c8aafb2ac986 HTTP/1.1" 404 -
  "GET /api/publico/terrenos/155195c7-f3d5-4aab-a142-b9f8e74cd2fb HTTP/1.1" 404 -
  "GET /api/publico/terrenos/18e761a8-32a6-4ea0-8e6f-5396602b31ad HTTP/1.1" 404 -
  "GET /api/publico/terrenos/1c7b7937-2605-4171-b6ee-6487893cce03 HTTP/1.1" 404 -
  "GET /api/publico/terrenos/1ee702c1-2529-4891-bdc8-80163f6d590a HTTP/1.1" 404 -
  "GET /api/publico/terrenos/1fda6d44-cf93-4ce8-b322-1f08c6f15189 HTTP/1.1" 404 -
  "GET /api/publico/terrenos/20356464-11a2-42d5-8595-896a65e17ee8 HTTP/1.1" 404 -
  "GET /api/publico/terrenos/20512724-6604-4d6a-accf-869d6ddeaaf8 HTTP/1.1" 404 -
  "GET /api/publico/terrenos/2191d66b-8089-44f5-a54c-093c24036bfd HTTP/1.1" 404 -
  "GET /api/publico/terrenos/2291dabb-58bd-4e74-989b-8f8321ec2a42 HTTP/1.1" 404 -
  "GET /api/publico/terrenos/2481dbac-15d6-4828-9d68-5ef35489c1ba HTTP/1.1" 404 -
  "GET /api/publico/terrenos/25522875-b531-49c3-88ae-2be82697af72 HTTP/1.1" 404 -
  "GET /api/publico/terrenos/2705fe6b-b86d-4c70-9956-87e1db16693b HTTP/1.1" 404 -
  "GET /api/publico/terrenos/2a768b7e-d3c3-47e0-9667-14ee2cbe3b86 HTTP/1.1" 404 -
  "GET /api/bases/4 HTTP/1.1" 404 -
  "GET /api/bases/999999 HTTP/1.1" 404 -
  "GET /api/bases/4/terrenos HTTP/1.1" 404 -
  "GET /api/bases/999999/terrenos HTTP/1.1" 404 -
  "GET /api/carpetas HTTP/1.1" 400 -
  "GET /api/inventario/terrenos/ec08a2fe-219b-457a-8a28-9605edfb141f HTTP/1.1" 404 -
  "GET /api/inventario/terrenos/ec08a2fe-219b-457a-8a28-9605edfb141f/historial HTTP/1.1" 404 -
  "GET /api/inventario/terrenos/ec08a2fe-219b-457a-8a28-9605edfb141f/vista-publica HTTP/1.1" 404 -
  "GET /api/mapas/4 HTTP/1.1" 404 -
  "GET /api/mapas/999999 HTTP/1.1" 404 -
  "GET /api/mapas/4/terrenos HTTP/1.1" 404 -
  "GET /api/mapas/999999/terrenos HTTP/1.1" 404 -
  "GET /api/exportar HTTP/1.1" 405 -
  "GET /api/INVENTARIO/terrenos HTTP/1.1" 404 -
  "GET /api/inventario//terrenos HTTP/1.1" 404 -
  "GET /api/inventario/terrenos%2f HTTP/1.1" 404 -
  "GET /api/inventario/terrenos/%2e%2e/%2e%2e/bases HTTP/1.1" 404 -
  "GET /api/inventario/terrenos?limit=250&campos=contacto HTTP/1.1" 422 -
  "GET /api/publico/terrenos?campos=contacto&include_private=1 HTTP/1.1" 422 -
  "GET /api/publico/terrenos/ec08a2fe-219b-457a-8a28-9605edfb141f HTTP/1.1" 404 -
  "GET /api/publico/terrenos/00a18aa7-22a2-4701-a38b-b775baf544ad HTTP/1.1" 404 -
  "GET /api/publico/terrenos/00a5d0fc-f03c-4624-8047-c7679bd7611a HTTP/1.1" 404 -
  "GET /api/publico/terrenos/01017416-6cd1-4f8f-9ca9-a3fb87d64bab HTTP/1.1" 404 -
  "GET /api/publico/terrenos/01bfeb11-91cd-41d6-8a46-b365f3c972a8 HTTP/1.1" 404 -
  "GET /api/publico/terrenos/01dbe88c-2298-4cd6-9c44-fc8f35569823 HTTP/1.1" 404 -
  "GET /api/publico/terrenos/04b3f754-d82b-4073-9296-16d70f74d523 HTTP/1.1" 404 -
  "GET /api/publico/terrenos/051fc2c5-87c7-40cc-a2d2-1f3300630a28 HTTP/1.1" 404 -
  "GET /api/publico/terrenos/0b01cc2d-7e4d-4cb3-a649-e6616b713563 HTTP/1.1" 404 -
  "GET /api/publico/terrenos/0b70cbe1-0456-4e2e-96a9-fcf517139077 HTTP/1.1" 404 -
  "GET /api/publico/terrenos/0d34e124-7874-4c4a-8d1f-25efc7ae0b80 HTTP/1.1" 404 -
  "GET /api/publico/terrenos/13a64ee8-d6dd-4eee-92b5-1ef3f9e3a313 HTTP/1.1" 404 -
  "GET /api/publico/terrenos/14bded6a-7b5d-49cd-8942-c8aafb2ac986 HTTP/1.1" 404 -
  "GET /api/publico/terrenos/155195c7-f3d5-4aab-a142-b9f8e74cd2fb HTTP/1.1" 404 -
  "GET /api/publico/terrenos/18e761a8-32a6-4ea0-8e6f-5396602b31ad HTTP/1.1" 404 -
  "GET /api/publico/terrenos/1c7b7937-2605-4171-b6ee-6487893cce03 HTTP/1.1" 404 -
  "GET /api/publico/terrenos/1ee702c1-2529-4891-bdc8-80163f6d590a HTTP/1.1" 404 -
  "GET /api/publico/terrenos/1fda6d44-cf93-4ce8-b322-1f08c6f15189 HTTP/1.1" 404 -
  "GET /api/publico/terrenos/20356464-11a2-42d5-8595-896a65e17ee8 HTTP/1.1" 404 -
  "GET /api/publico/terrenos/20512724-6604-4d6a-accf-869d6ddeaaf8 HTTP/1.1" 404 -
  "GET /api/publico/terrenos/2191d66b-8089-44f5-a54c-093c24036bfd HTTP/1.1" 404 -
  "GET /api/publico/terrenos/2291dabb-58bd-4e74-989b-8f8321ec2a42 HTTP/1.1" 404 -
  "GET /api/publico/terrenos/2481dbac-15d6-4828-9d68-5ef35489c1ba HTTP/1.1" 404 -
  "GET /api/publico/terrenos/25522875-b531-49c3-88ae-2be82697af72 HTTP/1.1" 404 -
  "GET /api/publico/terrenos/2705fe6b-b86d-4c70-9956-87e1db16693b HTTP/1.1" 404 -
  "GET /api/publico/terrenos/2a768b7e-d3c3-47e0-9667-14ee2cbe3b86 HTTP/1.1" 404 -
  "GET /api/nope HTTP/1.1" 404 -
  "GET /api/bases HTTP/1.1" 401 -
  "GET /api/inventario/terrenos HTTP/1.1" 401 -
  "POST /api/login HTTP/1.1" 401 -
  "GET /api/inventario/terrenos HTTP/1.1" 401 -
  "POST /api/login HTTP/1.1" 401 -
  "POST /api/login HTTP/1.1" 401 -
  "POST /api/login HTTP/1.1" 401 -
  "POST /api/login HTTP/1.1" 401 -
  "POST /api/login HTTP/1.1" 429 -
  "POST /api/login HTTP/1.1" 429 -
  "POST /api/login HTTP/1.1" 429 -
  "POST /api/login HTTP/1.1" 429 -
  "POST /api/login HTTP/1.1" 429 -
  "POST /api/login HTTP/1.1" 429 -
  "POST /api/login HTTP/1.1" 429 -
  "POST /api/login HTTP/1.1" 429 -
  "POST /api/login HTTP/1.1" 429 -
  "POST /api/login HTTP/1.1" 429 -
  "POST /api/login HTTP/1.1" 429 -
  "POST /api/login HTTP/1.1" 429 -
  "POST /api/login HTTP/1.1" 429 -
  "POST /api/login HTTP/1.1" 429 -
  "POST /api/login HTTP/1.1" 429 -
  "POST /api/login HTTP/1.1" 429 -
  "POST /api/login HTTP/1.1" 429 -
  "POST /api/login HTTP/1.1" 429 -
  "POST /api/login HTTP/1.1" 429 -
  "POST /api/login HTTP/1.1" 429 -
  "POST /api/login HTTP/1.1" 429 -
  "POST /api/login HTTP/1.1" 429 -
