[serve_target] mode=cloud http://127.0.0.1:8433 root=/Users/andrejasso/Desktop/ARA Map
  "POST /api/inventario/terrenos HTTP/1.1" 422 -
  "POST /api/inventario/terrenos HTTP/1.1" 422 -
[serve_target] mode=cloud http://127.0.0.1:8433 root=/Users/andrejasso/Desktop/ARA Map
  "POST /api/inventario/terrenos HTTP/1.1" 422 -
  "POST /api/inventario/terrenos HTTP/1.1" 422 -
  "POST /api/inventario/terrenos HTTP/1.1" 422 -
  "PATCH /api/inventario/terrenos/9f6d0fbc-72a6-4ae8-a81f-98336cbb760e HTTP/1.1" 422 -
  "PATCH /api/inventario/terrenos/9f6d0fbc-72a6-4ae8-a81f-98336cbb760e HTTP/1.1" 422 -
  "PATCH /api/inventario/terrenos/9f6d0fbc-72a6-4ae8-a81f-98336cbb760e HTTP/1.1" 422 -
  "PATCH /api/inventario/terrenos/9f6d0fbc-72a6-4ae8-a81f-98336cbb760e HTTP/1.1" 422 -
  "PATCH /api/inventario/terrenos/9f6d0fbc-72a6-4ae8-a81f-98336cbb760e HTTP/1.1" 422 -
  "PATCH /api/inventario/terrenos/9f6d0fbc-72a6-4ae8-a81f-98336cbb760e HTTP/1.1" 422 -
  "PATCH /api/inventario/terrenos/9f6d0fbc-72a6-4ae8-a81f-98336cbb760e HTTP/1.1" 422 -
  "PATCH /api/inventario/terrenos/9f6d0fbc-72a6-4ae8-a81f-98336cbb760e HTTP/1.1" 422 -
  "PATCH /api/inventario/terrenos/9f6d0fbc-72a6-4ae8-a81f-98336cbb760e HTTP/1.1" 422 -
  "PATCH /api/inventario/terrenos/9f6d0fbc-72a6-4ae8-a81f-98336cbb760e HTTP/1.1" 422 -
  "PATCH /api/inventario/terrenos/6e3fb172-b9f0-40a6-91d4-dbc1ac0f95df HTTP/1.1" 422 -
  "PATCH /api/inventario/terrenos/6e3fb172-b9f0-40a6-91d4-dbc1ac0f95df HTTP/1.1" 422 -
  "PATCH /api/inventario/terrenos/6e3fb172-b9f0-40a6-91d4-dbc1ac0f95df HTTP/1.1" 422 -
  "PATCH /api/inventario/terrenos/6e3fb172-b9f0-40a6-91d4-dbc1ac0f95df HTTP/1.1" 422 -
  "PATCH /api/inventario/terrenos/6e3fb172-b9f0-40a6-91d4-dbc1ac0f95df HTTP/1.1" 422 -
  "PATCH /api/inventario/terrenos/6e3fb172-b9f0-40a6-91d4-dbc1ac0f95df HTTP/1.1" 422 -
  "PATCH /api/inventario/terrenos/6e3fb172-b9f0-40a6-91d4-dbc1ac0f95df HTTP/1.1" 422 -
  "PATCH /api/inventario/terrenos/6e3fb172-b9f0-40a6-91d4-dbc1ac0f95df HTTP/1.1" 422 -
  "PATCH /api/inventario/terrenos/6e3fb172-b9f0-40a6-91d4-dbc1ac0f95df HTTP/1.1" 422 -
  "PATCH /api/inventario/terrenos/6e3fb172-b9f0-40a6-91d4-dbc1ac0f95df HTTP/1.1" 422 -
  "PATCH /api/inventario/terrenos/f15379fb-a8df-4761-8fbf-fc671d230ba6 HTTP/1.1" 422 -
  "PATCH /api/inventario/terrenos/f15379fb-a8df-4761-8fbf-fc671d230ba6 HTTP/1.1" 422 -
  "PATCH /api/inventario/terrenos/f15379fb-a8df-4761-8fbf-fc671d230ba6 HTTP/1.1" 422 -
  "PATCH /api/inventario/terrenos/f15379fb-a8df-4761-8fbf-fc671d230ba6 HTTP/1.1" 422 -
  "PATCH /api/inventario/terrenos/f15379fb-a8df-4761-8fbf-fc671d230ba6 HTTP/1.1" 422 -
  "PATCH /api/inventario/terrenos/f15379fb-a8df-4761-8fbf-fc671d230ba6 HTTP/1.1" 422 -
  "PATCH /api/inventario/terrenos/f15379fb-a8df-4761-8fbf-fc671d230ba6 HTTP/1.1" 422 -
  "PATCH /api/inventario/terrenos/f15379fb-a8df-4761-8fbf-fc671d230ba6 HTTP/1.1" 422 -
  "PATCH /api/inventario/terrenos/f15379fb-a8df-4761-8fbf-fc671d230ba6 HTTP/1.1" 422 -
  "PATCH /api/inventario/terrenos/f15379fb-a8df-4761-8fbf-fc671d230ba6 HTTP/1.1" 422 -
  "POST /api/inventario/terrenos/9f6d0fbc-72a6-4ae8-a81f-98336cbb760e/archivar HTTP/1.1" 404 -
  "POST /api/inventario/terrenos/9f6d0fbc-72a6-4ae8-a81f-98336cbb760e/restaurar HTTP/1.1" 404 -
  "POST /api/inventario/terrenos/9f6d0fbc-72a6-4ae8-a81f-98336cbb760e/publicar HTTP/1.1" 404 -
  "POST /api/inventario/terrenos/9f6d0fbc-72a6-4ae8-a81f-98336cbb760e/despublicar HTTP/1.1" 404 -
  "PATCH /api/inventario/terrenos/9a0ea94c-fa94-4769-996b-38bc54e4650c HTTP/1.1" 422 -
  "PATCH /api/inventario/terrenos/9a0ea94c-fa94-4769-996b-38bc54e4650c HTTP/1.1" 422 -
  "PATCH /api/inventario/terrenos/9a0ea94c-fa94-4769-996b-38bc54e4650c HTTP/1.1" 422 -
  "PATCH /api/inventario/terrenos/9a0ea94c-fa94-4769-996b-38bc54e4650c HTTP/1.1" 422 -
  "PATCH /api/inventario/terrenos/9a0ea94c-fa94-4769-996b-38bc54e4650c HTTP/1.1" 422 -
  "PATCH /api/inventario/terrenos/9a0ea94c-fa94-4769-996b-38bc54e4650c HTTP/1.1" 422 -
  "PATCH /api/inventario/terrenos/9a0ea94c-fa94-4769-996b-38bc54e4650c HTTP/1.1" 422 -
  "PATCH /api/inventario/terrenos/9a0ea94c-fa94-4769-996b-38bc54e4650c HTTP/1.1" 422 -
  "PATCH /api/inventario/terrenos/9a0ea94c-fa94-4769-996b-38bc54e4650c HTTP/1.1" 422 -
  "PATCH /api/inventario/terrenos/9a0ea94c-fa94-4769-996b-38bc54e4650c HTTP/1.1" 422 -
  "PATCH /api/inventario/terrenos/9a0ea94c-fa94-4769-996b-38bc54e4650c HTTP/1.1" 422 -
  "PATCH /api/inventario/terrenos/9a0ea94c-fa94-4769-996b-38bc54e4650c HTTP/1.1" 422 -
  "PATCH /api/inventario/terrenos/9a0ea94c-fa94-4769-996b-38bc54e4650c HTTP/1.1" 422 -
  "POST /api/inventario/terrenos HTTP/1.1" 422 -
  "POST /api/inventario/terrenos HTTP/1.1" 422 -
[serve_target] mode=cloud http://127.0.0.1:8433 root=/Users/andrejasso/Desktop/ARA Map
  "POST /api/inventario/terrenos HTTP/1.1" 409 -
[serve_target] FAULT INJECTION active: server.repo.inventario._event raises on 'FAULT-INJECT-71587991'
[serve_target] mode=cloud http://127.0.0.1:8433 root=/Users/andrejasso/Desktop/ARA Map
Traceback (most recent call last):
  File "/Users/andrejasso/Desktop/ARA Map/server/app.py", line 166, in _dispatch
    result = handler(request)
  File "/Users/andrejasso/Desktop/ARA Map/server/api/inventario.py", line 89, in create
    return repo.create(conn, fields, actor, key, request_hash)
           ~~~~~~~~~~~^^^^^^^^^^^^^^^^^^^^^^^^^^^^^^^^^^^^^^^^
  File "/Users/andrejasso/Desktop/ARA Map/server/repo/inventario.py", line 109, in create
    return _create(conn, fields, actor, key, request_hash)
  File "/Users/andrejasso/Desktop/ARA Map/server/repo/inventario.py", line 139, in _create
    _event(conn, inventory_id, 1, "create", actor, ahora, None, revision_id, {"changes": cambios})
    ~~~~~~^^^^^^^^^^^^^^^^^^^^^^^^^^^^^^^^^^^^^^^^^^^^^^^^^^^^^^^^^^^^^^^^^^^^^^^^^^^^^^^^^^^^^^^^
  File "/Users/andrejasso/Desktop/ARA Map/reports/inventory-developer-handoff-2026-10-05/verification/stage1/serve_target.py", line 41, in faulty
    raise RuntimeError("verifier fault injection before inventory_event insert")
RuntimeError: verifier fault injection before inventory_event insert
  "POST /api/inventario/terrenos HTTP/1.1" 500 -
Traceback (most recent call last):
  File "/Users/andrejasso/Desktop/ARA Map/server/app.py", line 166, in _dispatch
    result = handler(request)
  File "/Users/andrejasso/Desktop/ARA Map/server/api/inventario.py", line 124, in update
    return {"terreno": repo.update(conn, inventory_id, expected, fields,
                       ~~~~~~~~~~~^^^^^^^^^^^^^^^^^^^^^^^^^^^^^^^^^^^^^^
                                   tuple(dict.fromkeys(confirm)), actor)}
                                   ^^^^^^^^^^^^^^^^^^^^^^^^^^^^^^^^^^^^^
  File "/Users/andrejasso/Desktop/ARA Map/server/repo/inventario.py", line 185, in update
    _event(conn, inventory_id, expected_version + 1, "update", actor, ahora,
    ~~~~~~^^^^^^^^^^^^^^^^^^^^^^^^^^^^^^^^^^^^^^^^^^^^^^^^^^^^^^^^^^^^^^^^^^
           current["draft_revision_id"], revision_id, details)
           ^^^^^^^^^^^^^^^^^^^^^^^^^^^^^^^^^^^^^^^^^^^^^^^^^^^
  File "/Users/andrejasso/Desktop/ARA Map/reports/inventory-developer-handoff-2026-10-05/verification/stage1/serve_target.py", line 41, in faulty
    raise RuntimeError("verifier fault injection before inventory_event insert")
RuntimeError: verifier fault injection before inventory_event insert
  "PATCH /api/inventario/terrenos/f7eda285-a665-44ca-b0a3-529d4b76e25d HTTP/1.1" 500 -
[serve_target] mode=cloud http://127.0.0.1:8433 root=/Users/andrejasso/Desktop/ARA Map
  "PATCH /api/inventario/terrenos/9e25faef-fe5d-417b-bbba-e227d0f2e3fe HTTP/1.1" 409 -
  "PATCH /api/inventario/terrenos/9e25faef-fe5d-417b-bbba-e227d0f2e3fe HTTP/1.1" 409 -
  "PATCH /api/inventario/terrenos/9e25faef-fe5d-417b-bbba-e227d0f2e3fe HTTP/1.1" 409 -
  "PATCH /api/inventario/terrenos/9e25faef-fe5d-417b-bbba-e227d0f2e3fe HTTP/1.1" 409 -
  "PATCH /api/inventario/terrenos/9e25faef-fe5d-417b-bbba-e227d0f2e3fe HTTP/1.1" 422 -
  "PATCH /api/inventario/terrenos/9e25faef-fe5d-417b-bbba-e227d0f2e3fe HTTP/1.1" 422 -
  "PATCH /api/inventario/terrenos/9e25faef-fe5d-417b-bbba-e227d0f2e3fe HTTP/1.1" 409 -
  "PATCH /api/inventario/terrenos/9e25faef-fe5d-417b-bbba-e227d0f2e3fe HTTP/1.1" 409 -
  "POST /api/login HTTP/1.1" 401 -
  "POST /api/login HTTP/1.1" 401 -
  "GET /api/inventario/terrenos HTTP/1.1" 401 -
  "GET /api/inventario/terrenos HTTP/1.1" 401 -
  "GET /api/inventario/terrenos HTTP/1.1" 401 -
  "GET /api/bases HTTP/1.1" 401 -
  "POST /api/carpetas HTTP/1.1" 401 -
  "POST /api/inventario/terrenos HTTP/1.1" 401 -
  "PATCH /api/inventario/terrenos/fbdc71d1-ad4d-4ff6-8a04-523c6c99bdf1 HTTP/1.1" 403 -
  "POST /api/inventario/terrenos HTTP/1.1" 403 -
  "PATCH /api/inventario/terrenos/fbdc71d1-ad4d-4ff6-8a04-523c6c99bdf1 HTTP/1.1" 403 -
  "POST /api/inventario/terrenos HTTP/1.1" 403 -
  "PATCH /api/inventario/terrenos/fbdc71d1-ad4d-4ff6-8a04-523c6c99bdf1 HTTP/1.1" 403 -
  "POST /api/inventario/terrenos HTTP/1.1" 403 -
  "POST /api/login HTTP/1.1" 403 -
  "POST /api/registro HTTP/1.1" 401 -
  "POST /api/registro HTTP/1.1" 404 -
  "POST /api/register HTTP/1.1" 401 -
  "POST /api/register HTTP/1.1" 404 -
  "POST /api/signup HTTP/1.1" 401 -
  "POST /api/signup HTTP/1.1" 404 -
  "POST /api/usuarios HTTP/1.1" 401 -
  "POST /api/usuarios HTTP/1.1" 404 -
  "POST /api/users HTTP/1.1" 401 -
  "POST /api/users HTTP/1.1" 404 -
  "POST /api/cuentas HTTP/1.1" 401 -
  "POST /api/cuentas HTTP/1.1" 404 -
  "POST /api/team HTTP/1.1" 401 -
  "POST /api/team HTTP/1.1" 404 -
  "POST /api/session HTTP/1.1" 401 -
  "POST /api/session HTTP/1.1" 405 -
  "POST /api/login HTTP/1.1" 401 -
  "GET /api/inventario/terrenos HTTP/1.1" 401 -
  "PATCH /api/inventario/terrenos/fbdc71d1-ad4d-4ff6-8a04-523c6c99bdf1 HTTP/1.1" 401 -
  "GET /api/inventario/terrenos HTTP/1.1" 401 -
  "GET /api/bases HTTP/1.1" 401 -
  "GET /api/bases/1 HTTP/1.1" 401 -
  "GET /api/bases/2 HTTP/1.1" 401 -
  "GET /api/bases/3 HTTP/1.1" 401 -
  "GET /api/bases/4 HTTP/1.1" 401 -
  "GET /api/bases/999999 HTTP/1.1" 401 -
  "GET /api/bases/1/terrenos HTTP/1.1" 401 -
  "GET /api/bases/2/terrenos HTTP/1.1" 401 -
  "GET /api/bases/3/terrenos HTTP/1.1" 401 -
  "GET /api/bases/4/terrenos HTTP/1.1" 401 -
  "GET /api/bases/999999/terrenos HTTP/1.1" 401 -
  "GET /api/carpetas HTTP/1.1" 401 -
  "GET /api/formatos HTTP/1.1" 401 -
  "GET /api/inventario/terrenos HTTP/1.1" 401 -
  "GET /api/inventario/terrenos/67d1dbf8-79a4-41e3-ac45-d8539671221e HTTP/1.1" 401 -
  "GET /api/inventario/terrenos/0391bd28-5217-40d8-acfa-5a9542e2427e HTTP/1.1" 401 -
  "GET /api/inventario/terrenos/0620931b-64db-4178-ae7f-5faad17109fd HTTP/1.1" 401 -
  "GET /api/inventario/terrenos/078cf41d-5c5c-40ce-9e36-79ddb292c704 HTTP/1.1" 401 -
  "GET /api/inventario/terrenos/07b3518a-e43e-4189-bae7-9967f335a78c HTTP/1.1" 401 -
  "GET /api/inventario/terrenos/07e193fa-90f5-494c-8115-422c80fd670e HTTP/1.1" 401 -
  "GET /api/inventario/terrenos/0abb025b-9e9f-4d52-af5a-cf4c0e03b796 HTTP/1.1" 401 -
  "GET /api/inventario/terrenos/0b537698-f073-45dd-a194-091b5700f986 HTTP/1.1" 401 -
  "GET /api/inventario/terrenos/0c9c50cf-c41f-4198-9c67-a4f29f574c9f HTTP/1.1" 401 -
  "GET /api/inventario/terrenos/0cb76e44-c51e-45d1-a88e-112b6a7d4c96 HTTP/1.1" 401 -
  "GET /api/inventario/terrenos/10bd175e-6a70-4b12-b3aa-d3aa329e1277 HTTP/1.1" 401 -
  "GET /api/inventario/terrenos/135766a0-2522-4281-a507-0283ef1adcdc HTTP/1.1" 401 -
  "GET /api/inventario/terrenos/150b08a2-5dfc-4fa1-ad7f-4b113eed2bfb HTTP/1.1" 401 -
  "GET /api/inventario/terrenos/152a9877-f253-45dd-b082-1920379078c1 HTTP/1.1" 401 -
  "GET /api/inventario/terrenos/1564339f-2cbf-4783-b63a-d049ae22e7fc HTTP/1.1" 401 -
  "GET /api/inventario/terrenos/16152783-5572-4c5c-8fe6-06d22f2e2478 HTTP/1.1" 401 -
  "GET /api/inventario/terrenos/17f64d86-82e7-465a-bd55-9ae44268d537 HTTP/1.1" 401 -
  "GET /api/inventario/terrenos/1a2bbac4-b6a0-403b-914b-2627cb864ea5 HTTP/1.1" 401 -
  "GET /api/inventario/terrenos/1a65ab93-bf15-4535-a743-6115e8d63b29 HTTP/1.1" 401 -
  "GET /api/inventario/terrenos/1aa3c0ef-5b18-410e-9466-f7aa9cb1227a HTTP/1.1" 401 -
  "GET /api/inventario/terrenos/207f4e56-a5e6-4796-9311-25b56e4cab3f HTTP/1.1" 401 -
  "GET /api/inventario/terrenos/2096a144-3c42-4d7c-bd93-65ff99fc420e HTTP/1.1" 401 -
  "GET /api/inventario/terrenos/28ea1d2a-a14e-4167-9881-07eab0a8c590 HTTP/1.1" 401 -
  "GET /api/inventario/terrenos/291728f2-4df6-4b6d-b0b2-cc6ea84bb3f4 HTTP/1.1" 401 -
  "GET /api/inventario/terrenos/2af8dc16-4276-47c2-a595-a766bffed5a7 HTTP/1.1" 401 -
  "GET /api/inventario/terrenos/2cbb70dc-1794-44df-8e69-2dca71570db8 HTTP/1.1" 401 -
  "GET /api/inventario/terrenos/67d1dbf8-79a4-41e3-ac45-d8539671221e/historial HTTP/1.1" 401 -
  "GET /api/inventario/terrenos/0391bd28-5217-40d8-acfa-5a9542e2427e/historial HTTP/1.1" 401 -
  "GET /api/inventario/terrenos/0620931b-64db-4178-ae7f-5faad17109fd/historial HTTP/1.1" 401 -
  "GET /api/inventario/terrenos/078cf41d-5c5c-40ce-9e36-79ddb292c704/historial HTTP/1.1" 401 -
  "GET /api/inventario/terrenos/07b3518a-e43e-4189-bae7-9967f335a78c/historial HTTP/1.1" 401 -
  "GET /api/inventario/terrenos/07e193fa-90f5-494c-8115-422c80fd670e/historial HTTP/1.1" 401 -
  "GET /api/inventario/terrenos/0abb025b-9e9f-4d52-af5a-cf4c0e03b796/historial HTTP/1.1" 401 -
  "GET /api/inventario/terrenos/0b537698-f073-45dd-a194-091b5700f986/historial HTTP/1.1" 401 -
  "GET /api/inventario/terrenos/0c9c50cf-c41f-4198-9c67-a4f29f574c9f/historial HTTP/1.1" 401 -
  "GET /api/inventario/terrenos/0cb76e44-c51e-45d1-a88e-112b6a7d4c96/historial HTTP/1.1" 401 -
  "GET /api/inventario/terrenos/10bd175e-6a70-4b12-b3aa-d3aa329e1277/historial HTTP/1.1" 401 -
  "GET /api/inventario/terrenos/135766a0-2522-4281-a507-0283ef1adcdc/historial HTTP/1.1" 401 -
  "GET /api/inventario/terrenos/150b08a2-5dfc-4fa1-ad7f-4b113eed2bfb/historial HTTP/1.1" 401 -
  "GET /api/inventario/terrenos/152a9877-f253-45dd-b082-1920379078c1/historial HTTP/1.1" 401 -
  "GET /api/inventario/terrenos/1564339f-2cbf-4783-b63a-d049ae22e7fc/historial HTTP/1.1" 401 -
  "GET /api/inventario/terrenos/16152783-5572-4c5c-8fe6-06d22f2e2478/historial HTTP/1.1" 401 -
  "GET /api/inventario/terrenos/17f64d86-82e7-465a-bd55-9ae44268d537/historial HTTP/1.1" 401 -
  "GET /api/inventario/terrenos/1a2bbac4-b6a0-403b-914b-2627cb864ea5/historial HTTP/1.1" 401 -
  "GET /api/inventario/terrenos/1a65ab93-bf15-4535-a743-6115e8d63b29/historial HTTP/1.1" 401 -
  "GET /api/inventario/terrenos/1aa3c0ef-5b18-410e-9466-f7aa9cb1227a/historial HTTP/1.1" 401 -
  "GET /api/inventario/terrenos/207f4e56-a5e6-4796-9311-25b56e4cab3f/historial HTTP/1.1" 401 -
  "GET /api/inventario/terrenos/2096a144-3c42-4d7c-bd93-65ff99fc420e/historial HTTP/1.1" 401 -
  "GET /api/inventario/terrenos/28ea1d2a-a14e-4167-9881-07eab0a8c590/historial HTTP/1.1" 401 -
  "GET /api/inventario/terrenos/291728f2-4df6-4b6d-b0b2-cc6ea84bb3f4/historial HTTP/1.1" 401 -
  "GET /api/inventario/terrenos/2af8dc16-4276-47c2-a595-a766bffed5a7/historial HTTP/1.1" 401 -
  "GET /api/inventario/terrenos/2cbb70dc-1794-44df-8e69-2dca71570db8/historial HTTP/1.1" 401 -
  "GET /api/inventario/terrenos/67d1dbf8-79a4-41e3-ac45-d8539671221e/vista-publica HTTP/1.1" 401 -
  "GET /api/inventario/terrenos/0391bd28-5217-40d8-acfa-5a9542e2427e/vista-publica HTTP/1.1" 401 -
  "GET /api/inventario/terrenos/0620931b-64db-4178-ae7f-5faad17109fd/vista-publica HTTP/1.1" 401 -
  "GET /api/inventario/terrenos/078cf41d-5c5c-40ce-9e36-79ddb292c704/vista-publica HTTP/1.1" 401 -
  "GET /api/inventario/terrenos/07b3518a-e43e-4189-bae7-9967f335a78c/vista-publica HTTP/1.1" 401 -
  "GET /api/inventario/terrenos/07e193fa-90f5-494c-8115-422c80fd670e/vista-publica HTTP/1.1" 401 -
  "GET /api/inventario/terrenos/0abb025b-9e9f-4d52-af5a-cf4c0e03b796/vista-publica HTTP/1.1" 401 -
  "GET /api/inventario/terrenos/0b537698-f073-45dd-a194-091b5700f986/vista-publica HTTP/1.1" 401 -
  "GET /api/inventario/terrenos/0c9c50cf-c41f-4198-9c67-a4f29f574c9f/vista-publica HTTP/1.1" 401 -
  "GET /api/inventario/terrenos/0cb76e44-c51e-45d1-a88e-112b6a7d4c96/vista-publica HTTP/1.1" 401 -
  "GET /api/inventario/terrenos/10bd175e-6a70-4b12-b3aa-d3aa329e1277/vista-publica HTTP/1.1" 401 -
  "GET /api/inventario/terrenos/135766a0-2522-4281-a507-0283ef1adcdc/vista-publica HTTP/1.1" 401 -
  "GET /api/inventario/terrenos/150b08a2-5dfc-4fa1-ad7f-4b113eed2bfb/vista-publica HTTP/1.1" 401 -
  "GET /api/inventario/terrenos/152a9877-f253-45dd-b082-1920379078c1/vista-publica HTTP/1.1" 401 -
  "GET /api/inventario/terrenos/1564339f-2cbf-4783-b63a-d049ae22e7fc/vista-publica HTTP/1.1" 401 -
  "GET /api/inventario/terrenos/16152783-5572-4c5c-8fe6-06d22f2e2478/vista-publica HTTP/1.1" 401 -
  "GET /api/inventario/terrenos/17f64d86-82e7-465a-bd55-9ae44268d537/vista-publica HTTP/1.1" 401 -
  "GET /api/inventario/terrenos/1a2bbac4-b6a0-403b-914b-2627cb864ea5/vista-publica HTTP/1.1" 401 -
  "GET /api/inventario/terrenos/1a65ab93-bf15-4535-a743-6115e8d63b29/vista-publica HTTP/1.1" 401 -
  "GET /api/inventario/terrenos/1aa3c0ef-5b18-410e-9466-f7aa9cb1227a/vista-publica HTTP/1.1" 401 -
  "GET /api/inventario/terrenos/207f4e56-a5e6-4796-9311-25b56e4cab3f/vista-publica HTTP/1.1" 401 -
  "GET /api/inventario/terrenos/2096a144-3c42-4d7c-bd93-65ff99fc420e/vista-publica HTTP/1.1" 401 -
  "GET /api/inventario/terrenos/28ea1d2a-a14e-4167-9881-07eab0a8c590/vista-publica HTTP/1.1" 401 -
  "GET /api/inventario/terrenos/291728f2-4df6-4b6d-b0b2-cc6ea84bb3f4/vista-publica HTTP/1.1" 401 -
  "GET /api/inventario/terrenos/2af8dc16-4276-47c2-a595-a766bffed5a7/vista-publica HTTP/1.1" 401 -
  "GET /api/inventario/terrenos/2cbb70dc-1794-44df-8e69-2dca71570db8/vista-publica HTTP/1.1" 401 -
  "GET /api/mapas HTTP/1.1" 401 -
  "GET /api/mapas/1 HTTP/1.1" 401 -
  "GET /api/mapas/2 HTTP/1.1" 401 -
  "GET /api/mapas/3 HTTP/1.1" 401 -
  "GET /api/mapas/4 HTTP/1.1" 401 -
  "GET /api/mapas/999999 HTTP/1.1" 401 -
  "GET /api/mapas/1/terrenos HTTP/1.1" 401 -
  "GET /api/mapas/2/terrenos HTTP/1.1" 401 -
  "GET /api/mapas/3/terrenos HTTP/1.1" 401 -
  "GET /api/mapas/4/terrenos HTTP/1.1" 401 -
  "GET /api/mapas/999999/terrenos HTTP/1.1" 401 -
  "GET /api/carpetas?tipo=bases HTTP/1.1" 401 -
  "GET /api/carpetas?tipo=mapas HTTP/1.1" 401 -
  "GET /api/bases/1/terrenos?ids=1 HTTP/1.1" 401 -
  "GET /api/mapas/2/terrenos?capa=1 HTTP/1.1" 401 -
  "GET /api/inventario/terrenos?limit=250&include_archived=true HTTP/1.1" 401 -
  "GET /api/exportar HTTP/1.1" 401 -
  "GET /api/nope HTTP/1.1" 401 -
  "GET /api/bases/1/secreto HTTP/1.1" 401 -
  "GET /api/inventario HTTP/1.1" 401 -
  "GET /api/inventario/terrenos/x/y/z HTTP/1.1" 401 -
  "GET /api/BASES HTTP/1.1" 401 -
  "GET /api//bases HTTP/1.1" 401 -
  "GET /api/bases/ HTTP/1.1" 401 -
  "GET /api/./bases HTTP/1.1" 401 -
  "GET /api/bases%2F1 HTTP/1.1" 401 -
  "GET /api/publico/terrenos/../../bases HTTP/1.1" 401 -
  "GET /api/publico/terrenos/..%2f..%2fbases HTTP/1.1" 404 -
  "GET /api/publico/../bases HTTP/1.1" 401 -
  "GET /api/config/../bases HTTP/1.1" 401 -
  "GET /api/session/../mapas/1/terrenos HTTP/1.1" 401 -
  "GET /api/bases?x=/api/config HTTP/1.1" 401 -
  "GET /api/publico/terrenosX HTTP/1.1" 401 -
  "GET /api/publico HTTP/1.1" 401 -
  "GET /api/exportar/ HTTP/1.1" 401 -
  "GET /api/inventario/terrenos/ HTTP/1.1" 401 -
  "GET /api/INVENTARIO/terrenos HTTP/1.1" 401 -
  "GET /api/inventario/terrenos;x=1 HTTP/1.1" 401 -
  "GET /api/inventario//terrenos HTTP/1.1" 401 -
  "GET /api/inventario/terrenos%2f HTTP/1.1" 401 -
  "GET /api/inventario/terrenos?cursor=../.. HTTP/1.1" 401 -
  "GET /api/inventario/terrenos/%2e%2e/%2e%2e/bases HTTP/1.1" 401 -
  "GET /api/inventario/terrenos?limit=250&campos=contacto HTTP/1.1" 401 -
  "GET //api/inventario/terrenos HTTP/1.1" 401 -
  "GET //api/bases/1/terrenos HTTP/1.1" 401 -
  code 501, message Unsupported method ('HEAD')
  "HEAD /api/bases HTTP/1.1" 501 -
  code 501, message Unsupported method ('OPTIONS')
  "OPTIONS /api/bases HTTP/1.1" 501 -
  "POST /api/bases HTTP/1.1" 401 -
  "POST /api/bases/1 HTTP/1.1" 401 -
  "POST /api/bases/2 HTTP/1.1" 401 -
  "POST /api/bases/3 HTTP/1.1" 401 -
  "POST /api/bases/4 HTTP/1.1" 401 -
  "POST /api/bases/999999 HTTP/1.1" 401 -
  "POST /api/bases/1/terrenos HTTP/1.1" 401 -
  "POST /api/bases/2/terrenos HTTP/1.1" 401 -
  "POST /api/bases/3/terrenos HTTP/1.1" 401 -
  "POST /api/bases/4/terrenos HTTP/1.1" 401 -
  "POST /api/bases/999999/terrenos HTTP/1.1" 401 -
  "POST /api/carpetas HTTP/1.1" 401 -
  "POST /api/formatos HTTP/1.1" 401 -
  "POST /api/inventario/terrenos HTTP/1.1" 401 -
  "POST /api/inventario/terrenos/67d1dbf8-79a4-41e3-ac45-d8539671221e HTTP/1.1" 401 -
  "POST /api/inventario/terrenos/0391bd28-5217-40d8-acfa-5a9542e2427e HTTP/1.1" 401 -
  "POST /api/inventario/terrenos/0620931b-64db-4178-ae7f-5faad17109fd HTTP/1.1" 401 -
  "POST /api/inventario/terrenos/078cf41d-5c5c-40ce-9e36-79ddb292c704 HTTP/1.1" 401 -
  "POST /api/inventario/terrenos/07b3518a-e43e-4189-bae7-9967f335a78c HTTP/1.1" 401 -
  "POST /api/inventario/terrenos/07e193fa-90f5-494c-8115-422c80fd670e HTTP/1.1" 401 -
  "POST /api/inventario/terrenos/0abb025b-9e9f-4d52-af5a-cf4c0e03b796 HTTP/1.1" 401 -
  "POST /api/inventario/terrenos/0b537698-f073-45dd-a194-091b5700f986 HTTP/1.1" 401 -
  "POST /api/inventario/terrenos/0c9c50cf-c41f-4198-9c67-a4f29f574c9f HTTP/1.1" 401 -
  "POST /api/inventario/terrenos/0cb76e44-c51e-45d1-a88e-112b6a7d4c96 HTTP/1.1" 401 -
  "POST /api/inventario/terrenos/10bd175e-6a70-4b12-b3aa-d3aa329e1277 HTTP/1.1" 401 -
  "POST /api/inventario/terrenos/135766a0-2522-4281-a507-0283ef1adcdc HTTP/1.1" 401 -
  "POST /api/inventario/terrenos/150b08a2-5dfc-4fa1-ad7f-4b113eed2bfb HTTP/1.1" 401 -
  "POST /api/inventario/terrenos/152a9877-f253-45dd-b082-1920379078c1 HTTP/1.1" 401 -
  "POST /api/inventario/terrenos/1564339f-2cbf-4783-b63a-d049ae22e7fc HTTP/1.1" 401 -
  "POST /api/inventario/terrenos/16152783-5572-4c5c-8fe6-06d22f2e2478 HTTP/1.1" 401 -
  "POST /api/inventario/terrenos/17f64d86-82e7-465a-bd55-9ae44268d537 HTTP/1.1" 401 -
  "POST /api/inventario/terrenos/1a2bbac4-b6a0-403b-914b-2627cb864ea5 HTTP/1.1" 401 -
  "POST /api/inventario/terrenos/1a65ab93-bf15-4535-a743-6115e8d63b29 HTTP/1.1" 401 -
  "POST /api/inventario/terrenos/1aa3c0ef-5b18-410e-9466-f7aa9cb1227a HTTP/1.1" 401 -
  "POST /api/inventario/terrenos/207f4e56-a5e6-4796-9311-25b56e4cab3f HTTP/1.1" 401 -
  "POST /api/inventario/terrenos/2096a144-3c42-4d7c-bd93-65ff99fc420e HTTP/1.1" 401 -
  "POST /api/inventario/terrenos/28ea1d2a-a14e-4167-9881-07eab0a8c590 HTTP/1.1" 401 -
  "POST /api/inventario/terrenos/291728f2-4df6-4b6d-b0b2-cc6ea84bb3f4 HTTP/1.1" 401 -
  "POST /api/inventario/terrenos/2af8dc16-4276-47c2-a595-a766bffed5a7 HTTP/1.1" 401 -
  "POST /api/inventario/terrenos/2cbb70dc-1794-44df-8e69-2dca71570db8 HTTP/1.1" 401 -
  "POST /api/inventario/terrenos/67d1dbf8-79a4-41e3-ac45-d8539671221e/historial HTTP/1.1" 401 -
  "POST /api/inventario/terrenos/0391bd28-5217-40d8-acfa-5a9542e2427e/historial HTTP/1.1" 401 -
  "POST /api/inventario/terrenos/0620931b-64db-4178-ae7f-5faad17109fd/historial HTTP/1.1" 401 -
  "POST /api/inventario/terrenos/078cf41d-5c5c-40ce-9e36-79ddb292c704/historial HTTP/1.1" 401 -
  "POST /api/inventario/terrenos/07b3518a-e43e-4189-bae7-9967f335a78c/historial HTTP/1.1" 401 -
  "POST /api/inventario/terrenos/07e193fa-90f5-494c-8115-422c80fd670e/historial HTTP/1.1" 401 -
  "POST /api/inventario/terrenos/0abb025b-9e9f-4d52-af5a-cf4c0e03b796/historial HTTP/1.1" 401 -
  "POST /api/inventario/terrenos/0b537698-f073-45dd-a194-091b5700f986/historial HTTP/1.1" 401 -
  "POST /api/inventario/terrenos/0c9c50cf-c41f-4198-9c67-a4f29f574c9f/historial HTTP/1.1" 401 -
  "POST /api/inventario/terrenos/0cb76e44-c51e-45d1-a88e-112b6a7d4c96/historial HTTP/1.1" 401 -
  "POST /api/inventario/terrenos/10bd175e-6a70-4b12-b3aa-d3aa329e1277/historial HTTP/1.1" 401 -
  "POST /api/inventario/terrenos/135766a0-2522-4281-a507-0283ef1adcdc/historial HTTP/1.1" 401 -
  "POST /api/inventario/terrenos/150b08a2-5dfc-4fa1-ad7f-4b113eed2bfb/historial HTTP/1.1" 401 -
  "POST /api/inventario/terrenos/152a9877-f253-45dd-b082-1920379078c1/historial HTTP/1.1" 401 -
  "POST /api/inventario/terrenos/1564339f-2cbf-4783-b63a-d049ae22e7fc/historial HTTP/1.1" 401 -
  "POST /api/inventario/terrenos/16152783-5572-4c5c-8fe6-06d22f2e2478/historial HTTP/1.1" 401 -
  "POST /api/inventario/terrenos/17f64d86-82e7-465a-bd55-9ae44268d537/historial HTTP/1.1" 401 -
  "POST /api/inventario/terrenos/1a2bbac4-b6a0-403b-914b-2627cb864ea5/historial HTTP/1.1" 401 -
  "POST /api/inventario/terrenos/1a65ab93-bf15-4535-a743-6115e8d63b29/historial HTTP/1.1" 401 -
  "POST /api/inventario/terrenos/1aa3c0ef-5b18-410e-9466-f7aa9cb1227a/historial HTTP/1.1" 401 -
  "POST /api/inventario/terrenos/207f4e56-a5e6-4796-9311-25b56e4cab3f/historial HTTP/1.1" 401 -
  "POST /api/inventario/terrenos/2096a144-3c42-4d7c-bd93-65ff99fc420e/historial HTTP/1.1" 401 -
  "POST /api/inventario/terrenos/28ea1d2a-a14e-4167-9881-07eab0a8c590/historial HTTP/1.1" 401 -
  "POST /api/inventario/terrenos/291728f2-4df6-4b6d-b0b2-cc6ea84bb3f4/historial HTTP/1.1" 401 -
  "POST /api/inventario/terrenos/2af8dc16-4276-47c2-a595-a766bffed5a7/historial HTTP/1.1" 401 -
  "POST /api/inventario/terrenos/2cbb70dc-1794-44df-8e69-2dca71570db8/historial HTTP/1.1" 401 -
  "POST /api/inventario/terrenos/67d1dbf8-79a4-41e3-ac45-d8539671221e/vista-publica HTTP/1.1" 401 -
  "POST /api/inventario/terrenos/0391bd28-5217-40d8-acfa-5a9542e2427e/vista-publica HTTP/1.1" 401 -
  "POST /api/inventario/terrenos/0620931b-64db-4178-ae7f-5faad17109fd/vista-publica HTTP/1.1" 401 -
  "POST /api/inventario/terrenos/078cf41d-5c5c-40ce-9e36-79ddb292c704/vista-publica HTTP/1.1" 401 -
  "POST /api/inventario/terrenos/07b3518a-e43e-4189-bae7-9967f335a78c/vista-publica HTTP/1.1" 401 -
  "POST /api/inventario/terrenos/07e193fa-90f5-494c-8115-422c80fd670e/vista-publica HTTP/1.1" 401 -
  "POST /api/inventario/terrenos/0abb025b-9e9f-4d52-af5a-cf4c0e03b796/vista-publica HTTP/1.1" 401 -
  "POST /api/inventario/terrenos/0b537698-f073-45dd-a194-091b5700f986/vista-publica HTTP/1.1" 401 -
  "POST /api/inventario/terrenos/0c9c50cf-c41f-4198-9c67-a4f29f574c9f/vista-publica HTTP/1.1" 401 -
  "POST /api/inventario/terrenos/0cb76e44-c51e-45d1-a88e-112b6a7d4c96/vista-publica HTTP/1.1" 401 -
  "POST /api/inventario/terrenos/10bd175e-6a70-4b12-b3aa-d3aa329e1277/vista-publica HTTP/1.1" 401 -
  "POST /api/inventario/terrenos/135766a0-2522-4281-a507-0283ef1adcdc/vista-publica HTTP/1.1" 401 -
  "POST /api/inventario/terrenos/150b08a2-5dfc-4fa1-ad7f-4b113eed2bfb/vista-publica HTTP/1.1" 401 -
  "POST /api/inventario/terrenos/152a9877-f253-45dd-b082-1920379078c1/vista-publica HTTP/1.1" 401 -
  "POST /api/inventario/terrenos/1564339f-2cbf-4783-b63a-d049ae22e7fc/vista-publica HTTP/1.1" 401 -
  "POST /api/inventario/terrenos/16152783-5572-4c5c-8fe6-06d22f2e2478/vista-publica HTTP/1.1" 401 -
  "POST /api/inventario/terrenos/17f64d86-82e7-465a-bd55-9ae44268d537/vista-publica HTTP/1.1" 401 -
  "POST /api/inventario/terrenos/1a2bbac4-b6a0-403b-914b-2627cb864ea5/vista-publica HTTP/1.1" 401 -
  "POST /api/inventario/terrenos/1a65ab93-bf15-4535-a743-6115e8d63b29/vista-publica HTTP/1.1" 401 -
  "POST /api/inventario/terrenos/1aa3c0ef-5b18-410e-9466-f7aa9cb1227a/vista-publica HTTP/1.1" 401 -
  "POST /api/inventario/terrenos/207f4e56-a5e6-4796-9311-25b56e4cab3f/vista-publica HTTP/1.1" 401 -
  "POST /api/inventario/terrenos/2096a144-3c42-4d7c-bd93-65ff99fc420e/vista-publica HTTP/1.1" 401 -
  "POST /api/inventario/terrenos/28ea1d2a-a14e-4167-9881-07eab0a8c590/vista-publica HTTP/1.1" 401 -
  "POST /api/inventario/terrenos/291728f2-4df6-4b6d-b0b2-cc6ea84bb3f4/vista-publica HTTP/1.1" 401 -
  "POST /api/inventario/terrenos/2af8dc16-4276-47c2-a595-a766bffed5a7/vista-publica HTTP/1.1" 401 -
  "POST /api/inventario/terrenos/2cbb70dc-1794-44df-8e69-2dca71570db8/vista-publica HTTP/1.1" 401 -
  "POST /api/mapas HTTP/1.1" 401 -
  "POST /api/mapas/1 HTTP/1.1" 401 -
  "POST /api/mapas/2 HTTP/1.1" 401 -
  "POST /api/mapas/3 HTTP/1.1" 401 -
  "POST /api/mapas/4 HTTP/1.1" 401 -
  "POST /api/mapas/999999 HTTP/1.1" 401 -
  "POST /api/mapas/1/terrenos HTTP/1.1" 401 -
  "POST /api/mapas/2/terrenos HTTP/1.1" 401 -
  "POST /api/mapas/3/terrenos HTTP/1.1" 401 -
  "POST /api/mapas/4/terrenos HTTP/1.1" 401 -
  "POST /api/mapas/999999/terrenos HTTP/1.1" 401 -
  "POST /api/bases/1/adjuntar HTTP/1.1" 401 -
  "POST /api/bases/2/adjuntar HTTP/1.1" 401 -
  "POST /api/bases/3/adjuntar HTTP/1.1" 401 -
  "POST /api/bases/4/adjuntar HTTP/1.1" 401 -
  "POST /api/bases/999999/adjuntar HTTP/1.1" 401 -
  "POST /api/bases/1/terrenos HTTP/1.1" 401 -
  "POST /api/bases/2/terrenos HTTP/1.1" 401 -
  "POST /api/bases/3/terrenos HTTP/1.1" 401 -
  "POST /api/bases/4/terrenos HTTP/1.1" 401 -
  "POST /api/bases/999999/terrenos HTTP/1.1" 401 -
  "POST /api/carpetas HTTP/1.1" 401 -
  "POST /api/exportar HTTP/1.1" 401 -
  "POST /api/importar/analizar HTTP/1.1" 401 -
  "POST /api/importar/confirmar HTTP/1.1" 401 -
  "POST /api/importar/preparar HTTP/1.1" 401 -
  "POST /api/importar/vista-previa HTTP/1.1" 401 -
  "POST /api/inventario/terrenos HTTP/1.1" 401 -
  "POST /api/mapas HTTP/1.1" 401 -
  "POST /api/mapas/1/actualizar HTTP/1.1" 401 -
  "POST /api/mapas/2/actualizar HTTP/1.1" 401 -
  "POST /api/mapas/3/actualizar HTTP/1.1" 401 -
  "POST /api/mapas/4/actualizar HTTP/1.1" 401 -
  "POST /api/mapas/999999/actualizar HTTP/1.1" 401 -
  "POST /api/mapas/combinar HTTP/1.1" 401 -
  "POST /api/mapas/combinar/vista-previa HTTP/1.1" 401 -
  "POST /api/exportar HTTP/1.1" 401 -
  "POST /api/exportar HTTP/1.1" 401 -
  "POST /api/exportar HTTP/1.1" 401 -
  "POST /api/exportar HTTP/1.1" 401 -
  "POST /api/exportar HTTP/1.1" 401 -
  "POST /api/exportar HTTP/1.1" 401 -
  "POST /api/exportar HTTP/1.1" 401 -
  "POST /api/exportar HTTP/1.1" 401 -
  "POST /api/exportar HTTP/1.1" 401 -
  "PATCH /api/bases HTTP/1.1" 401 -
  "PATCH /api/bases/1 HTTP/1.1" 401 -
  "PATCH /api/bases/2 HTTP/1.1" 401 -
  "PATCH /api/bases/3 HTTP/1.1" 401 -
  "PATCH /api/bases/4 HTTP/1.1" 401 -
  "PATCH /api/bases/999999 HTTP/1.1" 401 -
  "PATCH /api/bases/1/terrenos HTTP/1.1" 401 -
  "PATCH /api/bases/2/terrenos HTTP/1.1" 401 -
  "PATCH /api/bases/3/terrenos HTTP/1.1" 401 -
  "PATCH /api/bases/4/terrenos HTTP/1.1" 401 -
  "PATCH /api/bases/999999/terrenos HTTP/1.1" 401 -
  "PATCH /api/carpetas HTTP/1.1" 401 -
  "PATCH /api/formatos HTTP/1.1" 401 -
  "PATCH /api/inventario/terrenos HTTP/1.1" 401 -
  "PATCH /api/inventario/terrenos/67d1dbf8-79a4-41e3-ac45-d8539671221e HTTP/1.1" 401 -
  "PATCH /api/inventario/terrenos/0391bd28-5217-40d8-acfa-5a9542e2427e HTTP/1.1" 401 -
  "PATCH /api/inventario/terrenos/0620931b-64db-4178-ae7f-5faad17109fd HTTP/1.1" 401 -
  "PATCH /api/inventario/terrenos/078cf41d-5c5c-40ce-9e36-79ddb292c704 HTTP/1.1" 401 -
  "PATCH /api/inventario/terrenos/07b3518a-e43e-4189-bae7-9967f335a78c HTTP/1.1" 401 -
  "PATCH /api/inventario/terrenos/07e193fa-90f5-494c-8115-422c80fd670e HTTP/1.1" 401 -
  "PATCH /api/inventario/terrenos/0abb025b-9e9f-4d52-af5a-cf4c0e03b796 HTTP/1.1" 401 -
  "PATCH /api/inventario/terrenos/0b537698-f073-45dd-a194-091b5700f986 HTTP/1.1" 401 -
  "PATCH /api/inventario/terrenos/0c9c50cf-c41f-4198-9c67-a4f29f574c9f HTTP/1.1" 401 -
  "PATCH /api/inventario/terrenos/0cb76e44-c51e-45d1-a88e-112b6a7d4c96 HTTP/1.1" 401 -
  "PATCH /api/inventario/terrenos/10bd175e-6a70-4b12-b3aa-d3aa329e1277 HTTP/1.1" 401 -
  "PATCH /api/inventario/terrenos/135766a0-2522-4281-a507-0283ef1adcdc HTTP/1.1" 401 -
  "PATCH /api/inventario/terrenos/150b08a2-5dfc-4fa1-ad7f-4b113eed2bfb HTTP/1.1" 401 -
  "PATCH /api/inventario/terrenos/152a9877-f253-45dd-b082-1920379078c1 HTTP/1.1" 401 -
  "PATCH /api/inventario/terrenos/1564339f-2cbf-4783-b63a-d049ae22e7fc HTTP/1.1" 401 -
  "PATCH /api/inventario/terrenos/16152783-5572-4c5c-8fe6-06d22f2e2478 HTTP/1.1" 401 -
  "PATCH /api/inventario/terrenos/17f64d86-82e7-465a-bd55-9ae44268d537 HTTP/1.1" 401 -
  "PATCH /api/inventario/terrenos/1a2bbac4-b6a0-403b-914b-2627cb864ea5 HTTP/1.1" 401 -
  "PATCH /api/inventario/terrenos/1a65ab93-bf15-4535-a743-6115e8d63b29 HTTP/1.1" 401 -
  "PATCH /api/inventario/terrenos/1aa3c0ef-5b18-410e-9466-f7aa9cb1227a HTTP/1.1" 401 -
  "PATCH /api/inventario/terrenos/207f4e56-a5e6-4796-9311-25b56e4cab3f HTTP/1.1" 401 -
  "PATCH /api/inventario/terrenos/2096a144-3c42-4d7c-bd93-65ff99fc420e HTTP/1.1" 401 -
  "PATCH /api/inventario/terrenos/28ea1d2a-a14e-4167-9881-07eab0a8c590 HTTP/1.1" 401 -
  "PATCH /api/inventario/terrenos/291728f2-4df6-4b6d-b0b2-cc6ea84bb3f4 HTTP/1.1" 401 -
  "PATCH /api/inventario/terrenos/2af8dc16-4276-47c2-a595-a766bffed5a7 HTTP/1.1" 401 -
  "PATCH /api/inventario/terrenos/2cbb70dc-1794-44df-8e69-2dca71570db8 HTTP/1.1" 401 -
  "PATCH /api/inventario/terrenos/67d1dbf8-79a4-41e3-ac45-d8539671221e/historial HTTP/1.1" 401 -
  "PATCH /api/inventario/terrenos/0391bd28-5217-40d8-acfa-5a9542e2427e/historial HTTP/1.1" 401 -
  "PATCH /api/inventario/terrenos/0620931b-64db-4178-ae7f-5faad17109fd/historial HTTP/1.1" 401 -
  "PATCH /api/inventario/terrenos/078cf41d-5c5c-40ce-9e36-79ddb292c704/historial HTTP/1.1" 401 -
  "PATCH /api/inventario/terrenos/07b3518a-e43e-4189-bae7-9967f335a78c/historial HTTP/1.1" 401 -
  "PATCH /api/inventario/terrenos/07e193fa-90f5-494c-8115-422c80fd670e/historial HTTP/1.1" 401 -
  "PATCH /api/inventario/terrenos/0abb025b-9e9f-4d52-af5a-cf4c0e03b796/historial HTTP/1.1" 401 -
  "PATCH /api/inventario/terrenos/0b537698-f073-45dd-a194-091b5700f986/historial HTTP/1.1" 401 -
  "PATCH /api/inventario/terrenos/0c9c50cf-c41f-4198-9c67-a4f29f574c9f/historial HTTP/1.1" 401 -
  "PATCH /api/inventario/terrenos/0cb76e44-c51e-45d1-a88e-112b6a7d4c96/historial HTTP/1.1" 401 -
  "PATCH /api/inventario/terrenos/10bd175e-6a70-4b12-b3aa-d3aa329e1277/historial HTTP/1.1" 401 -
  "PATCH /api/inventario/terrenos/135766a0-2522-4281-a507-0283ef1adcdc/historial HTTP/1.1" 401 -
  "PATCH /api/inventario/terrenos/150b08a2-5dfc-4fa1-ad7f-4b113eed2bfb/historial HTTP/1.1" 401 -
  "PATCH /api/inventario/terrenos/152a9877-f253-45dd-b082-1920379078c1/historial HTTP/1.1" 401 -
  "PATCH /api/inventario/terrenos/1564339f-2cbf-4783-b63a-d049ae22e7fc/historial HTTP/1.1" 401 -
  "PATCH /api/inventario/terrenos/16152783-5572-4c5c-8fe6-06d22f2e2478/historial HTTP/1.1" 401 -
  "PATCH /api/inventario/terrenos/17f64d86-82e7-465a-bd55-9ae44268d537/historial HTTP/1.1" 401 -
  "PATCH /api/inventario/terrenos/1a2bbac4-b6a0-403b-914b-2627cb864ea5/historial HTTP/1.1" 401 -
  "PATCH /api/inventario/terrenos/1a65ab93-bf15-4535-a743-6115e8d63b29/historial HTTP/1.1" 401 -
  "PATCH /api/inventario/terrenos/1aa3c0ef-5b18-410e-9466-f7aa9cb1227a/historial HTTP/1.1" 401 -
  "PATCH /api/inventario/terrenos/207f4e56-a5e6-4796-9311-25b56e4cab3f/historial HTTP/1.1" 401 -
  "PATCH /api/inventario/terrenos/2096a144-3c42-4d7c-bd93-65ff99fc420e/historial HTTP/1.1" 401 -
  "PATCH /api/inventario/terrenos/28ea1d2a-a14e-4167-9881-07eab0a8c590/historial HTTP/1.1" 401 -
  "PATCH /api/inventario/terrenos/291728f2-4df6-4b6d-b0b2-cc6ea84bb3f4/historial HTTP/1.1" 401 -
  "PATCH /api/inventario/terrenos/2af8dc16-4276-47c2-a595-a766bffed5a7/historial HTTP/1.1" 401 -
  "PATCH /api/inventario/terrenos/2cbb70dc-1794-44df-8e69-2dca71570db8/historial HTTP/1.1" 401 -
  "PATCH /api/inventario/terrenos/67d1dbf8-79a4-41e3-ac45-d8539671221e/vista-publica HTTP/1.1" 401 -
  "PATCH /api/inventario/terrenos/0391bd28-5217-40d8-acfa-5a9542e2427e/vista-publica HTTP/1.1" 401 -
  "PATCH /api/inventario/terrenos/0620931b-64db-4178-ae7f-5faad17109fd/vista-publica HTTP/1.1" 401 -
  "PATCH /api/inventario/terrenos/078cf41d-5c5c-40ce-9e36-79ddb292c704/vista-publica HTTP/1.1" 401 -
  "PATCH /api/inventario/terrenos/07b3518a-e43e-4189-bae7-9967f335a78c/vista-publica HTTP/1.1" 401 -
  "PATCH /api/inventario/terrenos/07e193fa-90f5-494c-8115-422c80fd670e/vista-publica HTTP/1.1" 401 -
  "PATCH /api/inventario/terrenos/0abb025b-9e9f-4d52-af5a-cf4c0e03b796/vista-publica HTTP/1.1" 401 -
  "PATCH /api/inventario/terrenos/0b537698-f073-45dd-a194-091b5700f986/vista-publica HTTP/1.1" 401 -
  "PATCH /api/inventario/terrenos/0c9c50cf-c41f-4198-9c67-a4f29f574c9f/vista-publica HTTP/1.1" 401 -
  "PATCH /api/inventario/terrenos/0cb76e44-c51e-45d1-a88e-112b6a7d4c96/vista-publica HTTP/1.1" 401 -
  "PATCH /api/inventario/terrenos/10bd175e-6a70-4b12-b3aa-d3aa329e1277/vista-publica HTTP/1.1" 401 -
  "PATCH /api/inventario/terrenos/135766a0-2522-4281-a507-0283ef1adcdc/vista-publica HTTP/1.1" 401 -
  "PATCH /api/inventario/terrenos/150b08a2-5dfc-4fa1-ad7f-4b113eed2bfb/vista-publica HTTP/1.1" 401 -
  "PATCH /api/inventario/terrenos/152a9877-f253-45dd-b082-1920379078c1/vista-publica HTTP/1.1" 401 -
  "PATCH /api/inventario/terrenos/1564339f-2cbf-4783-b63a-d049ae22e7fc/vista-publica HTTP/1.1" 401 -
  "PATCH /api/inventario/terrenos/16152783-5572-4c5c-8fe6-06d22f2e2478/vista-publica HTTP/1.1" 401 -
  "PATCH /api/inventario/terrenos/17f64d86-82e7-465a-bd55-9ae44268d537/vista-publica HTTP/1.1" 401 -
  "PATCH /api/inventario/terrenos/1a2bbac4-b6a0-403b-914b-2627cb864ea5/vista-publica HTTP/1.1" 401 -
  "PATCH /api/inventario/terrenos/1a65ab93-bf15-4535-a743-6115e8d63b29/vista-publica HTTP/1.1" 401 -
  "PATCH /api/inventario/terrenos/1aa3c0ef-5b18-410e-9466-f7aa9cb1227a/vista-publica HTTP/1.1" 401 -
  "PATCH /api/inventario/terrenos/207f4e56-a5e6-4796-9311-25b56e4cab3f/vista-publica HTTP/1.1" 401 -
  "PATCH /api/inventario/terrenos/2096a144-3c42-4d7c-bd93-65ff99fc420e/vista-publica HTTP/1.1" 401 -
  "PATCH /api/inventario/terrenos/28ea1d2a-a14e-4167-9881-07eab0a8c590/vista-publica HTTP/1.1" 401 -
  "PATCH /api/inventario/terrenos/291728f2-4df6-4b6d-b0b2-cc6ea84bb3f4/vista-publica HTTP/1.1" 401 -
  "PATCH /api/inventario/terrenos/2af8dc16-4276-47c2-a595-a766bffed5a7/vista-publica HTTP/1.1" 401 -
  "PATCH /api/inventario/terrenos/2cbb70dc-1794-44df-8e69-2dca71570db8/vista-publica HTTP/1.1" 401 -
  "PATCH /api/mapas HTTP/1.1" 401 -
  "PATCH /api/mapas/1 HTTP/1.1" 401 -
  "PATCH /api/mapas/2 HTTP/1.1" 401 -
  "PATCH /api/mapas/3 HTTP/1.1" 401 -
  "PATCH /api/mapas/4 HTTP/1.1" 401 -
  "PATCH /api/mapas/999999 HTTP/1.1" 401 -
  "PATCH /api/mapas/1/terrenos HTTP/1.1" 401 -
  "PATCH /api/mapas/2/terrenos HTTP/1.1" 401 -
  "PATCH /api/mapas/3/terrenos HTTP/1.1" 401 -
  "PATCH /api/mapas/4/terrenos HTTP/1.1" 401 -
  "PATCH /api/mapas/999999/terrenos HTTP/1.1" 401 -
  "PATCH /api/bases/1 HTTP/1.1" 401 -
  "PATCH /api/bases/2 HTTP/1.1" 401 -
  "PATCH /api/bases/3 HTTP/1.1" 401 -
  "PATCH /api/bases/4 HTTP/1.1" 401 -
  "PATCH /api/bases/999999 HTTP/1.1" 401 -
  "PATCH /api/bases/1/carpeta HTTP/1.1" 401 -
  "PATCH /api/bases/2/carpeta HTTP/1.1" 401 -
  "PATCH /api/bases/3/carpeta HTTP/1.1" 401 -
  "PATCH /api/bases/4/carpeta HTTP/1.1" 401 -
  "PATCH /api/bases/999999/carpeta HTTP/1.1" 401 -
  "PATCH /api/carpetas/1 HTTP/1.1" 401 -
  "PATCH /api/carpetas/2 HTTP/1.1" 401 -
  "PATCH /api/carpetas/3 HTTP/1.1" 401 -
  "PATCH /api/carpetas/4 HTTP/1.1" 401 -
  "PATCH /api/carpetas/999999 HTTP/1.1" 401 -
  "PATCH /api/formatos/1 HTTP/1.1" 401 -
  "PATCH /api/formatos/2 HTTP/1.1" 401 -
  "PATCH /api/formatos/3 HTTP/1.1" 401 -
  "PATCH /api/formatos/4 HTTP/1.1" 401 -
  "PATCH /api/formatos/999999 HTTP/1.1" 401 -
  "PATCH /api/inventario/terrenos/67d1dbf8-79a4-41e3-ac45-d8539671221e HTTP/1.1" 401 -
  "PATCH /api/inventario/terrenos/0391bd28-5217-40d8-acfa-5a9542e2427e HTTP/1.1" 401 -
  "PATCH /api/inventario/terrenos/0620931b-64db-4178-ae7f-5faad17109fd HTTP/1.1" 401 -
  "PATCH /api/inventario/terrenos/078cf41d-5c5c-40ce-9e36-79ddb292c704 HTTP/1.1" 401 -
  "PATCH /api/inventario/terrenos/07b3518a-e43e-4189-bae7-9967f335a78c HTTP/1.1" 401 -
  "PATCH /api/inventario/terrenos/07e193fa-90f5-494c-8115-422c80fd670e HTTP/1.1" 401 -
  "PATCH /api/inventario/terrenos/0abb025b-9e9f-4d52-af5a-cf4c0e03b796 HTTP/1.1" 401 -
  "PATCH /api/inventario/terrenos/0b537698-f073-45dd-a194-091b5700f986 HTTP/1.1" 401 -
  "PATCH /api/inventario/terrenos/0c9c50cf-c41f-4198-9c67-a4f29f574c9f HTTP/1.1" 401 -
  "PATCH /api/inventario/terrenos/0cb76e44-c51e-45d1-a88e-112b6a7d4c96 HTTP/1.1" 401 -
  "PATCH /api/inventario/terrenos/10bd175e-6a70-4b12-b3aa-d3aa329e1277 HTTP/1.1" 401 -
  "PATCH /api/inventario/terrenos/135766a0-2522-4281-a507-0283ef1adcdc HTTP/1.1" 401 -
  "PATCH /api/inventario/terrenos/150b08a2-5dfc-4fa1-ad7f-4b113eed2bfb HTTP/1.1" 401 -
  "PATCH /api/inventario/terrenos/152a9877-f253-45dd-b082-1920379078c1 HTTP/1.1" 401 -
  "PATCH /api/inventario/terrenos/1564339f-2cbf-4783-b63a-d049ae22e7fc HTTP/1.1" 401 -
  "PATCH /api/inventario/terrenos/16152783-5572-4c5c-8fe6-06d22f2e2478 HTTP/1.1" 401 -
  "PATCH /api/inventario/terrenos/17f64d86-82e7-465a-bd55-9ae44268d537 HTTP/1.1" 401 -
  "PATCH /api/inventario/terrenos/1a2bbac4-b6a0-403b-914b-2627cb864ea5 HTTP/1.1" 401 -
  "PATCH /api/inventario/terrenos/1a65ab93-bf15-4535-a743-6115e8d63b29 HTTP/1.1" 401 -
  "PATCH /api/inventario/terrenos/1aa3c0ef-5b18-410e-9466-f7aa9cb1227a HTTP/1.1" 401 -
  "PATCH /api/inventario/terrenos/207f4e56-a5e6-4796-9311-25b56e4cab3f HTTP/1.1" 401 -
  "PATCH /api/inventario/terrenos/2096a144-3c42-4d7c-bd93-65ff99fc420e HTTP/1.1" 401 -
  "PATCH /api/inventario/terrenos/28ea1d2a-a14e-4167-9881-07eab0a8c590 HTTP/1.1" 401 -
  "PATCH /api/inventario/terrenos/291728f2-4df6-4b6d-b0b2-cc6ea84bb3f4 HTTP/1.1" 401 -
  "PATCH /api/inventario/terrenos/2af8dc16-4276-47c2-a595-a766bffed5a7 HTTP/1.1" 401 -
  "PATCH /api/inventario/terrenos/2cbb70dc-1794-44df-8e69-2dca71570db8 HTTP/1.1" 401 -
  "PATCH /api/mapas/1 HTTP/1.1" 401 -
  "PATCH /api/mapas/2 HTTP/1.1" 401 -
  "PATCH /api/mapas/3 HTTP/1.1" 401 -
  "PATCH /api/mapas/4 HTTP/1.1" 401 -
  "PATCH /api/mapas/999999 HTTP/1.1" 401 -
  "PATCH /api/mapas/1/carpeta HTTP/1.1" 401 -
  "PATCH /api/mapas/2/carpeta HTTP/1.1" 401 -
  "PATCH /api/mapas/3/carpeta HTTP/1.1" 401 -
  "PATCH /api/mapas/4/carpeta HTTP/1.1" 401 -
  "PATCH /api/mapas/999999/carpeta HTTP/1.1" 401 -
  code 501, message Unsupported method ('PUT')
  "PUT /api/bases HTTP/1.1" 501 -
  "DELETE /api/bases/1 HTTP/1.1" 401 -
  "DELETE /api/bases/2 HTTP/1.1" 401 -
  "DELETE /api/bases/3 HTTP/1.1" 401 -
  "DELETE /api/bases/4 HTTP/1.1" 401 -
  "DELETE /api/bases/999999 HTTP/1.1" 401 -
  "DELETE /api/carpetas/1 HTTP/1.1" 401 -
  "DELETE /api/carpetas/2 HTTP/1.1" 401 -
  "DELETE /api/carpetas/3 HTTP/1.1" 401 -
  "DELETE /api/carpetas/4 HTTP/1.1" 401 -
  "DELETE /api/carpetas/999999 HTTP/1.1" 401 -
  "DELETE /api/formatos/1 HTTP/1.1" 401 -
  "DELETE /api/formatos/2 HTTP/1.1" 401 -
  "DELETE /api/formatos/3 HTTP/1.1" 401 -
  "DELETE /api/formatos/4 HTTP/1.1" 401 -
  "DELETE /api/formatos/999999 HTTP/1.1" 401 -
  "DELETE /api/mapas/1 HTTP/1.1" 401 -
  "DELETE /api/mapas/2 HTTP/1.1" 401 -
  "DELETE /api/mapas/3 HTTP/1.1" 401 -
  "DELETE /api/mapas/4 HTTP/1.1" 401 -
  "DELETE /api/mapas/999999 HTTP/1.1" 401 -
  "DELETE /api/bases HTTP/1.1" 401 -
  "DELETE /api/bases/1 HTTP/1.1" 401 -
  "DELETE /api/bases/2 HTTP/1.1" 401 -
  "DELETE /api/bases/3 HTTP/1.1" 401 -
  "DELETE /api/bases/4 HTTP/1.1" 401 -
  "DELETE /api/bases/999999 HTTP/1.1" 401 -
  "DELETE /api/bases/1/terrenos HTTP/1.1" 401 -
  "DELETE /api/bases/2/terrenos HTTP/1.1" 401 -
  "DELETE /api/bases/3/terrenos HTTP/1.1" 401 -
  "DELETE /api/bases/4/terrenos HTTP/1.1" 401 -
  "DELETE /api/bases/999999/terrenos HTTP/1.1" 401 -
  "DELETE /api/carpetas HTTP/1.1" 401 -
  "DELETE /api/formatos HTTP/1.1" 401 -
  "DELETE /api/inventario/terrenos HTTP/1.1" 401 -
  "DELETE /api/inventario/terrenos/67d1dbf8-79a4-41e3-ac45-d8539671221e HTTP/1.1" 401 -
  "DELETE /api/inventario/terrenos/0391bd28-5217-40d8-acfa-5a9542e2427e HTTP/1.1" 401 -
  "DELETE /api/inventario/terrenos/0620931b-64db-4178-ae7f-5faad17109fd HTTP/1.1" 401 -
  "DELETE /api/inventario/terrenos/078cf41d-5c5c-40ce-9e36-79ddb292c704 HTTP/1.1" 401 -
  "DELETE /api/inventario/terrenos/07b3518a-e43e-4189-bae7-9967f335a78c HTTP/1.1" 401 -
  "DELETE /api/inventario/terrenos/07e193fa-90f5-494c-8115-422c80fd670e HTTP/1.1" 401 -
  "DELETE /api/inventario/terrenos/0abb025b-9e9f-4d52-af5a-cf4c0e03b796 HTTP/1.1" 401 -
  "DELETE /api/inventario/terrenos/0b537698-f073-45dd-a194-091b5700f986 HTTP/1.1" 401 -
  "DELETE /api/inventario/terrenos/0c9c50cf-c41f-4198-9c67-a4f29f574c9f HTTP/1.1" 401 -
  "DELETE /api/inventario/terrenos/0cb76e44-c51e-45d1-a88e-112b6a7d4c96 HTTP/1.1" 401 -
  "DELETE /api/inventario/terrenos/10bd175e-6a70-4b12-b3aa-d3aa329e1277 HTTP/1.1" 401 -
  "DELETE /api/inventario/terrenos/135766a0-2522-4281-a507-0283ef1adcdc HTTP/1.1" 401 -
  "DELETE /api/inventario/terrenos/150b08a2-5dfc-4fa1-ad7f-4b113eed2bfb HTTP/1.1" 401 -
  "DELETE /api/inventario/terrenos/152a9877-f253-45dd-b082-1920379078c1 HTTP/1.1" 401 -
  "DELETE /api/inventario/terrenos/1564339f-2cbf-4783-b63a-d049ae22e7fc HTTP/1.1" 401 -
  "DELETE /api/inventario/terrenos/16152783-5572-4c5c-8fe6-06d22f2e2478 HTTP/1.1" 401 -
  "DELETE /api/inventario/terrenos/17f64d86-82e7-465a-bd55-9ae44268d537 HTTP/1.1" 401 -
  "DELETE /api/inventario/terrenos/1a2bbac4-b6a0-403b-914b-2627cb864ea5 HTTP/1.1" 401 -
  "DELETE /api/inventario/terrenos/1a65ab93-bf15-4535-a743-6115e8d63b29 HTTP/1.1" 401 -
  "DELETE /api/inventario/terrenos/1aa3c0ef-5b18-410e-9466-f7aa9cb1227a HTTP/1.1" 401 -
  "DELETE /api/inventario/terrenos/207f4e56-a5e6-4796-9311-25b56e4cab3f HTTP/1.1" 401 -
  "DELETE /api/inventario/terrenos/2096a144-3c42-4d7c-bd93-65ff99fc420e HTTP/1.1" 401 -
  "DELETE /api/inventario/terrenos/28ea1d2a-a14e-4167-9881-07eab0a8c590 HTTP/1.1" 401 -
  "DELETE /api/inventario/terrenos/291728f2-4df6-4b6d-b0b2-cc6ea84bb3f4 HTTP/1.1" 401 -
  "DELETE /api/inventario/terrenos/2af8dc16-4276-47c2-a595-a766bffed5a7 HTTP/1.1" 401 -
  "DELETE /api/inventario/terrenos/2cbb70dc-1794-44df-8e69-2dca71570db8 HTTP/1.1" 401 -
  "DELETE /api/inventario/terrenos/67d1dbf8-79a4-41e3-ac45-d8539671221e/historial HTTP/1.1" 401 -
  "DELETE /api/inventario/terrenos/0391bd28-5217-40d8-acfa-5a9542e2427e/historial HTTP/1.1" 401 -
  "DELETE /api/inventario/terrenos/0620931b-64db-4178-ae7f-5faad17109fd/historial HTTP/1.1" 401 -
  "DELETE /api/inventario/terrenos/078cf41d-5c5c-40ce-9e36-79ddb292c704/historial HTTP/1.1" 401 -
  "DELETE /api/inventario/terrenos/07b3518a-e43e-4189-bae7-9967f335a78c/historial HTTP/1.1" 401 -
  "DELETE /api/inventario/terrenos/07e193fa-90f5-494c-8115-422c80fd670e/historial HTTP/1.1" 401 -
  "DELETE /api/inventario/terrenos/0abb025b-9e9f-4d52-af5a-cf4c0e03b796/historial HTTP/1.1" 401 -
  "DELETE /api/inventario/terrenos/0b537698-f073-45dd-a194-091b5700f986/historial HTTP/1.1" 401 -
  "DELETE /api/inventario/terrenos/0c9c50cf-c41f-4198-9c67-a4f29f574c9f/historial HTTP/1.1" 401 -
  "DELETE /api/inventario/terrenos/0cb76e44-c51e-45d1-a88e-112b6a7d4c96/historial HTTP/1.1" 401 -
  "DELETE /api/inventario/terrenos/10bd175e-6a70-4b12-b3aa-d3aa329e1277/historial HTTP/1.1" 401 -
  "DELETE /api/inventario/terrenos/135766a0-2522-4281-a507-0283ef1adcdc/historial HTTP/1.1" 401 -
  "DELETE /api/inventario/terrenos/150b08a2-5dfc-4fa1-ad7f-4b113eed2bfb/historial HTTP/1.1" 401 -
  "DELETE /api/inventario/terrenos/152a9877-f253-45dd-b082-1920379078c1/historial HTTP/1.1" 401 -
  "DELETE /api/inventario/terrenos/1564339f-2cbf-4783-b63a-d049ae22e7fc/historial HTTP/1.1" 401 -
  "DELETE /api/inventario/terrenos/16152783-5572-4c5c-8fe6-06d22f2e2478/historial HTTP/1.1" 401 -
  "DELETE /api/inventario/terrenos/17f64d86-82e7-465a-bd55-9ae44268d537/historial HTTP/1.1" 401 -
  "DELETE /api/inventario/terrenos/1a2bbac4-b6a0-403b-914b-2627cb864ea5/historial HTTP/1.1" 401 -
  "DELETE /api/inventario/terrenos/1a65ab93-bf15-4535-a743-6115e8d63b29/historial HTTP/1.1" 401 -
  "DELETE /api/inventario/terrenos/1aa3c0ef-5b18-410e-9466-f7aa9cb1227a/historial HTTP/1.1" 401 -
  "DELETE /api/inventario/terrenos/207f4e56-a5e6-4796-9311-25b56e4cab3f/historial HTTP/1.1" 401 -
  "DELETE /api/inventario/terrenos/2096a144-3c42-4d7c-bd93-65ff99fc420e/historial HTTP/1.1" 401 -
  "DELETE /api/inventario/terrenos/28ea1d2a-a14e-4167-9881-07eab0a8c590/historial HTTP/1.1" 401 -
  "DELETE /api/inventario/terrenos/291728f2-4df6-4b6d-b0b2-cc6ea84bb3f4/historial HTTP/1.1" 401 -
  "DELETE /api/inventario/terrenos/2af8dc16-4276-47c2-a595-a766bffed5a7/historial HTTP/1.1" 401 -
  "DELETE /api/inventario/terrenos/2cbb70dc-1794-44df-8e69-2dca71570db8/historial HTTP/1.1" 401 -
  "DELETE /api/inventario/terrenos/67d1dbf8-79a4-41e3-ac45-d8539671221e/vista-publica HTTP/1.1" 401 -
  "DELETE /api/inventario/terrenos/0391bd28-5217-40d8-acfa-5a9542e2427e/vista-publica HTTP/1.1" 401 -
  "DELETE /api/inventario/terrenos/0620931b-64db-4178-ae7f-5faad17109fd/vista-publica HTTP/1.1" 401 -
  "DELETE /api/inventario/terrenos/078cf41d-5c5c-40ce-9e36-79ddb292c704/vista-publica HTTP/1.1" 401 -
  "DELETE /api/inventario/terrenos/07b3518a-e43e-4189-bae7-9967f335a78c/vista-publica HTTP/1.1" 401 -
  "DELETE /api/inventario/terrenos/07e193fa-90f5-494c-8115-422c80fd670e/vista-publica HTTP/1.1" 401 -
  "DELETE /api/inventario/terrenos/0abb025b-9e9f-4d52-af5a-cf4c0e03b796/vista-publica HTTP/1.1" 401 -
  "DELETE /api/inventario/terrenos/0b537698-f073-45dd-a194-091b5700f986/vista-publica HTTP/1.1" 401 -
  "DELETE /api/inventario/terrenos/0c9c50cf-c41f-4198-9c67-a4f29f574c9f/vista-publica HTTP/1.1" 401 -
  "DELETE /api/inventario/terrenos/0cb76e44-c51e-45d1-a88e-112b6a7d4c96/vista-publica HTTP/1.1" 401 -
  "DELETE /api/inventario/terrenos/10bd175e-6a70-4b12-b3aa-d3aa329e1277/vista-publica HTTP/1.1" 401 -
  "DELETE /api/inventario/terrenos/135766a0-2522-4281-a507-0283ef1adcdc/vista-publica HTTP/1.1" 401 -
  "DELETE /api/inventario/terrenos/150b08a2-5dfc-4fa1-ad7f-4b113eed2bfb/vista-publica HTTP/1.1" 401 -
  "DELETE /api/inventario/terrenos/152a9877-f253-45dd-b082-1920379078c1/vista-publica HTTP/1.1" 401 -
  "DELETE /api/inventario/terrenos/1564339f-2cbf-4783-b63a-d049ae22e7fc/vista-publica HTTP/1.1" 401 -
  "DELETE /api/inventario/terrenos/16152783-5572-4c5c-8fe6-06d22f2e2478/vista-publica HTTP/1.1" 401 -
  "DELETE /api/inventario/terrenos/17f64d86-82e7-465a-bd55-9ae44268d537/vista-publica HTTP/1.1" 401 -
  "DELETE /api/inventario/terrenos/1a2bbac4-b6a0-403b-914b-2627cb864ea5/vista-publica HTTP/1.1" 401 -
  "DELETE /api/inventario/terrenos/1a65ab93-bf15-4535-a743-6115e8d63b29/vista-publica HTTP/1.1" 401 -
  "DELETE /api/inventario/terrenos/1aa3c0ef-5b18-410e-9466-f7aa9cb1227a/vista-publica HTTP/1.1" 401 -
  "DELETE /api/inventario/terrenos/207f4e56-a5e6-4796-9311-25b56e4cab3f/vista-publica HTTP/1.1" 401 -
  "DELETE /api/inventario/terrenos/2096a144-3c42-4d7c-bd93-65ff99fc420e/vista-publica HTTP/1.1" 401 -
  "DELETE /api/inventario/terrenos/28ea1d2a-a14e-4167-9881-07eab0a8c590/vista-publica HTTP/1.1" 401 -
  "DELETE /api/inventario/terrenos/291728f2-4df6-4b6d-b0b2-cc6ea84bb3f4/vista-publica HTTP/1.1" 401 -
  "DELETE /api/inventario/terrenos/2af8dc16-4276-47c2-a595-a766bffed5a7/vista-publica HTTP/1.1" 401 -
  "DELETE /api/inventario/terrenos/2cbb70dc-1794-44df-8e69-2dca71570db8/vista-publica HTTP/1.1" 401 -
  "DELETE /api/mapas HTTP/1.1" 401 -
  "DELETE /api/mapas/1 HTTP/1.1" 401 -
  "DELETE /api/mapas/2 HTTP/1.1" 401 -
  "DELETE /api/mapas/3 HTTP/1.1" 401 -
  "DELETE /api/mapas/4 HTTP/1.1" 401 -
  "DELETE /api/mapas/999999 HTTP/1.1" 401 -
  "DELETE /api/mapas/1/terrenos HTTP/1.1" 401 -
  "DELETE /api/mapas/2/terrenos HTTP/1.1" 401 -
  "DELETE /api/mapas/3/terrenos HTTP/1.1" 401 -
  "DELETE /api/mapas/4/terrenos HTTP/1.1" 401 -
  "DELETE /api/mapas/999999/terrenos HTTP/1.1" 401 -
  "POST /api/login HTTP/1.1" 401 -
  "GET /api/publico/terrenos/67d1dbf8-79a4-41e3-ac45-d8539671221e HTTP/1.1" 404 -
  "GET /api/publico/terrenos/0391bd28-5217-40d8-acfa-5a9542e2427e HTTP/1.1" 404 -
  "GET /api/publico/terrenos/0620931b-64db-4178-ae7f-5faad17109fd HTTP/1.1" 404 -
  "GET /api/publico/terrenos/078cf41d-5c5c-40ce-9e36-79ddb292c704 HTTP/1.1" 404 -
  "GET /api/publico/terrenos/07b3518a-e43e-4189-bae7-9967f335a78c HTTP/1.1" 404 -
  "GET /api/publico/terrenos/07e193fa-90f5-494c-8115-422c80fd670e HTTP/1.1" 404 -
  "GET /api/publico/terrenos/0abb025b-9e9f-4d52-af5a-cf4c0e03b796 HTTP/1.1" 404 -
  "GET /api/publico/terrenos/0b537698-f073-45dd-a194-091b5700f986 HTTP/1.1" 404 -
  "GET /api/publico/terrenos/0c9c50cf-c41f-4198-9c67-a4f29f574c9f HTTP/1.1" 404 -
  "GET /api/publico/terrenos/0cb76e44-c51e-45d1-a88e-112b6a7d4c96 HTTP/1.1" 404 -
  "GET /api/publico/terrenos/10bd175e-6a70-4b12-b3aa-d3aa329e1277 HTTP/1.1" 404 -
  "GET /api/publico/terrenos/135766a0-2522-4281-a507-0283ef1adcdc HTTP/1.1" 404 -
  "GET /api/publico/terrenos/150b08a2-5dfc-4fa1-ad7f-4b113eed2bfb HTTP/1.1" 404 -
  "GET /api/publico/terrenos/152a9877-f253-45dd-b082-1920379078c1 HTTP/1.1" 404 -
  "GET /api/publico/terrenos/1564339f-2cbf-4783-b63a-d049ae22e7fc HTTP/1.1" 404 -
  "GET /api/publico/terrenos/16152783-5572-4c5c-8fe6-06d22f2e2478 HTTP/1.1" 404 -
  "GET /api/publico/terrenos/17f64d86-82e7-465a-bd55-9ae44268d537 HTTP/1.1" 404 -
  "GET /api/publico/terrenos/1a2bbac4-b6a0-403b-914b-2627cb864ea5 HTTP/1.1" 404 -
  "GET /api/publico/terrenos/1a65ab93-bf15-4535-a743-6115e8d63b29 HTTP/1.1" 404 -
  "GET /api/publico/terrenos/1aa3c0ef-5b18-410e-9466-f7aa9cb1227a HTTP/1.1" 404 -
  "GET /api/publico/terrenos/207f4e56-a5e6-4796-9311-25b56e4cab3f HTTP/1.1" 404 -
  "GET /api/publico/terrenos/2096a144-3c42-4d7c-bd93-65ff99fc420e HTTP/1.1" 404 -
  "GET /api/publico/terrenos/28ea1d2a-a14e-4167-9881-07eab0a8c590 HTTP/1.1" 404 -
  "GET /api/publico/terrenos/291728f2-4df6-4b6d-b0b2-cc6ea84bb3f4 HTTP/1.1" 404 -
  "GET /api/publico/terrenos/2af8dc16-4276-47c2-a595-a766bffed5a7 HTTP/1.1" 404 -
  "GET /api/publico/terrenos/2cbb70dc-1794-44df-8e69-2dca71570db8 HTTP/1.1" 404 -
  "GET /api/bases/1 HTTP/1.1" 404 -
  "GET /api/bases/2 HTTP/1.1" 404 -
  "GET /api/bases/3 HTTP/1.1" 404 -
  "GET /api/bases/4 HTTP/1.1" 404 -
  "GET /api/bases/999999 HTTP/1.1" 404 -
  "GET /api/bases/1/terrenos HTTP/1.1" 404 -
  "GET /api/bases/2/terrenos HTTP/1.1" 404 -
  "GET /api/bases/3/terrenos HTTP/1.1" 404 -
  "GET /api/bases/4/terrenos HTTP/1.1" 404 -
  "GET /api/bases/999999/terrenos HTTP/1.1" 404 -
  "GET /api/carpetas HTTP/1.1" 400 -
  "GET /api/inventario/terrenos/67d1dbf8-79a4-41e3-ac45-d8539671221e HTTP/1.1" 404 -
  "GET /api/inventario/terrenos/67d1dbf8-79a4-41e3-ac45-d8539671221e/historial HTTP/1.1" 404 -
  "GET /api/inventario/terrenos/67d1dbf8-79a4-41e3-ac45-d8539671221e/vista-publica HTTP/1.1" 404 -
  "GET /api/inventario/terrenos/0391bd28-5217-40d8-acfa-5a9542e2427e/vista-publica HTTP/1.1" 404 -
  "GET /api/inventario/terrenos/0620931b-64db-4178-ae7f-5faad17109fd/vista-publica HTTP/1.1" 404 -
  "GET /api/inventario/terrenos/078cf41d-5c5c-40ce-9e36-79ddb292c704/vista-publica HTTP/1.1" 404 -
  "GET /api/inventario/terrenos/07b3518a-e43e-4189-bae7-9967f335a78c/vista-publica HTTP/1.1" 404 -
  "GET /api/inventario/terrenos/07e193fa-90f5-494c-8115-422c80fd670e/vista-publica HTTP/1.1" 404 -
  "GET /api/inventario/terrenos/0abb025b-9e9f-4d52-af5a-cf4c0e03b796/vista-publica HTTP/1.1" 404 -
  "GET /api/inventario/terrenos/0b537698-f073-45dd-a194-091b5700f986/vista-publica HTTP/1.1" 404 -
  "GET /api/inventario/terrenos/0c9c50cf-c41f-4198-9c67-a4f29f574c9f/vista-publica HTTP/1.1" 404 -
  "GET /api/inventario/terrenos/0cb76e44-c51e-45d1-a88e-112b6a7d4c96/vista-publica HTTP/1.1" 404 -
  "GET /api/inventario/terrenos/10bd175e-6a70-4b12-b3aa-d3aa329e1277/vista-publica HTTP/1.1" 404 -
  "GET /api/inventario/terrenos/135766a0-2522-4281-a507-0283ef1adcdc/vista-publica HTTP/1.1" 404 -
  "GET /api/inventario/terrenos/150b08a2-5dfc-4fa1-ad7f-4b113eed2bfb/vista-publica HTTP/1.1" 404 -
  "GET /api/inventario/terrenos/152a9877-f253-45dd-b082-1920379078c1/vista-publica HTTP/1.1" 404 -
  "GET /api/inventario/terrenos/1564339f-2cbf-4783-b63a-d049ae22e7fc/vista-publica HTTP/1.1" 404 -
  "GET /api/inventario/terrenos/16152783-5572-4c5c-8fe6-06d22f2e2478/vista-publica HTTP/1.1" 404 -
  "GET /api/inventario/terrenos/17f64d86-82e7-465a-bd55-9ae44268d537/vista-publica HTTP/1.1" 404 -
  "GET /api/inventario/terrenos/1a2bbac4-b6a0-403b-914b-2627cb864ea5/vista-publica HTTP/1.1" 404 -
  "GET /api/inventario/terrenos/1a65ab93-bf15-4535-a743-6115e8d63b29/vista-publica HTTP/1.1" 404 -
  "GET /api/inventario/terrenos/1aa3c0ef-5b18-410e-9466-f7aa9cb1227a/vista-publica HTTP/1.1" 404 -
  "GET /api/inventario/terrenos/207f4e56-a5e6-4796-9311-25b56e4cab3f/vista-publica HTTP/1.1" 404 -
  "GET /api/inventario/terrenos/2096a144-3c42-4d7c-bd93-65ff99fc420e/vista-publica HTTP/1.1" 404 -
  "GET /api/inventario/terrenos/28ea1d2a-a14e-4167-9881-07eab0a8c590/vista-publica HTTP/1.1" 404 -
  "GET /api/inventario/terrenos/291728f2-4df6-4b6d-b0b2-cc6ea84bb3f4/vista-publica HTTP/1.1" 404 -
  "GET /api/inventario/terrenos/2af8dc16-4276-47c2-a595-a766bffed5a7/vista-publica HTTP/1.1" 404 -
  "GET /api/inventario/terrenos/2cbb70dc-1794-44df-8e69-2dca71570db8/vista-publica HTTP/1.1" 404 -
  "GET /api/mapas/1 HTTP/1.1" 404 -
  "GET /api/mapas/2 HTTP/1.1" 404 -
  "GET /api/mapas/3 HTTP/1.1" 404 -
  "GET /api/mapas/4 HTTP/1.1" 404 -
  "GET /api/mapas/999999 HTTP/1.1" 404 -
  "GET /api/mapas/1/terrenos HTTP/1.1" 404 -
  "GET /api/mapas/2/terrenos HTTP/1.1" 404 -
  "GET /api/mapas/3/terrenos HTTP/1.1" 404 -
  "GET /api/mapas/4/terrenos HTTP/1.1" 404 -
  "GET /api/mapas/999999/terrenos HTTP/1.1" 404 -
  "GET /api/bases/1/terrenos?ids=1 HTTP/1.1" 404 -
  "GET /api/mapas/2/terrenos?capa=1 HTTP/1.1" 404 -
  "GET /api/exportar HTTP/1.1" 405 -
  "GET /api/INVENTARIO/terrenos HTTP/1.1" 404 -
  "GET /api/inventario//terrenos HTTP/1.1" 404 -
  "GET /api/inventario/terrenos%2f HTTP/1.1" 404 -
  "GET /api/inventario/terrenos/%2e%2e/%2e%2e/bases HTTP/1.1" 404 -
  "GET /api/inventario/terrenos?limit=250&campos=contacto HTTP/1.1" 422 -
  "GET //api/bases/1/terrenos HTTP/1.1" 404 -
  "GET /api/publico/terrenos/67d1dbf8-79a4-41e3-ac45-d8539671221e HTTP/1.1" 404 -
  "GET /api/publico/terrenos/0391bd28-5217-40d8-acfa-5a9542e2427e HTTP/1.1" 404 -
  "GET /api/publico/terrenos/0620931b-64db-4178-ae7f-5faad17109fd HTTP/1.1" 404 -
  "GET /api/publico/terrenos/078cf41d-5c5c-40ce-9e36-79ddb292c704 HTTP/1.1" 404 -
  "GET /api/publico/terrenos/07b3518a-e43e-4189-bae7-9967f335a78c HTTP/1.1" 404 -
  "GET /api/publico/terrenos/07e193fa-90f5-494c-8115-422c80fd670e HTTP/1.1" 404 -
  "GET /api/publico/terrenos/0abb025b-9e9f-4d52-af5a-cf4c0e03b796 HTTP/1.1" 404 -
  "GET /api/publico/terrenos/0b537698-f073-45dd-a194-091b5700f986 HTTP/1.1" 404 -
  "GET /api/publico/terrenos/0c9c50cf-c41f-4198-9c67-a4f29f574c9f HTTP/1.1" 404 -
  "GET /api/publico/terrenos/0cb76e44-c51e-45d1-a88e-112b6a7d4c96 HTTP/1.1" 404 -
  "GET /api/publico/terrenos/10bd175e-6a70-4b12-b3aa-d3aa329e1277 HTTP/1.1" 404 -
  "GET /api/publico/terrenos/135766a0-2522-4281-a507-0283ef1adcdc HTTP/1.1" 404 -
  "GET /api/publico/terrenos/150b08a2-5dfc-4fa1-ad7f-4b113eed2bfb HTTP/1.1" 404 -
  "GET /api/publico/terrenos/152a9877-f253-45dd-b082-1920379078c1 HTTP/1.1" 404 -
  "GET /api/publico/terrenos/1564339f-2cbf-4783-b63a-d049ae22e7fc HTTP/1.1" 404 -
  "GET /api/publico/terrenos/16152783-5572-4c5c-8fe6-06d22f2e2478 HTTP/1.1" 404 -
  "GET /api/publico/terrenos/17f64d86-82e7-465a-bd55-9ae44268d537 HTTP/1.1" 404 -
  "GET /api/publico/terrenos/1a2bbac4-b6a0-403b-914b-2627cb864ea5 HTTP/1.1" 404 -
  "GET /api/publico/terrenos/1a65ab93-bf15-4535-a743-6115e8d63b29 HTTP/1.1" 404 -
  "GET /api/publico/terrenos/1aa3c0ef-5b18-410e-9466-f7aa9cb1227a HTTP/1.1" 404 -
  "GET /api/publico/terrenos/207f4e56-a5e6-4796-9311-25b56e4cab3f HTTP/1.1" 404 -
  "GET /api/publico/terrenos/2096a144-3c42-4d7c-bd93-65ff99fc420e HTTP/1.1" 404 -
  "GET /api/publico/terrenos/28ea1d2a-a14e-4167-9881-07eab0a8c590 HTTP/1.1" 404 -
  "GET /api/publico/terrenos/291728f2-4df6-4b6d-b0b2-cc6ea84bb3f4 HTTP/1.1" 404 -
  "GET /api/publico/terrenos/2af8dc16-4276-47c2-a595-a766bffed5a7 HTTP/1.1" 404 -
  "GET /api/publico/terrenos/2cbb70dc-1794-44df-8e69-2dca71570db8 HTTP/1.1" 404 -
  "GET /api/nope HTTP/1.1" 404 -
  "GET /api/bases HTTP/1.1" 401 -
  "GET /api/inventario/terrenos HTTP/1.1" 401 -
  "POST /api/login HTTP/1.1" 401 -
  "GET /api/inventario/terrenos HTTP/1.1" 401 -
  "POST /api/login HTTP/1.1" 401 -
  "POST /api/login HTTP/1.1" 401 -
  "POST /api/login HTTP/1.1" 401 -
  "POST /api/login HTTP/1.1" 401 -
  "POST /api/login HTTP/1.1" 429 -
  "POST /api/login HTTP/1.1" 429 -
  "POST /api/login HTTP/1.1" 429 -
  "POST /api/login HTTP/1.1" 429 -
  "POST /api/login HTTP/1.1" 429 -
  "POST /api/login HTTP/1.1" 429 -
  "POST /api/login HTTP/1.1" 429 -
  "POST /api/login HTTP/1.1" 429 -
  "POST /api/login HTTP/1.1" 429 -
  "POST /api/login HTTP/1.1" 429 -
  "POST /api/login HTTP/1.1" 429 -
  "POST /api/login HTTP/1.1" 429 -
  "POST /api/login HTTP/1.1" 429 -
  "POST /api/login HTTP/1.1" 429 -
  "POST /api/login HTTP/1.1" 429 -
  "POST /api/login HTTP/1.1" 429 -
  "POST /api/login HTTP/1.1" 429 -
  "POST /api/login HTTP/1.1" 429 -
  "POST /api/login HTTP/1.1" 429 -
  "POST /api/login HTTP/1.1" 429 -
  "POST /api/login HTTP/1.1" 429 -
  "POST /api/login HTTP/1.1" 429 -
