[serve_target] mode=cloud http://127.0.0.1:8433 root=/Users/andrejasso/Desktop/ARA Map
  "POST /api/inventario/terrenos HTTP/1.1" 422 -
  "POST /api/inventario/terrenos HTTP/1.1" 422 -
[serve_target] mode=cloud http://127.0.0.1:8433 root=/Users/andrejasso/Desktop/ARA Map
  "POST /api/inventario/terrenos HTTP/1.1" 422 -
  "POST /api/inventario/terrenos HTTP/1.1" 422 -
  "POST /api/inventario/terrenos HTTP/1.1" 422 -
  "PATCH /api/inventario/terrenos/aa9760ea-eee2-4b9f-949d-c6240a28b877 HTTP/1.1" 422 -
  "PATCH /api/inventario/terrenos/aa9760ea-eee2-4b9f-949d-c6240a28b877 HTTP/1.1" 422 -
  "PATCH /api/inventario/terrenos/aa9760ea-eee2-4b9f-949d-c6240a28b877 HTTP/1.1" 422 -
  "PATCH /api/inventario/terrenos/aa9760ea-eee2-4b9f-949d-c6240a28b877 HTTP/1.1" 422 -
  "PATCH /api/inventario/terrenos/aa9760ea-eee2-4b9f-949d-c6240a28b877 HTTP/1.1" 422 -
  "PATCH /api/inventario/terrenos/aa9760ea-eee2-4b9f-949d-c6240a28b877 HTTP/1.1" 422 -
  "PATCH /api/inventario/terrenos/aa9760ea-eee2-4b9f-949d-c6240a28b877 HTTP/1.1" 422 -
  "PATCH /api/inventario/terrenos/aa9760ea-eee2-4b9f-949d-c6240a28b877 HTTP/1.1" 422 -
  "PATCH /api/inventario/terrenos/aa9760ea-eee2-4b9f-949d-c6240a28b877 HTTP/1.1" 422 -
  "PATCH /api/inventario/terrenos/aa9760ea-eee2-4b9f-949d-c6240a28b877 HTTP/1.1" 422 -
  "PATCH /api/inventario/terrenos/07af91e5-fa83-46f7-8f25-9dc0fc9681a1 HTTP/1.1" 422 -
  "PATCH /api/inventario/terrenos/07af91e5-fa83-46f7-8f25-9dc0fc9681a1 HTTP/1.1" 422 -
  "PATCH /api/inventario/terrenos/07af91e5-fa83-46f7-8f25-9dc0fc9681a1 HTTP/1.1" 422 -
  "PATCH /api/inventario/terrenos/07af91e5-fa83-46f7-8f25-9dc0fc9681a1 HTTP/1.1" 422 -
  "PATCH /api/inventario/terrenos/07af91e5-fa83-46f7-8f25-9dc0fc9681a1 HTTP/1.1" 422 -
  "PATCH /api/inventario/terrenos/07af91e5-fa83-46f7-8f25-9dc0fc9681a1 HTTP/1.1" 422 -
  "PATCH /api/inventario/terrenos/07af91e5-fa83-46f7-8f25-9dc0fc9681a1 HTTP/1.1" 422 -
  "PATCH /api/inventario/terrenos/07af91e5-fa83-46f7-8f25-9dc0fc9681a1 HTTP/1.1" 422 -
  "PATCH /api/inventario/terrenos/07af91e5-fa83-46f7-8f25-9dc0fc9681a1 HTTP/1.1" 422 -
  "PATCH /api/inventario/terrenos/07af91e5-fa83-46f7-8f25-9dc0fc9681a1 HTTP/1.1" 422 -
  "PATCH /api/inventario/terrenos/f2af1a28-a514-4e54-abe5-9c138bc6eec9 HTTP/1.1" 422 -
  "PATCH /api/inventario/terrenos/f2af1a28-a514-4e54-abe5-9c138bc6eec9 HTTP/1.1" 422 -
  "PATCH /api/inventario/terrenos/f2af1a28-a514-4e54-abe5-9c138bc6eec9 HTTP/1.1" 422 -
  "PATCH /api/inventario/terrenos/f2af1a28-a514-4e54-abe5-9c138bc6eec9 HTTP/1.1" 422 -
  "PATCH /api/inventario/terrenos/f2af1a28-a514-4e54-abe5-9c138bc6eec9 HTTP/1.1" 422 -
  "PATCH /api/inventario/terrenos/f2af1a28-a514-4e54-abe5-9c138bc6eec9 HTTP/1.1" 422 -
  "PATCH /api/inventario/terrenos/f2af1a28-a514-4e54-abe5-9c138bc6eec9 HTTP/1.1" 422 -
  "PATCH /api/inventario/terrenos/f2af1a28-a514-4e54-abe5-9c138bc6eec9 HTTP/1.1" 422 -
  "PATCH /api/inventario/terrenos/f2af1a28-a514-4e54-abe5-9c138bc6eec9 HTTP/1.1" 422 -
  "PATCH /api/inventario/terrenos/f2af1a28-a514-4e54-abe5-9c138bc6eec9 HTTP/1.1" 422 -
  "POST /api/inventario/terrenos/aa9760ea-eee2-4b9f-949d-c6240a28b877/archivar HTTP/1.1" 404 -
  "POST /api/inventario/terrenos/aa9760ea-eee2-4b9f-949d-c6240a28b877/restaurar HTTP/1.1" 404 -
  "POST /api/inventario/terrenos/aa9760ea-eee2-4b9f-949d-c6240a28b877/publicar HTTP/1.1" 404 -
  "POST /api/inventario/terrenos/aa9760ea-eee2-4b9f-949d-c6240a28b877/despublicar HTTP/1.1" 404 -
  "PATCH /api/inventario/terrenos/76aac817-6fe0-4300-8851-a2ab3c415566 HTTP/1.1" 422 -
  "PATCH /api/inventario/terrenos/76aac817-6fe0-4300-8851-a2ab3c415566 HTTP/1.1" 422 -
  "PATCH /api/inventario/terrenos/76aac817-6fe0-4300-8851-a2ab3c415566 HTTP/1.1" 422 -
  "PATCH /api/inventario/terrenos/76aac817-6fe0-4300-8851-a2ab3c415566 HTTP/1.1" 422 -
  "PATCH /api/inventario/terrenos/76aac817-6fe0-4300-8851-a2ab3c415566 HTTP/1.1" 422 -
  "PATCH /api/inventario/terrenos/76aac817-6fe0-4300-8851-a2ab3c415566 HTTP/1.1" 422 -
  "PATCH /api/inventario/terrenos/76aac817-6fe0-4300-8851-a2ab3c415566 HTTP/1.1" 422 -
  "PATCH /api/inventario/terrenos/76aac817-6fe0-4300-8851-a2ab3c415566 HTTP/1.1" 422 -
  "PATCH /api/inventario/terrenos/76aac817-6fe0-4300-8851-a2ab3c415566 HTTP/1.1" 422 -
  "PATCH /api/inventario/terrenos/76aac817-6fe0-4300-8851-a2ab3c415566 HTTP/1.1" 422 -
  "PATCH /api/inventario/terrenos/76aac817-6fe0-4300-8851-a2ab3c415566 HTTP/1.1" 422 -
  "PATCH /api/inventario/terrenos/76aac817-6fe0-4300-8851-a2ab3c415566 HTTP/1.1" 422 -
  "PATCH /api/inventario/terrenos/76aac817-6fe0-4300-8851-a2ab3c415566 HTTP/1.1" 422 -
  "POST /api/inventario/terrenos HTTP/1.1" 422 -
  "POST /api/inventario/terrenos HTTP/1.1" 422 -
[serve_target] mode=cloud http://127.0.0.1:8433 root=/Users/andrejasso/Desktop/ARA Map
  "POST /api/inventario/terrenos HTTP/1.1" 409 -
[serve_target] FAULT INJECTION active: server.repo.inventario._event raises on 'FAULT-INJECT-a88ae4b4'
[serve_target] mode=cloud http://127.0.0.1:8433 root=/Users/andrejasso/Desktop/ARA Map
Traceback (most recent call last):
  File "/Users/andrejasso/Desktop/ARA Map/server/app.py", line 166, in _dispatch
    result = handler(request)
  File "/Users/andrejasso/Desktop/ARA Map/server/api/inventario.py", line 89, in create
    return repo.create(conn, fields, actor, key, request_hash)
           ~~~~~~~~~~~^^^^^^^^^^^^^^^^^^^^^^^^^^^^^^^^^^^^^^^^
  File "/Users/andrejasso/Desktop/ARA Map/server/repo/inventario.py", line 109, in create
    return _create(conn, fields, actor, key, request_hash)
  File "/Users/andrejasso/Desktop/ARA Map/server/repo/inventario.py", line 139, in _create
    _event(conn, inventory_id, 1, "create", actor, ahora, None, revision_id, {"changes": cambios})
    ~~~~~~^^^^^^^^^^^^^^^^^^^^^^^^^^^^^^^^^^^^^^^^^^^^^^^^^^^^^^^^^^^^^^^^^^^^^^^^^^^^^^^^^^^^^^^^
  File "/Users/andrejasso/Desktop/ARA Map/reports/inventory-developer-handoff-2026-10-05/verification/stage1/serve_target.py", line 41, in faulty
    raise RuntimeError("verifier fault injection before inventory_event insert")
RuntimeError: verifier fault injection before inventory_event insert
  "POST /api/inventario/terrenos HTTP/1.1" 500 -
Traceback (most recent call last):
  File "/Users/andrejasso/Desktop/ARA Map/server/app.py", line 166, in _dispatch
    result = handler(request)
  File "/Users/andrejasso/Desktop/ARA Map/server/api/inventario.py", line 124, in update
    return {"terreno": repo.update(conn, inventory_id, expected, fields,
                       ~~~~~~~~~~~^^^^^^^^^^^^^^^^^^^^^^^^^^^^^^^^^^^^^^
                                   tuple(dict.fromkeys(confirm)), actor)}
                                   ^^^^^^^^^^^^^^^^^^^^^^^^^^^^^^^^^^^^^
  File "/Users/andrejasso/Desktop/ARA Map/server/repo/inventario.py", line 185, in update
    _event(conn, inventory_id, expected_version + 1, "update", actor, ahora,
    ~~~~~~^^^^^^^^^^^^^^^^^^^^^^^^^^^^^^^^^^^^^^^^^^^^^^^^^^^^^^^^^^^^^^^^^^
           current["draft_revision_id"], revision_id, details)
           ^^^^^^^^^^^^^^^^^^^^^^^^^^^^^^^^^^^^^^^^^^^^^^^^^^^
  File "/Users/andrejasso/Desktop/ARA Map/reports/inventory-developer-handoff-2026-10-05/verification/stage1/serve_target.py", line 41, in faulty
    raise RuntimeError("verifier fault injection before inventory_event insert")
RuntimeError: verifier fault injection before inventory_event insert
  "PATCH /api/inventario/terrenos/480336d7-17d1-4343-b51e-7b8847b4c100 HTTP/1.1" 500 -
[serve_target] mode=cloud http://127.0.0.1:8433 root=/Users/andrejasso/Desktop/ARA Map
  "PATCH /api/inventario/terrenos/b595db23-9492-4cf1-8058-6abbbdd5e583 HTTP/1.1" 409 -
  "PATCH /api/inventario/terrenos/b595db23-9492-4cf1-8058-6abbbdd5e583 HTTP/1.1" 409 -
  "PATCH /api/inventario/terrenos/b595db23-9492-4cf1-8058-6abbbdd5e583 HTTP/1.1" 409 -
  "PATCH /api/inventario/terrenos/b595db23-9492-4cf1-8058-6abbbdd5e583 HTTP/1.1" 409 -
  "PATCH /api/inventario/terrenos/b595db23-9492-4cf1-8058-6abbbdd5e583 HTTP/1.1" 422 -
  "PATCH /api/inventario/terrenos/b595db23-9492-4cf1-8058-6abbbdd5e583 HTTP/1.1" 422 -
  "PATCH /api/inventario/terrenos/b595db23-9492-4cf1-8058-6abbbdd5e583 HTTP/1.1" 409 -
  "PATCH /api/inventario/terrenos/b595db23-9492-4cf1-8058-6abbbdd5e583 HTTP/1.1" 409 -
  "POST /api/login HTTP/1.1" 401 -
  "POST /api/login HTTP/1.1" 401 -
  "GET /api/inventario/terrenos HTTP/1.1" 401 -
  "GET /api/inventario/terrenos HTTP/1.1" 401 -
  "GET /api/inventario/terrenos HTTP/1.1" 401 -
  "GET /api/bases HTTP/1.1" 401 -
  "POST /api/carpetas HTTP/1.1" 401 -
  "POST /api/inventario/terrenos HTTP/1.1" 401 -
  "PATCH /api/inventario/terrenos/f458c6b1-c09b-4f53-a8b2-2477d2239126 HTTP/1.1" 403 -
  "POST /api/inventario/terrenos HTTP/1.1" 403 -
  "PATCH /api/inventario/terrenos/f458c6b1-c09b-4f53-a8b2-2477d2239126 HTTP/1.1" 403 -
  "POST /api/inventario/terrenos HTTP/1.1" 403 -
  "PATCH /api/inventario/terrenos/f458c6b1-c09b-4f53-a8b2-2477d2239126 HTTP/1.1" 403 -
  "POST /api/inventario/terrenos HTTP/1.1" 403 -
  "POST /api/login HTTP/1.1" 403 -
  "POST /api/registro HTTP/1.1" 401 -
  "POST /api/registro HTTP/1.1" 404 -
  "POST /api/register HTTP/1.1" 401 -
  "POST /api/register HTTP/1.1" 404 -
  "POST /api/signup HTTP/1.1" 401 -
  "POST /api/signup HTTP/1.1" 404 -
  "POST /api/usuarios HTTP/1.1" 401 -
  "POST /api/usuarios HTTP/1.1" 404 -
  "POST /api/users HTTP/1.1" 401 -
  "POST /api/users HTTP/1.1" 404 -
  "POST /api/cuentas HTTP/1.1" 401 -
  "POST /api/cuentas HTTP/1.1" 404 -
  "POST /api/team HTTP/1.1" 401 -
  "POST /api/team HTTP/1.1" 404 -
  "POST /api/session HTTP/1.1" 401 -
  "POST /api/session HTTP/1.1" 405 -
  "POST /api/login HTTP/1.1" 401 -
  "GET /api/inventario/terrenos HTTP/1.1" 401 -
  "PATCH /api/inventario/terrenos/f458c6b1-c09b-4f53-a8b2-2477d2239126 HTTP/1.1" 401 -
  "GET /api/inventario/terrenos HTTP/1.1" 401 -
  "GET /api/bases HTTP/1.1" 401 -
  "GET /api/bases/1 HTTP/1.1" 401 -
  "GET /api/bases/2 HTTP/1.1" 401 -
  "GET /api/bases/3 HTTP/1.1" 401 -
  "GET /api/bases/4 HTTP/1.1" 401 -
  "GET /api/bases/999999 HTTP/1.1" 401 -
  "GET /api/bases/1/terrenos HTTP/1.1" 401 -
  "GET /api/bases/2/terrenos HTTP/1.1" 401 -
  "GET /api/bases/3/terrenos HTTP/1.1" 401 -
  "GET /api/bases/4/terrenos HTTP/1.1" 401 -
  "GET /api/bases/999999/terrenos HTTP/1.1" 401 -
  "GET /api/carpetas HTTP/1.1" 401 -
  "GET /api/formatos HTTP/1.1" 401 -
  "GET /api/inventario/terrenos HTTP/1.1" 401 -
  "GET /api/inventario/terrenos/88e6c4bd-a669-4695-aa4d-14e20153a3ba HTTP/1.1" 401 -
  "GET /api/inventario/terrenos/032b8755-83c9-4176-be40-ae7114cbeb14 HTTP/1.1" 401 -
  "GET /api/inventario/terrenos/038e45ae-4ab6-42ee-8e3b-c53162cfe81f HTTP/1.1" 401 -
  "GET /api/inventario/terrenos/0548aa13-1b97-4044-8d2a-990a7e976a90 HTTP/1.1" 401 -
  "GET /api/inventario/terrenos/05514b5d-dfde-4425-a797-f8e98e47f98b HTTP/1.1" 401 -
  "GET /api/inventario/terrenos/07af91e5-fa83-46f7-8f25-9dc0fc9681a1 HTTP/1.1" 401 -
  "GET /api/inventario/terrenos/08ca2093-c8b4-47aa-935d-c1dff3bfd6f1 HTTP/1.1" 401 -
  "GET /api/inventario/terrenos/092d87e2-79ab-4ea1-9c44-249e50b6127d HTTP/1.1" 401 -
  "GET /api/inventario/terrenos/09548573-c7a8-4604-abeb-247ea89f7d25 HTTP/1.1" 401 -
  "GET /api/inventario/terrenos/095b5262-4128-41f9-95a1-c50ce4024edc HTTP/1.1" 401 -
  "GET /api/inventario/terrenos/0a0aaf27-8549-4d14-8519-05ba5a05c05c HTTP/1.1" 401 -
  "GET /api/inventario/terrenos/0e2eca93-afa3-4de2-9f59-661dae17e8de HTTP/1.1" 401 -
  "GET /api/inventario/terrenos/10ce6ab7-784c-48eb-9033-da94323ea14e HTTP/1.1" 401 -
  "GET /api/inventario/terrenos/14d00b9a-a3e8-46b5-9c54-0c81d7ce2135 HTTP/1.1" 401 -
  "GET /api/inventario/terrenos/15c8444a-6c0e-4fbc-8b52-880290b1b0d8 HTTP/1.1" 401 -
  "GET /api/inventario/terrenos/175e4a60-7a97-426a-ada8-0f2e1fb7d7d2 HTTP/1.1" 401 -
  "GET /api/inventario/terrenos/1a23a0c0-8431-414c-8fca-74a3fd50e795 HTTP/1.1" 401 -
  "GET /api/inventario/terrenos/1a90d67f-ebc0-4e4a-9d9e-ed25adf4f9a3 HTTP/1.1" 401 -
  "GET /api/inventario/terrenos/1f5803cd-bc24-4701-a8ed-6f5c9967a04b HTTP/1.1" 401 -
  "GET /api/inventario/terrenos/1ff961b3-9373-4663-9a07-0c7515ba6535 HTTP/1.1" 401 -
  "GET /api/inventario/terrenos/200827c6-7cef-4d05-91d5-80e04916642a HTTP/1.1" 401 -
  "GET /api/inventario/terrenos/214b78b1-6384-4847-8054-030dfd057928 HTTP/1.1" 401 -
  "GET /api/inventario/terrenos/21d73952-5bd1-4f1e-9e99-12c6fc659e4f HTTP/1.1" 401 -
  "GET /api/inventario/terrenos/2428191b-e814-4613-b0de-866ef4eae82e HTTP/1.1" 401 -
  "GET /api/inventario/terrenos/282eb7ed-c9cb-4335-9dd7-68902a9eeedd HTTP/1.1" 401 -
  "GET /api/inventario/terrenos/2888b430-9e5b-458a-b96f-21089cf4b049 HTTP/1.1" 401 -
  "GET /api/inventario/terrenos/88e6c4bd-a669-4695-aa4d-14e20153a3ba/historial HTTP/1.1" 401 -
  "GET /api/inventario/terrenos/032b8755-83c9-4176-be40-ae7114cbeb14/historial HTTP/1.1" 401 -
  "GET /api/inventario/terrenos/038e45ae-4ab6-42ee-8e3b-c53162cfe81f/historial HTTP/1.1" 401 -
  "GET /api/inventario/terrenos/0548aa13-1b97-4044-8d2a-990a7e976a90/historial HTTP/1.1" 401 -
  "GET /api/inventario/terrenos/05514b5d-dfde-4425-a797-f8e98e47f98b/historial HTTP/1.1" 401 -
  "GET /api/inventario/terrenos/07af91e5-fa83-46f7-8f25-9dc0fc9681a1/historial HTTP/1.1" 401 -
  "GET /api/inventario/terrenos/08ca2093-c8b4-47aa-935d-c1dff3bfd6f1/historial HTTP/1.1" 401 -
  "GET /api/inventario/terrenos/092d87e2-79ab-4ea1-9c44-249e50b6127d/historial HTTP/1.1" 401 -
  "GET /api/inventario/terrenos/09548573-c7a8-4604-abeb-247ea89f7d25/historial HTTP/1.1" 401 -
  "GET /api/inventario/terrenos/095b5262-4128-41f9-95a1-c50ce4024edc/historial HTTP/1.1" 401 -
  "GET /api/inventario/terrenos/0a0aaf27-8549-4d14-8519-05ba5a05c05c/historial HTTP/1.1" 401 -
  "GET /api/inventario/terrenos/0e2eca93-afa3-4de2-9f59-661dae17e8de/historial HTTP/1.1" 401 -
  "GET /api/inventario/terrenos/10ce6ab7-784c-48eb-9033-da94323ea14e/historial HTTP/1.1" 401 -
  "GET /api/inventario/terrenos/14d00b9a-a3e8-46b5-9c54-0c81d7ce2135/historial HTTP/1.1" 401 -
  "GET /api/inventario/terrenos/15c8444a-6c0e-4fbc-8b52-880290b1b0d8/historial HTTP/1.1" 401 -
  "GET /api/inventario/terrenos/175e4a60-7a97-426a-ada8-0f2e1fb7d7d2/historial HTTP/1.1" 401 -
  "GET /api/inventario/terrenos/1a23a0c0-8431-414c-8fca-74a3fd50e795/historial HTTP/1.1" 401 -
  "GET /api/inventario/terrenos/1a90d67f-ebc0-4e4a-9d9e-ed25adf4f9a3/historial HTTP/1.1" 401 -
  "GET /api/inventario/terrenos/1f5803cd-bc24-4701-a8ed-6f5c9967a04b/historial HTTP/1.1" 401 -
  "GET /api/inventario/terrenos/1ff961b3-9373-4663-9a07-0c7515ba6535/historial HTTP/1.1" 401 -
  "GET /api/inventario/terrenos/200827c6-7cef-4d05-91d5-80e04916642a/historial HTTP/1.1" 401 -
  "GET /api/inventario/terrenos/214b78b1-6384-4847-8054-030dfd057928/historial HTTP/1.1" 401 -
  "GET /api/inventario/terrenos/21d73952-5bd1-4f1e-9e99-12c6fc659e4f/historial HTTP/1.1" 401 -
  "GET /api/inventario/terrenos/2428191b-e814-4613-b0de-866ef4eae82e/historial HTTP/1.1" 401 -
  "GET /api/inventario/terrenos/282eb7ed-c9cb-4335-9dd7-68902a9eeedd/historial HTTP/1.1" 401 -
  "GET /api/inventario/terrenos/2888b430-9e5b-458a-b96f-21089cf4b049/historial HTTP/1.1" 401 -
  "GET /api/inventario/terrenos/88e6c4bd-a669-4695-aa4d-14e20153a3ba/vista-publica HTTP/1.1" 401 -
  "GET /api/inventario/terrenos/032b8755-83c9-4176-be40-ae7114cbeb14/vista-publica HTTP/1.1" 401 -
  "GET /api/inventario/terrenos/038e45ae-4ab6-42ee-8e3b-c53162cfe81f/vista-publica HTTP/1.1" 401 -
  "GET /api/inventario/terrenos/0548aa13-1b97-4044-8d2a-990a7e976a90/vista-publica HTTP/1.1" 401 -
  "GET /api/inventario/terrenos/05514b5d-dfde-4425-a797-f8e98e47f98b/vista-publica HTTP/1.1" 401 -
  "GET /api/inventario/terrenos/07af91e5-fa83-46f7-8f25-9dc0fc9681a1/vista-publica HTTP/1.1" 401 -
  "GET /api/inventario/terrenos/08ca2093-c8b4-47aa-935d-c1dff3bfd6f1/vista-publica HTTP/1.1" 401 -
  "GET /api/inventario/terrenos/092d87e2-79ab-4ea1-9c44-249e50b6127d/vista-publica HTTP/1.1" 401 -
  "GET /api/inventario/terrenos/09548573-c7a8-4604-abeb-247ea89f7d25/vista-publica HTTP/1.1" 401 -
  "GET /api/inventario/terrenos/095b5262-4128-41f9-95a1-c50ce4024edc/vista-publica HTTP/1.1" 401 -
  "GET /api/inventario/terrenos/0a0aaf27-8549-4d14-8519-05ba5a05c05c/vista-publica HTTP/1.1" 401 -
  "GET /api/inventario/terrenos/0e2eca93-afa3-4de2-9f59-661dae17e8de/vista-publica HTTP/1.1" 401 -
  "GET /api/inventario/terrenos/10ce6ab7-784c-48eb-9033-da94323ea14e/vista-publica HTTP/1.1" 401 -
  "GET /api/inventario/terrenos/14d00b9a-a3e8-46b5-9c54-0c81d7ce2135/vista-publica HTTP/1.1" 401 -
  "GET /api/inventario/terrenos/15c8444a-6c0e-4fbc-8b52-880290b1b0d8/vista-publica HTTP/1.1" 401 -
  "GET /api/inventario/terrenos/175e4a60-7a97-426a-ada8-0f2e1fb7d7d2/vista-publica HTTP/1.1" 401 -
  "GET /api/inventario/terrenos/1a23a0c0-8431-414c-8fca-74a3fd50e795/vista-publica HTTP/1.1" 401 -
  "GET /api/inventario/terrenos/1a90d67f-ebc0-4e4a-9d9e-ed25adf4f9a3/vista-publica HTTP/1.1" 401 -
  "GET /api/inventario/terrenos/1f5803cd-bc24-4701-a8ed-6f5c9967a04b/vista-publica HTTP/1.1" 401 -
  "GET /api/inventario/terrenos/1ff961b3-9373-4663-9a07-0c7515ba6535/vista-publica HTTP/1.1" 401 -
  "GET /api/inventario/terrenos/200827c6-7cef-4d05-91d5-80e04916642a/vista-publica HTTP/1.1" 401 -
  "GET /api/inventario/terrenos/214b78b1-6384-4847-8054-030dfd057928/vista-publica HTTP/1.1" 401 -
  "GET /api/inventario/terrenos/21d73952-5bd1-4f1e-9e99-12c6fc659e4f/vista-publica HTTP/1.1" 401 -
  "GET /api/inventario/terrenos/2428191b-e814-4613-b0de-866ef4eae82e/vista-publica HTTP/1.1" 401 -
  "GET /api/inventario/terrenos/282eb7ed-c9cb-4335-9dd7-68902a9eeedd/vista-publica HTTP/1.1" 401 -
  "GET /api/inventario/terrenos/2888b430-9e5b-458a-b96f-21089cf4b049/vista-publica HTTP/1.1" 401 -
  "GET /api/mapas HTTP/1.1" 401 -
  "GET /api/mapas/1 HTTP/1.1" 401 -
  "GET /api/mapas/2 HTTP/1.1" 401 -
  "GET /api/mapas/3 HTTP/1.1" 401 -
  "GET /api/mapas/4 HTTP/1.1" 401 -
  "GET /api/mapas/999999 HTTP/1.1" 401 -
  "GET /api/mapas/1/terrenos HTTP/1.1" 401 -
  "GET /api/mapas/2/terrenos HTTP/1.1" 401 -
  "GET /api/mapas/3/terrenos HTTP/1.1" 401 -
  "GET /api/mapas/4/terrenos HTTP/1.1" 401 -
  "GET /api/mapas/999999/terrenos HTTP/1.1" 401 -
  "GET /api/carpetas?tipo=bases HTTP/1.1" 401 -
  "GET /api/carpetas?tipo=mapas HTTP/1.1" 401 -
  "GET /api/bases/1/terrenos?ids=1 HTTP/1.1" 401 -
  "GET /api/mapas/2/terrenos?capa=1 HTTP/1.1" 401 -
  "GET /api/inventario/terrenos?limit=250&include_archived=true HTTP/1.1" 401 -
  "GET /api/exportar HTTP/1.1" 401 -
  "GET /api/nope HTTP/1.1" 401 -
  "GET /api/bases/1/secreto HTTP/1.1" 401 -
  "GET /api/inventario HTTP/1.1" 401 -
  "GET /api/inventario/terrenos/x/y/z HTTP/1.1" 401 -
  "GET /api/BASES HTTP/1.1" 401 -
  "GET /api//bases HTTP/1.1" 401 -
  "GET /api/bases/ HTTP/1.1" 401 -
  "GET /api/./bases HTTP/1.1" 401 -
  "GET /api/bases%2F1 HTTP/1.1" 401 -
  "GET /api/publico/terrenos/../../bases HTTP/1.1" 401 -
  "GET /api/publico/terrenos/..%2f..%2fbases HTTP/1.1" 404 -
  "GET /api/publico/../bases HTTP/1.1" 401 -
  "GET /api/config/../bases HTTP/1.1" 401 -
  "GET /api/session/../mapas/1/terrenos HTTP/1.1" 401 -
  "GET /api/bases?x=/api/config HTTP/1.1" 401 -
  "GET /api/publico/terrenosX HTTP/1.1" 401 -
  "GET /api/publico HTTP/1.1" 401 -
  "GET /api/exportar/ HTTP/1.1" 401 -
  "GET /api/inventario/terrenos/ HTTP/1.1" 401 -
  "GET /api/INVENTARIO/terrenos HTTP/1.1" 401 -
  "GET /api/inventario/terrenos;x=1 HTTP/1.1" 401 -
  "GET /api/inventario//terrenos HTTP/1.1" 401 -
  "GET /api/inventario/terrenos%2f HTTP/1.1" 401 -
  "GET /api/inventario/terrenos?cursor=../.. HTTP/1.1" 401 -
  "GET /api/inventario/terrenos/%2e%2e/%2e%2e/bases HTTP/1.1" 401 -
  "GET /api/inventario/terrenos?limit=250&campos=contacto HTTP/1.1" 401 -
  "GET //api/inventario/terrenos HTTP/1.1" 401 -
  "GET //api/bases/1/terrenos HTTP/1.1" 401 -
  code 501, message Unsupported method ('HEAD')
  "HEAD /api/bases HTTP/1.1" 501 -
  code 501, message Unsupported method ('OPTIONS')
  "OPTIONS /api/bases HTTP/1.1" 501 -
  "POST /api/bases HTTP/1.1" 401 -
  "POST /api/bases/1 HTTP/1.1" 401 -
  "POST /api/bases/2 HTTP/1.1" 401 -
  "POST /api/bases/3 HTTP/1.1" 401 -
  "POST /api/bases/4 HTTP/1.1" 401 -
  "POST /api/bases/999999 HTTP/1.1" 401 -
  "POST /api/bases/1/terrenos HTTP/1.1" 401 -
  "POST /api/bases/2/terrenos HTTP/1.1" 401 -
  "POST /api/bases/3/terrenos HTTP/1.1" 401 -
  "POST /api/bases/4/terrenos HTTP/1.1" 401 -
  "POST /api/bases/999999/terrenos HTTP/1.1" 401 -
  "POST /api/carpetas HTTP/1.1" 401 -
  "POST /api/formatos HTTP/1.1" 401 -
  "POST /api/inventario/terrenos HTTP/1.1" 401 -
  "POST /api/inventario/terrenos/88e6c4bd-a669-4695-aa4d-14e20153a3ba HTTP/1.1" 401 -
  "POST /api/inventario/terrenos/032b8755-83c9-4176-be40-ae7114cbeb14 HTTP/1.1" 401 -
  "POST /api/inventario/terrenos/038e45ae-4ab6-42ee-8e3b-c53162cfe81f HTTP/1.1" 401 -
  "POST /api/inventario/terrenos/0548aa13-1b97-4044-8d2a-990a7e976a90 HTTP/1.1" 401 -
  "POST /api/inventario/terrenos/05514b5d-dfde-4425-a797-f8e98e47f98b HTTP/1.1" 401 -
  "POST /api/inventario/terrenos/07af91e5-fa83-46f7-8f25-9dc0fc9681a1 HTTP/1.1" 401 -
  "POST /api/inventario/terrenos/08ca2093-c8b4-47aa-935d-c1dff3bfd6f1 HTTP/1.1" 401 -
  "POST /api/inventario/terrenos/092d87e2-79ab-4ea1-9c44-249e50b6127d HTTP/1.1" 401 -
  "POST /api/inventario/terrenos/09548573-c7a8-4604-abeb-247ea89f7d25 HTTP/1.1" 401 -
  "POST /api/inventario/terrenos/095b5262-4128-41f9-95a1-c50ce4024edc HTTP/1.1" 401 -
  "POST /api/inventario/terrenos/0a0aaf27-8549-4d14-8519-05ba5a05c05c HTTP/1.1" 401 -
  "POST /api/inventario/terrenos/0e2eca93-afa3-4de2-9f59-661dae17e8de HTTP/1.1" 401 -
  "POST /api/inventario/terrenos/10ce6ab7-784c-48eb-9033-da94323ea14e HTTP/1.1" 401 -
  "POST /api/inventario/terrenos/14d00b9a-a3e8-46b5-9c54-0c81d7ce2135 HTTP/1.1" 401 -
  "POST /api/inventario/terrenos/15c8444a-6c0e-4fbc-8b52-880290b1b0d8 HTTP/1.1" 401 -
  "POST /api/inventario/terrenos/175e4a60-7a97-426a-ada8-0f2e1fb7d7d2 HTTP/1.1" 401 -
  "POST /api/inventario/terrenos/1a23a0c0-8431-414c-8fca-74a3fd50e795 HTTP/1.1" 401 -
  "POST /api/inventario/terrenos/1a90d67f-ebc0-4e4a-9d9e-ed25adf4f9a3 HTTP/1.1" 401 -
  "POST /api/inventario/terrenos/1f5803cd-bc24-4701-a8ed-6f5c9967a04b HTTP/1.1" 401 -
  "POST /api/inventario/terrenos/1ff961b3-9373-4663-9a07-0c7515ba6535 HTTP/1.1" 401 -
  "POST /api/inventario/terrenos/200827c6-7cef-4d05-91d5-80e04916642a HTTP/1.1" 401 -
  "POST /api/inventario/terrenos/214b78b1-6384-4847-8054-030dfd057928 HTTP/1.1" 401 -
  "POST /api/inventario/terrenos/21d73952-5bd1-4f1e-9e99-12c6fc659e4f HTTP/1.1" 401 -
  "POST /api/inventario/terrenos/2428191b-e814-4613-b0de-866ef4eae82e HTTP/1.1" 401 -
  "POST /api/inventario/terrenos/282eb7ed-c9cb-4335-9dd7-68902a9eeedd HTTP/1.1" 401 -
  "POST /api/inventario/terrenos/2888b430-9e5b-458a-b96f-21089cf4b049 HTTP/1.1" 401 -
  "POST /api/inventario/terrenos/88e6c4bd-a669-4695-aa4d-14e20153a3ba/historial HTTP/1.1" 401 -
  "POST /api/inventario/terrenos/032b8755-83c9-4176-be40-ae7114cbeb14/historial HTTP/1.1" 401 -
  "POST /api/inventario/terrenos/038e45ae-4ab6-42ee-8e3b-c53162cfe81f/historial HTTP/1.1" 401 -
  "POST /api/inventario/terrenos/0548aa13-1b97-4044-8d2a-990a7e976a90/historial HTTP/1.1" 401 -
  "POST /api/inventario/terrenos/05514b5d-dfde-4425-a797-f8e98e47f98b/historial HTTP/1.1" 401 -
  "POST /api/inventario/terrenos/07af91e5-fa83-46f7-8f25-9dc0fc9681a1/historial HTTP/1.1" 401 -
  "POST /api/inventario/terrenos/08ca2093-c8b4-47aa-935d-c1dff3bfd6f1/historial HTTP/1.1" 401 -
  "POST /api/inventario/terrenos/092d87e2-79ab-4ea1-9c44-249e50b6127d/historial HTTP/1.1" 401 -
  "POST /api/inventario/terrenos/09548573-c7a8-4604-abeb-247ea89f7d25/historial HTTP/1.1" 401 -
  "POST /api/inventario/terrenos/095b5262-4128-41f9-95a1-c50ce4024edc/historial HTTP/1.1" 401 -
  "POST /api/inventario/terrenos/0a0aaf27-8549-4d14-8519-05ba5a05c05c/historial HTTP/1.1" 401 -
  "POST /api/inventario/terrenos/0e2eca93-afa3-4de2-9f59-661dae17e8de/historial HTTP/1.1" 401 -
  "POST /api/inventario/terrenos/10ce6ab7-784c-48eb-9033-da94323ea14e/historial HTTP/1.1" 401 -
  "POST /api/inventario/terrenos/14d00b9a-a3e8-46b5-9c54-0c81d7ce2135/historial HTTP/1.1" 401 -
  "POST /api/inventario/terrenos/15c8444a-6c0e-4fbc-8b52-880290b1b0d8/historial HTTP/1.1" 401 -
  "POST /api/inventario/terrenos/175e4a60-7a97-426a-ada8-0f2e1fb7d7d2/historial HTTP/1.1" 401 -
  "POST /api/inventario/terrenos/1a23a0c0-8431-414c-8fca-74a3fd50e795/historial HTTP/1.1" 401 -
  "POST /api/inventario/terrenos/1a90d67f-ebc0-4e4a-9d9e-ed25adf4f9a3/historial HTTP/1.1" 401 -
  "POST /api/inventario/terrenos/1f5803cd-bc24-4701-a8ed-6f5c9967a04b/historial HTTP/1.1" 401 -
  "POST /api/inventario/terrenos/1ff961b3-9373-4663-9a07-0c7515ba6535/historial HTTP/1.1" 401 -
  "POST /api/inventario/terrenos/200827c6-7cef-4d05-91d5-80e04916642a/historial HTTP/1.1" 401 -
  "POST /api/inventario/terrenos/214b78b1-6384-4847-8054-030dfd057928/historial HTTP/1.1" 401 -
  "POST /api/inventario/terrenos/21d73952-5bd1-4f1e-9e99-12c6fc659e4f/historial HTTP/1.1" 401 -
  "POST /api/inventario/terrenos/2428191b-e814-4613-b0de-866ef4eae82e/historial HTTP/1.1" 401 -
  "POST /api/inventario/terrenos/282eb7ed-c9cb-4335-9dd7-68902a9eeedd/historial HTTP/1.1" 401 -
  "POST /api/inventario/terrenos/2888b430-9e5b-458a-b96f-21089cf4b049/historial HTTP/1.1" 401 -
  "POST /api/inventario/terrenos/88e6c4bd-a669-4695-aa4d-14e20153a3ba/vista-publica HTTP/1.1" 401 -
  "POST /api/inventario/terrenos/032b8755-83c9-4176-be40-ae7114cbeb14/vista-publica HTTP/1.1" 401 -
  "POST /api/inventario/terrenos/038e45ae-4ab6-42ee-8e3b-c53162cfe81f/vista-publica HTTP/1.1" 401 -
  "POST /api/inventario/terrenos/0548aa13-1b97-4044-8d2a-990a7e976a90/vista-publica HTTP/1.1" 401 -
  "POST /api/inventario/terrenos/05514b5d-dfde-4425-a797-f8e98e47f98b/vista-publica HTTP/1.1" 401 -
  "POST /api/inventario/terrenos/07af91e5-fa83-46f7-8f25-9dc0fc9681a1/vista-publica HTTP/1.1" 401 -
  "POST /api/inventario/terrenos/08ca2093-c8b4-47aa-935d-c1dff3bfd6f1/vista-publica HTTP/1.1" 401 -
  "POST /api/inventario/terrenos/092d87e2-79ab-4ea1-9c44-249e50b6127d/vista-publica HTTP/1.1" 401 -
  "POST /api/inventario/terrenos/09548573-c7a8-4604-abeb-247ea89f7d25/vista-publica HTTP/1.1" 401 -
  "POST /api/inventario/terrenos/095b5262-4128-41f9-95a1-c50ce4024edc/vista-publica HTTP/1.1" 401 -
  "POST /api/inventario/terrenos/0a0aaf27-8549-4d14-8519-05ba5a05c05c/vista-publica HTTP/1.1" 401 -
  "POST /api/inventario/terrenos/0e2eca93-afa3-4de2-9f59-661dae17e8de/vista-publica HTTP/1.1" 401 -
  "POST /api/inventario/terrenos/10ce6ab7-784c-48eb-9033-da94323ea14e/vista-publica HTTP/1.1" 401 -
  "POST /api/inventario/terrenos/14d00b9a-a3e8-46b5-9c54-0c81d7ce2135/vista-publica HTTP/1.1" 401 -
  "POST /api/inventario/terrenos/15c8444a-6c0e-4fbc-8b52-880290b1b0d8/vista-publica HTTP/1.1" 401 -
  "POST /api/inventario/terrenos/175e4a60-7a97-426a-ada8-0f2e1fb7d7d2/vista-publica HTTP/1.1" 401 -
  "POST /api/inventario/terrenos/1a23a0c0-8431-414c-8fca-74a3fd50e795/vista-publica HTTP/1.1" 401 -
  "POST /api/inventario/terrenos/1a90d67f-ebc0-4e4a-9d9e-ed25adf4f9a3/vista-publica HTTP/1.1" 401 -
  "POST /api/inventario/terrenos/1f5803cd-bc24-4701-a8ed-6f5c9967a04b/vista-publica HTTP/1.1" 401 -
  "POST /api/inventario/terrenos/1ff961b3-9373-4663-9a07-0c7515ba6535/vista-publica HTTP/1.1" 401 -
  "POST /api/inventario/terrenos/200827c6-7cef-4d05-91d5-80e04916642a/vista-publica HTTP/1.1" 401 -
  "POST /api/inventario/terrenos/214b78b1-6384-4847-8054-030dfd057928/vista-publica HTTP/1.1" 401 -
  "POST /api/inventario/terrenos/21d73952-5bd1-4f1e-9e99-12c6fc659e4f/vista-publica HTTP/1.1" 401 -
  "POST /api/inventario/terrenos/2428191b-e814-4613-b0de-866ef4eae82e/vista-publica HTTP/1.1" 401 -
  "POST /api/inventario/terrenos/282eb7ed-c9cb-4335-9dd7-68902a9eeedd/vista-publica HTTP/1.1" 401 -
  "POST /api/inventario/terrenos/2888b430-9e5b-458a-b96f-21089cf4b049/vista-publica HTTP/1.1" 401 -
  "POST /api/mapas HTTP/1.1" 401 -
  "POST /api/mapas/1 HTTP/1.1" 401 -
  "POST /api/mapas/2 HTTP/1.1" 401 -
  "POST /api/mapas/3 HTTP/1.1" 401 -
  "POST /api/mapas/4 HTTP/1.1" 401 -
  "POST /api/mapas/999999 HTTP/1.1" 401 -
  "POST /api/mapas/1/terrenos HTTP/1.1" 401 -
  "POST /api/mapas/2/terrenos HTTP/1.1" 401 -
  "POST /api/mapas/3/terrenos HTTP/1.1" 401 -
  "POST /api/mapas/4/terrenos HTTP/1.1" 401 -
  "POST /api/mapas/999999/terrenos HTTP/1.1" 401 -
  "POST /api/bases/1/adjuntar HTTP/1.1" 401 -
  "POST /api/bases/2/adjuntar HTTP/1.1" 401 -
  "POST /api/bases/3/adjuntar HTTP/1.1" 401 -
  "POST /api/bases/4/adjuntar HTTP/1.1" 401 -
  "POST /api/bases/999999/adjuntar HTTP/1.1" 401 -
  "POST /api/bases/1/terrenos HTTP/1.1" 401 -
  "POST /api/bases/2/terrenos HTTP/1.1" 401 -
  "POST /api/bases/3/terrenos HTTP/1.1" 401 -
  "POST /api/bases/4/terrenos HTTP/1.1" 401 -
  "POST /api/bases/999999/terrenos HTTP/1.1" 401 -
  "POST /api/carpetas HTTP/1.1" 401 -
  "POST /api/exportar HTTP/1.1" 401 -
  "POST /api/importar/analizar HTTP/1.1" 401 -
  "POST /api/importar/confirmar HTTP/1.1" 401 -
  "POST /api/importar/preparar HTTP/1.1" 401 -
  "POST /api/importar/vista-previa HTTP/1.1" 401 -
  "POST /api/inventario/terrenos HTTP/1.1" 401 -
  "POST /api/mapas HTTP/1.1" 401 -
  "POST /api/mapas/1/actualizar HTTP/1.1" 401 -
  "POST /api/mapas/2/actualizar HTTP/1.1" 401 -
  "POST /api/mapas/3/actualizar HTTP/1.1" 401 -
  "POST /api/mapas/4/actualizar HTTP/1.1" 401 -
  "POST /api/mapas/999999/actualizar HTTP/1.1" 401 -
  "POST /api/mapas/combinar HTTP/1.1" 401 -
  "POST /api/mapas/combinar/vista-previa HTTP/1.1" 401 -
  "POST /api/exportar HTTP/1.1" 401 -
  "POST /api/exportar HTTP/1.1" 401 -
  "POST /api/exportar HTTP/1.1" 401 -
  "POST /api/exportar HTTP/1.1" 401 -
  "POST /api/exportar HTTP/1.1" 401 -
  "POST /api/exportar HTTP/1.1" 401 -
  "POST /api/exportar HTTP/1.1" 401 -
  "POST /api/exportar HTTP/1.1" 401 -
  "POST /api/exportar HTTP/1.1" 401 -
  "PATCH /api/bases HTTP/1.1" 401 -
  "PATCH /api/bases/1 HTTP/1.1" 401 -
  "PATCH /api/bases/2 HTTP/1.1" 401 -
  "PATCH /api/bases/3 HTTP/1.1" 401 -
  "PATCH /api/bases/4 HTTP/1.1" 401 -
  "PATCH /api/bases/999999 HTTP/1.1" 401 -
  "PATCH /api/bases/1/terrenos HTTP/1.1" 401 -
  "PATCH /api/bases/2/terrenos HTTP/1.1" 401 -
  "PATCH /api/bases/3/terrenos HTTP/1.1" 401 -
  "PATCH /api/bases/4/terrenos HTTP/1.1" 401 -
  "PATCH /api/bases/999999/terrenos HTTP/1.1" 401 -
  "PATCH /api/carpetas HTTP/1.1" 401 -
  "PATCH /api/formatos HTTP/1.1" 401 -
  "PATCH /api/inventario/terrenos HTTP/1.1" 401 -
  "PATCH /api/inventario/terrenos/88e6c4bd-a669-4695-aa4d-14e20153a3ba HTTP/1.1" 401 -
  "PATCH /api/inventario/terrenos/032b8755-83c9-4176-be40-ae7114cbeb14 HTTP/1.1" 401 -
  "PATCH /api/inventario/terrenos/038e45ae-4ab6-42ee-8e3b-c53162cfe81f HTTP/1.1" 401 -
  "PATCH /api/inventario/terrenos/0548aa13-1b97-4044-8d2a-990a7e976a90 HTTP/1.1" 401 -
  "PATCH /api/inventario/terrenos/05514b5d-dfde-4425-a797-f8e98e47f98b HTTP/1.1" 401 -
  "PATCH /api/inventario/terrenos/07af91e5-fa83-46f7-8f25-9dc0fc9681a1 HTTP/1.1" 401 -
  "PATCH /api/inventario/terrenos/08ca2093-c8b4-47aa-935d-c1dff3bfd6f1 HTTP/1.1" 401 -
  "PATCH /api/inventario/terrenos/092d87e2-79ab-4ea1-9c44-249e50b6127d HTTP/1.1" 401 -
  "PATCH /api/inventario/terrenos/09548573-c7a8-4604-abeb-247ea89f7d25 HTTP/1.1" 401 -
  "PATCH /api/inventario/terrenos/095b5262-4128-41f9-95a1-c50ce4024edc HTTP/1.1" 401 -
  "PATCH /api/inventario/terrenos/0a0aaf27-8549-4d14-8519-05ba5a05c05c HTTP/1.1" 401 -
  "PATCH /api/inventario/terrenos/0e2eca93-afa3-4de2-9f59-661dae17e8de HTTP/1.1" 401 -
  "PATCH /api/inventario/terrenos/10ce6ab7-784c-48eb-9033-da94323ea14e HTTP/1.1" 401 -
  "PATCH /api/inventario/terrenos/14d00b9a-a3e8-46b5-9c54-0c81d7ce2135 HTTP/1.1" 401 -
  "PATCH /api/inventario/terrenos/15c8444a-6c0e-4fbc-8b52-880290b1b0d8 HTTP/1.1" 401 -
  "PATCH /api/inventario/terrenos/175e4a60-7a97-426a-ada8-0f2e1fb7d7d2 HTTP/1.1" 401 -
  "PATCH /api/inventario/terrenos/1a23a0c0-8431-414c-8fca-74a3fd50e795 HTTP/1.1" 401 -
  "PATCH /api/inventario/terrenos/1a90d67f-ebc0-4e4a-9d9e-ed25adf4f9a3 HTTP/1.1" 401 -
  "PATCH /api/inventario/terrenos/1f5803cd-bc24-4701-a8ed-6f5c9967a04b HTTP/1.1" 401 -
  "PATCH /api/inventario/terrenos/1ff961b3-9373-4663-9a07-0c7515ba6535 HTTP/1.1" 401 -
  "PATCH /api/inventario/terrenos/200827c6-7cef-4d05-91d5-80e04916642a HTTP/1.1" 401 -
  "PATCH /api/inventario/terrenos/214b78b1-6384-4847-8054-030dfd057928 HTTP/1.1" 401 -
  "PATCH /api/inventario/terrenos/21d73952-5bd1-4f1e-9e99-12c6fc659e4f HTTP/1.1" 401 -
  "PATCH /api/inventario/terrenos/2428191b-e814-4613-b0de-866ef4eae82e HTTP/1.1" 401 -
  "PATCH /api/inventario/terrenos/282eb7ed-c9cb-4335-9dd7-68902a9eeedd HTTP/1.1" 401 -
  "PATCH /api/inventario/terrenos/2888b430-9e5b-458a-b96f-21089cf4b049 HTTP/1.1" 401 -
  "PATCH /api/inventario/terrenos/88e6c4bd-a669-4695-aa4d-14e20153a3ba/historial HTTP/1.1" 401 -
  "PATCH /api/inventario/terrenos/032b8755-83c9-4176-be40-ae7114cbeb14/historial HTTP/1.1" 401 -
  "PATCH /api/inventario/terrenos/038e45ae-4ab6-42ee-8e3b-c53162cfe81f/historial HTTP/1.1" 401 -
  "PATCH /api/inventario/terrenos/0548aa13-1b97-4044-8d2a-990a7e976a90/historial HTTP/1.1" 401 -
  "PATCH /api/inventario/terrenos/05514b5d-dfde-4425-a797-f8e98e47f98b/historial HTTP/1.1" 401 -
  "PATCH /api/inventario/terrenos/07af91e5-fa83-46f7-8f25-9dc0fc9681a1/historial HTTP/1.1" 401 -
  "PATCH /api/inventario/terrenos/08ca2093-c8b4-47aa-935d-c1dff3bfd6f1/historial HTTP/1.1" 401 -
  "PATCH /api/inventario/terrenos/092d87e2-79ab-4ea1-9c44-249e50b6127d/historial HTTP/1.1" 401 -
  "PATCH /api/inventario/terrenos/09548573-c7a8-4604-abeb-247ea89f7d25/historial HTTP/1.1" 401 -
  "PATCH /api/inventario/terrenos/095b5262-4128-41f9-95a1-c50ce4024edc/historial HTTP/1.1" 401 -
  "PATCH /api/inventario/terrenos/0a0aaf27-8549-4d14-8519-05ba5a05c05c/historial HTTP/1.1" 401 -
  "PATCH /api/inventario/terrenos/0e2eca93-afa3-4de2-9f59-661dae17e8de/historial HTTP/1.1" 401 -
  "PATCH /api/inventario/terrenos/10ce6ab7-784c-48eb-9033-da94323ea14e/historial HTTP/1.1" 401 -
  "PATCH /api/inventario/terrenos/14d00b9a-a3e8-46b5-9c54-0c81d7ce2135/historial HTTP/1.1" 401 -
  "PATCH /api/inventario/terrenos/15c8444a-6c0e-4fbc-8b52-880290b1b0d8/historial HTTP/1.1" 401 -
  "PATCH /api/inventario/terrenos/175e4a60-7a97-426a-ada8-0f2e1fb7d7d2/historial HTTP/1.1" 401 -
  "PATCH /api/inventario/terrenos/1a23a0c0-8431-414c-8fca-74a3fd50e795/historial HTTP/1.1" 401 -
  "PATCH /api/inventario/terrenos/1a90d67f-ebc0-4e4a-9d9e-ed25adf4f9a3/historial HTTP/1.1" 401 -
  "PATCH /api/inventario/terrenos/1f5803cd-bc24-4701-a8ed-6f5c9967a04b/historial HTTP/1.1" 401 -
  "PATCH /api/inventario/terrenos/1ff961b3-9373-4663-9a07-0c7515ba6535/historial HTTP/1.1" 401 -
  "PATCH /api/inventario/terrenos/200827c6-7cef-4d05-91d5-80e04916642a/historial HTTP/1.1" 401 -
  "PATCH /api/inventario/terrenos/214b78b1-6384-4847-8054-030dfd057928/historial HTTP/1.1" 401 -
  "PATCH /api/inventario/terrenos/21d73952-5bd1-4f1e-9e99-12c6fc659e4f/historial HTTP/1.1" 401 -
  "PATCH /api/inventario/terrenos/2428191b-e814-4613-b0de-866ef4eae82e/historial HTTP/1.1" 401 -
  "PATCH /api/inventario/terrenos/282eb7ed-c9cb-4335-9dd7-68902a9eeedd/historial HTTP/1.1" 401 -
  "PATCH /api/inventario/terrenos/2888b430-9e5b-458a-b96f-21089cf4b049/historial HTTP/1.1" 401 -
  "PATCH /api/inventario/terrenos/88e6c4bd-a669-4695-aa4d-14e20153a3ba/vista-publica HTTP/1.1" 401 -
  "PATCH /api/inventario/terrenos/032b8755-83c9-4176-be40-ae7114cbeb14/vista-publica HTTP/1.1" 401 -
  "PATCH /api/inventario/terrenos/038e45ae-4ab6-42ee-8e3b-c53162cfe81f/vista-publica HTTP/1.1" 401 -
  "PATCH /api/inventario/terrenos/0548aa13-1b97-4044-8d2a-990a7e976a90/vista-publica HTTP/1.1" 401 -
  "PATCH /api/inventario/terrenos/05514b5d-dfde-4425-a797-f8e98e47f98b/vista-publica HTTP/1.1" 401 -
  "PATCH /api/inventario/terrenos/07af91e5-fa83-46f7-8f25-9dc0fc9681a1/vista-publica HTTP/1.1" 401 -
  "PATCH /api/inventario/terrenos/08ca2093-c8b4-47aa-935d-c1dff3bfd6f1/vista-publica HTTP/1.1" 401 -
  "PATCH /api/inventario/terrenos/092d87e2-79ab-4ea1-9c44-249e50b6127d/vista-publica HTTP/1.1" 401 -
  "PATCH /api/inventario/terrenos/09548573-c7a8-4604-abeb-247ea89f7d25/vista-publica HTTP/1.1" 401 -
  "PATCH /api/inventario/terrenos/095b5262-4128-41f9-95a1-c50ce4024edc/vista-publica HTTP/1.1" 401 -
  "PATCH /api/inventario/terrenos/0a0aaf27-8549-4d14-8519-05ba5a05c05c/vista-publica HTTP/1.1" 401 -
  "PATCH /api/inventario/terrenos/0e2eca93-afa3-4de2-9f59-661dae17e8de/vista-publica HTTP/1.1" 401 -
  "PATCH /api/inventario/terrenos/10ce6ab7-784c-48eb-9033-da94323ea14e/vista-publica HTTP/1.1" 401 -
  "PATCH /api/inventario/terrenos/14d00b9a-a3e8-46b5-9c54-0c81d7ce2135/vista-publica HTTP/1.1" 401 -
  "PATCH /api/inventario/terrenos/15c8444a-6c0e-4fbc-8b52-880290b1b0d8/vista-publica HTTP/1.1" 401 -
  "PATCH /api/inventario/terrenos/175e4a60-7a97-426a-ada8-0f2e1fb7d7d2/vista-publica HTTP/1.1" 401 -
  "PATCH /api/inventario/terrenos/1a23a0c0-8431-414c-8fca-74a3fd50e795/vista-publica HTTP/1.1" 401 -
  "PATCH /api/inventario/terrenos/1a90d67f-ebc0-4e4a-9d9e-ed25adf4f9a3/vista-publica HTTP/1.1" 401 -
  "PATCH /api/inventario/terrenos/1f5803cd-bc24-4701-a8ed-6f5c9967a04b/vista-publica HTTP/1.1" 401 -
  "PATCH /api/inventario/terrenos/1ff961b3-9373-4663-9a07-0c7515ba6535/vista-publica HTTP/1.1" 401 -
  "PATCH /api/inventario/terrenos/200827c6-7cef-4d05-91d5-80e04916642a/vista-publica HTTP/1.1" 401 -
  "PATCH /api/inventario/terrenos/214b78b1-6384-4847-8054-030dfd057928/vista-publica HTTP/1.1" 401 -
  "PATCH /api/inventario/terrenos/21d73952-5bd1-4f1e-9e99-12c6fc659e4f/vista-publica HTTP/1.1" 401 -
  "PATCH /api/inventario/terrenos/2428191b-e814-4613-b0de-866ef4eae82e/vista-publica HTTP/1.1" 401 -
  "PATCH /api/inventario/terrenos/282eb7ed-c9cb-4335-9dd7-68902a9eeedd/vista-publica HTTP/1.1" 401 -
  "PATCH /api/inventario/terrenos/2888b430-9e5b-458a-b96f-21089cf4b049/vista-publica HTTP/1.1" 401 -
  "PATCH /api/mapas HTTP/1.1" 401 -
  "PATCH /api/mapas/1 HTTP/1.1" 401 -
  "PATCH /api/mapas/2 HTTP/1.1" 401 -
  "PATCH /api/mapas/3 HTTP/1.1" 401 -
  "PATCH /api/mapas/4 HTTP/1.1" 401 -
  "PATCH /api/mapas/999999 HTTP/1.1" 401 -
  "PATCH /api/mapas/1/terrenos HTTP/1.1" 401 -
  "PATCH /api/mapas/2/terrenos HTTP/1.1" 401 -
  "PATCH /api/mapas/3/terrenos HTTP/1.1" 401 -
  "PATCH /api/mapas/4/terrenos HTTP/1.1" 401 -
  "PATCH /api/mapas/999999/terrenos HTTP/1.1" 401 -
  "PATCH /api/bases/1 HTTP/1.1" 401 -
  "PATCH /api/bases/2 HTTP/1.1" 401 -
  "PATCH /api/bases/3 HTTP/1.1" 401 -
  "PATCH /api/bases/4 HTTP/1.1" 401 -
  "PATCH /api/bases/999999 HTTP/1.1" 401 -
  "PATCH /api/bases/1/carpeta HTTP/1.1" 401 -
  "PATCH /api/bases/2/carpeta HTTP/1.1" 401 -
  "PATCH /api/bases/3/carpeta HTTP/1.1" 401 -
  "PATCH /api/bases/4/carpeta HTTP/1.1" 401 -
  "PATCH /api/bases/999999/carpeta HTTP/1.1" 401 -
  "PATCH /api/carpetas/1 HTTP/1.1" 401 -
  "PATCH /api/carpetas/2 HTTP/1.1" 401 -
  "PATCH /api/carpetas/3 HTTP/1.1" 401 -
  "PATCH /api/carpetas/4 HTTP/1.1" 401 -
  "PATCH /api/carpetas/999999 HTTP/1.1" 401 -
  "PATCH /api/formatos/1 HTTP/1.1" 401 -
  "PATCH /api/formatos/2 HTTP/1.1" 401 -
  "PATCH /api/formatos/3 HTTP/1.1" 401 -
  "PATCH /api/formatos/4 HTTP/1.1" 401 -
  "PATCH /api/formatos/999999 HTTP/1.1" 401 -
  "PATCH /api/inventario/terrenos/88e6c4bd-a669-4695-aa4d-14e20153a3ba HTTP/1.1" 401 -
  "PATCH /api/inventario/terrenos/032b8755-83c9-4176-be40-ae7114cbeb14 HTTP/1.1" 401 -
  "PATCH /api/inventario/terrenos/038e45ae-4ab6-42ee-8e3b-c53162cfe81f HTTP/1.1" 401 -
  "PATCH /api/inventario/terrenos/0548aa13-1b97-4044-8d2a-990a7e976a90 HTTP/1.1" 401 -
  "PATCH /api/inventario/terrenos/05514b5d-dfde-4425-a797-f8e98e47f98b HTTP/1.1" 401 -
  "PATCH /api/inventario/terrenos/07af91e5-fa83-46f7-8f25-9dc0fc9681a1 HTTP/1.1" 401 -
  "PATCH /api/inventario/terrenos/08ca2093-c8b4-47aa-935d-c1dff3bfd6f1 HTTP/1.1" 401 -
  "PATCH /api/inventario/terrenos/092d87e2-79ab-4ea1-9c44-249e50b6127d HTTP/1.1" 401 -
  "PATCH /api/inventario/terrenos/09548573-c7a8-4604-abeb-247ea89f7d25 HTTP/1.1" 401 -
  "PATCH /api/inventario/terrenos/095b5262-4128-41f9-95a1-c50ce4024edc HTTP/1.1" 401 -
  "PATCH /api/inventario/terrenos/0a0aaf27-8549-4d14-8519-05ba5a05c05c HTTP/1.1" 401 -
  "PATCH /api/inventario/terrenos/0e2eca93-afa3-4de2-9f59-661dae17e8de HTTP/1.1" 401 -
  "PATCH /api/inventario/terrenos/10ce6ab7-784c-48eb-9033-da94323ea14e HTTP/1.1" 401 -
  "PATCH /api/inventario/terrenos/14d00b9a-a3e8-46b5-9c54-0c81d7ce2135 HTTP/1.1" 401 -
  "PATCH /api/inventario/terrenos/15c8444a-6c0e-4fbc-8b52-880290b1b0d8 HTTP/1.1" 401 -
  "PATCH /api/inventario/terrenos/175e4a60-7a97-426a-ada8-0f2e1fb7d7d2 HTTP/1.1" 401 -
  "PATCH /api/inventario/terrenos/1a23a0c0-8431-414c-8fca-74a3fd50e795 HTTP/1.1" 401 -
  "PATCH /api/inventario/terrenos/1a90d67f-ebc0-4e4a-9d9e-ed25adf4f9a3 HTTP/1.1" 401 -
  "PATCH /api/inventario/terrenos/1f5803cd-bc24-4701-a8ed-6f5c9967a04b HTTP/1.1" 401 -
  "PATCH /api/inventario/terrenos/1ff961b3-9373-4663-9a07-0c7515ba6535 HTTP/1.1" 401 -
  "PATCH /api/inventario/terrenos/200827c6-7cef-4d05-91d5-80e04916642a HTTP/1.1" 401 -
  "PATCH /api/inventario/terrenos/214b78b1-6384-4847-8054-030dfd057928 HTTP/1.1" 401 -
  "PATCH /api/inventario/terrenos/21d73952-5bd1-4f1e-9e99-12c6fc659e4f HTTP/1.1" 401 -
  "PATCH /api/inventario/terrenos/2428191b-e814-4613-b0de-866ef4eae82e HTTP/1.1" 401 -
  "PATCH /api/inventario/terrenos/282eb7ed-c9cb-4335-9dd7-68902a9eeedd HTTP/1.1" 401 -
  "PATCH /api/inventario/terrenos/2888b430-9e5b-458a-b96f-21089cf4b049 HTTP/1.1" 401 -
  "PATCH /api/mapas/1 HTTP/1.1" 401 -
  "PATCH /api/mapas/2 HTTP/1.1" 401 -
  "PATCH /api/mapas/3 HTTP/1.1" 401 -
  "PATCH /api/mapas/4 HTTP/1.1" 401 -
  "PATCH /api/mapas/999999 HTTP/1.1" 401 -
  "PATCH /api/mapas/1/carpeta HTTP/1.1" 401 -
  "PATCH /api/mapas/2/carpeta HTTP/1.1" 401 -
  "PATCH /api/mapas/3/carpeta HTTP/1.1" 401 -
  "PATCH /api/mapas/4/carpeta HTTP/1.1" 401 -
  "PATCH /api/mapas/999999/carpeta HTTP/1.1" 401 -
  code 501, message Unsupported method ('PUT')
  "PUT /api/bases HTTP/1.1" 501 -
  "DELETE /api/bases/1 HTTP/1.1" 401 -
  "DELETE /api/bases/2 HTTP/1.1" 401 -
  "DELETE /api/bases/3 HTTP/1.1" 401 -
  "DELETE /api/bases/4 HTTP/1.1" 401 -
  "DELETE /api/bases/999999 HTTP/1.1" 401 -
  "DELETE /api/carpetas/1 HTTP/1.1" 401 -
  "DELETE /api/carpetas/2 HTTP/1.1" 401 -
  "DELETE /api/carpetas/3 HTTP/1.1" 401 -
  "DELETE /api/carpetas/4 HTTP/1.1" 401 -
  "DELETE /api/carpetas/999999 HTTP/1.1" 401 -
  "DELETE /api/formatos/1 HTTP/1.1" 401 -
  "DELETE /api/formatos/2 HTTP/1.1" 401 -
  "DELETE /api/formatos/3 HTTP/1.1" 401 -
  "DELETE /api/formatos/4 HTTP/1.1" 401 -
  "DELETE /api/formatos/999999 HTTP/1.1" 401 -
  "DELETE /api/mapas/1 HTTP/1.1" 401 -
  "DELETE /api/mapas/2 HTTP/1.1" 401 -
  "DELETE /api/mapas/3 HTTP/1.1" 401 -
  "DELETE /api/mapas/4 HTTP/1.1" 401 -
  "DELETE /api/mapas/999999 HTTP/1.1" 401 -
  "DELETE /api/bases HTTP/1.1" 401 -
  "DELETE /api/bases/1 HTTP/1.1" 401 -
  "DELETE /api/bases/2 HTTP/1.1" 401 -
  "DELETE /api/bases/3 HTTP/1.1" 401 -
  "DELETE /api/bases/4 HTTP/1.1" 401 -
  "DELETE /api/bases/999999 HTTP/1.1" 401 -
  "DELETE /api/bases/1/terrenos HTTP/1.1" 401 -
  "DELETE /api/bases/2/terrenos HTTP/1.1" 401 -
  "DELETE /api/bases/3/terrenos HTTP/1.1" 401 -
  "DELETE /api/bases/4/terrenos HTTP/1.1" 401 -
  "DELETE /api/bases/999999/terrenos HTTP/1.1" 401 -
  "DELETE /api/carpetas HTTP/1.1" 401 -
  "DELETE /api/formatos HTTP/1.1" 401 -
  "DELETE /api/inventario/terrenos HTTP/1.1" 401 -
  "DELETE /api/inventario/terrenos/88e6c4bd-a669-4695-aa4d-14e20153a3ba HTTP/1.1" 401 -
  "DELETE /api/inventario/terrenos/032b8755-83c9-4176-be40-ae7114cbeb14 HTTP/1.1" 401 -
  "DELETE /api/inventario/terrenos/038e45ae-4ab6-42ee-8e3b-c53162cfe81f HTTP/1.1" 401 -
  "DELETE /api/inventario/terrenos/0548aa13-1b97-4044-8d2a-990a7e976a90 HTTP/1.1" 401 -
  "DELETE /api/inventario/terrenos/05514b5d-dfde-4425-a797-f8e98e47f98b HTTP/1.1" 401 -
  "DELETE /api/inventario/terrenos/07af91e5-fa83-46f7-8f25-9dc0fc9681a1 HTTP/1.1" 401 -
  "DELETE /api/inventario/terrenos/08ca2093-c8b4-47aa-935d-c1dff3bfd6f1 HTTP/1.1" 401 -
  "DELETE /api/inventario/terrenos/092d87e2-79ab-4ea1-9c44-249e50b6127d HTTP/1.1" 401 -
  "DELETE /api/inventario/terrenos/09548573-c7a8-4604-abeb-247ea89f7d25 HTTP/1.1" 401 -
  "DELETE /api/inventario/terrenos/095b5262-4128-41f9-95a1-c50ce4024edc HTTP/1.1" 401 -
  "DELETE /api/inventario/terrenos/0a0aaf27-8549-4d14-8519-05ba5a05c05c HTTP/1.1" 401 -
  "DELETE /api/inventario/terrenos/0e2eca93-afa3-4de2-9f59-661dae17e8de HTTP/1.1" 401 -
  "DELETE /api/inventario/terrenos/10ce6ab7-784c-48eb-9033-da94323ea14e HTTP/1.1" 401 -
  "DELETE /api/inventario/terrenos/14d00b9a-a3e8-46b5-9c54-0c81d7ce2135 HTTP/1.1" 401 -
  "DELETE /api/inventario/terrenos/15c8444a-6c0e-4fbc-8b52-880290b1b0d8 HTTP/1.1" 401 -
  "DELETE /api/inventario/terrenos/175e4a60-7a97-426a-ada8-0f2e1fb7d7d2 HTTP/1.1" 401 -
  "DELETE /api/inventario/terrenos/1a23a0c0-8431-414c-8fca-74a3fd50e795 HTTP/1.1" 401 -
  "DELETE /api/inventario/terrenos/1a90d67f-ebc0-4e4a-9d9e-ed25adf4f9a3 HTTP/1.1" 401 -
  "DELETE /api/inventario/terrenos/1f5803cd-bc24-4701-a8ed-6f5c9967a04b HTTP/1.1" 401 -
  "DELETE /api/inventario/terrenos/1ff961b3-9373-4663-9a07-0c7515ba6535 HTTP/1.1" 401 -
  "DELETE /api/inventario/terrenos/200827c6-7cef-4d05-91d5-80e04916642a HTTP/1.1" 401 -
  "DELETE /api/inventario/terrenos/214b78b1-6384-4847-8054-030dfd057928 HTTP/1.1" 401 -
  "DELETE /api/inventario/terrenos/21d73952-5bd1-4f1e-9e99-12c6fc659e4f HTTP/1.1" 401 -
  "DELETE /api/inventario/terrenos/2428191b-e814-4613-b0de-866ef4eae82e HTTP/1.1" 401 -
  "DELETE /api/inventario/terrenos/282eb7ed-c9cb-4335-9dd7-68902a9eeedd HTTP/1.1" 401 -
  "DELETE /api/inventario/terrenos/2888b430-9e5b-458a-b96f-21089cf4b049 HTTP/1.1" 401 -
  "DELETE /api/inventario/terrenos/88e6c4bd-a669-4695-aa4d-14e20153a3ba/historial HTTP/1.1" 401 -
  "DELETE /api/inventario/terrenos/032b8755-83c9-4176-be40-ae7114cbeb14/historial HTTP/1.1" 401 -
  "DELETE /api/inventario/terrenos/038e45ae-4ab6-42ee-8e3b-c53162cfe81f/historial HTTP/1.1" 401 -
  "DELETE /api/inventario/terrenos/0548aa13-1b97-4044-8d2a-990a7e976a90/historial HTTP/1.1" 401 -
  "DELETE /api/inventario/terrenos/05514b5d-dfde-4425-a797-f8e98e47f98b/historial HTTP/1.1" 401 -
  "DELETE /api/inventario/terrenos/07af91e5-fa83-46f7-8f25-9dc0fc9681a1/historial HTTP/1.1" 401 -
  "DELETE /api/inventario/terrenos/08ca2093-c8b4-47aa-935d-c1dff3bfd6f1/historial HTTP/1.1" 401 -
  "DELETE /api/inventario/terrenos/092d87e2-79ab-4ea1-9c44-249e50b6127d/historial HTTP/1.1" 401 -
  "DELETE /api/inventario/terrenos/09548573-c7a8-4604-abeb-247ea89f7d25/historial HTTP/1.1" 401 -
  "DELETE /api/inventario/terrenos/095b5262-4128-41f9-95a1-c50ce4024edc/historial HTTP/1.1" 401 -
  "DELETE /api/inventario/terrenos/0a0aaf27-8549-4d14-8519-05ba5a05c05c/historial HTTP/1.1" 401 -
  "DELETE /api/inventario/terrenos/0e2eca93-afa3-4de2-9f59-661dae17e8de/historial HTTP/1.1" 401 -
  "DELETE /api/inventario/terrenos/10ce6ab7-784c-48eb-9033-da94323ea14e/historial HTTP/1.1" 401 -
  "DELETE /api/inventario/terrenos/14d00b9a-a3e8-46b5-9c54-0c81d7ce2135/historial HTTP/1.1" 401 -
  "DELETE /api/inventario/terrenos/15c8444a-6c0e-4fbc-8b52-880290b1b0d8/historial HTTP/1.1" 401 -
  "DELETE /api/inventario/terrenos/175e4a60-7a97-426a-ada8-0f2e1fb7d7d2/historial HTTP/1.1" 401 -
  "DELETE /api/inventario/terrenos/1a23a0c0-8431-414c-8fca-74a3fd50e795/historial HTTP/1.1" 401 -
  "DELETE /api/inventario/terrenos/1a90d67f-ebc0-4e4a-9d9e-ed25adf4f9a3/historial HTTP/1.1" 401 -
  "DELETE /api/inventario/terrenos/1f5803cd-bc24-4701-a8ed-6f5c9967a04b/historial HTTP/1.1" 401 -
  "DELETE /api/inventario/terrenos/1ff961b3-9373-4663-9a07-0c7515ba6535/historial HTTP/1.1" 401 -
  "DELETE /api/inventario/terrenos/200827c6-7cef-4d05-91d5-80e04916642a/historial HTTP/1.1" 401 -
  "DELETE /api/inventario/terrenos/214b78b1-6384-4847-8054-030dfd057928/historial HTTP/1.1" 401 -
  "DELETE /api/inventario/terrenos/21d73952-5bd1-4f1e-9e99-12c6fc659e4f/historial HTTP/1.1" 401 -
  "DELETE /api/inventario/terrenos/2428191b-e814-4613-b0de-866ef4eae82e/historial HTTP/1.1" 401 -
  "DELETE /api/inventario/terrenos/282eb7ed-c9cb-4335-9dd7-68902a9eeedd/historial HTTP/1.1" 401 -
  "DELETE /api/inventario/terrenos/2888b430-9e5b-458a-b96f-21089cf4b049/historial HTTP/1.1" 401 -
  "DELETE /api/inventario/terrenos/88e6c4bd-a669-4695-aa4d-14e20153a3ba/vista-publica HTTP/1.1" 401 -
  "DELETE /api/inventario/terrenos/032b8755-83c9-4176-be40-ae7114cbeb14/vista-publica HTTP/1.1" 401 -
  "DELETE /api/inventario/terrenos/038e45ae-4ab6-42ee-8e3b-c53162cfe81f/vista-publica HTTP/1.1" 401 -
  "DELETE /api/inventario/terrenos/0548aa13-1b97-4044-8d2a-990a7e976a90/vista-publica HTTP/1.1" 401 -
  "DELETE /api/inventario/terrenos/05514b5d-dfde-4425-a797-f8e98e47f98b/vista-publica HTTP/1.1" 401 -
  "DELETE /api/inventario/terrenos/07af91e5-fa83-46f7-8f25-9dc0fc9681a1/vista-publica HTTP/1.1" 401 -
  "DELETE /api/inventario/terrenos/08ca2093-c8b4-47aa-935d-c1dff3bfd6f1/vista-publica HTTP/1.1" 401 -
  "DELETE /api/inventario/terrenos/092d87e2-79ab-4ea1-9c44-249e50b6127d/vista-publica HTTP/1.1" 401 -
  "DELETE /api/inventario/terrenos/09548573-c7a8-4604-abeb-247ea89f7d25/vista-publica HTTP/1.1" 401 -
  "DELETE /api/inventario/terrenos/095b5262-4128-41f9-95a1-c50ce4024edc/vista-publica HTTP/1.1" 401 -
  "DELETE /api/inventario/terrenos/0a0aaf27-8549-4d14-8519-05ba5a05c05c/vista-publica HTTP/1.1" 401 -
  "DELETE /api/inventario/terrenos/0e2eca93-afa3-4de2-9f59-661dae17e8de/vista-publica HTTP/1.1" 401 -
  "DELETE /api/inventario/terrenos/10ce6ab7-784c-48eb-9033-da94323ea14e/vista-publica HTTP/1.1" 401 -
  "DELETE /api/inventario/terrenos/14d00b9a-a3e8-46b5-9c54-0c81d7ce2135/vista-publica HTTP/1.1" 401 -
  "DELETE /api/inventario/terrenos/15c8444a-6c0e-4fbc-8b52-880290b1b0d8/vista-publica HTTP/1.1" 401 -
  "DELETE /api/inventario/terrenos/175e4a60-7a97-426a-ada8-0f2e1fb7d7d2/vista-publica HTTP/1.1" 401 -
  "DELETE /api/inventario/terrenos/1a23a0c0-8431-414c-8fca-74a3fd50e795/vista-publica HTTP/1.1" 401 -
  "DELETE /api/inventario/terrenos/1a90d67f-ebc0-4e4a-9d9e-ed25adf4f9a3/vista-publica HTTP/1.1" 401 -
  "DELETE /api/inventario/terrenos/1f5803cd-bc24-4701-a8ed-6f5c9967a04b/vista-publica HTTP/1.1" 401 -
  "DELETE /api/inventario/terrenos/1ff961b3-9373-4663-9a07-0c7515ba6535/vista-publica HTTP/1.1" 401 -
  "DELETE /api/inventario/terrenos/200827c6-7cef-4d05-91d5-80e04916642a/vista-publica HTTP/1.1" 401 -
  "DELETE /api/inventario/terrenos/214b78b1-6384-4847-8054-030dfd057928/vista-publica HTTP/1.1" 401 -
  "DELETE /api/inventario/terrenos/21d73952-5bd1-4f1e-9e99-12c6fc659e4f/vista-publica HTTP/1.1" 401 -
  "DELETE /api/inventario/terrenos/2428191b-e814-4613-b0de-866ef4eae82e/vista-publica HTTP/1.1" 401 -
  "DELETE /api/inventario/terrenos/282eb7ed-c9cb-4335-9dd7-68902a9eeedd/vista-publica HTTP/1.1" 401 -
  "DELETE /api/inventario/terrenos/2888b430-9e5b-458a-b96f-21089cf4b049/vista-publica HTTP/1.1" 401 -
  "DELETE /api/mapas HTTP/1.1" 401 -
  "DELETE /api/mapas/1 HTTP/1.1" 401 -
  "DELETE /api/mapas/2 HTTP/1.1" 401 -
  "DELETE /api/mapas/3 HTTP/1.1" 401 -
  "DELETE /api/mapas/4 HTTP/1.1" 401 -
  "DELETE /api/mapas/999999 HTTP/1.1" 401 -
  "DELETE /api/mapas/1/terrenos HTTP/1.1" 401 -
  "DELETE /api/mapas/2/terrenos HTTP/1.1" 401 -
  "DELETE /api/mapas/3/terrenos HTTP/1.1" 401 -
  "DELETE /api/mapas/4/terrenos HTTP/1.1" 401 -
  "DELETE /api/mapas/999999/terrenos HTTP/1.1" 401 -
  "POST /api/login HTTP/1.1" 401 -
  "GET /api/publico/terrenos/88e6c4bd-a669-4695-aa4d-14e20153a3ba HTTP/1.1" 404 -
  "GET /api/publico/terrenos/032b8755-83c9-4176-be40-ae7114cbeb14 HTTP/1.1" 404 -
  "GET /api/publico/terrenos/038e45ae-4ab6-42ee-8e3b-c53162cfe81f HTTP/1.1" 404 -
  "GET /api/publico/terrenos/0548aa13-1b97-4044-8d2a-990a7e976a90 HTTP/1.1" 404 -
  "GET /api/publico/terrenos/05514b5d-dfde-4425-a797-f8e98e47f98b HTTP/1.1" 404 -
  "GET /api/publico/terrenos/07af91e5-fa83-46f7-8f25-9dc0fc9681a1 HTTP/1.1" 404 -
  "GET /api/publico/terrenos/08ca2093-c8b4-47aa-935d-c1dff3bfd6f1 HTTP/1.1" 404 -
  "GET /api/publico/terrenos/092d87e2-79ab-4ea1-9c44-249e50b6127d HTTP/1.1" 404 -
  "GET /api/publico/terrenos/09548573-c7a8-4604-abeb-247ea89f7d25 HTTP/1.1" 404 -
  "GET /api/publico/terrenos/095b5262-4128-41f9-95a1-c50ce4024edc HTTP/1.1" 404 -
  "GET /api/publico/terrenos/0a0aaf27-8549-4d14-8519-05ba5a05c05c HTTP/1.1" 404 -
  "GET /api/publico/terrenos/0e2eca93-afa3-4de2-9f59-661dae17e8de HTTP/1.1" 404 -
  "GET /api/publico/terrenos/10ce6ab7-784c-48eb-9033-da94323ea14e HTTP/1.1" 404 -
  "GET /api/publico/terrenos/14d00b9a-a3e8-46b5-9c54-0c81d7ce2135 HTTP/1.1" 404 -
  "GET /api/publico/terrenos/15c8444a-6c0e-4fbc-8b52-880290b1b0d8 HTTP/1.1" 404 -
  "GET /api/publico/terrenos/175e4a60-7a97-426a-ada8-0f2e1fb7d7d2 HTTP/1.1" 404 -
  "GET /api/publico/terrenos/1a23a0c0-8431-414c-8fca-74a3fd50e795 HTTP/1.1" 404 -
  "GET /api/publico/terrenos/1a90d67f-ebc0-4e4a-9d9e-ed25adf4f9a3 HTTP/1.1" 404 -
  "GET /api/publico/terrenos/1f5803cd-bc24-4701-a8ed-6f5c9967a04b HTTP/1.1" 404 -
  "GET /api/publico/terrenos/1ff961b3-9373-4663-9a07-0c7515ba6535 HTTP/1.1" 404 -
  "GET /api/publico/terrenos/200827c6-7cef-4d05-91d5-80e04916642a HTTP/1.1" 404 -
  "GET /api/publico/terrenos/214b78b1-6384-4847-8054-030dfd057928 HTTP/1.1" 404 -
  "GET /api/publico/terrenos/21d73952-5bd1-4f1e-9e99-12c6fc659e4f HTTP/1.1" 404 -
  "GET /api/publico/terrenos/2428191b-e814-4613-b0de-866ef4eae82e HTTP/1.1" 404 -
  "GET /api/publico/terrenos/282eb7ed-c9cb-4335-9dd7-68902a9eeedd HTTP/1.1" 404 -
  "GET /api/publico/terrenos/2888b430-9e5b-458a-b96f-21089cf4b049 HTTP/1.1" 404 -
  "GET /api/bases/4 HTTP/1.1" 404 -
  "GET /api/bases/999999 HTTP/1.1" 404 -
  "GET /api/bases/4/terrenos HTTP/1.1" 404 -
  "GET /api/bases/999999/terrenos HTTP/1.1" 404 -
  "GET /api/carpetas HTTP/1.1" 400 -
  "GET /api/inventario/terrenos/88e6c4bd-a669-4695-aa4d-14e20153a3ba HTTP/1.1" 404 -
  "GET /api/inventario/terrenos/88e6c4bd-a669-4695-aa4d-14e20153a3ba/historial HTTP/1.1" 404 -
  "GET /api/inventario/terrenos/88e6c4bd-a669-4695-aa4d-14e20153a3ba/vista-publica HTTP/1.1" 404 -
  "GET /api/inventario/terrenos/032b8755-83c9-4176-be40-ae7114cbeb14/vista-publica HTTP/1.1" 404 -
  "GET /api/inventario/terrenos/038e45ae-4ab6-42ee-8e3b-c53162cfe81f/vista-publica HTTP/1.1" 404 -
  "GET /api/inventario/terrenos/0548aa13-1b97-4044-8d2a-990a7e976a90/vista-publica HTTP/1.1" 404 -
  "GET /api/inventario/terrenos/05514b5d-dfde-4425-a797-f8e98e47f98b/vista-publica HTTP/1.1" 404 -
  "GET /api/inventario/terrenos/07af91e5-fa83-46f7-8f25-9dc0fc9681a1/vista-publica HTTP/1.1" 404 -
  "GET /api/inventario/terrenos/08ca2093-c8b4-47aa-935d-c1dff3bfd6f1/vista-publica HTTP/1.1" 404 -
  "GET /api/inventario/terrenos/092d87e2-79ab-4ea1-9c44-249e50b6127d/vista-publica HTTP/1.1" 404 -
  "GET /api/inventario/terrenos/09548573-c7a8-4604-abeb-247ea89f7d25/vista-publica HTTP/1.1" 404 -
  "GET /api/inventario/terrenos/095b5262-4128-41f9-95a1-c50ce4024edc/vista-publica HTTP/1.1" 404 -
  "GET /api/inventario/terrenos/0a0aaf27-8549-4d14-8519-05ba5a05c05c/vista-publica HTTP/1.1" 404 -
  "GET /api/inventario/terrenos/0e2eca93-afa3-4de2-9f59-661dae17e8de/vista-publica HTTP/1.1" 404 -
  "GET /api/inventario/terrenos/10ce6ab7-784c-48eb-9033-da94323ea14e/vista-publica HTTP/1.1" 404 -
  "GET /api/inventario/terrenos/14d00b9a-a3e8-46b5-9c54-0c81d7ce2135/vista-publica HTTP/1.1" 404 -
  "GET /api/inventario/terrenos/15c8444a-6c0e-4fbc-8b52-880290b1b0d8/vista-publica HTTP/1.1" 404 -
  "GET /api/inventario/terrenos/175e4a60-7a97-426a-ada8-0f2e1fb7d7d2/vista-publica HTTP/1.1" 404 -
  "GET /api/inventario/terrenos/1a23a0c0-8431-414c-8fca-74a3fd50e795/vista-publica HTTP/1.1" 404 -
  "GET /api/inventario/terrenos/1a90d67f-ebc0-4e4a-9d9e-ed25adf4f9a3/vista-publica HTTP/1.1" 404 -
  "GET /api/inventario/terrenos/1f5803cd-bc24-4701-a8ed-6f5c9967a04b/vista-publica HTTP/1.1" 404 -
  "GET /api/inventario/terrenos/1ff961b3-9373-4663-9a07-0c7515ba6535/vista-publica HTTP/1.1" 404 -
  "GET /api/inventario/terrenos/200827c6-7cef-4d05-91d5-80e04916642a/vista-publica HTTP/1.1" 404 -
  "GET /api/inventario/terrenos/214b78b1-6384-4847-8054-030dfd057928/vista-publica HTTP/1.1" 404 -
  "GET /api/inventario/terrenos/21d73952-5bd1-4f1e-9e99-12c6fc659e4f/vista-publica HTTP/1.1" 404 -
  "GET /api/inventario/terrenos/2428191b-e814-4613-b0de-866ef4eae82e/vista-publica HTTP/1.1" 404 -
  "GET /api/inventario/terrenos/282eb7ed-c9cb-4335-9dd7-68902a9eeedd/vista-publica HTTP/1.1" 404 -
  "GET /api/inventario/terrenos/2888b430-9e5b-458a-b96f-21089cf4b049/vista-publica HTTP/1.1" 404 -
  "GET /api/mapas/4 HTTP/1.1" 404 -
  "GET /api/mapas/999999 HTTP/1.1" 404 -
  "GET /api/mapas/4/terrenos HTTP/1.1" 404 -
  "GET /api/mapas/999999/terrenos HTTP/1.1" 404 -
  "GET /api/exportar HTTP/1.1" 405 -
  "GET /api/INVENTARIO/terrenos HTTP/1.1" 404 -
  "GET /api/inventario//terrenos HTTP/1.1" 404 -
  "GET /api/inventario/terrenos%2f HTTP/1.1" 404 -
  "GET /api/inventario/terrenos/%2e%2e/%2e%2e/bases HTTP/1.1" 404 -
  "GET /api/inventario/terrenos?limit=250&campos=contacto HTTP/1.1" 422 -
  "GET /api/publico/terrenos/88e6c4bd-a669-4695-aa4d-14e20153a3ba HTTP/1.1" 404 -
  "GET /api/publico/terrenos/032b8755-83c9-4176-be40-ae7114cbeb14 HTTP/1.1" 404 -
  "GET /api/publico/terrenos/038e45ae-4ab6-42ee-8e3b-c53162cfe81f HTTP/1.1" 404 -
  "GET /api/publico/terrenos/0548aa13-1b97-4044-8d2a-990a7e976a90 HTTP/1.1" 404 -
  "GET /api/publico/terrenos/05514b5d-dfde-4425-a797-f8e98e47f98b HTTP/1.1" 404 -
  "GET /api/publico/terrenos/07af91e5-fa83-46f7-8f25-9dc0fc9681a1 HTTP/1.1" 404 -
  "GET /api/publico/terrenos/08ca2093-c8b4-47aa-935d-c1dff3bfd6f1 HTTP/1.1" 404 -
  "GET /api/publico/terrenos/092d87e2-79ab-4ea1-9c44-249e50b6127d HTTP/1.1" 404 -
  "GET /api/publico/terrenos/09548573-c7a8-4604-abeb-247ea89f7d25 HTTP/1.1" 404 -
  "GET /api/publico/terrenos/095b5262-4128-41f9-95a1-c50ce4024edc HTTP/1.1" 404 -
  "GET /api/publico/terrenos/0a0aaf27-8549-4d14-8519-05ba5a05c05c HTTP/1.1" 404 -
  "GET /api/publico/terrenos/0e2eca93-afa3-4de2-9f59-661dae17e8de HTTP/1.1" 404 -
  "GET /api/publico/terrenos/10ce6ab7-784c-48eb-9033-da94323ea14e HTTP/1.1" 404 -
  "GET /api/publico/terrenos/14d00b9a-a3e8-46b5-9c54-0c81d7ce2135 HTTP/1.1" 404 -
  "GET /api/publico/terrenos/15c8444a-6c0e-4fbc-8b52-880290b1b0d8 HTTP/1.1" 404 -
  "GET /api/publico/terrenos/175e4a60-7a97-426a-ada8-0f2e1fb7d7d2 HTTP/1.1" 404 -
  "GET /api/publico/terrenos/1a23a0c0-8431-414c-8fca-74a3fd50e795 HTTP/1.1" 404 -
  "GET /api/publico/terrenos/1a90d67f-ebc0-4e4a-9d9e-ed25adf4f9a3 HTTP/1.1" 404 -
  "GET /api/publico/terrenos/1f5803cd-bc24-4701-a8ed-6f5c9967a04b HTTP/1.1" 404 -
  "GET /api/publico/terrenos/1ff961b3-9373-4663-9a07-0c7515ba6535 HTTP/1.1" 404 -
  "GET /api/publico/terrenos/200827c6-7cef-4d05-91d5-80e04916642a HTTP/1.1" 404 -
  "GET /api/publico/terrenos/214b78b1-6384-4847-8054-030dfd057928 HTTP/1.1" 404 -
  "GET /api/publico/terrenos/21d73952-5bd1-4f1e-9e99-12c6fc659e4f HTTP/1.1" 404 -
  "GET /api/publico/terrenos/2428191b-e814-4613-b0de-866ef4eae82e HTTP/1.1" 404 -
  "GET /api/publico/terrenos/282eb7ed-c9cb-4335-9dd7-68902a9eeedd HTTP/1.1" 404 -
  "GET /api/publico/terrenos/2888b430-9e5b-458a-b96f-21089cf4b049 HTTP/1.1" 404 -
  "GET /api/nope HTTP/1.1" 404 -
  "GET /api/bases HTTP/1.1" 401 -
  "GET /api/inventario/terrenos HTTP/1.1" 401 -
  "POST /api/login HTTP/1.1" 401 -
  "GET /api/inventario/terrenos HTTP/1.1" 401 -
  "POST /api/login HTTP/1.1" 401 -
  "POST /api/login HTTP/1.1" 401 -
  "POST /api/login HTTP/1.1" 401 -
  "POST /api/login HTTP/1.1" 401 -
  "POST /api/login HTTP/1.1" 429 -
  "POST /api/login HTTP/1.1" 429 -
  "POST /api/login HTTP/1.1" 429 -
  "POST /api/login HTTP/1.1" 429 -
  "POST /api/login HTTP/1.1" 429 -
  "POST /api/login HTTP/1.1" 429 -
  "POST /api/login HTTP/1.1" 429 -
  "POST /api/login HTTP/1.1" 429 -
  "POST /api/login HTTP/1.1" 429 -
  "POST /api/login HTTP/1.1" 429 -
  "POST /api/login HTTP/1.1" 429 -
  "POST /api/login HTTP/1.1" 429 -
  "POST /api/login HTTP/1.1" 429 -
  "POST /api/login HTTP/1.1" 429 -
  "POST /api/login HTTP/1.1" 429 -
  "POST /api/login HTTP/1.1" 429 -
  "POST /api/login HTTP/1.1" 429 -
  "POST /api/login HTTP/1.1" 429 -
  "POST /api/login HTTP/1.1" 429 -
  "POST /api/login HTTP/1.1" 429 -
  "POST /api/login HTTP/1.1" 429 -
  "POST /api/login HTTP/1.1" 429 -
