[serve_target] mode=local http://127.0.0.1:8433 root=/home/user/ARA-MAP
  "POST /api/inventario/terrenos HTTP/1.1" 422 -
  "POST /api/inventario/terrenos HTTP/1.1" 422 -
[serve_target] mode=local http://127.0.0.1:8433 root=/home/user/ARA-MAP
  "POST /api/inventario/terrenos HTTP/1.1" 422 -
  "POST /api/inventario/terrenos HTTP/1.1" 422 -
  "POST /api/inventario/terrenos HTTP/1.1" 422 -
  "PATCH /api/inventario/terrenos/a38c5bb5-f224-4814-aacf-16230989afa4 HTTP/1.1" 422 -
  "PATCH /api/inventario/terrenos/a38c5bb5-f224-4814-aacf-16230989afa4 HTTP/1.1" 422 -
  "PATCH /api/inventario/terrenos/a38c5bb5-f224-4814-aacf-16230989afa4 HTTP/1.1" 422 -
  "PATCH /api/inventario/terrenos/a38c5bb5-f224-4814-aacf-16230989afa4 HTTP/1.1" 422 -
  "PATCH /api/inventario/terrenos/a38c5bb5-f224-4814-aacf-16230989afa4 HTTP/1.1" 422 -
  "PATCH /api/inventario/terrenos/a38c5bb5-f224-4814-aacf-16230989afa4 HTTP/1.1" 422 -
  "PATCH /api/inventario/terrenos/a38c5bb5-f224-4814-aacf-16230989afa4 HTTP/1.1" 422 -
  "PATCH /api/inventario/terrenos/a38c5bb5-f224-4814-aacf-16230989afa4 HTTP/1.1" 422 -
  "PATCH /api/inventario/terrenos/a38c5bb5-f224-4814-aacf-16230989afa4 HTTP/1.1" 422 -
  "PATCH /api/inventario/terrenos/a38c5bb5-f224-4814-aacf-16230989afa4 HTTP/1.1" 422 -
  "PATCH /api/inventario/terrenos/cf245ec7-8eac-4e96-a138-d5f04e6813ae HTTP/1.1" 422 -
  "PATCH /api/inventario/terrenos/cf245ec7-8eac-4e96-a138-d5f04e6813ae HTTP/1.1" 422 -
  "PATCH /api/inventario/terrenos/cf245ec7-8eac-4e96-a138-d5f04e6813ae HTTP/1.1" 422 -
  "PATCH /api/inventario/terrenos/cf245ec7-8eac-4e96-a138-d5f04e6813ae HTTP/1.1" 422 -
  "PATCH /api/inventario/terrenos/cf245ec7-8eac-4e96-a138-d5f04e6813ae HTTP/1.1" 422 -
  "PATCH /api/inventario/terrenos/cf245ec7-8eac-4e96-a138-d5f04e6813ae HTTP/1.1" 422 -
  "PATCH /api/inventario/terrenos/cf245ec7-8eac-4e96-a138-d5f04e6813ae HTTP/1.1" 422 -
  "PATCH /api/inventario/terrenos/cf245ec7-8eac-4e96-a138-d5f04e6813ae HTTP/1.1" 422 -
  "PATCH /api/inventario/terrenos/cf245ec7-8eac-4e96-a138-d5f04e6813ae HTTP/1.1" 422 -
  "PATCH /api/inventario/terrenos/cf245ec7-8eac-4e96-a138-d5f04e6813ae HTTP/1.1" 422 -
  "PATCH /api/inventario/terrenos/e980b3b1-6edd-4c9e-a87e-7111d0965c9e HTTP/1.1" 422 -
  "PATCH /api/inventario/terrenos/e980b3b1-6edd-4c9e-a87e-7111d0965c9e HTTP/1.1" 422 -
  "PATCH /api/inventario/terrenos/e980b3b1-6edd-4c9e-a87e-7111d0965c9e HTTP/1.1" 422 -
  "PATCH /api/inventario/terrenos/e980b3b1-6edd-4c9e-a87e-7111d0965c9e HTTP/1.1" 422 -
  "PATCH /api/inventario/terrenos/e980b3b1-6edd-4c9e-a87e-7111d0965c9e HTTP/1.1" 422 -
  "PATCH /api/inventario/terrenos/e980b3b1-6edd-4c9e-a87e-7111d0965c9e HTTP/1.1" 422 -
  "PATCH /api/inventario/terrenos/e980b3b1-6edd-4c9e-a87e-7111d0965c9e HTTP/1.1" 422 -
  "PATCH /api/inventario/terrenos/e980b3b1-6edd-4c9e-a87e-7111d0965c9e HTTP/1.1" 422 -
  "PATCH /api/inventario/terrenos/e980b3b1-6edd-4c9e-a87e-7111d0965c9e HTTP/1.1" 422 -
  "PATCH /api/inventario/terrenos/e980b3b1-6edd-4c9e-a87e-7111d0965c9e HTTP/1.1" 422 -
  "POST /api/inventario/terrenos/a38c5bb5-f224-4814-aacf-16230989afa4/publicar HTTP/1.1" 422 -
  "POST /api/inventario/terrenos/a38c5bb5-f224-4814-aacf-16230989afa4/despublicar HTTP/1.1" 409 -
  "PATCH /api/inventario/terrenos/ade55b9f-d61b-4b60-b654-9b445761bda4 HTTP/1.1" 422 -
  "PATCH /api/inventario/terrenos/ade55b9f-d61b-4b60-b654-9b445761bda4 HTTP/1.1" 422 -
  "PATCH /api/inventario/terrenos/ade55b9f-d61b-4b60-b654-9b445761bda4 HTTP/1.1" 422 -
  "PATCH /api/inventario/terrenos/ade55b9f-d61b-4b60-b654-9b445761bda4 HTTP/1.1" 422 -
  "PATCH /api/inventario/terrenos/ade55b9f-d61b-4b60-b654-9b445761bda4 HTTP/1.1" 422 -
  "PATCH /api/inventario/terrenos/ade55b9f-d61b-4b60-b654-9b445761bda4 HTTP/1.1" 422 -
  "PATCH /api/inventario/terrenos/ade55b9f-d61b-4b60-b654-9b445761bda4 HTTP/1.1" 422 -
  "PATCH /api/inventario/terrenos/ade55b9f-d61b-4b60-b654-9b445761bda4 HTTP/1.1" 422 -
  "PATCH /api/inventario/terrenos/ade55b9f-d61b-4b60-b654-9b445761bda4 HTTP/1.1" 422 -
  "PATCH /api/inventario/terrenos/ade55b9f-d61b-4b60-b654-9b445761bda4 HTTP/1.1" 422 -
  "PATCH /api/inventario/terrenos/ade55b9f-d61b-4b60-b654-9b445761bda4 HTTP/1.1" 422 -
  "PATCH /api/inventario/terrenos/ade55b9f-d61b-4b60-b654-9b445761bda4 HTTP/1.1" 422 -
  "PATCH /api/inventario/terrenos/ade55b9f-d61b-4b60-b654-9b445761bda4 HTTP/1.1" 422 -
  "POST /api/inventario/terrenos HTTP/1.1" 422 -
  "POST /api/inventario/terrenos HTTP/1.1" 422 -
[serve_target] mode=local http://127.0.0.1:8433 root=/home/user/ARA-MAP
  "POST /api/inventario/terrenos HTTP/1.1" 409 -
[serve_target] FAULT INJECTION active: server.repo.inventario._event raises on 'FAULT-INJECT-c1fae376'
[serve_target] mode=local http://127.0.0.1:8433 root=/home/user/ARA-MAP
Traceback (most recent call last):
  File "/home/user/ARA-MAP/server/app.py", line 171, in _dispatch
    result = handler(request)
             ^^^^^^^^^^^^^^^^
  File "/home/user/ARA-MAP/server/api/inventario.py", line 90, in create
    return repo.create(conn, fields, actor, key, request_hash)
           ^^^^^^^^^^^^^^^^^^^^^^^^^^^^^^^^^^^^^^^^^^^^^^^^^^^
  File "/home/user/ARA-MAP/server/repo/inventario.py", line 175, in create
    return _create(conn, fields, actor, key, request_hash)
           ^^^^^^^^^^^^^^^^^^^^^^^^^^^^^^^^^^^^^^^^^^^^^^^
  File "/home/user/ARA-MAP/server/repo/inventario.py", line 205, in _create
    _event(conn, inventory_id, 1, "create", actor, ahora, None, revision_id, {"changes": cambios})
  File "/home/user/ARA-MAP/reports/inventory-developer-handoff-2026-10-05/verification/stage1/serve_target.py", line 41, in faulty
    raise RuntimeError("verifier fault injection before inventory_event insert")
RuntimeError: verifier fault injection before inventory_event insert
  "POST /api/inventario/terrenos HTTP/1.1" 500 -
Traceback (most recent call last):
  File "/home/user/ARA-MAP/server/app.py", line 171, in _dispatch
    result = handler(request)
             ^^^^^^^^^^^^^^^^
  File "/home/user/ARA-MAP/server/api/inventario.py", line 125, in update
    return {"terreno": repo.update(conn, inventory_id, expected, fields,
                       ^^^^^^^^^^^^^^^^^^^^^^^^^^^^^^^^^^^^^^^^^^^^^^^^^
  File "/home/user/ARA-MAP/server/repo/inventario.py", line 251, in update
    _event(conn, inventory_id, expected_version + 1, "update", actor, ahora,
  File "/home/user/ARA-MAP/reports/inventory-developer-handoff-2026-10-05/verification/stage1/serve_target.py", line 41, in faulty
    raise RuntimeError("verifier fault injection before inventory_event insert")
RuntimeError: verifier fault injection before inventory_event insert
  "PATCH /api/inventario/terrenos/53c9960a-a36e-4895-8c29-de6ccab38e7f HTTP/1.1" 500 -
[serve_target] mode=local http://127.0.0.1:8433 root=/home/user/ARA-MAP
  "PATCH /api/inventario/terrenos/7a37a02f-8380-4c43-aa7d-a1068f767717 HTTP/1.1" 409 -
  "PATCH /api/inventario/terrenos/7a37a02f-8380-4c43-aa7d-a1068f767717 HTTP/1.1" 409 -
  "PATCH /api/inventario/terrenos/7a37a02f-8380-4c43-aa7d-a1068f767717 HTTP/1.1" 409 -
  "PATCH /api/inventario/terrenos/7a37a02f-8380-4c43-aa7d-a1068f767717 HTTP/1.1" 409 -
  "PATCH /api/inventario/terrenos/7a37a02f-8380-4c43-aa7d-a1068f767717 HTTP/1.1" 422 -
  "PATCH /api/inventario/terrenos/7a37a02f-8380-4c43-aa7d-a1068f767717 HTTP/1.1" 422 -
  "PATCH /api/inventario/terrenos/7a37a02f-8380-4c43-aa7d-a1068f767717 HTTP/1.1" 409 -
  "PATCH /api/inventario/terrenos/7a37a02f-8380-4c43-aa7d-a1068f767717 HTTP/1.1" 409 -
  "POST /api/login HTTP/1.1" 401 -
  "POST /api/login HTTP/1.1" 401 -
  "GET /api/inventario/terrenos HTTP/1.1" 401 -
  "GET /api/inventario/terrenos HTTP/1.1" 401 -
  "GET /api/inventario/terrenos HTTP/1.1" 401 -
  "GET /api/bases HTTP/1.1" 401 -
  "POST /api/carpetas HTTP/1.1" 401 -
  "POST /api/inventario/terrenos HTTP/1.1" 401 -
  "PATCH /api/inventario/terrenos/1bb393e7-d2a3-4e7c-8036-24052876a068 HTTP/1.1" 403 -
  "POST /api/inventario/terrenos HTTP/1.1" 403 -
  "PATCH /api/inventario/terrenos/1bb393e7-d2a3-4e7c-8036-24052876a068 HTTP/1.1" 403 -
  "POST /api/inventario/terrenos HTTP/1.1" 403 -
  "PATCH /api/inventario/terrenos/1bb393e7-d2a3-4e7c-8036-24052876a068 HTTP/1.1" 403 -
  "POST /api/inventario/terrenos HTTP/1.1" 403 -
  "POST /api/login HTTP/1.1" 403 -
  "POST /api/registro HTTP/1.1" 401 -
  "POST /api/registro HTTP/1.1" 404 -
  "POST /api/register HTTP/1.1" 401 -
  "POST /api/register HTTP/1.1" 404 -
  "POST /api/signup HTTP/1.1" 401 -
  "POST /api/signup HTTP/1.1" 404 -
  "POST /api/usuarios HTTP/1.1" 401 -
  "POST /api/usuarios HTTP/1.1" 404 -
  "POST /api/users HTTP/1.1" 401 -
  "POST /api/users HTTP/1.1" 404 -
  "POST /api/cuentas HTTP/1.1" 401 -
  "POST /api/cuentas HTTP/1.1" 404 -
  "POST /api/team HTTP/1.1" 401 -
  "POST /api/team HTTP/1.1" 404 -
  "POST /api/session HTTP/1.1" 401 -
  "POST /api/session HTTP/1.1" 405 -
  "POST /api/login HTTP/1.1" 401 -
  "GET /api/inventario/terrenos HTTP/1.1" 401 -
  "PATCH /api/inventario/terrenos/1bb393e7-d2a3-4e7c-8036-24052876a068 HTTP/1.1" 401 -
  "GET /api/inventario/terrenos HTTP/1.1" 401 -
  "GET /api/bases HTTP/1.1" 401 -
  "GET /api/bases/1 HTTP/1.1" 401 -
  "GET /api/bases/2 HTTP/1.1" 401 -
  "GET /api/bases/3 HTTP/1.1" 401 -
  "GET /api/bases/4 HTTP/1.1" 401 -
  "GET /api/bases/999999 HTTP/1.1" 401 -
  "GET /api/bases/1/terrenos HTTP/1.1" 401 -
  "GET /api/bases/2/terrenos HTTP/1.1" 401 -
  "GET /api/bases/3/terrenos HTTP/1.1" 401 -
  "GET /api/bases/4/terrenos HTTP/1.1" 401 -
  "GET /api/bases/999999/terrenos HTTP/1.1" 401 -
  "GET /api/carpetas HTTP/1.1" 401 -
  "GET /api/formatos HTTP/1.1" 401 -
  "GET /api/inventario/terrenos HTTP/1.1" 401 -
  "GET /api/inventario/terrenos/2fa4372e-079c-4058-8ec6-d98129dd989c HTTP/1.1" 401 -
  "GET /api/inventario/terrenos/018d9674-6b93-4329-8169-884f572afe52 HTTP/1.1" 401 -
  "GET /api/inventario/terrenos/01e097c2-828b-4c33-924e-86e519de6e13 HTTP/1.1" 401 -
  "GET /api/inventario/terrenos/024acc7a-780b-4082-afcb-5455a4a10e71 HTTP/1.1" 401 -
  "GET /api/inventario/terrenos/03654261-f81d-47ef-9917-c90af1005897 HTTP/1.1" 401 -
  "GET /api/inventario/terrenos/07e82f1b-db3e-4ff1-8901-b094d20a85c8 HTTP/1.1" 401 -
  "GET /api/inventario/terrenos/0866d3b2-79fe-4e4d-a198-c3f7895b4301 HTTP/1.1" 401 -
  "GET /api/inventario/terrenos/0a12ac17-75ff-4b19-a97b-c06c1006a2f7 HTTP/1.1" 401 -
  "GET /api/inventario/terrenos/0cf6ddb8-898b-453a-aaf2-51bda5c6e40b HTTP/1.1" 401 -
  "GET /api/inventario/terrenos/0d46a18b-0423-4091-8f4c-e11488a737f1 HTTP/1.1" 401 -
  "GET /api/inventario/terrenos/0fcbd819-ce67-4e91-abc9-a32c32d259c4 HTTP/1.1" 401 -
  "GET /api/inventario/terrenos/0fed4383-ac72-4a8b-9835-9d82ff053db9 HTTP/1.1" 401 -
  "GET /api/inventario/terrenos/10446356-3348-4f30-9ac7-285dfedabe5d HTTP/1.1" 401 -
  "GET /api/inventario/terrenos/109fd367-49f2-4dcd-a47a-54d9b67e54b8 HTTP/1.1" 401 -
  "GET /api/inventario/terrenos/11ccaa05-5551-41f9-a38c-13e04e501c15 HTTP/1.1" 401 -
  "GET /api/inventario/terrenos/12eda0b1-0808-4701-86cc-521a02df4651 HTTP/1.1" 401 -
  "GET /api/inventario/terrenos/157bf209-c46d-44e1-9063-4579b70867d4 HTTP/1.1" 401 -
  "GET /api/inventario/terrenos/16e997a6-00f3-4a9e-a6ad-f275b6bf255b HTTP/1.1" 401 -
  "GET /api/inventario/terrenos/19f60121-3c04-427e-a252-0fdcbe808c02 HTTP/1.1" 401 -
  "GET /api/inventario/terrenos/1aa9017d-0c79-4341-8263-46134a842816 HTTP/1.1" 401 -
  "GET /api/inventario/terrenos/1b3f1044-8140-4b1d-94a3-de718e5ae8ad HTTP/1.1" 401 -
  "GET /api/inventario/terrenos/1bb393e7-d2a3-4e7c-8036-24052876a068 HTTP/1.1" 401 -
  "GET /api/inventario/terrenos/202fe034-18b2-4bb0-a941-243b4facfe80 HTTP/1.1" 401 -
  "GET /api/inventario/terrenos/22700d26-0043-410c-b50c-7402bbc31ae2 HTTP/1.1" 401 -
  "GET /api/inventario/terrenos/22af19b4-1a76-40ef-ac25-6d5a8350f6e0 HTTP/1.1" 401 -
  "GET /api/inventario/terrenos/26ecb58c-f113-41cf-b046-1de18cce1d8b HTTP/1.1" 401 -
  "GET /api/inventario/terrenos/2fa4372e-079c-4058-8ec6-d98129dd989c/historial HTTP/1.1" 401 -
  "GET /api/inventario/terrenos/018d9674-6b93-4329-8169-884f572afe52/historial HTTP/1.1" 401 -
  "GET /api/inventario/terrenos/01e097c2-828b-4c33-924e-86e519de6e13/historial HTTP/1.1" 401 -
  "GET /api/inventario/terrenos/024acc7a-780b-4082-afcb-5455a4a10e71/historial HTTP/1.1" 401 -
  "GET /api/inventario/terrenos/03654261-f81d-47ef-9917-c90af1005897/historial HTTP/1.1" 401 -
  "GET /api/inventario/terrenos/07e82f1b-db3e-4ff1-8901-b094d20a85c8/historial HTTP/1.1" 401 -
  "GET /api/inventario/terrenos/0866d3b2-79fe-4e4d-a198-c3f7895b4301/historial HTTP/1.1" 401 -
  "GET /api/inventario/terrenos/0a12ac17-75ff-4b19-a97b-c06c1006a2f7/historial HTTP/1.1" 401 -
  "GET /api/inventario/terrenos/0cf6ddb8-898b-453a-aaf2-51bda5c6e40b/historial HTTP/1.1" 401 -
  "GET /api/inventario/terrenos/0d46a18b-0423-4091-8f4c-e11488a737f1/historial HTTP/1.1" 401 -
  "GET /api/inventario/terrenos/0fcbd819-ce67-4e91-abc9-a32c32d259c4/historial HTTP/1.1" 401 -
  "GET /api/inventario/terrenos/0fed4383-ac72-4a8b-9835-9d82ff053db9/historial HTTP/1.1" 401 -
  "GET /api/inventario/terrenos/10446356-3348-4f30-9ac7-285dfedabe5d/historial HTTP/1.1" 401 -
  "GET /api/inventario/terrenos/109fd367-49f2-4dcd-a47a-54d9b67e54b8/historial HTTP/1.1" 401 -
  "GET /api/inventario/terrenos/11ccaa05-5551-41f9-a38c-13e04e501c15/historial HTTP/1.1" 401 -
  "GET /api/inventario/terrenos/12eda0b1-0808-4701-86cc-521a02df4651/historial HTTP/1.1" 401 -
  "GET /api/inventario/terrenos/157bf209-c46d-44e1-9063-4579b70867d4/historial HTTP/1.1" 401 -
  "GET /api/inventario/terrenos/16e997a6-00f3-4a9e-a6ad-f275b6bf255b/historial HTTP/1.1" 401 -
  "GET /api/inventario/terrenos/19f60121-3c04-427e-a252-0fdcbe808c02/historial HTTP/1.1" 401 -
  "GET /api/inventario/terrenos/1aa9017d-0c79-4341-8263-46134a842816/historial HTTP/1.1" 401 -
  "GET /api/inventario/terrenos/1b3f1044-8140-4b1d-94a3-de718e5ae8ad/historial HTTP/1.1" 401 -
  "GET /api/inventario/terrenos/1bb393e7-d2a3-4e7c-8036-24052876a068/historial HTTP/1.1" 401 -
  "GET /api/inventario/terrenos/202fe034-18b2-4bb0-a941-243b4facfe80/historial HTTP/1.1" 401 -
  "GET /api/inventario/terrenos/22700d26-0043-410c-b50c-7402bbc31ae2/historial HTTP/1.1" 401 -
  "GET /api/inventario/terrenos/22af19b4-1a76-40ef-ac25-6d5a8350f6e0/historial HTTP/1.1" 401 -
  "GET /api/inventario/terrenos/26ecb58c-f113-41cf-b046-1de18cce1d8b/historial HTTP/1.1" 401 -
  "GET /api/inventario/terrenos/2fa4372e-079c-4058-8ec6-d98129dd989c/vista-publica HTTP/1.1" 401 -
  "GET /api/inventario/terrenos/018d9674-6b93-4329-8169-884f572afe52/vista-publica HTTP/1.1" 401 -
  "GET /api/inventario/terrenos/01e097c2-828b-4c33-924e-86e519de6e13/vista-publica HTTP/1.1" 401 -
  "GET /api/inventario/terrenos/024acc7a-780b-4082-afcb-5455a4a10e71/vista-publica HTTP/1.1" 401 -
  "GET /api/inventario/terrenos/03654261-f81d-47ef-9917-c90af1005897/vista-publica HTTP/1.1" 401 -
  "GET /api/inventario/terrenos/07e82f1b-db3e-4ff1-8901-b094d20a85c8/vista-publica HTTP/1.1" 401 -
  "GET /api/inventario/terrenos/0866d3b2-79fe-4e4d-a198-c3f7895b4301/vista-publica HTTP/1.1" 401 -
  "GET /api/inventario/terrenos/0a12ac17-75ff-4b19-a97b-c06c1006a2f7/vista-publica HTTP/1.1" 401 -
  "GET /api/inventario/terrenos/0cf6ddb8-898b-453a-aaf2-51bda5c6e40b/vista-publica HTTP/1.1" 401 -
  "GET /api/inventario/terrenos/0d46a18b-0423-4091-8f4c-e11488a737f1/vista-publica HTTP/1.1" 401 -
  "GET /api/inventario/terrenos/0fcbd819-ce67-4e91-abc9-a32c32d259c4/vista-publica HTTP/1.1" 401 -
  "GET /api/inventario/terrenos/0fed4383-ac72-4a8b-9835-9d82ff053db9/vista-publica HTTP/1.1" 401 -
  "GET /api/inventario/terrenos/10446356-3348-4f30-9ac7-285dfedabe5d/vista-publica HTTP/1.1" 401 -
  "GET /api/inventario/terrenos/109fd367-49f2-4dcd-a47a-54d9b67e54b8/vista-publica HTTP/1.1" 401 -
  "GET /api/inventario/terrenos/11ccaa05-5551-41f9-a38c-13e04e501c15/vista-publica HTTP/1.1" 401 -
  "GET /api/inventario/terrenos/12eda0b1-0808-4701-86cc-521a02df4651/vista-publica HTTP/1.1" 401 -
  "GET /api/inventario/terrenos/157bf209-c46d-44e1-9063-4579b70867d4/vista-publica HTTP/1.1" 401 -
  "GET /api/inventario/terrenos/16e997a6-00f3-4a9e-a6ad-f275b6bf255b/vista-publica HTTP/1.1" 401 -
  "GET /api/inventario/terrenos/19f60121-3c04-427e-a252-0fdcbe808c02/vista-publica HTTP/1.1" 401 -
  "GET /api/inventario/terrenos/1aa9017d-0c79-4341-8263-46134a842816/vista-publica HTTP/1.1" 401 -
  "GET /api/inventario/terrenos/1b3f1044-8140-4b1d-94a3-de718e5ae8ad/vista-publica HTTP/1.1" 401 -
  "GET /api/inventario/terrenos/1bb393e7-d2a3-4e7c-8036-24052876a068/vista-publica HTTP/1.1" 401 -
  "GET /api/inventario/terrenos/202fe034-18b2-4bb0-a941-243b4facfe80/vista-publica HTTP/1.1" 401 -
  "GET /api/inventario/terrenos/22700d26-0043-410c-b50c-7402bbc31ae2/vista-publica HTTP/1.1" 401 -
  "GET /api/inventario/terrenos/22af19b4-1a76-40ef-ac25-6d5a8350f6e0/vista-publica HTTP/1.1" 401 -
  "GET /api/inventario/terrenos/26ecb58c-f113-41cf-b046-1de18cce1d8b/vista-publica HTTP/1.1" 401 -
  "GET /api/mapas HTTP/1.1" 401 -
  "GET /api/mapas/1 HTTP/1.1" 401 -
  "GET /api/mapas/2 HTTP/1.1" 401 -
  "GET /api/mapas/3 HTTP/1.1" 401 -
  "GET /api/mapas/4 HTTP/1.1" 401 -
  "GET /api/mapas/999999 HTTP/1.1" 401 -
  "GET /api/mapas/1/terrenos HTTP/1.1" 401 -
  "GET /api/mapas/2/terrenos HTTP/1.1" 401 -
  "GET /api/mapas/3/terrenos HTTP/1.1" 401 -
  "GET /api/mapas/4/terrenos HTTP/1.1" 401 -
  "GET /api/mapas/999999/terrenos HTTP/1.1" 401 -
  "GET /api/carpetas?tipo=bases HTTP/1.1" 401 -
  "GET /api/carpetas?tipo=mapas HTTP/1.1" 401 -
  "GET /api/bases/1/terrenos?ids=1 HTTP/1.1" 401 -
  "GET /api/mapas/2/terrenos?capa=1 HTTP/1.1" 401 -
  "GET /api/inventario/terrenos?limit=250&include_archived=true HTTP/1.1" 401 -
  "GET /api/exportar HTTP/1.1" 401 -
  "GET /api/nope HTTP/1.1" 401 -
  "GET /api/bases/1/secreto HTTP/1.1" 401 -
  "GET /api/inventario HTTP/1.1" 401 -
  "GET /api/inventario/terrenos/x/y/z HTTP/1.1" 401 -
  "GET /api/BASES HTTP/1.1" 401 -
  "GET /api//bases HTTP/1.1" 401 -
  "GET /api/bases/ HTTP/1.1" 401 -
  "GET /api/./bases HTTP/1.1" 401 -
  "GET /api/bases%2F1 HTTP/1.1" 401 -
  "GET /api/publico/terrenos/../../bases HTTP/1.1" 401 -
  "GET /api/publico/terrenos/..%2f..%2fbases HTTP/1.1" 404 -
  "GET /api/publico/../bases HTTP/1.1" 401 -
  "GET /api/config/../bases HTTP/1.1" 401 -
  "GET /api/session/../mapas/1/terrenos HTTP/1.1" 401 -
  "GET /api/bases?x=/api/config HTTP/1.1" 401 -
  "GET /api/publico/terrenosX HTTP/1.1" 401 -
  "GET /api/publico HTTP/1.1" 401 -
  "GET /api/exportar/ HTTP/1.1" 401 -
  "GET /api/inventario/terrenos/ HTTP/1.1" 401 -
  "GET /api/INVENTARIO/terrenos HTTP/1.1" 401 -
  "GET /api/inventario/terrenos;x=1 HTTP/1.1" 401 -
  "GET /api/inventario//terrenos HTTP/1.1" 401 -
  "GET /api/inventario/terrenos%2f HTTP/1.1" 401 -
  "GET /api/inventario/terrenos?cursor=../.. HTTP/1.1" 401 -
  "GET /api/inventario/terrenos/%2e%2e/%2e%2e/bases HTTP/1.1" 401 -
  "GET /api/inventario/terrenos?limit=250&campos=contacto HTTP/1.1" 401 -
  "GET //api/inventario/terrenos HTTP/1.1" 401 -
  "GET //api/bases/1/terrenos HTTP/1.1" 401 -
  code 501, message Unsupported method ('HEAD')
  "HEAD /api/bases HTTP/1.1" 501 -
  code 501, message Unsupported method ('OPTIONS')
  "OPTIONS /api/bases HTTP/1.1" 501 -
  "POST /api/bases HTTP/1.1" 401 -
  "POST /api/bases/1 HTTP/1.1" 401 -
  "POST /api/bases/2 HTTP/1.1" 401 -
  "POST /api/bases/3 HTTP/1.1" 401 -
  "POST /api/bases/4 HTTP/1.1" 401 -
  "POST /api/bases/999999 HTTP/1.1" 401 -
  "POST /api/bases/1/terrenos HTTP/1.1" 401 -
  "POST /api/bases/2/terrenos HTTP/1.1" 401 -
  "POST /api/bases/3/terrenos HTTP/1.1" 401 -
  "POST /api/bases/4/terrenos HTTP/1.1" 401 -
  "POST /api/bases/999999/terrenos HTTP/1.1" 401 -
  "POST /api/carpetas HTTP/1.1" 401 -
  "POST /api/formatos HTTP/1.1" 401 -
  "POST /api/inventario/terrenos HTTP/1.1" 401 -
  "POST /api/inventario/terrenos/2fa4372e-079c-4058-8ec6-d98129dd989c HTTP/1.1" 401 -
  "POST /api/inventario/terrenos/018d9674-6b93-4329-8169-884f572afe52 HTTP/1.1" 401 -
  "POST /api/inventario/terrenos/01e097c2-828b-4c33-924e-86e519de6e13 HTTP/1.1" 401 -
  "POST /api/inventario/terrenos/024acc7a-780b-4082-afcb-5455a4a10e71 HTTP/1.1" 401 -
  "POST /api/inventario/terrenos/03654261-f81d-47ef-9917-c90af1005897 HTTP/1.1" 401 -
  "POST /api/inventario/terrenos/07e82f1b-db3e-4ff1-8901-b094d20a85c8 HTTP/1.1" 401 -
  "POST /api/inventario/terrenos/0866d3b2-79fe-4e4d-a198-c3f7895b4301 HTTP/1.1" 401 -
  "POST /api/inventario/terrenos/0a12ac17-75ff-4b19-a97b-c06c1006a2f7 HTTP/1.1" 401 -
  "POST /api/inventario/terrenos/0cf6ddb8-898b-453a-aaf2-51bda5c6e40b HTTP/1.1" 401 -
  "POST /api/inventario/terrenos/0d46a18b-0423-4091-8f4c-e11488a737f1 HTTP/1.1" 401 -
  "POST /api/inventario/terrenos/0fcbd819-ce67-4e91-abc9-a32c32d259c4 HTTP/1.1" 401 -
  "POST /api/inventario/terrenos/0fed4383-ac72-4a8b-9835-9d82ff053db9 HTTP/1.1" 401 -
  "POST /api/inventario/terrenos/10446356-3348-4f30-9ac7-285dfedabe5d HTTP/1.1" 401 -
  "POST /api/inventario/terrenos/109fd367-49f2-4dcd-a47a-54d9b67e54b8 HTTP/1.1" 401 -
  "POST /api/inventario/terrenos/11ccaa05-5551-41f9-a38c-13e04e501c15 HTTP/1.1" 401 -
  "POST /api/inventario/terrenos/12eda0b1-0808-4701-86cc-521a02df4651 HTTP/1.1" 401 -
  "POST /api/inventario/terrenos/157bf209-c46d-44e1-9063-4579b70867d4 HTTP/1.1" 401 -
  "POST /api/inventario/terrenos/16e997a6-00f3-4a9e-a6ad-f275b6bf255b HTTP/1.1" 401 -
  "POST /api/inventario/terrenos/19f60121-3c04-427e-a252-0fdcbe808c02 HTTP/1.1" 401 -
  "POST /api/inventario/terrenos/1aa9017d-0c79-4341-8263-46134a842816 HTTP/1.1" 401 -
  "POST /api/inventario/terrenos/1b3f1044-8140-4b1d-94a3-de718e5ae8ad HTTP/1.1" 401 -
  "POST /api/inventario/terrenos/1bb393e7-d2a3-4e7c-8036-24052876a068 HTTP/1.1" 401 -
  "POST /api/inventario/terrenos/202fe034-18b2-4bb0-a941-243b4facfe80 HTTP/1.1" 401 -
  "POST /api/inventario/terrenos/22700d26-0043-410c-b50c-7402bbc31ae2 HTTP/1.1" 401 -
  "POST /api/inventario/terrenos/22af19b4-1a76-40ef-ac25-6d5a8350f6e0 HTTP/1.1" 401 -
  "POST /api/inventario/terrenos/26ecb58c-f113-41cf-b046-1de18cce1d8b HTTP/1.1" 401 -
  "POST /api/inventario/terrenos/2fa4372e-079c-4058-8ec6-d98129dd989c/historial HTTP/1.1" 401 -
  "POST /api/inventario/terrenos/018d9674-6b93-4329-8169-884f572afe52/historial HTTP/1.1" 401 -
  "POST /api/inventario/terrenos/01e097c2-828b-4c33-924e-86e519de6e13/historial HTTP/1.1" 401 -
  "POST /api/inventario/terrenos/024acc7a-780b-4082-afcb-5455a4a10e71/historial HTTP/1.1" 401 -
  "POST /api/inventario/terrenos/03654261-f81d-47ef-9917-c90af1005897/historial HTTP/1.1" 401 -
  "POST /api/inventario/terrenos/07e82f1b-db3e-4ff1-8901-b094d20a85c8/historial HTTP/1.1" 401 -
  "POST /api/inventario/terrenos/0866d3b2-79fe-4e4d-a198-c3f7895b4301/historial HTTP/1.1" 401 -
  "POST /api/inventario/terrenos/0a12ac17-75ff-4b19-a97b-c06c1006a2f7/historial HTTP/1.1" 401 -
  "POST /api/inventario/terrenos/0cf6ddb8-898b-453a-aaf2-51bda5c6e40b/historial HTTP/1.1" 401 -
  "POST /api/inventario/terrenos/0d46a18b-0423-4091-8f4c-e11488a737f1/historial HTTP/1.1" 401 -
  "POST /api/inventario/terrenos/0fcbd819-ce67-4e91-abc9-a32c32d259c4/historial HTTP/1.1" 401 -
  "POST /api/inventario/terrenos/0fed4383-ac72-4a8b-9835-9d82ff053db9/historial HTTP/1.1" 401 -
  "POST /api/inventario/terrenos/10446356-3348-4f30-9ac7-285dfedabe5d/historial HTTP/1.1" 401 -
  "POST /api/inventario/terrenos/109fd367-49f2-4dcd-a47a-54d9b67e54b8/historial HTTP/1.1" 401 -
  "POST /api/inventario/terrenos/11ccaa05-5551-41f9-a38c-13e04e501c15/historial HTTP/1.1" 401 -
  "POST /api/inventario/terrenos/12eda0b1-0808-4701-86cc-521a02df4651/historial HTTP/1.1" 401 -
  "POST /api/inventario/terrenos/157bf209-c46d-44e1-9063-4579b70867d4/historial HTTP/1.1" 401 -
  "POST /api/inventario/terrenos/16e997a6-00f3-4a9e-a6ad-f275b6bf255b/historial HTTP/1.1" 401 -
  "POST /api/inventario/terrenos/19f60121-3c04-427e-a252-0fdcbe808c02/historial HTTP/1.1" 401 -
  "POST /api/inventario/terrenos/1aa9017d-0c79-4341-8263-46134a842816/historial HTTP/1.1" 401 -
  "POST /api/inventario/terrenos/1b3f1044-8140-4b1d-94a3-de718e5ae8ad/historial HTTP/1.1" 401 -
  "POST /api/inventario/terrenos/1bb393e7-d2a3-4e7c-8036-24052876a068/historial HTTP/1.1" 401 -
  "POST /api/inventario/terrenos/202fe034-18b2-4bb0-a941-243b4facfe80/historial HTTP/1.1" 401 -
  "POST /api/inventario/terrenos/22700d26-0043-410c-b50c-7402bbc31ae2/historial HTTP/1.1" 401 -
  "POST /api/inventario/terrenos/22af19b4-1a76-40ef-ac25-6d5a8350f6e0/historial HTTP/1.1" 401 -
  "POST /api/inventario/terrenos/26ecb58c-f113-41cf-b046-1de18cce1d8b/historial HTTP/1.1" 401 -
  "POST /api/inventario/terrenos/2fa4372e-079c-4058-8ec6-d98129dd989c/vista-publica HTTP/1.1" 401 -
  "POST /api/inventario/terrenos/018d9674-6b93-4329-8169-884f572afe52/vista-publica HTTP/1.1" 401 -
  "POST /api/inventario/terrenos/01e097c2-828b-4c33-924e-86e519de6e13/vista-publica HTTP/1.1" 401 -
  "POST /api/inventario/terrenos/024acc7a-780b-4082-afcb-5455a4a10e71/vista-publica HTTP/1.1" 401 -
  "POST /api/inventario/terrenos/03654261-f81d-47ef-9917-c90af1005897/vista-publica HTTP/1.1" 401 -
  "POST /api/inventario/terrenos/07e82f1b-db3e-4ff1-8901-b094d20a85c8/vista-publica HTTP/1.1" 401 -
  "POST /api/inventario/terrenos/0866d3b2-79fe-4e4d-a198-c3f7895b4301/vista-publica HTTP/1.1" 401 -
  "POST /api/inventario/terrenos/0a12ac17-75ff-4b19-a97b-c06c1006a2f7/vista-publica HTTP/1.1" 401 -
  "POST /api/inventario/terrenos/0cf6ddb8-898b-453a-aaf2-51bda5c6e40b/vista-publica HTTP/1.1" 401 -
  "POST /api/inventario/terrenos/0d46a18b-0423-4091-8f4c-e11488a737f1/vista-publica HTTP/1.1" 401 -
  "POST /api/inventario/terrenos/0fcbd819-ce67-4e91-abc9-a32c32d259c4/vista-publica HTTP/1.1" 401 -
  "POST /api/inventario/terrenos/0fed4383-ac72-4a8b-9835-9d82ff053db9/vista-publica HTTP/1.1" 401 -
  "POST /api/inventario/terrenos/10446356-3348-4f30-9ac7-285dfedabe5d/vista-publica HTTP/1.1" 401 -
  "POST /api/inventario/terrenos/109fd367-49f2-4dcd-a47a-54d9b67e54b8/vista-publica HTTP/1.1" 401 -
  "POST /api/inventario/terrenos/11ccaa05-5551-41f9-a38c-13e04e501c15/vista-publica HTTP/1.1" 401 -
  "POST /api/inventario/terrenos/12eda0b1-0808-4701-86cc-521a02df4651/vista-publica HTTP/1.1" 401 -
  "POST /api/inventario/terrenos/157bf209-c46d-44e1-9063-4579b70867d4/vista-publica HTTP/1.1" 401 -
  "POST /api/inventario/terrenos/16e997a6-00f3-4a9e-a6ad-f275b6bf255b/vista-publica HTTP/1.1" 401 -
  "POST /api/inventario/terrenos/19f60121-3c04-427e-a252-0fdcbe808c02/vista-publica HTTP/1.1" 401 -
  "POST /api/inventario/terrenos/1aa9017d-0c79-4341-8263-46134a842816/vista-publica HTTP/1.1" 401 -
  "POST /api/inventario/terrenos/1b3f1044-8140-4b1d-94a3-de718e5ae8ad/vista-publica HTTP/1.1" 401 -
  "POST /api/inventario/terrenos/1bb393e7-d2a3-4e7c-8036-24052876a068/vista-publica HTTP/1.1" 401 -
  "POST /api/inventario/terrenos/202fe034-18b2-4bb0-a941-243b4facfe80/vista-publica HTTP/1.1" 401 -
  "POST /api/inventario/terrenos/22700d26-0043-410c-b50c-7402bbc31ae2/vista-publica HTTP/1.1" 401 -
  "POST /api/inventario/terrenos/22af19b4-1a76-40ef-ac25-6d5a8350f6e0/vista-publica HTTP/1.1" 401 -
  "POST /api/inventario/terrenos/26ecb58c-f113-41cf-b046-1de18cce1d8b/vista-publica HTTP/1.1" 401 -
  "POST /api/mapas HTTP/1.1" 401 -
  "POST /api/mapas/1 HTTP/1.1" 401 -
  "POST /api/mapas/2 HTTP/1.1" 401 -
  "POST /api/mapas/3 HTTP/1.1" 401 -
  "POST /api/mapas/4 HTTP/1.1" 401 -
  "POST /api/mapas/999999 HTTP/1.1" 401 -
  "POST /api/mapas/1/terrenos HTTP/1.1" 401 -
  "POST /api/mapas/2/terrenos HTTP/1.1" 401 -
  "POST /api/mapas/3/terrenos HTTP/1.1" 401 -
  "POST /api/mapas/4/terrenos HTTP/1.1" 401 -
  "POST /api/mapas/999999/terrenos HTTP/1.1" 401 -
  "POST /api/bases/1/adjuntar HTTP/1.1" 401 -
  "POST /api/bases/2/adjuntar HTTP/1.1" 401 -
  "POST /api/bases/3/adjuntar HTTP/1.1" 401 -
  "POST /api/bases/4/adjuntar HTTP/1.1" 401 -
  "POST /api/bases/999999/adjuntar HTTP/1.1" 401 -
  "POST /api/bases/1/terrenos HTTP/1.1" 401 -
  "POST /api/bases/2/terrenos HTTP/1.1" 401 -
  "POST /api/bases/3/terrenos HTTP/1.1" 401 -
  "POST /api/bases/4/terrenos HTTP/1.1" 401 -
  "POST /api/bases/999999/terrenos HTTP/1.1" 401 -
  "POST /api/carpetas HTTP/1.1" 401 -
  "POST /api/exportar HTTP/1.1" 401 -
  "POST /api/importar/analizar HTTP/1.1" 401 -
  "POST /api/importar/confirmar HTTP/1.1" 401 -
  "POST /api/importar/preparar HTTP/1.1" 401 -
  "POST /api/importar/vista-previa HTTP/1.1" 401 -
  "POST /api/inventario/terrenos HTTP/1.1" 401 -
  "POST /api/inventario/terrenos/2fa4372e-079c-4058-8ec6-d98129dd989c/archivar HTTP/1.1" 401 -
  "POST /api/inventario/terrenos/018d9674-6b93-4329-8169-884f572afe52/archivar HTTP/1.1" 401 -
  "POST /api/inventario/terrenos/01e097c2-828b-4c33-924e-86e519de6e13/archivar HTTP/1.1" 401 -
  "POST /api/inventario/terrenos/024acc7a-780b-4082-afcb-5455a4a10e71/archivar HTTP/1.1" 401 -
  "POST /api/inventario/terrenos/03654261-f81d-47ef-9917-c90af1005897/archivar HTTP/1.1" 401 -
  "POST /api/inventario/terrenos/07e82f1b-db3e-4ff1-8901-b094d20a85c8/archivar HTTP/1.1" 401 -
  "POST /api/inventario/terrenos/0866d3b2-79fe-4e4d-a198-c3f7895b4301/archivar HTTP/1.1" 401 -
  "POST /api/inventario/terrenos/0a12ac17-75ff-4b19-a97b-c06c1006a2f7/archivar HTTP/1.1" 401 -
  "POST /api/inventario/terrenos/0cf6ddb8-898b-453a-aaf2-51bda5c6e40b/archivar HTTP/1.1" 401 -
  "POST /api/inventario/terrenos/0d46a18b-0423-4091-8f4c-e11488a737f1/archivar HTTP/1.1" 401 -
  "POST /api/inventario/terrenos/0fcbd819-ce67-4e91-abc9-a32c32d259c4/archivar HTTP/1.1" 401 -
  "POST /api/inventario/terrenos/0fed4383-ac72-4a8b-9835-9d82ff053db9/archivar HTTP/1.1" 401 -
  "POST /api/inventario/terrenos/10446356-3348-4f30-9ac7-285dfedabe5d/archivar HTTP/1.1" 401 -
  "POST /api/inventario/terrenos/109fd367-49f2-4dcd-a47a-54d9b67e54b8/archivar HTTP/1.1" 401 -
  "POST /api/inventario/terrenos/11ccaa05-5551-41f9-a38c-13e04e501c15/archivar HTTP/1.1" 401 -
  "POST /api/inventario/terrenos/12eda0b1-0808-4701-86cc-521a02df4651/archivar HTTP/1.1" 401 -
  "POST /api/inventario/terrenos/157bf209-c46d-44e1-9063-4579b70867d4/archivar HTTP/1.1" 401 -
  "POST /api/inventario/terrenos/16e997a6-00f3-4a9e-a6ad-f275b6bf255b/archivar HTTP/1.1" 401 -
  "POST /api/inventario/terrenos/19f60121-3c04-427e-a252-0fdcbe808c02/archivar HTTP/1.1" 401 -
  "POST /api/inventario/terrenos/1aa9017d-0c79-4341-8263-46134a842816/archivar HTTP/1.1" 401 -
  "POST /api/inventario/terrenos/1b3f1044-8140-4b1d-94a3-de718e5ae8ad/archivar HTTP/1.1" 401 -
  "POST /api/inventario/terrenos/1bb393e7-d2a3-4e7c-8036-24052876a068/archivar HTTP/1.1" 401 -
  "POST /api/inventario/terrenos/202fe034-18b2-4bb0-a941-243b4facfe80/archivar HTTP/1.1" 401 -
  "POST /api/inventario/terrenos/22700d26-0043-410c-b50c-7402bbc31ae2/archivar HTTP/1.1" 401 -
  "POST /api/inventario/terrenos/22af19b4-1a76-40ef-ac25-6d5a8350f6e0/archivar HTTP/1.1" 401 -
  "POST /api/inventario/terrenos/26ecb58c-f113-41cf-b046-1de18cce1d8b/archivar HTTP/1.1" 401 -
  "POST /api/inventario/terrenos/2fa4372e-079c-4058-8ec6-d98129dd989c/despublicar HTTP/1.1" 401 -
  "POST /api/inventario/terrenos/018d9674-6b93-4329-8169-884f572afe52/despublicar HTTP/1.1" 401 -
  "POST /api/inventario/terrenos/01e097c2-828b-4c33-924e-86e519de6e13/despublicar HTTP/1.1" 401 -
  "POST /api/inventario/terrenos/024acc7a-780b-4082-afcb-5455a4a10e71/despublicar HTTP/1.1" 401 -
  "POST /api/inventario/terrenos/03654261-f81d-47ef-9917-c90af1005897/despublicar HTTP/1.1" 401 -
  "POST /api/inventario/terrenos/07e82f1b-db3e-4ff1-8901-b094d20a85c8/despublicar HTTP/1.1" 401 -
  "POST /api/inventario/terrenos/0866d3b2-79fe-4e4d-a198-c3f7895b4301/despublicar HTTP/1.1" 401 -
  "POST /api/inventario/terrenos/0a12ac17-75ff-4b19-a97b-c06c1006a2f7/despublicar HTTP/1.1" 401 -
  "POST /api/inventario/terrenos/0cf6ddb8-898b-453a-aaf2-51bda5c6e40b/despublicar HTTP/1.1" 401 -
  "POST /api/inventario/terrenos/0d46a18b-0423-4091-8f4c-e11488a737f1/despublicar HTTP/1.1" 401 -
  "POST /api/inventario/terrenos/0fcbd819-ce67-4e91-abc9-a32c32d259c4/despublicar HTTP/1.1" 401 -
  "POST /api/inventario/terrenos/0fed4383-ac72-4a8b-9835-9d82ff053db9/despublicar HTTP/1.1" 401 -
  "POST /api/inventario/terrenos/10446356-3348-4f30-9ac7-285dfedabe5d/despublicar HTTP/1.1" 401 -
  "POST /api/inventario/terrenos/109fd367-49f2-4dcd-a47a-54d9b67e54b8/despublicar HTTP/1.1" 401 -
  "POST /api/inventario/terrenos/11ccaa05-5551-41f9-a38c-13e04e501c15/despublicar HTTP/1.1" 401 -
  "POST /api/inventario/terrenos/12eda0b1-0808-4701-86cc-521a02df4651/despublicar HTTP/1.1" 401 -
  "POST /api/inventario/terrenos/157bf209-c46d-44e1-9063-4579b70867d4/despublicar HTTP/1.1" 401 -
  "POST /api/inventario/terrenos/16e997a6-00f3-4a9e-a6ad-f275b6bf255b/despublicar HTTP/1.1" 401 -
  "POST /api/inventario/terrenos/19f60121-3c04-427e-a252-0fdcbe808c02/despublicar HTTP/1.1" 401 -
  "POST /api/inventario/terrenos/1aa9017d-0c79-4341-8263-46134a842816/despublicar HTTP/1.1" 401 -
  "POST /api/inventario/terrenos/1b3f1044-8140-4b1d-94a3-de718e5ae8ad/despublicar HTTP/1.1" 401 -
  "POST /api/inventario/terrenos/1bb393e7-d2a3-4e7c-8036-24052876a068/despublicar HTTP/1.1" 401 -
  "POST /api/inventario/terrenos/202fe034-18b2-4bb0-a941-243b4facfe80/despublicar HTTP/1.1" 401 -
  "POST /api/inventario/terrenos/22700d26-0043-410c-b50c-7402bbc31ae2/despublicar HTTP/1.1" 401 -
  "POST /api/inventario/terrenos/22af19b4-1a76-40ef-ac25-6d5a8350f6e0/despublicar HTTP/1.1" 401 -
  "POST /api/inventario/terrenos/26ecb58c-f113-41cf-b046-1de18cce1d8b/despublicar HTTP/1.1" 401 -
  "POST /api/inventario/terrenos/2fa4372e-079c-4058-8ec6-d98129dd989c/publicar HTTP/1.1" 401 -
  "POST /api/inventario/terrenos/018d9674-6b93-4329-8169-884f572afe52/publicar HTTP/1.1" 401 -
  "POST /api/inventario/terrenos/01e097c2-828b-4c33-924e-86e519de6e13/publicar HTTP/1.1" 401 -
  "POST /api/inventario/terrenos/024acc7a-780b-4082-afcb-5455a4a10e71/publicar HTTP/1.1" 401 -
  "POST /api/inventario/terrenos/03654261-f81d-47ef-9917-c90af1005897/publicar HTTP/1.1" 401 -
  "POST /api/inventario/terrenos/07e82f1b-db3e-4ff1-8901-b094d20a85c8/publicar HTTP/1.1" 401 -
  "POST /api/inventario/terrenos/0866d3b2-79fe-4e4d-a198-c3f7895b4301/publicar HTTP/1.1" 401 -
  "POST /api/inventario/terrenos/0a12ac17-75ff-4b19-a97b-c06c1006a2f7/publicar HTTP/1.1" 401 -
  "POST /api/inventario/terrenos/0cf6ddb8-898b-453a-aaf2-51bda5c6e40b/publicar HTTP/1.1" 401 -
  "POST /api/inventario/terrenos/0d46a18b-0423-4091-8f4c-e11488a737f1/publicar HTTP/1.1" 401 -
  "POST /api/inventario/terrenos/0fcbd819-ce67-4e91-abc9-a32c32d259c4/publicar HTTP/1.1" 401 -
  "POST /api/inventario/terrenos/0fed4383-ac72-4a8b-9835-9d82ff053db9/publicar HTTP/1.1" 401 -
  "POST /api/inventario/terrenos/10446356-3348-4f30-9ac7-285dfedabe5d/publicar HTTP/1.1" 401 -
  "POST /api/inventario/terrenos/109fd367-49f2-4dcd-a47a-54d9b67e54b8/publicar HTTP/1.1" 401 -
  "POST /api/inventario/terrenos/11ccaa05-5551-41f9-a38c-13e04e501c15/publicar HTTP/1.1" 401 -
  "POST /api/inventario/terrenos/12eda0b1-0808-4701-86cc-521a02df4651/publicar HTTP/1.1" 401 -
  "POST /api/inventario/terrenos/157bf209-c46d-44e1-9063-4579b70867d4/publicar HTTP/1.1" 401 -
  "POST /api/inventario/terrenos/16e997a6-00f3-4a9e-a6ad-f275b6bf255b/publicar HTTP/1.1" 401 -
  "POST /api/inventario/terrenos/19f60121-3c04-427e-a252-0fdcbe808c02/publicar HTTP/1.1" 401 -
  "POST /api/inventario/terrenos/1aa9017d-0c79-4341-8263-46134a842816/publicar HTTP/1.1" 401 -
  "POST /api/inventario/terrenos/1b3f1044-8140-4b1d-94a3-de718e5ae8ad/publicar HTTP/1.1" 401 -
  "POST /api/inventario/terrenos/1bb393e7-d2a3-4e7c-8036-24052876a068/publicar HTTP/1.1" 401 -
  "POST /api/inventario/terrenos/202fe034-18b2-4bb0-a941-243b4facfe80/publicar HTTP/1.1" 401 -
  "POST /api/inventario/terrenos/22700d26-0043-410c-b50c-7402bbc31ae2/publicar HTTP/1.1" 401 -
  "POST /api/inventario/terrenos/22af19b4-1a76-40ef-ac25-6d5a8350f6e0/publicar HTTP/1.1" 401 -
  "POST /api/inventario/terrenos/26ecb58c-f113-41cf-b046-1de18cce1d8b/publicar HTTP/1.1" 401 -
  "POST /api/inventario/terrenos/2fa4372e-079c-4058-8ec6-d98129dd989c/restaurar HTTP/1.1" 401 -
  "POST /api/inventario/terrenos/018d9674-6b93-4329-8169-884f572afe52/restaurar HTTP/1.1" 401 -
  "POST /api/inventario/terrenos/01e097c2-828b-4c33-924e-86e519de6e13/restaurar HTTP/1.1" 401 -
  "POST /api/inventario/terrenos/024acc7a-780b-4082-afcb-5455a4a10e71/restaurar HTTP/1.1" 401 -
  "POST /api/inventario/terrenos/03654261-f81d-47ef-9917-c90af1005897/restaurar HTTP/1.1" 401 -
  "POST /api/inventario/terrenos/07e82f1b-db3e-4ff1-8901-b094d20a85c8/restaurar HTTP/1.1" 401 -
  "POST /api/inventario/terrenos/0866d3b2-79fe-4e4d-a198-c3f7895b4301/restaurar HTTP/1.1" 401 -
  "POST /api/inventario/terrenos/0a12ac17-75ff-4b19-a97b-c06c1006a2f7/restaurar HTTP/1.1" 401 -
  "POST /api/inventario/terrenos/0cf6ddb8-898b-453a-aaf2-51bda5c6e40b/restaurar HTTP/1.1" 401 -
  "POST /api/inventario/terrenos/0d46a18b-0423-4091-8f4c-e11488a737f1/restaurar HTTP/1.1" 401 -
  "POST /api/inventario/terrenos/0fcbd819-ce67-4e91-abc9-a32c32d259c4/restaurar HTTP/1.1" 401 -
  "POST /api/inventario/terrenos/0fed4383-ac72-4a8b-9835-9d82ff053db9/restaurar HTTP/1.1" 401 -
  "POST /api/inventario/terrenos/10446356-3348-4f30-9ac7-285dfedabe5d/restaurar HTTP/1.1" 401 -
  "POST /api/inventario/terrenos/109fd367-49f2-4dcd-a47a-54d9b67e54b8/restaurar HTTP/1.1" 401 -
  "POST /api/inventario/terrenos/11ccaa05-5551-41f9-a38c-13e04e501c15/restaurar HTTP/1.1" 401 -
  "POST /api/inventario/terrenos/12eda0b1-0808-4701-86cc-521a02df4651/restaurar HTTP/1.1" 401 -
  "POST /api/inventario/terrenos/157bf209-c46d-44e1-9063-4579b70867d4/restaurar HTTP/1.1" 401 -
  "POST /api/inventario/terrenos/16e997a6-00f3-4a9e-a6ad-f275b6bf255b/restaurar HTTP/1.1" 401 -
  "POST /api/inventario/terrenos/19f60121-3c04-427e-a252-0fdcbe808c02/restaurar HTTP/1.1" 401 -
  "POST /api/inventario/terrenos/1aa9017d-0c79-4341-8263-46134a842816/restaurar HTTP/1.1" 401 -
  "POST /api/inventario/terrenos/1b3f1044-8140-4b1d-94a3-de718e5ae8ad/restaurar HTTP/1.1" 401 -
  "POST /api/inventario/terrenos/1bb393e7-d2a3-4e7c-8036-24052876a068/restaurar HTTP/1.1" 401 -
  "POST /api/inventario/terrenos/202fe034-18b2-4bb0-a941-243b4facfe80/restaurar HTTP/1.1" 401 -
  "POST /api/inventario/terrenos/22700d26-0043-410c-b50c-7402bbc31ae2/restaurar HTTP/1.1" 401 -
  "POST /api/inventario/terrenos/22af19b4-1a76-40ef-ac25-6d5a8350f6e0/restaurar HTTP/1.1" 401 -
  "POST /api/inventario/terrenos/26ecb58c-f113-41cf-b046-1de18cce1d8b/restaurar HTTP/1.1" 401 -
  "POST /api/mapas HTTP/1.1" 401 -
  "POST /api/mapas/1/actualizar HTTP/1.1" 401 -
  "POST /api/mapas/2/actualizar HTTP/1.1" 401 -
  "POST /api/mapas/3/actualizar HTTP/1.1" 401 -
  "POST /api/mapas/4/actualizar HTTP/1.1" 401 -
  "POST /api/mapas/999999/actualizar HTTP/1.1" 401 -
  "POST /api/mapas/combinar HTTP/1.1" 401 -
  "POST /api/mapas/combinar/vista-previa HTTP/1.1" 401 -
  "POST /api/exportar HTTP/1.1" 401 -
  "POST /api/exportar HTTP/1.1" 401 -
  "POST /api/exportar HTTP/1.1" 401 -
  "POST /api/exportar HTTP/1.1" 401 -
  "POST /api/exportar HTTP/1.1" 401 -
  "POST /api/exportar HTTP/1.1" 401 -
  "POST /api/exportar HTTP/1.1" 401 -
  "POST /api/exportar HTTP/1.1" 401 -
  "POST /api/exportar HTTP/1.1" 401 -
  "PATCH /api/bases HTTP/1.1" 401 -
  "PATCH /api/bases/1 HTTP/1.1" 401 -
  "PATCH /api/bases/2 HTTP/1.1" 401 -
  "PATCH /api/bases/3 HTTP/1.1" 401 -
  "PATCH /api/bases/4 HTTP/1.1" 401 -
  "PATCH /api/bases/999999 HTTP/1.1" 401 -
  "PATCH /api/bases/1/terrenos HTTP/1.1" 401 -
  "PATCH /api/bases/2/terrenos HTTP/1.1" 401 -
  "PATCH /api/bases/3/terrenos HTTP/1.1" 401 -
  "PATCH /api/bases/4/terrenos HTTP/1.1" 401 -
  "PATCH /api/bases/999999/terrenos HTTP/1.1" 401 -
  "PATCH /api/carpetas HTTP/1.1" 401 -
  "PATCH /api/formatos HTTP/1.1" 401 -
  "PATCH /api/inventario/terrenos HTTP/1.1" 401 -
  "PATCH /api/inventario/terrenos/2fa4372e-079c-4058-8ec6-d98129dd989c HTTP/1.1" 401 -
  "PATCH /api/inventario/terrenos/018d9674-6b93-4329-8169-884f572afe52 HTTP/1.1" 401 -
  "PATCH /api/inventario/terrenos/01e097c2-828b-4c33-924e-86e519de6e13 HTTP/1.1" 401 -
  "PATCH /api/inventario/terrenos/024acc7a-780b-4082-afcb-5455a4a10e71 HTTP/1.1" 401 -
  "PATCH /api/inventario/terrenos/03654261-f81d-47ef-9917-c90af1005897 HTTP/1.1" 401 -
  "PATCH /api/inventario/terrenos/07e82f1b-db3e-4ff1-8901-b094d20a85c8 HTTP/1.1" 401 -
  "PATCH /api/inventario/terrenos/0866d3b2-79fe-4e4d-a198-c3f7895b4301 HTTP/1.1" 401 -
  "PATCH /api/inventario/terrenos/0a12ac17-75ff-4b19-a97b-c06c1006a2f7 HTTP/1.1" 401 -
  "PATCH /api/inventario/terrenos/0cf6ddb8-898b-453a-aaf2-51bda5c6e40b HTTP/1.1" 401 -
  "PATCH /api/inventario/terrenos/0d46a18b-0423-4091-8f4c-e11488a737f1 HTTP/1.1" 401 -
  "PATCH /api/inventario/terrenos/0fcbd819-ce67-4e91-abc9-a32c32d259c4 HTTP/1.1" 401 -
  "PATCH /api/inventario/terrenos/0fed4383-ac72-4a8b-9835-9d82ff053db9 HTTP/1.1" 401 -
  "PATCH /api/inventario/terrenos/10446356-3348-4f30-9ac7-285dfedabe5d HTTP/1.1" 401 -
  "PATCH /api/inventario/terrenos/109fd367-49f2-4dcd-a47a-54d9b67e54b8 HTTP/1.1" 401 -
  "PATCH /api/inventario/terrenos/11ccaa05-5551-41f9-a38c-13e04e501c15 HTTP/1.1" 401 -
  "PATCH /api/inventario/terrenos/12eda0b1-0808-4701-86cc-521a02df4651 HTTP/1.1" 401 -
  "PATCH /api/inventario/terrenos/157bf209-c46d-44e1-9063-4579b70867d4 HTTP/1.1" 401 -
  "PATCH /api/inventario/terrenos/16e997a6-00f3-4a9e-a6ad-f275b6bf255b HTTP/1.1" 401 -
  "PATCH /api/inventario/terrenos/19f60121-3c04-427e-a252-0fdcbe808c02 HTTP/1.1" 401 -
  "PATCH /api/inventario/terrenos/1aa9017d-0c79-4341-8263-46134a842816 HTTP/1.1" 401 -
  "PATCH /api/inventario/terrenos/1b3f1044-8140-4b1d-94a3-de718e5ae8ad HTTP/1.1" 401 -
  "PATCH /api/inventario/terrenos/1bb393e7-d2a3-4e7c-8036-24052876a068 HTTP/1.1" 401 -
  "PATCH /api/inventario/terrenos/202fe034-18b2-4bb0-a941-243b4facfe80 HTTP/1.1" 401 -
  "PATCH /api/inventario/terrenos/22700d26-0043-410c-b50c-7402bbc31ae2 HTTP/1.1" 401 -
  "PATCH /api/inventario/terrenos/22af19b4-1a76-40ef-ac25-6d5a8350f6e0 HTTP/1.1" 401 -
  "PATCH /api/inventario/terrenos/26ecb58c-f113-41cf-b046-1de18cce1d8b HTTP/1.1" 401 -
  "PATCH /api/inventario/terrenos/2fa4372e-079c-4058-8ec6-d98129dd989c/historial HTTP/1.1" 401 -
  "PATCH /api/inventario/terrenos/018d9674-6b93-4329-8169-884f572afe52/historial HTTP/1.1" 401 -
  "PATCH /api/inventario/terrenos/01e097c2-828b-4c33-924e-86e519de6e13/historial HTTP/1.1" 401 -
  "PATCH /api/inventario/terrenos/024acc7a-780b-4082-afcb-5455a4a10e71/historial HTTP/1.1" 401 -
  "PATCH /api/inventario/terrenos/03654261-f81d-47ef-9917-c90af1005897/historial HTTP/1.1" 401 -
  "PATCH /api/inventario/terrenos/07e82f1b-db3e-4ff1-8901-b094d20a85c8/historial HTTP/1.1" 401 -
  "PATCH /api/inventario/terrenos/0866d3b2-79fe-4e4d-a198-c3f7895b4301/historial HTTP/1.1" 401 -
  "PATCH /api/inventario/terrenos/0a12ac17-75ff-4b19-a97b-c06c1006a2f7/historial HTTP/1.1" 401 -
  "PATCH /api/inventario/terrenos/0cf6ddb8-898b-453a-aaf2-51bda5c6e40b/historial HTTP/1.1" 401 -
  "PATCH /api/inventario/terrenos/0d46a18b-0423-4091-8f4c-e11488a737f1/historial HTTP/1.1" 401 -
  "PATCH /api/inventario/terrenos/0fcbd819-ce67-4e91-abc9-a32c32d259c4/historial HTTP/1.1" 401 -
  "PATCH /api/inventario/terrenos/0fed4383-ac72-4a8b-9835-9d82ff053db9/historial HTTP/1.1" 401 -
  "PATCH /api/inventario/terrenos/10446356-3348-4f30-9ac7-285dfedabe5d/historial HTTP/1.1" 401 -
  "PATCH /api/inventario/terrenos/109fd367-49f2-4dcd-a47a-54d9b67e54b8/historial HTTP/1.1" 401 -
  "PATCH /api/inventario/terrenos/11ccaa05-5551-41f9-a38c-13e04e501c15/historial HTTP/1.1" 401 -
  "PATCH /api/inventario/terrenos/12eda0b1-0808-4701-86cc-521a02df4651/historial HTTP/1.1" 401 -
  "PATCH /api/inventario/terrenos/157bf209-c46d-44e1-9063-4579b70867d4/historial HTTP/1.1" 401 -
  "PATCH /api/inventario/terrenos/16e997a6-00f3-4a9e-a6ad-f275b6bf255b/historial HTTP/1.1" 401 -
  "PATCH /api/inventario/terrenos/19f60121-3c04-427e-a252-0fdcbe808c02/historial HTTP/1.1" 401 -
  "PATCH /api/inventario/terrenos/1aa9017d-0c79-4341-8263-46134a842816/historial HTTP/1.1" 401 -
  "PATCH /api/inventario/terrenos/1b3f1044-8140-4b1d-94a3-de718e5ae8ad/historial HTTP/1.1" 401 -
  "PATCH /api/inventario/terrenos/1bb393e7-d2a3-4e7c-8036-24052876a068/historial HTTP/1.1" 401 -
  "PATCH /api/inventario/terrenos/202fe034-18b2-4bb0-a941-243b4facfe80/historial HTTP/1.1" 401 -
  "PATCH /api/inventario/terrenos/22700d26-0043-410c-b50c-7402bbc31ae2/historial HTTP/1.1" 401 -
  "PATCH /api/inventario/terrenos/22af19b4-1a76-40ef-ac25-6d5a8350f6e0/historial HTTP/1.1" 401 -
  "PATCH /api/inventario/terrenos/26ecb58c-f113-41cf-b046-1de18cce1d8b/historial HTTP/1.1" 401 -
  "PATCH /api/inventario/terrenos/2fa4372e-079c-4058-8ec6-d98129dd989c/vista-publica HTTP/1.1" 401 -
  "PATCH /api/inventario/terrenos/018d9674-6b93-4329-8169-884f572afe52/vista-publica HTTP/1.1" 401 -
  "PATCH /api/inventario/terrenos/01e097c2-828b-4c33-924e-86e519de6e13/vista-publica HTTP/1.1" 401 -
  "PATCH /api/inventario/terrenos/024acc7a-780b-4082-afcb-5455a4a10e71/vista-publica HTTP/1.1" 401 -
  "PATCH /api/inventario/terrenos/03654261-f81d-47ef-9917-c90af1005897/vista-publica HTTP/1.1" 401 -
  "PATCH /api/inventario/terrenos/07e82f1b-db3e-4ff1-8901-b094d20a85c8/vista-publica HTTP/1.1" 401 -
  "PATCH /api/inventario/terrenos/0866d3b2-79fe-4e4d-a198-c3f7895b4301/vista-publica HTTP/1.1" 401 -
  "PATCH /api/inventario/terrenos/0a12ac17-75ff-4b19-a97b-c06c1006a2f7/vista-publica HTTP/1.1" 401 -
  "PATCH /api/inventario/terrenos/0cf6ddb8-898b-453a-aaf2-51bda5c6e40b/vista-publica HTTP/1.1" 401 -
  "PATCH /api/inventario/terrenos/0d46a18b-0423-4091-8f4c-e11488a737f1/vista-publica HTTP/1.1" 401 -
  "PATCH /api/inventario/terrenos/0fcbd819-ce67-4e91-abc9-a32c32d259c4/vista-publica HTTP/1.1" 401 -
  "PATCH /api/inventario/terrenos/0fed4383-ac72-4a8b-9835-9d82ff053db9/vista-publica HTTP/1.1" 401 -
  "PATCH /api/inventario/terrenos/10446356-3348-4f30-9ac7-285dfedabe5d/vista-publica HTTP/1.1" 401 -
  "PATCH /api/inventario/terrenos/109fd367-49f2-4dcd-a47a-54d9b67e54b8/vista-publica HTTP/1.1" 401 -
  "PATCH /api/inventario/terrenos/11ccaa05-5551-41f9-a38c-13e04e501c15/vista-publica HTTP/1.1" 401 -
  "PATCH /api/inventario/terrenos/12eda0b1-0808-4701-86cc-521a02df4651/vista-publica HTTP/1.1" 401 -
  "PATCH /api/inventario/terrenos/157bf209-c46d-44e1-9063-4579b70867d4/vista-publica HTTP/1.1" 401 -
  "PATCH /api/inventario/terrenos/16e997a6-00f3-4a9e-a6ad-f275b6bf255b/vista-publica HTTP/1.1" 401 -
  "PATCH /api/inventario/terrenos/19f60121-3c04-427e-a252-0fdcbe808c02/vista-publica HTTP/1.1" 401 -
  "PATCH /api/inventario/terrenos/1aa9017d-0c79-4341-8263-46134a842816/vista-publica HTTP/1.1" 401 -
  "PATCH /api/inventario/terrenos/1b3f1044-8140-4b1d-94a3-de718e5ae8ad/vista-publica HTTP/1.1" 401 -
  "PATCH /api/inventario/terrenos/1bb393e7-d2a3-4e7c-8036-24052876a068/vista-publica HTTP/1.1" 401 -
  "PATCH /api/inventario/terrenos/202fe034-18b2-4bb0-a941-243b4facfe80/vista-publica HTTP/1.1" 401 -
  "PATCH /api/inventario/terrenos/22700d26-0043-410c-b50c-7402bbc31ae2/vista-publica HTTP/1.1" 401 -
  "PATCH /api/inventario/terrenos/22af19b4-1a76-40ef-ac25-6d5a8350f6e0/vista-publica HTTP/1.1" 401 -
  "PATCH /api/inventario/terrenos/26ecb58c-f113-41cf-b046-1de18cce1d8b/vista-publica HTTP/1.1" 401 -
  "PATCH /api/mapas HTTP/1.1" 401 -
  "PATCH /api/mapas/1 HTTP/1.1" 401 -
  "PATCH /api/mapas/2 HTTP/1.1" 401 -
  "PATCH /api/mapas/3 HTTP/1.1" 401 -
  "PATCH /api/mapas/4 HTTP/1.1" 401 -
  "PATCH /api/mapas/999999 HTTP/1.1" 401 -
  "PATCH /api/mapas/1/terrenos HTTP/1.1" 401 -
  "PATCH /api/mapas/2/terrenos HTTP/1.1" 401 -
  "PATCH /api/mapas/3/terrenos HTTP/1.1" 401 -
  "PATCH /api/mapas/4/terrenos HTTP/1.1" 401 -
  "PATCH /api/mapas/999999/terrenos HTTP/1.1" 401 -
  "PATCH /api/bases/1 HTTP/1.1" 401 -
  "PATCH /api/bases/2 HTTP/1.1" 401 -
  "PATCH /api/bases/3 HTTP/1.1" 401 -
  "PATCH /api/bases/4 HTTP/1.1" 401 -
  "PATCH /api/bases/999999 HTTP/1.1" 401 -
  "PATCH /api/bases/1/carpeta HTTP/1.1" 401 -
  "PATCH /api/bases/2/carpeta HTTP/1.1" 401 -
  "PATCH /api/bases/3/carpeta HTTP/1.1" 401 -
  "PATCH /api/bases/4/carpeta HTTP/1.1" 401 -
  "PATCH /api/bases/999999/carpeta HTTP/1.1" 401 -
  "PATCH /api/carpetas/1 HTTP/1.1" 401 -
  "PATCH /api/carpetas/2 HTTP/1.1" 401 -
  "PATCH /api/carpetas/3 HTTP/1.1" 401 -
  "PATCH /api/carpetas/4 HTTP/1.1" 401 -
  "PATCH /api/carpetas/999999 HTTP/1.1" 401 -
  "PATCH /api/formatos/1 HTTP/1.1" 401 -
  "PATCH /api/formatos/2 HTTP/1.1" 401 -
  "PATCH /api/formatos/3 HTTP/1.1" 401 -
  "PATCH /api/formatos/4 HTTP/1.1" 401 -
  "PATCH /api/formatos/999999 HTTP/1.1" 401 -
  "PATCH /api/inventario/terrenos/2fa4372e-079c-4058-8ec6-d98129dd989c HTTP/1.1" 401 -
  "PATCH /api/inventario/terrenos/018d9674-6b93-4329-8169-884f572afe52 HTTP/1.1" 401 -
  "PATCH /api/inventario/terrenos/01e097c2-828b-4c33-924e-86e519de6e13 HTTP/1.1" 401 -
  "PATCH /api/inventario/terrenos/024acc7a-780b-4082-afcb-5455a4a10e71 HTTP/1.1" 401 -
  "PATCH /api/inventario/terrenos/03654261-f81d-47ef-9917-c90af1005897 HTTP/1.1" 401 -
  "PATCH /api/inventario/terrenos/07e82f1b-db3e-4ff1-8901-b094d20a85c8 HTTP/1.1" 401 -
  "PATCH /api/inventario/terrenos/0866d3b2-79fe-4e4d-a198-c3f7895b4301 HTTP/1.1" 401 -
  "PATCH /api/inventario/terrenos/0a12ac17-75ff-4b19-a97b-c06c1006a2f7 HTTP/1.1" 401 -
  "PATCH /api/inventario/terrenos/0cf6ddb8-898b-453a-aaf2-51bda5c6e40b HTTP/1.1" 401 -
  "PATCH /api/inventario/terrenos/0d46a18b-0423-4091-8f4c-e11488a737f1 HTTP/1.1" 401 -
  "PATCH /api/inventario/terrenos/0fcbd819-ce67-4e91-abc9-a32c32d259c4 HTTP/1.1" 401 -
  "PATCH /api/inventario/terrenos/0fed4383-ac72-4a8b-9835-9d82ff053db9 HTTP/1.1" 401 -
  "PATCH /api/inventario/terrenos/10446356-3348-4f30-9ac7-285dfedabe5d HTTP/1.1" 401 -
  "PATCH /api/inventario/terrenos/109fd367-49f2-4dcd-a47a-54d9b67e54b8 HTTP/1.1" 401 -
  "PATCH /api/inventario/terrenos/11ccaa05-5551-41f9-a38c-13e04e501c15 HTTP/1.1" 401 -
  "PATCH /api/inventario/terrenos/12eda0b1-0808-4701-86cc-521a02df4651 HTTP/1.1" 401 -
  "PATCH /api/inventario/terrenos/157bf209-c46d-44e1-9063-4579b70867d4 HTTP/1.1" 401 -
  "PATCH /api/inventario/terrenos/16e997a6-00f3-4a9e-a6ad-f275b6bf255b HTTP/1.1" 401 -
  "PATCH /api/inventario/terrenos/19f60121-3c04-427e-a252-0fdcbe808c02 HTTP/1.1" 401 -
  "PATCH /api/inventario/terrenos/1aa9017d-0c79-4341-8263-46134a842816 HTTP/1.1" 401 -
  "PATCH /api/inventario/terrenos/1b3f1044-8140-4b1d-94a3-de718e5ae8ad HTTP/1.1" 401 -
  "PATCH /api/inventario/terrenos/1bb393e7-d2a3-4e7c-8036-24052876a068 HTTP/1.1" 401 -
  "PATCH /api/inventario/terrenos/202fe034-18b2-4bb0-a941-243b4facfe80 HTTP/1.1" 401 -
  "PATCH /api/inventario/terrenos/22700d26-0043-410c-b50c-7402bbc31ae2 HTTP/1.1" 401 -
  "PATCH /api/inventario/terrenos/22af19b4-1a76-40ef-ac25-6d5a8350f6e0 HTTP/1.1" 401 -
  "PATCH /api/inventario/terrenos/26ecb58c-f113-41cf-b046-1de18cce1d8b HTTP/1.1" 401 -
  "PATCH /api/mapas/1 HTTP/1.1" 401 -
  "PATCH /api/mapas/2 HTTP/1.1" 401 -
  "PATCH /api/mapas/3 HTTP/1.1" 401 -
  "PATCH /api/mapas/4 HTTP/1.1" 401 -
  "PATCH /api/mapas/999999 HTTP/1.1" 401 -
  "PATCH /api/mapas/1/carpeta HTTP/1.1" 401 -
  "PATCH /api/mapas/2/carpeta HTTP/1.1" 401 -
  "PATCH /api/mapas/3/carpeta HTTP/1.1" 401 -
  "PATCH /api/mapas/4/carpeta HTTP/1.1" 401 -
  "PATCH /api/mapas/999999/carpeta HTTP/1.1" 401 -
  code 501, message Unsupported method ('PUT')
  "PUT /api/bases HTTP/1.1" 501 -
  "DELETE /api/bases/1 HTTP/1.1" 401 -
  "DELETE /api/bases/2 HTTP/1.1" 401 -
  "DELETE /api/bases/3 HTTP/1.1" 401 -
  "DELETE /api/bases/4 HTTP/1.1" 401 -
  "DELETE /api/bases/999999 HTTP/1.1" 401 -
  "DELETE /api/carpetas/1 HTTP/1.1" 401 -
  "DELETE /api/carpetas/2 HTTP/1.1" 401 -
  "DELETE /api/carpetas/3 HTTP/1.1" 401 -
  "DELETE /api/carpetas/4 HTTP/1.1" 401 -
  "DELETE /api/carpetas/999999 HTTP/1.1" 401 -
  "DELETE /api/formatos/1 HTTP/1.1" 401 -
  "DELETE /api/formatos/2 HTTP/1.1" 401 -
  "DELETE /api/formatos/3 HTTP/1.1" 401 -
  "DELETE /api/formatos/4 HTTP/1.1" 401 -
  "DELETE /api/formatos/999999 HTTP/1.1" 401 -
  "DELETE /api/mapas/1 HTTP/1.1" 401 -
  "DELETE /api/mapas/2 HTTP/1.1" 401 -
  "DELETE /api/mapas/3 HTTP/1.1" 401 -
  "DELETE /api/mapas/4 HTTP/1.1" 401 -
  "DELETE /api/mapas/999999 HTTP/1.1" 401 -
  "DELETE /api/bases HTTP/1.1" 401 -
  "DELETE /api/bases/1 HTTP/1.1" 401 -
  "DELETE /api/bases/2 HTTP/1.1" 401 -
  "DELETE /api/bases/3 HTTP/1.1" 401 -
  "DELETE /api/bases/4 HTTP/1.1" 401 -
  "DELETE /api/bases/999999 HTTP/1.1" 401 -
  "DELETE /api/bases/1/terrenos HTTP/1.1" 401 -
  "DELETE /api/bases/2/terrenos HTTP/1.1" 401 -
  "DELETE /api/bases/3/terrenos HTTP/1.1" 401 -
  "DELETE /api/bases/4/terrenos HTTP/1.1" 401 -
  "DELETE /api/bases/999999/terrenos HTTP/1.1" 401 -
  "DELETE /api/carpetas HTTP/1.1" 401 -
  "DELETE /api/formatos HTTP/1.1" 401 -
  "DELETE /api/inventario/terrenos HTTP/1.1" 401 -
  "DELETE /api/inventario/terrenos/2fa4372e-079c-4058-8ec6-d98129dd989c HTTP/1.1" 401 -
  "DELETE /api/inventario/terrenos/018d9674-6b93-4329-8169-884f572afe52 HTTP/1.1" 401 -
  "DELETE /api/inventario/terrenos/01e097c2-828b-4c33-924e-86e519de6e13 HTTP/1.1" 401 -
  "DELETE /api/inventario/terrenos/024acc7a-780b-4082-afcb-5455a4a10e71 HTTP/1.1" 401 -
  "DELETE /api/inventario/terrenos/03654261-f81d-47ef-9917-c90af1005897 HTTP/1.1" 401 -
  "DELETE /api/inventario/terrenos/07e82f1b-db3e-4ff1-8901-b094d20a85c8 HTTP/1.1" 401 -
  "DELETE /api/inventario/terrenos/0866d3b2-79fe-4e4d-a198-c3f7895b4301 HTTP/1.1" 401 -
  "DELETE /api/inventario/terrenos/0a12ac17-75ff-4b19-a97b-c06c1006a2f7 HTTP/1.1" 401 -
  "DELETE /api/inventario/terrenos/0cf6ddb8-898b-453a-aaf2-51bda5c6e40b HTTP/1.1" 401 -
  "DELETE /api/inventario/terrenos/0d46a18b-0423-4091-8f4c-e11488a737f1 HTTP/1.1" 401 -
  "DELETE /api/inventario/terrenos/0fcbd819-ce67-4e91-abc9-a32c32d259c4 HTTP/1.1" 401 -
  "DELETE /api/inventario/terrenos/0fed4383-ac72-4a8b-9835-9d82ff053db9 HTTP/1.1" 401 -
  "DELETE /api/inventario/terrenos/10446356-3348-4f30-9ac7-285dfedabe5d HTTP/1.1" 401 -
  "DELETE /api/inventario/terrenos/109fd367-49f2-4dcd-a47a-54d9b67e54b8 HTTP/1.1" 401 -
  "DELETE /api/inventario/terrenos/11ccaa05-5551-41f9-a38c-13e04e501c15 HTTP/1.1" 401 -
  "DELETE /api/inventario/terrenos/12eda0b1-0808-4701-86cc-521a02df4651 HTTP/1.1" 401 -
  "DELETE /api/inventario/terrenos/157bf209-c46d-44e1-9063-4579b70867d4 HTTP/1.1" 401 -
  "DELETE /api/inventario/terrenos/16e997a6-00f3-4a9e-a6ad-f275b6bf255b HTTP/1.1" 401 -
  "DELETE /api/inventario/terrenos/19f60121-3c04-427e-a252-0fdcbe808c02 HTTP/1.1" 401 -
  "DELETE /api/inventario/terrenos/1aa9017d-0c79-4341-8263-46134a842816 HTTP/1.1" 401 -
  "DELETE /api/inventario/terrenos/1b3f1044-8140-4b1d-94a3-de718e5ae8ad HTTP/1.1" 401 -
  "DELETE /api/inventario/terrenos/1bb393e7-d2a3-4e7c-8036-24052876a068 HTTP/1.1" 401 -
  "DELETE /api/inventario/terrenos/202fe034-18b2-4bb0-a941-243b4facfe80 HTTP/1.1" 401 -
  "DELETE /api/inventario/terrenos/22700d26-0043-410c-b50c-7402bbc31ae2 HTTP/1.1" 401 -
  "DELETE /api/inventario/terrenos/22af19b4-1a76-40ef-ac25-6d5a8350f6e0 HTTP/1.1" 401 -
  "DELETE /api/inventario/terrenos/26ecb58c-f113-41cf-b046-1de18cce1d8b HTTP/1.1" 401 -
  "DELETE /api/inventario/terrenos/2fa4372e-079c-4058-8ec6-d98129dd989c/historial HTTP/1.1" 401 -
  "DELETE /api/inventario/terrenos/018d9674-6b93-4329-8169-884f572afe52/historial HTTP/1.1" 401 -
  "DELETE /api/inventario/terrenos/01e097c2-828b-4c33-924e-86e519de6e13/historial HTTP/1.1" 401 -
  "DELETE /api/inventario/terrenos/024acc7a-780b-4082-afcb-5455a4a10e71/historial HTTP/1.1" 401 -
  "DELETE /api/inventario/terrenos/03654261-f81d-47ef-9917-c90af1005897/historial HTTP/1.1" 401 -
  "DELETE /api/inventario/terrenos/07e82f1b-db3e-4ff1-8901-b094d20a85c8/historial HTTP/1.1" 401 -
  "DELETE /api/inventario/terrenos/0866d3b2-79fe-4e4d-a198-c3f7895b4301/historial HTTP/1.1" 401 -
  "DELETE /api/inventario/terrenos/0a12ac17-75ff-4b19-a97b-c06c1006a2f7/historial HTTP/1.1" 401 -
  "DELETE /api/inventario/terrenos/0cf6ddb8-898b-453a-aaf2-51bda5c6e40b/historial HTTP/1.1" 401 -
  "DELETE /api/inventario/terrenos/0d46a18b-0423-4091-8f4c-e11488a737f1/historial HTTP/1.1" 401 -
  "DELETE /api/inventario/terrenos/0fcbd819-ce67-4e91-abc9-a32c32d259c4/historial HTTP/1.1" 401 -
  "DELETE /api/inventario/terrenos/0fed4383-ac72-4a8b-9835-9d82ff053db9/historial HTTP/1.1" 401 -
  "DELETE /api/inventario/terrenos/10446356-3348-4f30-9ac7-285dfedabe5d/historial HTTP/1.1" 401 -
  "DELETE /api/inventario/terrenos/109fd367-49f2-4dcd-a47a-54d9b67e54b8/historial HTTP/1.1" 401 -
  "DELETE /api/inventario/terrenos/11ccaa05-5551-41f9-a38c-13e04e501c15/historial HTTP/1.1" 401 -
  "DELETE /api/inventario/terrenos/12eda0b1-0808-4701-86cc-521a02df4651/historial HTTP/1.1" 401 -
  "DELETE /api/inventario/terrenos/157bf209-c46d-44e1-9063-4579b70867d4/historial HTTP/1.1" 401 -
  "DELETE /api/inventario/terrenos/16e997a6-00f3-4a9e-a6ad-f275b6bf255b/historial HTTP/1.1" 401 -
  "DELETE /api/inventario/terrenos/19f60121-3c04-427e-a252-0fdcbe808c02/historial HTTP/1.1" 401 -
  "DELETE /api/inventario/terrenos/1aa9017d-0c79-4341-8263-46134a842816/historial HTTP/1.1" 401 -
  "DELETE /api/inventario/terrenos/1b3f1044-8140-4b1d-94a3-de718e5ae8ad/historial HTTP/1.1" 401 -
  "DELETE /api/inventario/terrenos/1bb393e7-d2a3-4e7c-8036-24052876a068/historial HTTP/1.1" 401 -
  "DELETE /api/inventario/terrenos/202fe034-18b2-4bb0-a941-243b4facfe80/historial HTTP/1.1" 401 -
  "DELETE /api/inventario/terrenos/22700d26-0043-410c-b50c-7402bbc31ae2/historial HTTP/1.1" 401 -
  "DELETE /api/inventario/terrenos/22af19b4-1a76-40ef-ac25-6d5a8350f6e0/historial HTTP/1.1" 401 -
  "DELETE /api/inventario/terrenos/26ecb58c-f113-41cf-b046-1de18cce1d8b/historial HTTP/1.1" 401 -
  "DELETE /api/inventario/terrenos/2fa4372e-079c-4058-8ec6-d98129dd989c/vista-publica HTTP/1.1" 401 -
  "DELETE /api/inventario/terrenos/018d9674-6b93-4329-8169-884f572afe52/vista-publica HTTP/1.1" 401 -
  "DELETE /api/inventario/terrenos/01e097c2-828b-4c33-924e-86e519de6e13/vista-publica HTTP/1.1" 401 -
  "DELETE /api/inventario/terrenos/024acc7a-780b-4082-afcb-5455a4a10e71/vista-publica HTTP/1.1" 401 -
  "DELETE /api/inventario/terrenos/03654261-f81d-47ef-9917-c90af1005897/vista-publica HTTP/1.1" 401 -
  "DELETE /api/inventario/terrenos/07e82f1b-db3e-4ff1-8901-b094d20a85c8/vista-publica HTTP/1.1" 401 -
  "DELETE /api/inventario/terrenos/0866d3b2-79fe-4e4d-a198-c3f7895b4301/vista-publica HTTP/1.1" 401 -
  "DELETE /api/inventario/terrenos/0a12ac17-75ff-4b19-a97b-c06c1006a2f7/vista-publica HTTP/1.1" 401 -
  "DELETE /api/inventario/terrenos/0cf6ddb8-898b-453a-aaf2-51bda5c6e40b/vista-publica HTTP/1.1" 401 -
  "DELETE /api/inventario/terrenos/0d46a18b-0423-4091-8f4c-e11488a737f1/vista-publica HTTP/1.1" 401 -
  "DELETE /api/inventario/terrenos/0fcbd819-ce67-4e91-abc9-a32c32d259c4/vista-publica HTTP/1.1" 401 -
  "DELETE /api/inventario/terrenos/0fed4383-ac72-4a8b-9835-9d82ff053db9/vista-publica HTTP/1.1" 401 -
  "DELETE /api/inventario/terrenos/10446356-3348-4f30-9ac7-285dfedabe5d/vista-publica HTTP/1.1" 401 -
  "DELETE /api/inventario/terrenos/109fd367-49f2-4dcd-a47a-54d9b67e54b8/vista-publica HTTP/1.1" 401 -
  "DELETE /api/inventario/terrenos/11ccaa05-5551-41f9-a38c-13e04e501c15/vista-publica HTTP/1.1" 401 -
  "DELETE /api/inventario/terrenos/12eda0b1-0808-4701-86cc-521a02df4651/vista-publica HTTP/1.1" 401 -
  "DELETE /api/inventario/terrenos/157bf209-c46d-44e1-9063-4579b70867d4/vista-publica HTTP/1.1" 401 -
  "DELETE /api/inventario/terrenos/16e997a6-00f3-4a9e-a6ad-f275b6bf255b/vista-publica HTTP/1.1" 401 -
  "DELETE /api/inventario/terrenos/19f60121-3c04-427e-a252-0fdcbe808c02/vista-publica HTTP/1.1" 401 -
  "DELETE /api/inventario/terrenos/1aa9017d-0c79-4341-8263-46134a842816/vista-publica HTTP/1.1" 401 -
  "DELETE /api/inventario/terrenos/1b3f1044-8140-4b1d-94a3-de718e5ae8ad/vista-publica HTTP/1.1" 401 -
  "DELETE /api/inventario/terrenos/1bb393e7-d2a3-4e7c-8036-24052876a068/vista-publica HTTP/1.1" 401 -
  "DELETE /api/inventario/terrenos/202fe034-18b2-4bb0-a941-243b4facfe80/vista-publica HTTP/1.1" 401 -
  "DELETE /api/inventario/terrenos/22700d26-0043-410c-b50c-7402bbc31ae2/vista-publica HTTP/1.1" 401 -
  "DELETE /api/inventario/terrenos/22af19b4-1a76-40ef-ac25-6d5a8350f6e0/vista-publica HTTP/1.1" 401 -
  "DELETE /api/inventario/terrenos/26ecb58c-f113-41cf-b046-1de18cce1d8b/vista-publica HTTP/1.1" 401 -
  "DELETE /api/mapas HTTP/1.1" 401 -
  "DELETE /api/mapas/1 HTTP/1.1" 401 -
  "DELETE /api/mapas/2 HTTP/1.1" 401 -
  "DELETE /api/mapas/3 HTTP/1.1" 401 -
  "DELETE /api/mapas/4 HTTP/1.1" 401 -
  "DELETE /api/mapas/999999 HTTP/1.1" 401 -
  "DELETE /api/mapas/1/terrenos HTTP/1.1" 401 -
  "DELETE /api/mapas/2/terrenos HTTP/1.1" 401 -
  "DELETE /api/mapas/3/terrenos HTTP/1.1" 401 -
  "DELETE /api/mapas/4/terrenos HTTP/1.1" 401 -
  "DELETE /api/mapas/999999/terrenos HTTP/1.1" 401 -
  "POST /api/login HTTP/1.1" 401 -
  "GET /api/publico/terrenos?campos=contacto&include_private=1 HTTP/1.1" 422 -
  "GET /api/publico/terrenos/2fa4372e-079c-4058-8ec6-d98129dd989c HTTP/1.1" 404 -
  "GET /api/publico/terrenos/018d9674-6b93-4329-8169-884f572afe52 HTTP/1.1" 404 -
  "GET /api/publico/terrenos/01e097c2-828b-4c33-924e-86e519de6e13 HTTP/1.1" 404 -
  "GET /api/publico/terrenos/024acc7a-780b-4082-afcb-5455a4a10e71 HTTP/1.1" 404 -
  "GET /api/publico/terrenos/03654261-f81d-47ef-9917-c90af1005897 HTTP/1.1" 404 -
  "GET /api/publico/terrenos/07e82f1b-db3e-4ff1-8901-b094d20a85c8 HTTP/1.1" 404 -
  "GET /api/publico/terrenos/0866d3b2-79fe-4e4d-a198-c3f7895b4301 HTTP/1.1" 404 -
  "GET /api/publico/terrenos/0a12ac17-75ff-4b19-a97b-c06c1006a2f7 HTTP/1.1" 404 -
  "GET /api/publico/terrenos/0cf6ddb8-898b-453a-aaf2-51bda5c6e40b HTTP/1.1" 404 -
  "GET /api/publico/terrenos/0d46a18b-0423-4091-8f4c-e11488a737f1 HTTP/1.1" 404 -
  "GET /api/publico/terrenos/0fcbd819-ce67-4e91-abc9-a32c32d259c4 HTTP/1.1" 404 -
  "GET /api/publico/terrenos/0fed4383-ac72-4a8b-9835-9d82ff053db9 HTTP/1.1" 404 -
  "GET /api/publico/terrenos/10446356-3348-4f30-9ac7-285dfedabe5d HTTP/1.1" 404 -
  "GET /api/publico/terrenos/109fd367-49f2-4dcd-a47a-54d9b67e54b8 HTTP/1.1" 404 -
  "GET /api/publico/terrenos/11ccaa05-5551-41f9-a38c-13e04e501c15 HTTP/1.1" 404 -
  "GET /api/publico/terrenos/12eda0b1-0808-4701-86cc-521a02df4651 HTTP/1.1" 404 -
  "GET /api/publico/terrenos/157bf209-c46d-44e1-9063-4579b70867d4 HTTP/1.1" 404 -
  "GET /api/publico/terrenos/16e997a6-00f3-4a9e-a6ad-f275b6bf255b HTTP/1.1" 404 -
  "GET /api/publico/terrenos/19f60121-3c04-427e-a252-0fdcbe808c02 HTTP/1.1" 404 -
  "GET /api/publico/terrenos/1aa9017d-0c79-4341-8263-46134a842816 HTTP/1.1" 404 -
  "GET /api/publico/terrenos/1b3f1044-8140-4b1d-94a3-de718e5ae8ad HTTP/1.1" 404 -
  "GET /api/publico/terrenos/1bb393e7-d2a3-4e7c-8036-24052876a068 HTTP/1.1" 404 -
  "GET /api/publico/terrenos/202fe034-18b2-4bb0-a941-243b4facfe80 HTTP/1.1" 404 -
  "GET /api/publico/terrenos/22700d26-0043-410c-b50c-7402bbc31ae2 HTTP/1.1" 404 -
  "GET /api/publico/terrenos/22af19b4-1a76-40ef-ac25-6d5a8350f6e0 HTTP/1.1" 404 -
  "GET /api/publico/terrenos/26ecb58c-f113-41cf-b046-1de18cce1d8b HTTP/1.1" 404 -
  "GET /api/bases/4 HTTP/1.1" 404 -
  "GET /api/bases/999999 HTTP/1.1" 404 -
  "GET /api/bases/4/terrenos HTTP/1.1" 404 -
  "GET /api/bases/999999/terrenos HTTP/1.1" 404 -
  "GET /api/carpetas HTTP/1.1" 400 -
  "GET /api/inventario/terrenos/2fa4372e-079c-4058-8ec6-d98129dd989c HTTP/1.1" 404 -
  "GET /api/inventario/terrenos/2fa4372e-079c-4058-8ec6-d98129dd989c/historial HTTP/1.1" 404 -
  "GET /api/inventario/terrenos/2fa4372e-079c-4058-8ec6-d98129dd989c/vista-publica HTTP/1.1" 404 -
  "GET /api/mapas/4 HTTP/1.1" 404 -
  "GET /api/mapas/999999 HTTP/1.1" 404 -
  "GET /api/mapas/4/terrenos HTTP/1.1" 404 -
  "GET /api/mapas/999999/terrenos HTTP/1.1" 404 -
  "GET /api/exportar HTTP/1.1" 405 -
  "GET /api/INVENTARIO/terrenos HTTP/1.1" 404 -
  "GET /api/inventario//terrenos HTTP/1.1" 404 -
  "GET /api/inventario/terrenos%2f HTTP/1.1" 404 -
  "GET /api/inventario/terrenos/%2e%2e/%2e%2e/bases HTTP/1.1" 404 -
  "GET /api/inventario/terrenos?limit=250&campos=contacto HTTP/1.1" 422 -
  "GET /api/publico/terrenos?campos=contacto&include_private=1 HTTP/1.1" 422 -
  "GET /api/publico/terrenos/2fa4372e-079c-4058-8ec6-d98129dd989c HTTP/1.1" 404 -
  "GET /api/publico/terrenos/018d9674-6b93-4329-8169-884f572afe52 HTTP/1.1" 404 -
  "GET /api/publico/terrenos/01e097c2-828b-4c33-924e-86e519de6e13 HTTP/1.1" 404 -
  "GET /api/publico/terrenos/024acc7a-780b-4082-afcb-5455a4a10e71 HTTP/1.1" 404 -
  "GET /api/publico/terrenos/03654261-f81d-47ef-9917-c90af1005897 HTTP/1.1" 404 -
  "GET /api/publico/terrenos/07e82f1b-db3e-4ff1-8901-b094d20a85c8 HTTP/1.1" 404 -
  "GET /api/publico/terrenos/0866d3b2-79fe-4e4d-a198-c3f7895b4301 HTTP/1.1" 404 -
  "GET /api/publico/terrenos/0a12ac17-75ff-4b19-a97b-c06c1006a2f7 HTTP/1.1" 404 -
  "GET /api/publico/terrenos/0cf6ddb8-898b-453a-aaf2-51bda5c6e40b HTTP/1.1" 404 -
  "GET /api/publico/terrenos/0d46a18b-0423-4091-8f4c-e11488a737f1 HTTP/1.1" 404 -
  "GET /api/publico/terrenos/0fcbd819-ce67-4e91-abc9-a32c32d259c4 HTTP/1.1" 404 -
  "GET /api/publico/terrenos/0fed4383-ac72-4a8b-9835-9d82ff053db9 HTTP/1.1" 404 -
  "GET /api/publico/terrenos/10446356-3348-4f30-9ac7-285dfedabe5d HTTP/1.1" 404 -
  "GET /api/publico/terrenos/109fd367-49f2-4dcd-a47a-54d9b67e54b8 HTTP/1.1" 404 -
  "GET /api/publico/terrenos/11ccaa05-5551-41f9-a38c-13e04e501c15 HTTP/1.1" 404 -
  "GET /api/publico/terrenos/12eda0b1-0808-4701-86cc-521a02df4651 HTTP/1.1" 404 -
  "GET /api/publico/terrenos/157bf209-c46d-44e1-9063-4579b70867d4 HTTP/1.1" 404 -
  "GET /api/publico/terrenos/16e997a6-00f3-4a9e-a6ad-f275b6bf255b HTTP/1.1" 404 -
  "GET /api/publico/terrenos/19f60121-3c04-427e-a252-0fdcbe808c02 HTTP/1.1" 404 -
  "GET /api/publico/terrenos/1aa9017d-0c79-4341-8263-46134a842816 HTTP/1.1" 404 -
  "GET /api/publico/terrenos/1b3f1044-8140-4b1d-94a3-de718e5ae8ad HTTP/1.1" 404 -
  "GET /api/publico/terrenos/1bb393e7-d2a3-4e7c-8036-24052876a068 HTTP/1.1" 404 -
  "GET /api/publico/terrenos/202fe034-18b2-4bb0-a941-243b4facfe80 HTTP/1.1" 404 -
  "GET /api/publico/terrenos/22700d26-0043-410c-b50c-7402bbc31ae2 HTTP/1.1" 404 -
  "GET /api/publico/terrenos/22af19b4-1a76-40ef-ac25-6d5a8350f6e0 HTTP/1.1" 404 -
  "GET /api/publico/terrenos/26ecb58c-f113-41cf-b046-1de18cce1d8b HTTP/1.1" 404 -
  "GET /api/nope HTTP/1.1" 404 -
  "GET /api/bases HTTP/1.1" 401 -
  "GET /api/inventario/terrenos HTTP/1.1" 401 -
  "POST /api/login HTTP/1.1" 401 -
  "GET /api/inventario/terrenos HTTP/1.1" 401 -
  "POST /api/login HTTP/1.1" 401 -
  "POST /api/login HTTP/1.1" 401 -
  "POST /api/login HTTP/1.1" 401 -
  "POST /api/login HTTP/1.1" 401 -
  "POST /api/login HTTP/1.1" 429 -
  "POST /api/login HTTP/1.1" 429 -
  "POST /api/login HTTP/1.1" 429 -
  "POST /api/login HTTP/1.1" 429 -
  "POST /api/login HTTP/1.1" 429 -
  "POST /api/login HTTP/1.1" 429 -
  "POST /api/login HTTP/1.1" 429 -
  "POST /api/login HTTP/1.1" 429 -
  "POST /api/login HTTP/1.1" 429 -
  "POST /api/login HTTP/1.1" 429 -
  "POST /api/login HTTP/1.1" 429 -
  "POST /api/login HTTP/1.1" 429 -
  "POST /api/login HTTP/1.1" 429 -
  "POST /api/login HTTP/1.1" 429 -
  "POST /api/login HTTP/1.1" 429 -
  "POST /api/login HTTP/1.1" 429 -
  "POST /api/login HTTP/1.1" 429 -
  "POST /api/login HTTP/1.1" 429 -
  "POST /api/login HTTP/1.1" 429 -
  "POST /api/login HTTP/1.1" 429 -
  "POST /api/login HTTP/1.1" 429 -
  "POST /api/login HTTP/1.1" 429 -
