✔ a CSV preview sends the number convention and keeps base_id (0.548375ms)
✔ an Excel preview sends no query at all (0.090916ms)
✔ the configured upload limit applies to CSV before anything is sent (0.202417ms)
✔ suggested answers are preselected, open ones are not (1.06975ms)
✔ answers survive a new response while their question is still open (0.152958ms)
✔ corrections merge like decisions: columns accumulate, the rest is replaced (0.122792ms)
✔ the queue sends one request at a time and the newest edit wins (1.013416ms)
✔ labels (0.313ms)
✔ a failed confirmation says whether the preview was used up (0.068625ms)
✔ all, unfiled and a named folder filter without reordering (0.837958ms)
✔ filtering never replaces the full list (0.177166ms)
✔ counts include empty folders and count items once (0.142584ms)
✔ a selection that no longer exists falls back to unfiled, not all (0.117333ms)
✔ labels for views and items (0.100416ms)
✔ creation defaults to the open folder, never to all/unfiled (0.102542ms)
✔ a move patches one item by id and leaves the rest alone (0.192542ms)
✔ the first layer is the reference (2.086042ms)
✔ a terrain only in the later layer is new (0.209959ms)
✔ a terrain only in the reference layer is removed (0.146166ms)
✔ identical values report no change (0.11775ms)
✔ a different price is reported with the field named (0.371875ms)
✔ several changed fields are all listed (0.143084ms)
✔ rounding under half a percent is not a change (0.059083ms)
✔ matching ignores accents and case (0.08225ms)
✔ two same-named parcels match one to one, not both to the first (0.278042ms)
✔ genuinely different areas stay separate parcels (0.249875ms)
✔ a single layer produces no comparison at all (0.112625ms)
✔ with three layers a removal names the layers it is missing from (0.065709ms)
✔ the input array is not modified (0.073583ms)
✔ changedFields reports location and address, not only money (0.042625ms)
✔ changedFields ignores fields that are not part of the comparison (0.2325ms)
✔ summarize counts each state (0.183375ms)
✔ #3 three identical layers report no invented new terrain (0.275708ms)
✔ #3 each layer matches the reference independently (0.1545ms)
✔ #7 a terrain that only moved is reported as changed (0.081875ms)
✔ #7 latitude and longitude are reported once, together (0.049167ms)
✔ #7 a changed address is reported (0.055625ms)
✔ #7 movement under a metre is not a change (0.048167ms)
✔ removals name the layers a terrain is missing from (0.037542ms)
✔ a terrain present in every layer is not reported as removed (0.030584ms)
✔ the closest area is paired, not merely the first within tolerance (0.059416ms)
✔ a hectare is a circle of about 56.4 m radius (1.43525ms)
✔ the radius of the largest real terrain (0.385917ms)
✔ area four times larger doubles the radius (0.067375ms)
✔ missing or nonsense areas have no radius (0.065375ms)
✔ metres per pixel halves with each zoom step (0.057208ms)
✔ metres per pixel shrinks away from the equator (0.138958ms)
✔ a known scale: zoom 16 near Mexico City (0.164ms)
✔ zoomed out, the symbol wins and the mark is not to scale (0.127041ms)
✔ zoomed in, the true footprint wins and the mark is to scale (0.622208ms)
✔ the handover is continuous: radius never shrinks as you zoom in (0.638542ms)
✔ a bigger terrain reaches true scale sooner (0.246792ms)
✔ at true scale the drawn radius really is the ground radius (0.099625ms)
✔ a terrain with no area keeps its symbol at every zoom (0.077875ms)
✔ trueScaleRadius grows by four when zooming in two steps (0.068833ms)
✔ a terrain on its own gets no ring offset (0.144167ms)
✔ terrains at the same point are nudged into concentric rings (0.100375ms)
✔ terrains at different points are not nudged (0.07175ms)
✔ a big pile at one coordinate stops growing instead of swallowing the map (0.182875ms)
✔ zoomed out, every terrain is the same clean circle (0.167667ms)
✔ zoomed in, size becomes the real footprint again (1.349ms)
✔ comparison layers are still separated at the same spot (0.11ms)
✔ fixture provenance: generated by the accepted B-1 parser (0.517083ms)
✔ boundary-only terrain is located with blank X/Y (0.776875ms)
✔ XY-only terrain keeps the existing validator's verdict (0.135167ms)
✔ neither boundary nor X/Y: unplaced (0.067416ms)
✔ boundary and X/Y disagree: boundary wins, X/Y is read but never written (0.066166ms)
✔ unusable or malformed descriptors are no descriptor at all (0.21625ms)
✔ legacy rows without a geometria key keep their caller's ubicado (0.113708ms)
✔ shared contract v1 example maps through the A adapter rule (0.186ms)
✔ bodies convert [lon, lat] to Leaflet [lat, lng] explicitly (1.18575ms)
✔ holes and every part are kept (1.177459ms)
✔ cajaMayor is the largest part's shell box, which drives the handover (0.680042ms)
✔ missing body: no_disponible, never a fabricated outline (0.104417ms)
✔ failed replacement: the active descriptor's old body is used, never the pending one (0.087083ms)
✔ malformed bodies are invalid, never footprints (0.159209ms)
✔ a body shifted away from its declared bounds is invalid, not drawn elsewhere (0.133375ms)
✔ collapsed or shrunken bodies are invalid (0.1015ms)
✔ holes and other parts must stay inside the declared bounds too (0.120125ms)
✔ every parser-produced fixture body is consistent and loads (0.115625ms)
✔ bodies past the parser's vertex limit are refused, not drawn (13.383667ms)
✔ handover: symbol at distant zoom, outline once the short side reaches 24 px (0.192459ms)
✔ mixed bounds cover every boundary part and every XY point, nothing else (0.561083ms)
✔ coincident boundary symbol and XY mark get distinct rings (0.292167ms)
✔ the public projection keeps exactly the contract allowlist and no private text (1.149375ms)
✔ a public row drops any field outside the allowlist, even if the server sent one (0.400583ms)
✔ publication status uses the agreed Spanish labels (0.407417ms)
✔ a saved 'sold' draft over a live publication is flagged as not yet public (0.253958ms)
✔ inventory rows flatten the draft and classify location like the server (0.180167ms)
✔ geography is repeated parameters; price only travels with its currency (0.153459ms)
✔ internal-only filters never reach the public catalog query (0.684875ms)
✔ a page query keeps the filters and adds the cursor and the maximum limit (0.128958ms)
✔ 251 matching records assemble across the 250 page boundary with no gaps or repeats (0.76775ms)
✔ the default 100-row page also assembles completely (0.4985ms)
✔ facets come from the server's first page, for the whole candidate set (7.649292ms)
✔ a server that repeats a cursor is reported, not looped on (0.238ms)
✔ numbers are read as typed in Mexico, and ambiguous commas are refused (0.350792ms)
✔ an untouched form sends nothing; cents and unknown currency survive byte for byte (0.316791ms)
✔ only edited fields are parsed and sent, in the server's units (0.116542ms)
✔ half a coordinate pair saves as a draft (§9.1); a decimal comma is still refused (0.062333ms)
✔ server field errors map onto form fields (0.225625ms)
✔ a conflict names what the other user changed and where both of us did (0.215584ms)
✔ one create attempt keeps its key across retries; a changed body gets a new key (0.0965ms)
✔ history events normalise action, actor, time, confirmations and field changes (0.536417ms)
✔ the real workbook's prices show as dollars, cents kept (1.59225ms)
✔ pesos show as pesos (0.127083ms)
✔ a price with no recorded currency says so instead of borrowing one (0.076583ms)
✔ currencies in view: unknown counts as its own, unpriced rows do not count (0.352709ms)
✔ price filters are dropped, not applied, across currencies (0.112833ms)
✔ the same amount in another currency is a change (0.131542ms)
✔ every route round-trips through its hash (0.8145ms)
✔ only the catalog is public; anonymous lands on it, signed-in on the inventory (0.135958ms)
✔ unknown or malformed hashes are not routes (0.639208ms)
✔ ending the session cancels private requests; their callers never see a response (62.563833ms)
✔ a private response that lands after logout is dropped, not delivered (31.196292ms)
✔ public requests are outside the private scope (0.604875ms)
✔ a private 401 reports the expired session; a failed login does not (0.704375ms)
✔ an unreachable server is a readable network error the editor can tell apart (0.155375ms)
✔ create carries its Idempotency-Key; save carries the expected version (0.514ms)
✔ clearing private state forgets every team dataset but keeps the public catalog (0.334958ms)
✔ the fourteen core columns, in order; X is latitude and Y is longitude (0.674834ms)
✔ the global table shows Base and no custom column; a base shows its live ones (0.106791ms)
✔ a cell reads what was typed and converts nothing (0.5005ms)
✔ a cell's body names one field and the version it was edited at (0.0685ms)
✔ a list query is one bounded page; filters and order are the server's (0.209292ms)
✔ saves of one row run in order; other rows do not wait; a failure does not block the row (0.280083ms)
✔ an unanswered save is resolved from the row, never replayed blindly (0.1355ms)
✔ routes: the table has an address; operators have the table and the catalog only (0.141ms)
ℹ tests 128
ℹ suites 0
ℹ pass 128
ℹ fail 0
ℹ cancelled 0
ℹ skipped 0
ℹ todo 0
ℹ duration_ms 233.814333
