  "PATCH /api/inventario/terrenos/199b29c6-5f80-49b5-bb03-ab9d7458858a HTTP/1.1" 404 -
  "PATCH /api/inventario/terrenos/199b29c6-5f80-49b5-bb03-ab9d7458858a HTTP/1.1" 404 -
  "PATCH /api/inventario/terrenos/199b29c6-5f80-49b5-bb03-ab9d7458858a HTTP/1.1" 409 -
.  "PATCH /api/inventario/terrenos/7e5d0f92-df69-4f54-89a8-b794da1f6a06 HTTP/1.1" 422 -
.  "POST /api/inventario/terrenos/e1addaee-5895-4fa9-a2ee-ff3d1403df1f/transferir HTTP/1.1" 409 -
  "PATCH /api/inventario/terrenos/e1addaee-5895-4fa9-a2ee-ff3d1403df1f HTTP/1.1" 404 -
  "PATCH /api/inventario/terrenos/e1addaee-5895-4fa9-a2ee-ff3d1403df1f HTTP/1.1" 422 -
.  "PATCH /api/maestra/bases/6b54859c-cbfe-40e7-93cd-e43cf1589b9b/columnas/ecadf40a-47ba-41cd-be0b-887aa24b1909 HTTP/1.1" 409 -
  "PUT /api/maestra/bases/6b54859c-cbfe-40e7-93cd-e43cf1589b9b/acceso HTTP/1.1" 409 -
.  "PATCH /api/inventario/terrenos/bfb63c6f-0529-4bde-9400-a25efdd0f3d4 HTTP/1.1" 422 -
  "PATCH /api/inventario/terrenos/bfb63c6f-0529-4bde-9400-a25efdd0f3d4 HTTP/1.1" 422 -
  "PATCH /api/inventario/terrenos/bfb63c6f-0529-4bde-9400-a25efdd0f3d4 HTTP/1.1" 409 -
.  "POST /api/maestra/bases/007b431e-8367-412d-9555-dc88f6d49258/columnas HTTP/1.1" 422 -
  "POST /api/maestra/bases/007b431e-8367-412d-9555-dc88f6d49258/columnas HTTP/1.1" 422 -
  "POST /api/maestra/bases/007b431e-8367-412d-9555-dc88f6d49258/columnas HTTP/1.1" 422 -
  "POST /api/maestra/bases/007b431e-8367-412d-9555-dc88f6d49258/columnas HTTP/1.1" 422 -
  "POST /api/maestra/bases/007b431e-8367-412d-9555-dc88f6d49258/columnas HTTP/1.1" 422 -
  "POST /api/maestra/bases/007b431e-8367-412d-9555-dc88f6d49258/columnas HTTP/1.1" 422 -
  "POST /api/maestra/bases/007b431e-8367-412d-9555-dc88f6d49258/columnas HTTP/1.1" 422 -
  "POST /api/maestra/bases/007b431e-8367-412d-9555-dc88f6d49258/columnas HTTP/1.1" 422 -
  "POST /api/maestra/bases/007b431e-8367-412d-9555-dc88f6d49258/columnas HTTP/1.1" 422 -
  "POST /api/maestra/bases/007b431e-8367-412d-9555-dc88f6d49258/columnas HTTP/1.1" 422 -
  "POST /api/maestra/bases/007b431e-8367-412d-9555-dc88f6d49258/columnas HTTP/1.1" 422 -
  "POST /api/maestra/bases/007b431e-8367-412d-9555-dc88f6d49258/columnas HTTP/1.1" 422 -
  "POST /api/maestra/bases/007b431e-8367-412d-9555-dc88f6d49258/columnas HTTP/1.1" 422 -
  "POST /api/maestra/bases/007b431e-8367-412d-9555-dc88f6d49258/columnas HTTP/1.1" 422 -
  "POST /api/maestra/bases/007b431e-8367-412d-9555-dc88f6d49258/columnas HTTP/1.1" 422 -
  "POST /api/maestra/bases/007b431e-8367-412d-9555-dc88f6d49258/columnas HTTP/1.1" 422 -
  "POST /api/maestra/bases/007b431e-8367-412d-9555-dc88f6d49258/columnas HTTP/1.1" 422 -
  "POST /api/maestra/bases/007b431e-8367-412d-9555-dc88f6d49258/columnas HTTP/1.1" 422 -
  "PATCH /api/maestra/bases/007b431e-8367-412d-9555-dc88f6d49258/columnas/611240e1-0af9-4de8-ae0d-29318d5d619c HTTP/1.1" 422 -
  "PATCH /api/maestra/bases/007b431e-8367-412d-9555-dc88f6d49258/columnas/611240e1-0af9-4de8-ae0d-29318d5d619c HTTP/1.1" 422 -
  "PATCH /api/maestra/bases/007b431e-8367-412d-9555-dc88f6d49258/columnas/611240e1-0af9-4de8-ae0d-29318d5d619c HTTP/1.1" 422 -
  "PATCH /api/maestra/bases/007b431e-8367-412d-9555-dc88f6d49258/columnas/611240e1-0af9-4de8-ae0d-29318d5d619c HTTP/1.1" 422 -
  "PATCH /api/maestra/bases/007b431e-8367-412d-9555-dc88f6d49258/columnas/611240e1-0af9-4de8-ae0d-29318d5d619c HTTP/1.1" 422 -
  "PATCH /api/maestra/bases/007b431e-8367-412d-9555-dc88f6d49258/columnas/611240e1-0af9-4de8-ae0d-29318d5d619c HTTP/1.1" 422 -
  "PATCH /api/maestra/bases/007b431e-8367-412d-9555-dc88f6d49258/columnas/611240e1-0af9-4de8-ae0d-29318d5d619c HTTP/1.1" 422 -
  "PATCH /api/maestra/bases/007b431e-8367-412d-9555-dc88f6d49258/columnas/611240e1-0af9-4de8-ae0d-29318d5d619c HTTP/1.1" 409 -
  "PATCH /api/maestra/bases/007b431e-8367-412d-9555-dc88f6d49258/columnas/611240e1-0af9-4de8-ae0d-29318d5d619c HTTP/1.1" 409 -
  "PATCH /api/maestra/bases/007b431e-8367-412d-9555-dc88f6d49258/columnas/611240e1-0af9-4de8-ae0d-29318d5d619c HTTP/1.1" 409 -
  "PATCH /api/maestra/bases/007b431e-8367-412d-9555-dc88f6d49258/columnas/611240e1-0af9-4de8-ae0d-29318d5d619c HTTP/1.1" 409 -
  "PATCH /api/maestra/bases/007b431e-8367-412d-9555-dc88f6d49258/columnas/3b12c21c-1d85-4c35-8d92-a935fa03cd5a HTTP/1.1" 409 -
  "POST /api/maestra/bases/007b431e-8367-412d-9555-dc88f6d49258/columnas HTTP/1.1" 409 -
  "POST /api/maestra/bases/007b431e-8367-412d-9555-dc88f6d49258/columnas/3b12c21c-1d85-4c35-8d92-a935fa03cd5a/restaurar HTTP/1.1" 409 -
.  "POST /api/maestra/bases/e4ea9275-4e7e-4a00-88d4-a4000c3d403f/columnas HTTP/1.1" 409 -
  "POST /api/maestra/bases/e4ea9275-4e7e-4a00-88d4-a4000c3d403f/columnas HTTP/1.1" 409 -
.  "GET /api/maestra/bases/5bb38f9f-6987-435d-ad09-0ddd176cf8c4/columnas HTTP/1.1" 404 -
  "GET /api/maestra/bases/e792c611-df69-44bd-9d8c-98f96ac40fa6/columnas HTTP/1.1" 404 -
  "GET /api/maestra/bases/ec9370b3-4b60-42b9-9f7c-b2461883740e/columnas HTTP/1.1" 404 -
  "GET /api/maestra/bases/194f9f8c-04b4-4355-a6f3-66e8645d399e/columnas HTTP/1.1" 404 -
  "POST /api/maestra/bases/5bb38f9f-6987-435d-ad09-0ddd176cf8c4/columnas HTTP/1.1" 404 -
  "POST /api/maestra/bases/e792c611-df69-44bd-9d8c-98f96ac40fa6/columnas HTTP/1.1" 404 -
  "POST /api/maestra/bases/e792c611-df69-44bd-9d8c-98f96ac40fa6/columnas HTTP/1.1" 404 -
  "PATCH /api/maestra/bases/5bb38f9f-6987-435d-ad09-0ddd176cf8c4/columnas/88d1254a-56c9-408d-837f-1aac0eecca95 HTTP/1.1" 404 -
  "POST /api/maestra/bases/5bb38f9f-6987-435d-ad09-0ddd176cf8c4/columnas/88d1254a-56c9-408d-837f-1aac0eecca95/retirar HTTP/1.1" 404 -
  "PATCH /api/maestra/bases/e792c611-df69-44bd-9d8c-98f96ac40fa6/columnas/88d1254a-56c9-408d-837f-1aac0eecca95 HTTP/1.1" 404 -
  "PATCH /api/maestra/bases/5bb38f9f-6987-435d-ad09-0ddd176cf8c4/columnas/35922cb9-2770-477d-972f-f21691c3b3b4 HTTP/1.1" 404 -
  "POST /api/maestra/bases/5bb38f9f-6987-435d-ad09-0ddd176cf8c4/columnas/35922cb9-2770-477d-972f-f21691c3b3b4/retirar HTTP/1.1" 404 -
  "PATCH /api/maestra/bases/5bb38f9f-6987-435d-ad09-0ddd176cf8c4/columnas/5810885a-03e8-4d59-b107-da368cb5599e HTTP/1.1" 404 -
  "POST /api/maestra/bases/5bb38f9f-6987-435d-ad09-0ddd176cf8c4/columnas/5810885a-03e8-4d59-b107-da368cb5599e/retirar HTTP/1.1" 404 -
  "PATCH /api/maestra/bases/5bb38f9f-6987-435d-ad09-0ddd176cf8c4/columnas/no-es-un-id HTTP/1.1" 404 -
  "POST /api/maestra/bases/5bb38f9f-6987-435d-ad09-0ddd176cf8c4/columnas/no-es-un-id/retirar HTTP/1.1" 404 -
  "POST /api/maestra/bases/5bb38f9f-6987-435d-ad09-0ddd176cf8c4/columnas HTTP/1.1" 409 -
  "PATCH /api/maestra/bases/5bb38f9f-6987-435d-ad09-0ddd176cf8c4/columnas/88d1254a-56c9-408d-837f-1aac0eecca95 HTTP/1.1" 409 -
  "POST /api/maestra/bases/5bb38f9f-6987-435d-ad09-0ddd176cf8c4/columnas/88d1254a-56c9-408d-837f-1aac0eecca95/retirar HTTP/1.1" 409 -
  "POST /api/maestra/bases/5bb38f9f-6987-435d-ad09-0ddd176cf8c4/columnas HTTP/1.1" 404 -
.  "PATCH /api/inventario/terrenos/f4110a9e-2287-4b08-bfa2-3541b726beba HTTP/1.1" 422 -
  "PATCH /api/inventario/terrenos/f4110a9e-2287-4b08-bfa2-3541b726beba HTTP/1.1" 422 -
  "PATCH /api/inventario/terrenos/f4110a9e-2287-4b08-bfa2-3541b726beba HTTP/1.1" 422 -
  "PATCH /api/inventario/terrenos/f4110a9e-2287-4b08-bfa2-3541b726beba HTTP/1.1" 422 -
  "PATCH /api/inventario/terrenos/f4110a9e-2287-4b08-bfa2-3541b726beba HTTP/1.1" 422 -
  "PATCH /api/inventario/terrenos/f4110a9e-2287-4b08-bfa2-3541b726beba HTTP/1.1" 422 -
  "PATCH /api/inventario/terrenos/f4110a9e-2287-4b08-bfa2-3541b726beba HTTP/1.1" 422 -
  "PATCH /api/inventario/terrenos/f4110a9e-2287-4b08-bfa2-3541b726beba HTTP/1.1" 422 -
  "PATCH /api/inventario/terrenos/f4110a9e-2287-4b08-bfa2-3541b726beba HTTP/1.1" 422 -
  "PATCH /api/inventario/terrenos/f4110a9e-2287-4b08-bfa2-3541b726beba HTTP/1.1" 422 -
  "PATCH /api/inventario/terrenos/f4110a9e-2287-4b08-bfa2-3541b726beba HTTP/1.1" 422 -
  "PATCH /api/inventario/terrenos/f4110a9e-2287-4b08-bfa2-3541b726beba HTTP/1.1" 422 -
  "PATCH /api/inventario/terrenos/f4110a9e-2287-4b08-bfa2-3541b726beba HTTP/1.1" 422 -
  "PATCH /api/inventario/terrenos/f4110a9e-2287-4b08-bfa2-3541b726beba HTTP/1.1" 422 -
  "PATCH /api/inventario/terrenos/18825107-f6ef-43f6-8fcd-1330e5cd4aac HTTP/1.1" 422 -
  "POST /api/maestra/bases/bf245379-93b4-481c-b2eb-afa4520b969a/terrenos HTTP/1.1" 422 -
  "PATCH /api/inventario/terrenos/fbd8faf4-7439-4d94-b375-d2a9c880a9f1 HTTP/1.1" 404 -
  "PATCH /api/inventario/terrenos/f4110a9e-2287-4b08-bfa2-3541b726beba HTTP/1.1" 404 -
.  "PATCH /api/maestra/bases/886fcab3-a058-4fbb-8bd6-d343af5f32fe/columnas/e8811522-d9f7-4dc0-83c1-1c50c7f62f6a HTTP/1.1" 409 -
  "PATCH /api/maestra/bases/886fcab3-a058-4fbb-8bd6-d343af5f32fe/columnas/e8811522-d9f7-4dc0-83c1-1c50c7f62f6a HTTP/1.1" 409 -
  "POST /api/maestra/bases/886fcab3-a058-4fbb-8bd6-d343af5f32fe/columnas/31bb6467-66d2-47bc-8c47-8313e06c357f/retirar HTTP/1.1" 409 -
  "PATCH /api/maestra/bases/886fcab3-a058-4fbb-8bd6-d343af5f32fe/columnas/31bb6467-66d2-47bc-8c47-8313e06c357f HTTP/1.1" 409 -
  "PATCH /api/maestra/bases/886fcab3-a058-4fbb-8bd6-d343af5f32fe/columnas/31bb6467-66d2-47bc-8c47-8313e06c357f HTTP/1.1" 409 -
  "POST /api/maestra/bases/886fcab3-a058-4fbb-8bd6-d343af5f32fe/columnas/31bb6467-66d2-47bc-8c47-8313e06c357f/restaurar HTTP/1.1" 409 -
  "POST /api/maestra/bases/886fcab3-a058-4fbb-8bd6-d343af5f32fe/columnas/31bb6467-66d2-47bc-8c47-8313e06c357f/restaurar HTTP/1.1" 409 -
.  "GET /api/maestra/operadores?limit=0 HTTP/1.1" 422 -
  "GET /api/maestra/operadores?limit=201 HTTP/1.1" 422 -
  "GET /api/maestra/operadores?limit=x HTTP/1.1" 422 -
  "GET /api/maestra/operadores?rol=admin HTTP/1.1" 422 -
  "GET /api/maestra/operadores?q=xxxxxxxxxxxxxxxxxxxxxxxxxxxxxxxxxxxxxxxxxxxxxxxxxxxxxxxxxxxxxxxxxxxxxxxxxxxxxxxxxxxxxxxxxxxxxxxxxxxxx HTTP/1.1" 422 -
  "GET /api/maestra/operadores HTTP/1.1" 403 -
  "GET /api/maestra/operadores HTTP/1.1" 403 -
  "GET /api/maestra/operadores HTTP/1.1" 401 -
.  "PATCH /api/inventario/terrenos/86faba08-16ed-4664-8cbd-18f77525d712 HTTP/1.1" 422 -
  "PATCH /api/inventario/terrenos/86faba08-16ed-4664-8cbd-18f77525d712 HTTP/1.1" 422 -
  "PATCH /api/inventario/terrenos/86faba08-16ed-4664-8cbd-18f77525d712 HTTP/1.1" 422 -
  "PATCH /api/inventario/terrenos/86faba08-16ed-4664-8cbd-18f77525d712 HTTP/1.1" 422 -
  "PATCH /api/inventario/terrenos/86faba08-16ed-4664-8cbd-18f77525d712 HTTP/1.1" 422 -
  "PATCH /api/inventario/terrenos/86faba08-16ed-4664-8cbd-18f77525d712 HTTP/1.1" 422 -
  "PATCH /api/inventario/terrenos/86faba08-16ed-4664-8cbd-18f77525d712 HTTP/1.1" 422 -
  "PATCH /api/inventario/terrenos/86faba08-16ed-4664-8cbd-18f77525d712 HTTP/1.1" 422 -
  "PATCH /api/inventario/terrenos/86faba08-16ed-4664-8cbd-18f77525d712 HTTP/1.1" 422 -
  "PATCH /api/inventario/terrenos/86faba08-16ed-4664-8cbd-18f77525d712 HTTP/1.1" 422 -
  "PATCH /api/inventario/terrenos/86faba08-16ed-4664-8cbd-18f77525d712 HTTP/1.1" 422 -
  "PATCH /api/inventario/terrenos/86faba08-16ed-4664-8cbd-18f77525d712 HTTP/1.1" 422 -
  "PATCH /api/inventario/terrenos/86faba08-16ed-4664-8cbd-18f77525d712 HTTP/1.1" 422 -
  "PATCH /api/inventario/terrenos/86faba08-16ed-4664-8cbd-18f77525d712 HTTP/1.1" 422 -
  "PATCH /api/inventario/terrenos/86faba08-16ed-4664-8cbd-18f77525d712 HTTP/1.1" 422 -
  "PATCH /api/inventario/terrenos/86faba08-16ed-4664-8cbd-18f77525d712 HTTP/1.1" 422 -
  "PATCH /api/inventario/terrenos/86faba08-16ed-4664-8cbd-18f77525d712 HTTP/1.1" 422 -
  "PATCH /api/inventario/terrenos/86faba08-16ed-4664-8cbd-18f77525d712 HTTP/1.1" 422 -
  "PATCH /api/inventario/terrenos/86faba08-16ed-4664-8cbd-18f77525d712 HTTP/1.1" 422 -
  "PATCH /api/inventario/terrenos/86faba08-16ed-4664-8cbd-18f77525d712 HTTP/1.1" 422 -
  "PATCH /api/inventario/terrenos/86faba08-16ed-4664-8cbd-18f77525d712 HTTP/1.1" 422 -
.  "PATCH /api/inventario/terrenos/23bba67b-d58c-48fb-82c6-031577c7f19c HTTP/1.1" 409 -
  "GET /api/inventario/terrenos/23bba67b-d58c-48fb-82c6-031577c7f19c HTTP/1.1" 404 -
  "GET /api/inventario/terrenos/23bba67b-d58c-48fb-82c6-031577c7f19c/historial HTTP/1.1" 404 -
  "PATCH /api/inventario/terrenos/23bba67b-d58c-48fb-82c6-031577c7f19c HTTP/1.1" 409 -
  "POST /api/maestra/bases/5f86d670-f5af-4953-b01f-7ccdf6dfbee6/terrenos HTTP/1.1" 404 -
  "PATCH /api/inventario/terrenos/23bba67b-d58c-48fb-82c6-031577c7f19c HTTP/1.1" 422 -
  "PATCH /api/inventario/terrenos/23bba67b-d58c-48fb-82c6-031577c7f19c HTTP/1.1" 409 -
  "POST /api/maestra/bases/5f86d670-f5af-4953-b01f-7ccdf6dfbee6/terrenos HTTP/1.1" 404 -
  "PATCH /api/inventario/terrenos/23bba67b-d58c-48fb-82c6-031577c7f19c HTTP/1.1" 409 -
  "GET /api/inventario/terrenos/23bba67b-d58c-48fb-82c6-031577c7f19c HTTP/1.1" 404 -
  "PATCH /api/inventario/terrenos/23bba67b-d58c-48fb-82c6-031577c7f19c HTTP/1.1" 409 -
.
----------------------------------------------------------------------
Ran 13 tests in 15.770s

OK
