[serve_target] mode=local http://127.0.0.1:8433 root=/Users/andrejasso/Desktop/ARA Map
  "POST /api/inventario/terrenos HTTP/1.1" 422 -
  "POST /api/inventario/terrenos HTTP/1.1" 422 -
[serve_target] mode=local http://127.0.0.1:8433 root=/Users/andrejasso/Desktop/ARA Map
  "POST /api/inventario/terrenos HTTP/1.1" 422 -
  "POST /api/inventario/terrenos HTTP/1.1" 422 -
  "POST /api/inventario/terrenos HTTP/1.1" 422 -
  "PATCH /api/inventario/terrenos/788c1ac2-2ecb-4897-964e-a5267519e054 HTTP/1.1" 422 -
  "PATCH /api/inventario/terrenos/788c1ac2-2ecb-4897-964e-a5267519e054 HTTP/1.1" 422 -
  "PATCH /api/inventario/terrenos/788c1ac2-2ecb-4897-964e-a5267519e054 HTTP/1.1" 422 -
  "PATCH /api/inventario/terrenos/788c1ac2-2ecb-4897-964e-a5267519e054 HTTP/1.1" 422 -
  "PATCH /api/inventario/terrenos/788c1ac2-2ecb-4897-964e-a5267519e054 HTTP/1.1" 422 -
  "PATCH /api/inventario/terrenos/788c1ac2-2ecb-4897-964e-a5267519e054 HTTP/1.1" 422 -
  "PATCH /api/inventario/terrenos/788c1ac2-2ecb-4897-964e-a5267519e054 HTTP/1.1" 422 -
  "PATCH /api/inventario/terrenos/788c1ac2-2ecb-4897-964e-a5267519e054 HTTP/1.1" 422 -
  "PATCH /api/inventario/terrenos/788c1ac2-2ecb-4897-964e-a5267519e054 HTTP/1.1" 422 -
  "PATCH /api/inventario/terrenos/788c1ac2-2ecb-4897-964e-a5267519e054 HTTP/1.1" 422 -
  "PATCH /api/inventario/terrenos/395e5d10-3cf0-466a-8007-af4e25b54e67 HTTP/1.1" 422 -
  "PATCH /api/inventario/terrenos/395e5d10-3cf0-466a-8007-af4e25b54e67 HTTP/1.1" 422 -
  "PATCH /api/inventario/terrenos/395e5d10-3cf0-466a-8007-af4e25b54e67 HTTP/1.1" 422 -
  "PATCH /api/inventario/terrenos/395e5d10-3cf0-466a-8007-af4e25b54e67 HTTP/1.1" 422 -
  "PATCH /api/inventario/terrenos/395e5d10-3cf0-466a-8007-af4e25b54e67 HTTP/1.1" 422 -
  "PATCH /api/inventario/terrenos/395e5d10-3cf0-466a-8007-af4e25b54e67 HTTP/1.1" 422 -
  "PATCH /api/inventario/terrenos/395e5d10-3cf0-466a-8007-af4e25b54e67 HTTP/1.1" 422 -
  "PATCH /api/inventario/terrenos/395e5d10-3cf0-466a-8007-af4e25b54e67 HTTP/1.1" 422 -
  "PATCH /api/inventario/terrenos/395e5d10-3cf0-466a-8007-af4e25b54e67 HTTP/1.1" 422 -
  "PATCH /api/inventario/terrenos/395e5d10-3cf0-466a-8007-af4e25b54e67 HTTP/1.1" 422 -
  "PATCH /api/inventario/terrenos/1ffff504-bc42-4dff-abb0-68f9b8fbd216 HTTP/1.1" 422 -
  "PATCH /api/inventario/terrenos/1ffff504-bc42-4dff-abb0-68f9b8fbd216 HTTP/1.1" 422 -
  "PATCH /api/inventario/terrenos/1ffff504-bc42-4dff-abb0-68f9b8fbd216 HTTP/1.1" 422 -
  "PATCH /api/inventario/terrenos/1ffff504-bc42-4dff-abb0-68f9b8fbd216 HTTP/1.1" 422 -
  "PATCH /api/inventario/terrenos/1ffff504-bc42-4dff-abb0-68f9b8fbd216 HTTP/1.1" 422 -
  "PATCH /api/inventario/terrenos/1ffff504-bc42-4dff-abb0-68f9b8fbd216 HTTP/1.1" 422 -
  "PATCH /api/inventario/terrenos/1ffff504-bc42-4dff-abb0-68f9b8fbd216 HTTP/1.1" 422 -
  "PATCH /api/inventario/terrenos/1ffff504-bc42-4dff-abb0-68f9b8fbd216 HTTP/1.1" 422 -
  "PATCH /api/inventario/terrenos/1ffff504-bc42-4dff-abb0-68f9b8fbd216 HTTP/1.1" 422 -
  "PATCH /api/inventario/terrenos/1ffff504-bc42-4dff-abb0-68f9b8fbd216 HTTP/1.1" 422 -
  "POST /api/inventario/terrenos/788c1ac2-2ecb-4897-964e-a5267519e054/archivar HTTP/1.1" 404 -
  "POST /api/inventario/terrenos/788c1ac2-2ecb-4897-964e-a5267519e054/restaurar HTTP/1.1" 404 -
  "POST /api/inventario/terrenos/788c1ac2-2ecb-4897-964e-a5267519e054/publicar HTTP/1.1" 404 -
  "POST /api/inventario/terrenos/788c1ac2-2ecb-4897-964e-a5267519e054/despublicar HTTP/1.1" 404 -
  "PATCH /api/inventario/terrenos/11737a9c-25df-4ad0-82db-3bc26840d2a8 HTTP/1.1" 422 -
  "PATCH /api/inventario/terrenos/11737a9c-25df-4ad0-82db-3bc26840d2a8 HTTP/1.1" 422 -
  "PATCH /api/inventario/terrenos/11737a9c-25df-4ad0-82db-3bc26840d2a8 HTTP/1.1" 422 -
  "PATCH /api/inventario/terrenos/11737a9c-25df-4ad0-82db-3bc26840d2a8 HTTP/1.1" 422 -
  "PATCH /api/inventario/terrenos/11737a9c-25df-4ad0-82db-3bc26840d2a8 HTTP/1.1" 422 -
  "PATCH /api/inventario/terrenos/11737a9c-25df-4ad0-82db-3bc26840d2a8 HTTP/1.1" 422 -
  "PATCH /api/inventario/terrenos/11737a9c-25df-4ad0-82db-3bc26840d2a8 HTTP/1.1" 422 -
  "PATCH /api/inventario/terrenos/11737a9c-25df-4ad0-82db-3bc26840d2a8 HTTP/1.1" 422 -
  "PATCH /api/inventario/terrenos/11737a9c-25df-4ad0-82db-3bc26840d2a8 HTTP/1.1" 422 -
  "PATCH /api/inventario/terrenos/11737a9c-25df-4ad0-82db-3bc26840d2a8 HTTP/1.1" 422 -
  "PATCH /api/inventario/terrenos/11737a9c-25df-4ad0-82db-3bc26840d2a8 HTTP/1.1" 422 -
  "PATCH /api/inventario/terrenos/11737a9c-25df-4ad0-82db-3bc26840d2a8 HTTP/1.1" 422 -
  "PATCH /api/inventario/terrenos/11737a9c-25df-4ad0-82db-3bc26840d2a8 HTTP/1.1" 422 -
  "POST /api/inventario/terrenos HTTP/1.1" 422 -
  "POST /api/inventario/terrenos HTTP/1.1" 422 -
[serve_target] mode=local http://127.0.0.1:8433 root=/Users/andrejasso/Desktop/ARA Map
  "POST /api/inventario/terrenos HTTP/1.1" 409 -
[serve_target] FAULT INJECTION active: server.repo.inventario._event raises on 'FAULT-INJECT-341f2072'
[serve_target] mode=local http://127.0.0.1:8433 root=/Users/andrejasso/Desktop/ARA Map
Traceback (most recent call last):
  File "/Users/andrejasso/Desktop/ARA Map/server/app.py", line 166, in _dispatch
    result = handler(request)
  File "/Users/andrejasso/Desktop/ARA Map/server/api/inventario.py", line 89, in create
    return repo.create(conn, fields, actor, key, request_hash)
           ~~~~~~~~~~~^^^^^^^^^^^^^^^^^^^^^^^^^^^^^^^^^^^^^^^^
  File "/Users/andrejasso/Desktop/ARA Map/server/repo/inventario.py", line 109, in create
    return _create(conn, fields, actor, key, request_hash)
  File "/Users/andrejasso/Desktop/ARA Map/server/repo/inventario.py", line 139, in _create
    _event(conn, inventory_id, 1, "create", actor, ahora, None, revision_id, {"changes": cambios})
    ~~~~~~^^^^^^^^^^^^^^^^^^^^^^^^^^^^^^^^^^^^^^^^^^^^^^^^^^^^^^^^^^^^^^^^^^^^^^^^^^^^^^^^^^^^^^^^
  File "/Users/andrejasso/Desktop/ARA Map/reports/inventory-developer-handoff-2026-10-05/verification/stage1/serve_target.py", line 41, in faulty
    raise RuntimeError("verifier fault injection before inventory_event insert")
RuntimeError: verifier fault injection before inventory_event insert
  "POST /api/inventario/terrenos HTTP/1.1" 500 -
Traceback (most recent call last):
  File "/Users/andrejasso/Desktop/ARA Map/server/app.py", line 166, in _dispatch
    result = handler(request)
  File "/Users/andrejasso/Desktop/ARA Map/server/api/inventario.py", line 124, in update
    return {"terreno": repo.update(conn, inventory_id, expected, fields,
                       ~~~~~~~~~~~^^^^^^^^^^^^^^^^^^^^^^^^^^^^^^^^^^^^^^
                                   tuple(dict.fromkeys(confirm)), actor)}
                                   ^^^^^^^^^^^^^^^^^^^^^^^^^^^^^^^^^^^^^
  File "/Users/andrejasso/Desktop/ARA Map/server/repo/inventario.py", line 185, in update
    _event(conn, inventory_id, expected_version + 1, "update", actor, ahora,
    ~~~~~~^^^^^^^^^^^^^^^^^^^^^^^^^^^^^^^^^^^^^^^^^^^^^^^^^^^^^^^^^^^^^^^^^^
           current["draft_revision_id"], revision_id, details)
           ^^^^^^^^^^^^^^^^^^^^^^^^^^^^^^^^^^^^^^^^^^^^^^^^^^^
  File "/Users/andrejasso/Desktop/ARA Map/reports/inventory-developer-handoff-2026-10-05/verification/stage1/serve_target.py", line 41, in faulty
    raise RuntimeError("verifier fault injection before inventory_event insert")
RuntimeError: verifier fault injection before inventory_event insert
  "PATCH /api/inventario/terrenos/18213219-c0d4-4520-9cef-20418b39eaab HTTP/1.1" 500 -
[serve_target] mode=local http://127.0.0.1:8433 root=/Users/andrejasso/Desktop/ARA Map
  "PATCH /api/inventario/terrenos/8018278a-199b-4276-91ad-62760d0ea3f1 HTTP/1.1" 409 -
  "PATCH /api/inventario/terrenos/8018278a-199b-4276-91ad-62760d0ea3f1 HTTP/1.1" 409 -
  "PATCH /api/inventario/terrenos/8018278a-199b-4276-91ad-62760d0ea3f1 HTTP/1.1" 409 -
  "PATCH /api/inventario/terrenos/8018278a-199b-4276-91ad-62760d0ea3f1 HTTP/1.1" 409 -
  "PATCH /api/inventario/terrenos/8018278a-199b-4276-91ad-62760d0ea3f1 HTTP/1.1" 422 -
  "PATCH /api/inventario/terrenos/8018278a-199b-4276-91ad-62760d0ea3f1 HTTP/1.1" 422 -
  "PATCH /api/inventario/terrenos/8018278a-199b-4276-91ad-62760d0ea3f1 HTTP/1.1" 409 -
  "PATCH /api/inventario/terrenos/8018278a-199b-4276-91ad-62760d0ea3f1 HTTP/1.1" 409 -
  "POST /api/login HTTP/1.1" 401 -
  "POST /api/login HTTP/1.1" 401 -
  "GET /api/inventario/terrenos HTTP/1.1" 401 -
  "GET /api/inventario/terrenos HTTP/1.1" 401 -
  "GET /api/inventario/terrenos HTTP/1.1" 401 -
  "GET /api/bases HTTP/1.1" 401 -
  "POST /api/carpetas HTTP/1.1" 401 -
  "POST /api/inventario/terrenos HTTP/1.1" 401 -
  "PATCH /api/inventario/terrenos/3d18748d-3b92-4c91-97cf-296d5f3b6515 HTTP/1.1" 403 -
  "POST /api/inventario/terrenos HTTP/1.1" 403 -
  "PATCH /api/inventario/terrenos/3d18748d-3b92-4c91-97cf-296d5f3b6515 HTTP/1.1" 403 -
  "POST /api/inventario/terrenos HTTP/1.1" 403 -
  "PATCH /api/inventario/terrenos/3d18748d-3b92-4c91-97cf-296d5f3b6515 HTTP/1.1" 403 -
  "POST /api/inventario/terrenos HTTP/1.1" 403 -
  "POST /api/login HTTP/1.1" 403 -
  "POST /api/registro HTTP/1.1" 401 -
  "POST /api/registro HTTP/1.1" 404 -
  "POST /api/register HTTP/1.1" 401 -
  "POST /api/register HTTP/1.1" 404 -
  "POST /api/signup HTTP/1.1" 401 -
  "POST /api/signup HTTP/1.1" 404 -
  "POST /api/usuarios HTTP/1.1" 401 -
  "POST /api/usuarios HTTP/1.1" 404 -
  "POST /api/users HTTP/1.1" 401 -
  "POST /api/users HTTP/1.1" 404 -
  "POST /api/cuentas HTTP/1.1" 401 -
  "POST /api/cuentas HTTP/1.1" 404 -
  "POST /api/team HTTP/1.1" 401 -
  "POST /api/team HTTP/1.1" 404 -
  "POST /api/session HTTP/1.1" 401 -
  "POST /api/session HTTP/1.1" 405 -
  "POST /api/login HTTP/1.1" 401 -
  "GET /api/inventario/terrenos HTTP/1.1" 401 -
  "PATCH /api/inventario/terrenos/3d18748d-3b92-4c91-97cf-296d5f3b6515 HTTP/1.1" 401 -
  "GET /api/inventario/terrenos HTTP/1.1" 401 -
  "GET /api/bases HTTP/1.1" 401 -
  "GET /api/bases/1 HTTP/1.1" 401 -
  "GET /api/bases/2 HTTP/1.1" 401 -
  "GET /api/bases/3 HTTP/1.1" 401 -
  "GET /api/bases/4 HTTP/1.1" 401 -
  "GET /api/bases/999999 HTTP/1.1" 401 -
  "GET /api/bases/1/terrenos HTTP/1.1" 401 -
  "GET /api/bases/2/terrenos HTTP/1.1" 401 -
  "GET /api/bases/3/terrenos HTTP/1.1" 401 -
  "GET /api/bases/4/terrenos HTTP/1.1" 401 -
  "GET /api/bases/999999/terrenos HTTP/1.1" 401 -
  "GET /api/carpetas HTTP/1.1" 401 -
  "GET /api/formatos HTTP/1.1" 401 -
  "GET /api/inventario/terrenos HTTP/1.1" 401 -
  "GET /api/inventario/terrenos/9448ef34-0708-4fa5-80dc-5008e21932e1 HTTP/1.1" 401 -
  "GET /api/inventario/terrenos/0064e18f-5800-44a8-ad52-0aa5225cf0de HTTP/1.1" 401 -
  "GET /api/inventario/terrenos/0445b5fc-ea79-412b-bddc-3197af23dfba HTTP/1.1" 401 -
  "GET /api/inventario/terrenos/05261fdf-590b-43f0-aaa0-974ba7b18b34 HTTP/1.1" 401 -
  "GET /api/inventario/terrenos/0a5bf04e-f4d3-4d13-8a9b-840fd6ca161b HTTP/1.1" 401 -
  "GET /api/inventario/terrenos/0bca0557-15d5-45b5-9830-9a44ca9b4a0a HTTP/1.1" 401 -
  "GET /api/inventario/terrenos/0c5db0ef-9dfa-4566-8861-a4d847fb65a9 HTTP/1.1" 401 -
  "GET /api/inventario/terrenos/0cd33589-32e7-4410-969f-44815422eec8 HTTP/1.1" 401 -
  "GET /api/inventario/terrenos/0e82e5f8-df84-4d0b-8bb7-047f2e4a4514 HTTP/1.1" 401 -
  "GET /api/inventario/terrenos/0fe7a736-914c-4488-95c4-28abb0b8452d HTTP/1.1" 401 -
  "GET /api/inventario/terrenos/103d62d3-8ef3-4ee7-9af3-63c3342307f5 HTTP/1.1" 401 -
  "GET /api/inventario/terrenos/10b5c3e3-978a-4eb6-9a18-c80b90547bb1 HTTP/1.1" 401 -
  "GET /api/inventario/terrenos/1106ae6d-3dff-429f-9329-88b2f316511d HTTP/1.1" 401 -
  "GET /api/inventario/terrenos/11737a9c-25df-4ad0-82db-3bc26840d2a8 HTTP/1.1" 401 -
  "GET /api/inventario/terrenos/1548abb7-22af-4ed6-9745-0ac4996c9640 HTTP/1.1" 401 -
  "GET /api/inventario/terrenos/18213219-c0d4-4520-9cef-20418b39eaab HTTP/1.1" 401 -
  "GET /api/inventario/terrenos/1b3d0a1e-b73e-4137-8407-9d9ffd729ac5 HTTP/1.1" 401 -
  "GET /api/inventario/terrenos/1c8bd634-4cf0-4319-afc7-acaef92a7ded HTTP/1.1" 401 -
  "GET /api/inventario/terrenos/1cbb9ab9-6436-438d-a474-ff7b0aa45728 HTTP/1.1" 401 -
  "GET /api/inventario/terrenos/1dc53292-2b8d-43e0-a37e-3fc5423d7ad0 HTTP/1.1" 401 -
  "GET /api/inventario/terrenos/1e80bb09-5649-4d9b-b5dd-460c40d02f71 HTTP/1.1" 401 -
  "GET /api/inventario/terrenos/1fc7f8d0-8ae0-4125-8422-27a26c538470 HTTP/1.1" 401 -
  "GET /api/inventario/terrenos/1ffff504-bc42-4dff-abb0-68f9b8fbd216 HTTP/1.1" 401 -
  "GET /api/inventario/terrenos/2393bac7-f95b-4a22-93e3-5fefa7f0bf32 HTTP/1.1" 401 -
  "GET /api/inventario/terrenos/253e1489-f3fe-4dd7-bd56-15fe6d443840 HTTP/1.1" 401 -
  "GET /api/inventario/terrenos/25c3620c-6a6b-418a-b972-adf83db782c6 HTTP/1.1" 401 -
  "GET /api/inventario/terrenos/9448ef34-0708-4fa5-80dc-5008e21932e1/historial HTTP/1.1" 401 -
  "GET /api/inventario/terrenos/0064e18f-5800-44a8-ad52-0aa5225cf0de/historial HTTP/1.1" 401 -
  "GET /api/inventario/terrenos/0445b5fc-ea79-412b-bddc-3197af23dfba/historial HTTP/1.1" 401 -
  "GET /api/inventario/terrenos/05261fdf-590b-43f0-aaa0-974ba7b18b34/historial HTTP/1.1" 401 -
  "GET /api/inventario/terrenos/0a5bf04e-f4d3-4d13-8a9b-840fd6ca161b/historial HTTP/1.1" 401 -
  "GET /api/inventario/terrenos/0bca0557-15d5-45b5-9830-9a44ca9b4a0a/historial HTTP/1.1" 401 -
  "GET /api/inventario/terrenos/0c5db0ef-9dfa-4566-8861-a4d847fb65a9/historial HTTP/1.1" 401 -
  "GET /api/inventario/terrenos/0cd33589-32e7-4410-969f-44815422eec8/historial HTTP/1.1" 401 -
  "GET /api/inventario/terrenos/0e82e5f8-df84-4d0b-8bb7-047f2e4a4514/historial HTTP/1.1" 401 -
  "GET /api/inventario/terrenos/0fe7a736-914c-4488-95c4-28abb0b8452d/historial HTTP/1.1" 401 -
  "GET /api/inventario/terrenos/103d62d3-8ef3-4ee7-9af3-63c3342307f5/historial HTTP/1.1" 401 -
  "GET /api/inventario/terrenos/10b5c3e3-978a-4eb6-9a18-c80b90547bb1/historial HTTP/1.1" 401 -
  "GET /api/inventario/terrenos/1106ae6d-3dff-429f-9329-88b2f316511d/historial HTTP/1.1" 401 -
  "GET /api/inventario/terrenos/11737a9c-25df-4ad0-82db-3bc26840d2a8/historial HTTP/1.1" 401 -
  "GET /api/inventario/terrenos/1548abb7-22af-4ed6-9745-0ac4996c9640/historial HTTP/1.1" 401 -
  "GET /api/inventario/terrenos/18213219-c0d4-4520-9cef-20418b39eaab/historial HTTP/1.1" 401 -
  "GET /api/inventario/terrenos/1b3d0a1e-b73e-4137-8407-9d9ffd729ac5/historial HTTP/1.1" 401 -
  "GET /api/inventario/terrenos/1c8bd634-4cf0-4319-afc7-acaef92a7ded/historial HTTP/1.1" 401 -
  "GET /api/inventario/terrenos/1cbb9ab9-6436-438d-a474-ff7b0aa45728/historial HTTP/1.1" 401 -
  "GET /api/inventario/terrenos/1dc53292-2b8d-43e0-a37e-3fc5423d7ad0/historial HTTP/1.1" 401 -
  "GET /api/inventario/terrenos/1e80bb09-5649-4d9b-b5dd-460c40d02f71/historial HTTP/1.1" 401 -
  "GET /api/inventario/terrenos/1fc7f8d0-8ae0-4125-8422-27a26c538470/historial HTTP/1.1" 401 -
  "GET /api/inventario/terrenos/1ffff504-bc42-4dff-abb0-68f9b8fbd216/historial HTTP/1.1" 401 -
  "GET /api/inventario/terrenos/2393bac7-f95b-4a22-93e3-5fefa7f0bf32/historial HTTP/1.1" 401 -
  "GET /api/inventario/terrenos/253e1489-f3fe-4dd7-bd56-15fe6d443840/historial HTTP/1.1" 401 -
  "GET /api/inventario/terrenos/25c3620c-6a6b-418a-b972-adf83db782c6/historial HTTP/1.1" 401 -
  "GET /api/inventario/terrenos/9448ef34-0708-4fa5-80dc-5008e21932e1/vista-publica HTTP/1.1" 401 -
  "GET /api/inventario/terrenos/0064e18f-5800-44a8-ad52-0aa5225cf0de/vista-publica HTTP/1.1" 401 -
  "GET /api/inventario/terrenos/0445b5fc-ea79-412b-bddc-3197af23dfba/vista-publica HTTP/1.1" 401 -
  "GET /api/inventario/terrenos/05261fdf-590b-43f0-aaa0-974ba7b18b34/vista-publica HTTP/1.1" 401 -
  "GET /api/inventario/terrenos/0a5bf04e-f4d3-4d13-8a9b-840fd6ca161b/vista-publica HTTP/1.1" 401 -
  "GET /api/inventario/terrenos/0bca0557-15d5-45b5-9830-9a44ca9b4a0a/vista-publica HTTP/1.1" 401 -
  "GET /api/inventario/terrenos/0c5db0ef-9dfa-4566-8861-a4d847fb65a9/vista-publica HTTP/1.1" 401 -
  "GET /api/inventario/terrenos/0cd33589-32e7-4410-969f-44815422eec8/vista-publica HTTP/1.1" 401 -
  "GET /api/inventario/terrenos/0e82e5f8-df84-4d0b-8bb7-047f2e4a4514/vista-publica HTTP/1.1" 401 -
  "GET /api/inventario/terrenos/0fe7a736-914c-4488-95c4-28abb0b8452d/vista-publica HTTP/1.1" 401 -
  "GET /api/inventario/terrenos/103d62d3-8ef3-4ee7-9af3-63c3342307f5/vista-publica HTTP/1.1" 401 -
  "GET /api/inventario/terrenos/10b5c3e3-978a-4eb6-9a18-c80b90547bb1/vista-publica HTTP/1.1" 401 -
  "GET /api/inventario/terrenos/1106ae6d-3dff-429f-9329-88b2f316511d/vista-publica HTTP/1.1" 401 -
  "GET /api/inventario/terrenos/11737a9c-25df-4ad0-82db-3bc26840d2a8/vista-publica HTTP/1.1" 401 -
  "GET /api/inventario/terrenos/1548abb7-22af-4ed6-9745-0ac4996c9640/vista-publica HTTP/1.1" 401 -
  "GET /api/inventario/terrenos/18213219-c0d4-4520-9cef-20418b39eaab/vista-publica HTTP/1.1" 401 -
  "GET /api/inventario/terrenos/1b3d0a1e-b73e-4137-8407-9d9ffd729ac5/vista-publica HTTP/1.1" 401 -
  "GET /api/inventario/terrenos/1c8bd634-4cf0-4319-afc7-acaef92a7ded/vista-publica HTTP/1.1" 401 -
  "GET /api/inventario/terrenos/1cbb9ab9-6436-438d-a474-ff7b0aa45728/vista-publica HTTP/1.1" 401 -
  "GET /api/inventario/terrenos/1dc53292-2b8d-43e0-a37e-3fc5423d7ad0/vista-publica HTTP/1.1" 401 -
  "GET /api/inventario/terrenos/1e80bb09-5649-4d9b-b5dd-460c40d02f71/vista-publica HTTP/1.1" 401 -
  "GET /api/inventario/terrenos/1fc7f8d0-8ae0-4125-8422-27a26c538470/vista-publica HTTP/1.1" 401 -
  "GET /api/inventario/terrenos/1ffff504-bc42-4dff-abb0-68f9b8fbd216/vista-publica HTTP/1.1" 401 -
  "GET /api/inventario/terrenos/2393bac7-f95b-4a22-93e3-5fefa7f0bf32/vista-publica HTTP/1.1" 401 -
  "GET /api/inventario/terrenos/253e1489-f3fe-4dd7-bd56-15fe6d443840/vista-publica HTTP/1.1" 401 -
  "GET /api/inventario/terrenos/25c3620c-6a6b-418a-b972-adf83db782c6/vista-publica HTTP/1.1" 401 -
  "GET /api/mapas HTTP/1.1" 401 -
  "GET /api/mapas/1 HTTP/1.1" 401 -
  "GET /api/mapas/2 HTTP/1.1" 401 -
  "GET /api/mapas/3 HTTP/1.1" 401 -
  "GET /api/mapas/4 HTTP/1.1" 401 -
  "GET /api/mapas/999999 HTTP/1.1" 401 -
  "GET /api/mapas/1/terrenos HTTP/1.1" 401 -
  "GET /api/mapas/2/terrenos HTTP/1.1" 401 -
  "GET /api/mapas/3/terrenos HTTP/1.1" 401 -
  "GET /api/mapas/4/terrenos HTTP/1.1" 401 -
  "GET /api/mapas/999999/terrenos HTTP/1.1" 401 -
  "GET /api/carpetas?tipo=bases HTTP/1.1" 401 -
  "GET /api/carpetas?tipo=mapas HTTP/1.1" 401 -
  "GET /api/bases/1/terrenos?ids=1 HTTP/1.1" 401 -
  "GET /api/mapas/2/terrenos?capa=1 HTTP/1.1" 401 -
  "GET /api/inventario/terrenos?limit=250&include_archived=true HTTP/1.1" 401 -
  "GET /api/exportar HTTP/1.1" 401 -
  "GET /api/nope HTTP/1.1" 401 -
  "GET /api/bases/1/secreto HTTP/1.1" 401 -
  "GET /api/inventario HTTP/1.1" 401 -
  "GET /api/inventario/terrenos/x/y/z HTTP/1.1" 401 -
  "GET /api/BASES HTTP/1.1" 401 -
  "GET /api//bases HTTP/1.1" 401 -
  "GET /api/bases/ HTTP/1.1" 401 -
  "GET /api/./bases HTTP/1.1" 401 -
  "GET /api/bases%2F1 HTTP/1.1" 401 -
  "GET /api/publico/terrenos/../../bases HTTP/1.1" 401 -
  "GET /api/publico/terrenos/..%2f..%2fbases HTTP/1.1" 404 -
  "GET /api/publico/../bases HTTP/1.1" 401 -
  "GET /api/config/../bases HTTP/1.1" 401 -
  "GET /api/session/../mapas/1/terrenos HTTP/1.1" 401 -
  "GET /api/bases?x=/api/config HTTP/1.1" 401 -
  "GET /api/publico/terrenosX HTTP/1.1" 401 -
  "GET /api/publico HTTP/1.1" 401 -
  "GET /api/exportar/ HTTP/1.1" 401 -
  "GET /api/inventario/terrenos/ HTTP/1.1" 401 -
  "GET /api/INVENTARIO/terrenos HTTP/1.1" 401 -
  "GET /api/inventario/terrenos;x=1 HTTP/1.1" 401 -
  "GET /api/inventario//terrenos HTTP/1.1" 401 -
  "GET /api/inventario/terrenos%2f HTTP/1.1" 401 -
  "GET /api/inventario/terrenos?cursor=../.. HTTP/1.1" 401 -
  "GET /api/inventario/terrenos/%2e%2e/%2e%2e/bases HTTP/1.1" 401 -
  "GET /api/inventario/terrenos?limit=250&campos=contacto HTTP/1.1" 401 -
  "GET //api/inventario/terrenos HTTP/1.1" 401 -
  "GET //api/bases/1/terrenos HTTP/1.1" 401 -
  code 501, message Unsupported method ('HEAD')
  "HEAD /api/bases HTTP/1.1" 501 -
  code 501, message Unsupported method ('OPTIONS')
  "OPTIONS /api/bases HTTP/1.1" 501 -
  "POST /api/bases HTTP/1.1" 401 -
  "POST /api/bases/1 HTTP/1.1" 401 -
  "POST /api/bases/2 HTTP/1.1" 401 -
  "POST /api/bases/3 HTTP/1.1" 401 -
  "POST /api/bases/4 HTTP/1.1" 401 -
  "POST /api/bases/999999 HTTP/1.1" 401 -
  "POST /api/bases/1/terrenos HTTP/1.1" 401 -
  "POST /api/bases/2/terrenos HTTP/1.1" 401 -
  "POST /api/bases/3/terrenos HTTP/1.1" 401 -
  "POST /api/bases/4/terrenos HTTP/1.1" 401 -
  "POST /api/bases/999999/terrenos HTTP/1.1" 401 -
  "POST /api/carpetas HTTP/1.1" 401 -
  "POST /api/formatos HTTP/1.1" 401 -
  "POST /api/inventario/terrenos HTTP/1.1" 401 -
  "POST /api/inventario/terrenos/9448ef34-0708-4fa5-80dc-5008e21932e1 HTTP/1.1" 401 -
  "POST /api/inventario/terrenos/0064e18f-5800-44a8-ad52-0aa5225cf0de HTTP/1.1" 401 -
  "POST /api/inventario/terrenos/0445b5fc-ea79-412b-bddc-3197af23dfba HTTP/1.1" 401 -
  "POST /api/inventario/terrenos/05261fdf-590b-43f0-aaa0-974ba7b18b34 HTTP/1.1" 401 -
  "POST /api/inventario/terrenos/0a5bf04e-f4d3-4d13-8a9b-840fd6ca161b HTTP/1.1" 401 -
  "POST /api/inventario/terrenos/0bca0557-15d5-45b5-9830-9a44ca9b4a0a HTTP/1.1" 401 -
  "POST /api/inventario/terrenos/0c5db0ef-9dfa-4566-8861-a4d847fb65a9 HTTP/1.1" 401 -
  "POST /api/inventario/terrenos/0cd33589-32e7-4410-969f-44815422eec8 HTTP/1.1" 401 -
  "POST /api/inventario/terrenos/0e82e5f8-df84-4d0b-8bb7-047f2e4a4514 HTTP/1.1" 401 -
  "POST /api/inventario/terrenos/0fe7a736-914c-4488-95c4-28abb0b8452d HTTP/1.1" 401 -
  "POST /api/inventario/terrenos/103d62d3-8ef3-4ee7-9af3-63c3342307f5 HTTP/1.1" 401 -
  "POST /api/inventario/terrenos/10b5c3e3-978a-4eb6-9a18-c80b90547bb1 HTTP/1.1" 401 -
  "POST /api/inventario/terrenos/1106ae6d-3dff-429f-9329-88b2f316511d HTTP/1.1" 401 -
  "POST /api/inventario/terrenos/11737a9c-25df-4ad0-82db-3bc26840d2a8 HTTP/1.1" 401 -
  "POST /api/inventario/terrenos/1548abb7-22af-4ed6-9745-0ac4996c9640 HTTP/1.1" 401 -
  "POST /api/inventario/terrenos/18213219-c0d4-4520-9cef-20418b39eaab HTTP/1.1" 401 -
  "POST /api/inventario/terrenos/1b3d0a1e-b73e-4137-8407-9d9ffd729ac5 HTTP/1.1" 401 -
  "POST /api/inventario/terrenos/1c8bd634-4cf0-4319-afc7-acaef92a7ded HTTP/1.1" 401 -
  "POST /api/inventario/terrenos/1cbb9ab9-6436-438d-a474-ff7b0aa45728 HTTP/1.1" 401 -
  "POST /api/inventario/terrenos/1dc53292-2b8d-43e0-a37e-3fc5423d7ad0 HTTP/1.1" 401 -
  "POST /api/inventario/terrenos/1e80bb09-5649-4d9b-b5dd-460c40d02f71 HTTP/1.1" 401 -
  "POST /api/inventario/terrenos/1fc7f8d0-8ae0-4125-8422-27a26c538470 HTTP/1.1" 401 -
  "POST /api/inventario/terrenos/1ffff504-bc42-4dff-abb0-68f9b8fbd216 HTTP/1.1" 401 -
  "POST /api/inventario/terrenos/2393bac7-f95b-4a22-93e3-5fefa7f0bf32 HTTP/1.1" 401 -
  "POST /api/inventario/terrenos/253e1489-f3fe-4dd7-bd56-15fe6d443840 HTTP/1.1" 401 -
  "POST /api/inventario/terrenos/25c3620c-6a6b-418a-b972-adf83db782c6 HTTP/1.1" 401 -
  "POST /api/inventario/terrenos/9448ef34-0708-4fa5-80dc-5008e21932e1/historial HTTP/1.1" 401 -
  "POST /api/inventario/terrenos/0064e18f-5800-44a8-ad52-0aa5225cf0de/historial HTTP/1.1" 401 -
  "POST /api/inventario/terrenos/0445b5fc-ea79-412b-bddc-3197af23dfba/historial HTTP/1.1" 401 -
  "POST /api/inventario/terrenos/05261fdf-590b-43f0-aaa0-974ba7b18b34/historial HTTP/1.1" 401 -
  "POST /api/inventario/terrenos/0a5bf04e-f4d3-4d13-8a9b-840fd6ca161b/historial HTTP/1.1" 401 -
  "POST /api/inventario/terrenos/0bca0557-15d5-45b5-9830-9a44ca9b4a0a/historial HTTP/1.1" 401 -
  "POST /api/inventario/terrenos/0c5db0ef-9dfa-4566-8861-a4d847fb65a9/historial HTTP/1.1" 401 -
  "POST /api/inventario/terrenos/0cd33589-32e7-4410-969f-44815422eec8/historial HTTP/1.1" 401 -
  "POST /api/inventario/terrenos/0e82e5f8-df84-4d0b-8bb7-047f2e4a4514/historial HTTP/1.1" 401 -
  "POST /api/inventario/terrenos/0fe7a736-914c-4488-95c4-28abb0b8452d/historial HTTP/1.1" 401 -
  "POST /api/inventario/terrenos/103d62d3-8ef3-4ee7-9af3-63c3342307f5/historial HTTP/1.1" 401 -
  "POST /api/inventario/terrenos/10b5c3e3-978a-4eb6-9a18-c80b90547bb1/historial HTTP/1.1" 401 -
  "POST /api/inventario/terrenos/1106ae6d-3dff-429f-9329-88b2f316511d/historial HTTP/1.1" 401 -
  "POST /api/inventario/terrenos/11737a9c-25df-4ad0-82db-3bc26840d2a8/historial HTTP/1.1" 401 -
  "POST /api/inventario/terrenos/1548abb7-22af-4ed6-9745-0ac4996c9640/historial HTTP/1.1" 401 -
  "POST /api/inventario/terrenos/18213219-c0d4-4520-9cef-20418b39eaab/historial HTTP/1.1" 401 -
  "POST /api/inventario/terrenos/1b3d0a1e-b73e-4137-8407-9d9ffd729ac5/historial HTTP/1.1" 401 -
  "POST /api/inventario/terrenos/1c8bd634-4cf0-4319-afc7-acaef92a7ded/historial HTTP/1.1" 401 -
  "POST /api/inventario/terrenos/1cbb9ab9-6436-438d-a474-ff7b0aa45728/historial HTTP/1.1" 401 -
  "POST /api/inventario/terrenos/1dc53292-2b8d-43e0-a37e-3fc5423d7ad0/historial HTTP/1.1" 401 -
  "POST /api/inventario/terrenos/1e80bb09-5649-4d9b-b5dd-460c40d02f71/historial HTTP/1.1" 401 -
  "POST /api/inventario/terrenos/1fc7f8d0-8ae0-4125-8422-27a26c538470/historial HTTP/1.1" 401 -
  "POST /api/inventario/terrenos/1ffff504-bc42-4dff-abb0-68f9b8fbd216/historial HTTP/1.1" 401 -
  "POST /api/inventario/terrenos/2393bac7-f95b-4a22-93e3-5fefa7f0bf32/historial HTTP/1.1" 401 -
  "POST /api/inventario/terrenos/253e1489-f3fe-4dd7-bd56-15fe6d443840/historial HTTP/1.1" 401 -
  "POST /api/inventario/terrenos/25c3620c-6a6b-418a-b972-adf83db782c6/historial HTTP/1.1" 401 -
  "POST /api/inventario/terrenos/9448ef34-0708-4fa5-80dc-5008e21932e1/vista-publica HTTP/1.1" 401 -
  "POST /api/inventario/terrenos/0064e18f-5800-44a8-ad52-0aa5225cf0de/vista-publica HTTP/1.1" 401 -
  "POST /api/inventario/terrenos/0445b5fc-ea79-412b-bddc-3197af23dfba/vista-publica HTTP/1.1" 401 -
  "POST /api/inventario/terrenos/05261fdf-590b-43f0-aaa0-974ba7b18b34/vista-publica HTTP/1.1" 401 -
  "POST /api/inventario/terrenos/0a5bf04e-f4d3-4d13-8a9b-840fd6ca161b/vista-publica HTTP/1.1" 401 -
  "POST /api/inventario/terrenos/0bca0557-15d5-45b5-9830-9a44ca9b4a0a/vista-publica HTTP/1.1" 401 -
  "POST /api/inventario/terrenos/0c5db0ef-9dfa-4566-8861-a4d847fb65a9/vista-publica HTTP/1.1" 401 -
  "POST /api/inventario/terrenos/0cd33589-32e7-4410-969f-44815422eec8/vista-publica HTTP/1.1" 401 -
  "POST /api/inventario/terrenos/0e82e5f8-df84-4d0b-8bb7-047f2e4a4514/vista-publica HTTP/1.1" 401 -
  "POST /api/inventario/terrenos/0fe7a736-914c-4488-95c4-28abb0b8452d/vista-publica HTTP/1.1" 401 -
  "POST /api/inventario/terrenos/103d62d3-8ef3-4ee7-9af3-63c3342307f5/vista-publica HTTP/1.1" 401 -
  "POST /api/inventario/terrenos/10b5c3e3-978a-4eb6-9a18-c80b90547bb1/vista-publica HTTP/1.1" 401 -
  "POST /api/inventario/terrenos/1106ae6d-3dff-429f-9329-88b2f316511d/vista-publica HTTP/1.1" 401 -
  "POST /api/inventario/terrenos/11737a9c-25df-4ad0-82db-3bc26840d2a8/vista-publica HTTP/1.1" 401 -
  "POST /api/inventario/terrenos/1548abb7-22af-4ed6-9745-0ac4996c9640/vista-publica HTTP/1.1" 401 -
  "POST /api/inventario/terrenos/18213219-c0d4-4520-9cef-20418b39eaab/vista-publica HTTP/1.1" 401 -
  "POST /api/inventario/terrenos/1b3d0a1e-b73e-4137-8407-9d9ffd729ac5/vista-publica HTTP/1.1" 401 -
  "POST /api/inventario/terrenos/1c8bd634-4cf0-4319-afc7-acaef92a7ded/vista-publica HTTP/1.1" 401 -
  "POST /api/inventario/terrenos/1cbb9ab9-6436-438d-a474-ff7b0aa45728/vista-publica HTTP/1.1" 401 -
  "POST /api/inventario/terrenos/1dc53292-2b8d-43e0-a37e-3fc5423d7ad0/vista-publica HTTP/1.1" 401 -
  "POST /api/inventario/terrenos/1e80bb09-5649-4d9b-b5dd-460c40d02f71/vista-publica HTTP/1.1" 401 -
  "POST /api/inventario/terrenos/1fc7f8d0-8ae0-4125-8422-27a26c538470/vista-publica HTTP/1.1" 401 -
  "POST /api/inventario/terrenos/1ffff504-bc42-4dff-abb0-68f9b8fbd216/vista-publica HTTP/1.1" 401 -
  "POST /api/inventario/terrenos/2393bac7-f95b-4a22-93e3-5fefa7f0bf32/vista-publica HTTP/1.1" 401 -
  "POST /api/inventario/terrenos/253e1489-f3fe-4dd7-bd56-15fe6d443840/vista-publica HTTP/1.1" 401 -
  "POST /api/inventario/terrenos/25c3620c-6a6b-418a-b972-adf83db782c6/vista-publica HTTP/1.1" 401 -
  "POST /api/mapas HTTP/1.1" 401 -
  "POST /api/mapas/1 HTTP/1.1" 401 -
  "POST /api/mapas/2 HTTP/1.1" 401 -
  "POST /api/mapas/3 HTTP/1.1" 401 -
  "POST /api/mapas/4 HTTP/1.1" 401 -
  "POST /api/mapas/999999 HTTP/1.1" 401 -
  "POST /api/mapas/1/terrenos HTTP/1.1" 401 -
  "POST /api/mapas/2/terrenos HTTP/1.1" 401 -
  "POST /api/mapas/3/terrenos HTTP/1.1" 401 -
  "POST /api/mapas/4/terrenos HTTP/1.1" 401 -
  "POST /api/mapas/999999/terrenos HTTP/1.1" 401 -
  "POST /api/bases/1/adjuntar HTTP/1.1" 401 -
  "POST /api/bases/2/adjuntar HTTP/1.1" 401 -
  "POST /api/bases/3/adjuntar HTTP/1.1" 401 -
  "POST /api/bases/4/adjuntar HTTP/1.1" 401 -
  "POST /api/bases/999999/adjuntar HTTP/1.1" 401 -
  "POST /api/bases/1/terrenos HTTP/1.1" 401 -
  "POST /api/bases/2/terrenos HTTP/1.1" 401 -
  "POST /api/bases/3/terrenos HTTP/1.1" 401 -
  "POST /api/bases/4/terrenos HTTP/1.1" 401 -
  "POST /api/bases/999999/terrenos HTTP/1.1" 401 -
  "POST /api/carpetas HTTP/1.1" 401 -
  "POST /api/exportar HTTP/1.1" 401 -
  "POST /api/importar/analizar HTTP/1.1" 401 -
  "POST /api/importar/confirmar HTTP/1.1" 401 -
  "POST /api/importar/preparar HTTP/1.1" 401 -
  "POST /api/importar/vista-previa HTTP/1.1" 401 -
  "POST /api/inventario/terrenos HTTP/1.1" 401 -
  "POST /api/mapas HTTP/1.1" 401 -
  "POST /api/mapas/1/actualizar HTTP/1.1" 401 -
  "POST /api/mapas/2/actualizar HTTP/1.1" 401 -
  "POST /api/mapas/3/actualizar HTTP/1.1" 401 -
  "POST /api/mapas/4/actualizar HTTP/1.1" 401 -
  "POST /api/mapas/999999/actualizar HTTP/1.1" 401 -
  "POST /api/mapas/combinar HTTP/1.1" 401 -
  "POST /api/mapas/combinar/vista-previa HTTP/1.1" 401 -
  "POST /api/exportar HTTP/1.1" 401 -
  "POST /api/exportar HTTP/1.1" 401 -
  "POST /api/exportar HTTP/1.1" 401 -
  "POST /api/exportar HTTP/1.1" 401 -
  "POST /api/exportar HTTP/1.1" 401 -
  "POST /api/exportar HTTP/1.1" 401 -
  "POST /api/exportar HTTP/1.1" 401 -
  "POST /api/exportar HTTP/1.1" 401 -
  "POST /api/exportar HTTP/1.1" 401 -
  "PATCH /api/bases HTTP/1.1" 401 -
  "PATCH /api/bases/1 HTTP/1.1" 401 -
  "PATCH /api/bases/2 HTTP/1.1" 401 -
  "PATCH /api/bases/3 HTTP/1.1" 401 -
  "PATCH /api/bases/4 HTTP/1.1" 401 -
  "PATCH /api/bases/999999 HTTP/1.1" 401 -
  "PATCH /api/bases/1/terrenos HTTP/1.1" 401 -
  "PATCH /api/bases/2/terrenos HTTP/1.1" 401 -
  "PATCH /api/bases/3/terrenos HTTP/1.1" 401 -
  "PATCH /api/bases/4/terrenos HTTP/1.1" 401 -
  "PATCH /api/bases/999999/terrenos HTTP/1.1" 401 -
  "PATCH /api/carpetas HTTP/1.1" 401 -
  "PATCH /api/formatos HTTP/1.1" 401 -
  "PATCH /api/inventario/terrenos HTTP/1.1" 401 -
  "PATCH /api/inventario/terrenos/9448ef34-0708-4fa5-80dc-5008e21932e1 HTTP/1.1" 401 -
  "PATCH /api/inventario/terrenos/0064e18f-5800-44a8-ad52-0aa5225cf0de HTTP/1.1" 401 -
  "PATCH /api/inventario/terrenos/0445b5fc-ea79-412b-bddc-3197af23dfba HTTP/1.1" 401 -
  "PATCH /api/inventario/terrenos/05261fdf-590b-43f0-aaa0-974ba7b18b34 HTTP/1.1" 401 -
  "PATCH /api/inventario/terrenos/0a5bf04e-f4d3-4d13-8a9b-840fd6ca161b HTTP/1.1" 401 -
  "PATCH /api/inventario/terrenos/0bca0557-15d5-45b5-9830-9a44ca9b4a0a HTTP/1.1" 401 -
  "PATCH /api/inventario/terrenos/0c5db0ef-9dfa-4566-8861-a4d847fb65a9 HTTP/1.1" 401 -
  "PATCH /api/inventario/terrenos/0cd33589-32e7-4410-969f-44815422eec8 HTTP/1.1" 401 -
  "PATCH /api/inventario/terrenos/0e82e5f8-df84-4d0b-8bb7-047f2e4a4514 HTTP/1.1" 401 -
  "PATCH /api/inventario/terrenos/0fe7a736-914c-4488-95c4-28abb0b8452d HTTP/1.1" 401 -
  "PATCH /api/inventario/terrenos/103d62d3-8ef3-4ee7-9af3-63c3342307f5 HTTP/1.1" 401 -
  "PATCH /api/inventario/terrenos/10b5c3e3-978a-4eb6-9a18-c80b90547bb1 HTTP/1.1" 401 -
  "PATCH /api/inventario/terrenos/1106ae6d-3dff-429f-9329-88b2f316511d HTTP/1.1" 401 -
  "PATCH /api/inventario/terrenos/11737a9c-25df-4ad0-82db-3bc26840d2a8 HTTP/1.1" 401 -
  "PATCH /api/inventario/terrenos/1548abb7-22af-4ed6-9745-0ac4996c9640 HTTP/1.1" 401 -
  "PATCH /api/inventario/terrenos/18213219-c0d4-4520-9cef-20418b39eaab HTTP/1.1" 401 -
  "PATCH /api/inventario/terrenos/1b3d0a1e-b73e-4137-8407-9d9ffd729ac5 HTTP/1.1" 401 -
  "PATCH /api/inventario/terrenos/1c8bd634-4cf0-4319-afc7-acaef92a7ded HTTP/1.1" 401 -
  "PATCH /api/inventario/terrenos/1cbb9ab9-6436-438d-a474-ff7b0aa45728 HTTP/1.1" 401 -
  "PATCH /api/inventario/terrenos/1dc53292-2b8d-43e0-a37e-3fc5423d7ad0 HTTP/1.1" 401 -
  "PATCH /api/inventario/terrenos/1e80bb09-5649-4d9b-b5dd-460c40d02f71 HTTP/1.1" 401 -
  "PATCH /api/inventario/terrenos/1fc7f8d0-8ae0-4125-8422-27a26c538470 HTTP/1.1" 401 -
  "PATCH /api/inventario/terrenos/1ffff504-bc42-4dff-abb0-68f9b8fbd216 HTTP/1.1" 401 -
  "PATCH /api/inventario/terrenos/2393bac7-f95b-4a22-93e3-5fefa7f0bf32 HTTP/1.1" 401 -
  "PATCH /api/inventario/terrenos/253e1489-f3fe-4dd7-bd56-15fe6d443840 HTTP/1.1" 401 -
  "PATCH /api/inventario/terrenos/25c3620c-6a6b-418a-b972-adf83db782c6 HTTP/1.1" 401 -
  "PATCH /api/inventario/terrenos/9448ef34-0708-4fa5-80dc-5008e21932e1/historial HTTP/1.1" 401 -
  "PATCH /api/inventario/terrenos/0064e18f-5800-44a8-ad52-0aa5225cf0de/historial HTTP/1.1" 401 -
  "PATCH /api/inventario/terrenos/0445b5fc-ea79-412b-bddc-3197af23dfba/historial HTTP/1.1" 401 -
  "PATCH /api/inventario/terrenos/05261fdf-590b-43f0-aaa0-974ba7b18b34/historial HTTP/1.1" 401 -
  "PATCH /api/inventario/terrenos/0a5bf04e-f4d3-4d13-8a9b-840fd6ca161b/historial HTTP/1.1" 401 -
  "PATCH /api/inventario/terrenos/0bca0557-15d5-45b5-9830-9a44ca9b4a0a/historial HTTP/1.1" 401 -
  "PATCH /api/inventario/terrenos/0c5db0ef-9dfa-4566-8861-a4d847fb65a9/historial HTTP/1.1" 401 -
  "PATCH /api/inventario/terrenos/0cd33589-32e7-4410-969f-44815422eec8/historial HTTP/1.1" 401 -
  "PATCH /api/inventario/terrenos/0e82e5f8-df84-4d0b-8bb7-047f2e4a4514/historial HTTP/1.1" 401 -
  "PATCH /api/inventario/terrenos/0fe7a736-914c-4488-95c4-28abb0b8452d/historial HTTP/1.1" 401 -
  "PATCH /api/inventario/terrenos/103d62d3-8ef3-4ee7-9af3-63c3342307f5/historial HTTP/1.1" 401 -
  "PATCH /api/inventario/terrenos/10b5c3e3-978a-4eb6-9a18-c80b90547bb1/historial HTTP/1.1" 401 -
  "PATCH /api/inventario/terrenos/1106ae6d-3dff-429f-9329-88b2f316511d/historial HTTP/1.1" 401 -
  "PATCH /api/inventario/terrenos/11737a9c-25df-4ad0-82db-3bc26840d2a8/historial HTTP/1.1" 401 -
  "PATCH /api/inventario/terrenos/1548abb7-22af-4ed6-9745-0ac4996c9640/historial HTTP/1.1" 401 -
  "PATCH /api/inventario/terrenos/18213219-c0d4-4520-9cef-20418b39eaab/historial HTTP/1.1" 401 -
  "PATCH /api/inventario/terrenos/1b3d0a1e-b73e-4137-8407-9d9ffd729ac5/historial HTTP/1.1" 401 -
  "PATCH /api/inventario/terrenos/1c8bd634-4cf0-4319-afc7-acaef92a7ded/historial HTTP/1.1" 401 -
  "PATCH /api/inventario/terrenos/1cbb9ab9-6436-438d-a474-ff7b0aa45728/historial HTTP/1.1" 401 -
  "PATCH /api/inventario/terrenos/1dc53292-2b8d-43e0-a37e-3fc5423d7ad0/historial HTTP/1.1" 401 -
  "PATCH /api/inventario/terrenos/1e80bb09-5649-4d9b-b5dd-460c40d02f71/historial HTTP/1.1" 401 -
  "PATCH /api/inventario/terrenos/1fc7f8d0-8ae0-4125-8422-27a26c538470/historial HTTP/1.1" 401 -
  "PATCH /api/inventario/terrenos/1ffff504-bc42-4dff-abb0-68f9b8fbd216/historial HTTP/1.1" 401 -
  "PATCH /api/inventario/terrenos/2393bac7-f95b-4a22-93e3-5fefa7f0bf32/historial HTTP/1.1" 401 -
  "PATCH /api/inventario/terrenos/253e1489-f3fe-4dd7-bd56-15fe6d443840/historial HTTP/1.1" 401 -
  "PATCH /api/inventario/terrenos/25c3620c-6a6b-418a-b972-adf83db782c6/historial HTTP/1.1" 401 -
  "PATCH /api/inventario/terrenos/9448ef34-0708-4fa5-80dc-5008e21932e1/vista-publica HTTP/1.1" 401 -
  "PATCH /api/inventario/terrenos/0064e18f-5800-44a8-ad52-0aa5225cf0de/vista-publica HTTP/1.1" 401 -
  "PATCH /api/inventario/terrenos/0445b5fc-ea79-412b-bddc-3197af23dfba/vista-publica HTTP/1.1" 401 -
  "PATCH /api/inventario/terrenos/05261fdf-590b-43f0-aaa0-974ba7b18b34/vista-publica HTTP/1.1" 401 -
  "PATCH /api/inventario/terrenos/0a5bf04e-f4d3-4d13-8a9b-840fd6ca161b/vista-publica HTTP/1.1" 401 -
  "PATCH /api/inventario/terrenos/0bca0557-15d5-45b5-9830-9a44ca9b4a0a/vista-publica HTTP/1.1" 401 -
  "PATCH /api/inventario/terrenos/0c5db0ef-9dfa-4566-8861-a4d847fb65a9/vista-publica HTTP/1.1" 401 -
  "PATCH /api/inventario/terrenos/0cd33589-32e7-4410-969f-44815422eec8/vista-publica HTTP/1.1" 401 -
  "PATCH /api/inventario/terrenos/0e82e5f8-df84-4d0b-8bb7-047f2e4a4514/vista-publica HTTP/1.1" 401 -
  "PATCH /api/inventario/terrenos/0fe7a736-914c-4488-95c4-28abb0b8452d/vista-publica HTTP/1.1" 401 -
  "PATCH /api/inventario/terrenos/103d62d3-8ef3-4ee7-9af3-63c3342307f5/vista-publica HTTP/1.1" 401 -
  "PATCH /api/inventario/terrenos/10b5c3e3-978a-4eb6-9a18-c80b90547bb1/vista-publica HTTP/1.1" 401 -
  "PATCH /api/inventario/terrenos/1106ae6d-3dff-429f-9329-88b2f316511d/vista-publica HTTP/1.1" 401 -
  "PATCH /api/inventario/terrenos/11737a9c-25df-4ad0-82db-3bc26840d2a8/vista-publica HTTP/1.1" 401 -
  "PATCH /api/inventario/terrenos/1548abb7-22af-4ed6-9745-0ac4996c9640/vista-publica HTTP/1.1" 401 -
  "PATCH /api/inventario/terrenos/18213219-c0d4-4520-9cef-20418b39eaab/vista-publica HTTP/1.1" 401 -
  "PATCH /api/inventario/terrenos/1b3d0a1e-b73e-4137-8407-9d9ffd729ac5/vista-publica HTTP/1.1" 401 -
  "PATCH /api/inventario/terrenos/1c8bd634-4cf0-4319-afc7-acaef92a7ded/vista-publica HTTP/1.1" 401 -
  "PATCH /api/inventario/terrenos/1cbb9ab9-6436-438d-a474-ff7b0aa45728/vista-publica HTTP/1.1" 401 -
  "PATCH /api/inventario/terrenos/1dc53292-2b8d-43e0-a37e-3fc5423d7ad0/vista-publica HTTP/1.1" 401 -
  "PATCH /api/inventario/terrenos/1e80bb09-5649-4d9b-b5dd-460c40d02f71/vista-publica HTTP/1.1" 401 -
  "PATCH /api/inventario/terrenos/1fc7f8d0-8ae0-4125-8422-27a26c538470/vista-publica HTTP/1.1" 401 -
  "PATCH /api/inventario/terrenos/1ffff504-bc42-4dff-abb0-68f9b8fbd216/vista-publica HTTP/1.1" 401 -
  "PATCH /api/inventario/terrenos/2393bac7-f95b-4a22-93e3-5fefa7f0bf32/vista-publica HTTP/1.1" 401 -
  "PATCH /api/inventario/terrenos/253e1489-f3fe-4dd7-bd56-15fe6d443840/vista-publica HTTP/1.1" 401 -
  "PATCH /api/inventario/terrenos/25c3620c-6a6b-418a-b972-adf83db782c6/vista-publica HTTP/1.1" 401 -
  "PATCH /api/mapas HTTP/1.1" 401 -
  "PATCH /api/mapas/1 HTTP/1.1" 401 -
  "PATCH /api/mapas/2 HTTP/1.1" 401 -
  "PATCH /api/mapas/3 HTTP/1.1" 401 -
  "PATCH /api/mapas/4 HTTP/1.1" 401 -
  "PATCH /api/mapas/999999 HTTP/1.1" 401 -
  "PATCH /api/mapas/1/terrenos HTTP/1.1" 401 -
  "PATCH /api/mapas/2/terrenos HTTP/1.1" 401 -
  "PATCH /api/mapas/3/terrenos HTTP/1.1" 401 -
  "PATCH /api/mapas/4/terrenos HTTP/1.1" 401 -
  "PATCH /api/mapas/999999/terrenos HTTP/1.1" 401 -
  "PATCH /api/bases/1 HTTP/1.1" 401 -
  "PATCH /api/bases/2 HTTP/1.1" 401 -
  "PATCH /api/bases/3 HTTP/1.1" 401 -
  "PATCH /api/bases/4 HTTP/1.1" 401 -
  "PATCH /api/bases/999999 HTTP/1.1" 401 -
  "PATCH /api/bases/1/carpeta HTTP/1.1" 401 -
  "PATCH /api/bases/2/carpeta HTTP/1.1" 401 -
  "PATCH /api/bases/3/carpeta HTTP/1.1" 401 -
  "PATCH /api/bases/4/carpeta HTTP/1.1" 401 -
  "PATCH /api/bases/999999/carpeta HTTP/1.1" 401 -
  "PATCH /api/carpetas/1 HTTP/1.1" 401 -
  "PATCH /api/carpetas/2 HTTP/1.1" 401 -
  "PATCH /api/carpetas/3 HTTP/1.1" 401 -
  "PATCH /api/carpetas/4 HTTP/1.1" 401 -
  "PATCH /api/carpetas/999999 HTTP/1.1" 401 -
  "PATCH /api/formatos/1 HTTP/1.1" 401 -
  "PATCH /api/formatos/2 HTTP/1.1" 401 -
  "PATCH /api/formatos/3 HTTP/1.1" 401 -
  "PATCH /api/formatos/4 HTTP/1.1" 401 -
  "PATCH /api/formatos/999999 HTTP/1.1" 401 -
  "PATCH /api/inventario/terrenos/9448ef34-0708-4fa5-80dc-5008e21932e1 HTTP/1.1" 401 -
  "PATCH /api/inventario/terrenos/0064e18f-5800-44a8-ad52-0aa5225cf0de HTTP/1.1" 401 -
  "PATCH /api/inventario/terrenos/0445b5fc-ea79-412b-bddc-3197af23dfba HTTP/1.1" 401 -
  "PATCH /api/inventario/terrenos/05261fdf-590b-43f0-aaa0-974ba7b18b34 HTTP/1.1" 401 -
  "PATCH /api/inventario/terrenos/0a5bf04e-f4d3-4d13-8a9b-840fd6ca161b HTTP/1.1" 401 -
  "PATCH /api/inventario/terrenos/0bca0557-15d5-45b5-9830-9a44ca9b4a0a HTTP/1.1" 401 -
  "PATCH /api/inventario/terrenos/0c5db0ef-9dfa-4566-8861-a4d847fb65a9 HTTP/1.1" 401 -
  "PATCH /api/inventario/terrenos/0cd33589-32e7-4410-969f-44815422eec8 HTTP/1.1" 401 -
  "PATCH /api/inventario/terrenos/0e82e5f8-df84-4d0b-8bb7-047f2e4a4514 HTTP/1.1" 401 -
  "PATCH /api/inventario/terrenos/0fe7a736-914c-4488-95c4-28abb0b8452d HTTP/1.1" 401 -
  "PATCH /api/inventario/terrenos/103d62d3-8ef3-4ee7-9af3-63c3342307f5 HTTP/1.1" 401 -
  "PATCH /api/inventario/terrenos/10b5c3e3-978a-4eb6-9a18-c80b90547bb1 HTTP/1.1" 401 -
  "PATCH /api/inventario/terrenos/1106ae6d-3dff-429f-9329-88b2f316511d HTTP/1.1" 401 -
  "PATCH /api/inventario/terrenos/11737a9c-25df-4ad0-82db-3bc26840d2a8 HTTP/1.1" 401 -
  "PATCH /api/inventario/terrenos/1548abb7-22af-4ed6-9745-0ac4996c9640 HTTP/1.1" 401 -
  "PATCH /api/inventario/terrenos/18213219-c0d4-4520-9cef-20418b39eaab HTTP/1.1" 401 -
  "PATCH /api/inventario/terrenos/1b3d0a1e-b73e-4137-8407-9d9ffd729ac5 HTTP/1.1" 401 -
  "PATCH /api/inventario/terrenos/1c8bd634-4cf0-4319-afc7-acaef92a7ded HTTP/1.1" 401 -
  "PATCH /api/inventario/terrenos/1cbb9ab9-6436-438d-a474-ff7b0aa45728 HTTP/1.1" 401 -
  "PATCH /api/inventario/terrenos/1dc53292-2b8d-43e0-a37e-3fc5423d7ad0 HTTP/1.1" 401 -
  "PATCH /api/inventario/terrenos/1e80bb09-5649-4d9b-b5dd-460c40d02f71 HTTP/1.1" 401 -
  "PATCH /api/inventario/terrenos/1fc7f8d0-8ae0-4125-8422-27a26c538470 HTTP/1.1" 401 -
  "PATCH /api/inventario/terrenos/1ffff504-bc42-4dff-abb0-68f9b8fbd216 HTTP/1.1" 401 -
  "PATCH /api/inventario/terrenos/2393bac7-f95b-4a22-93e3-5fefa7f0bf32 HTTP/1.1" 401 -
  "PATCH /api/inventario/terrenos/253e1489-f3fe-4dd7-bd56-15fe6d443840 HTTP/1.1" 401 -
  "PATCH /api/inventario/terrenos/25c3620c-6a6b-418a-b972-adf83db782c6 HTTP/1.1" 401 -
  "PATCH /api/mapas/1 HTTP/1.1" 401 -
  "PATCH /api/mapas/2 HTTP/1.1" 401 -
  "PATCH /api/mapas/3 HTTP/1.1" 401 -
  "PATCH /api/mapas/4 HTTP/1.1" 401 -
  "PATCH /api/mapas/999999 HTTP/1.1" 401 -
  "PATCH /api/mapas/1/carpeta HTTP/1.1" 401 -
  "PATCH /api/mapas/2/carpeta HTTP/1.1" 401 -
  "PATCH /api/mapas/3/carpeta HTTP/1.1" 401 -
  "PATCH /api/mapas/4/carpeta HTTP/1.1" 401 -
  "PATCH /api/mapas/999999/carpeta HTTP/1.1" 401 -
  code 501, message Unsupported method ('PUT')
  "PUT /api/bases HTTP/1.1" 501 -
  "DELETE /api/bases/1 HTTP/1.1" 401 -
  "DELETE /api/bases/2 HTTP/1.1" 401 -
  "DELETE /api/bases/3 HTTP/1.1" 401 -
  "DELETE /api/bases/4 HTTP/1.1" 401 -
  "DELETE /api/bases/999999 HTTP/1.1" 401 -
  "DELETE /api/carpetas/1 HTTP/1.1" 401 -
  "DELETE /api/carpetas/2 HTTP/1.1" 401 -
  "DELETE /api/carpetas/3 HTTP/1.1" 401 -
  "DELETE /api/carpetas/4 HTTP/1.1" 401 -
  "DELETE /api/carpetas/999999 HTTP/1.1" 401 -
  "DELETE /api/formatos/1 HTTP/1.1" 401 -
  "DELETE /api/formatos/2 HTTP/1.1" 401 -
  "DELETE /api/formatos/3 HTTP/1.1" 401 -
  "DELETE /api/formatos/4 HTTP/1.1" 401 -
  "DELETE /api/formatos/999999 HTTP/1.1" 401 -
  "DELETE /api/mapas/1 HTTP/1.1" 401 -
  "DELETE /api/mapas/2 HTTP/1.1" 401 -
  "DELETE /api/mapas/3 HTTP/1.1" 401 -
  "DELETE /api/mapas/4 HTTP/1.1" 401 -
  "DELETE /api/mapas/999999 HTTP/1.1" 401 -
  "DELETE /api/bases HTTP/1.1" 401 -
  "DELETE /api/bases/1 HTTP/1.1" 401 -
  "DELETE /api/bases/2 HTTP/1.1" 401 -
  "DELETE /api/bases/3 HTTP/1.1" 401 -
  "DELETE /api/bases/4 HTTP/1.1" 401 -
  "DELETE /api/bases/999999 HTTP/1.1" 401 -
  "DELETE /api/bases/1/terrenos HTTP/1.1" 401 -
  "DELETE /api/bases/2/terrenos HTTP/1.1" 401 -
  "DELETE /api/bases/3/terrenos HTTP/1.1" 401 -
  "DELETE /api/bases/4/terrenos HTTP/1.1" 401 -
  "DELETE /api/bases/999999/terrenos HTTP/1.1" 401 -
  "DELETE /api/carpetas HTTP/1.1" 401 -
  "DELETE /api/formatos HTTP/1.1" 401 -
  "DELETE /api/inventario/terrenos HTTP/1.1" 401 -
  "DELETE /api/inventario/terrenos/9448ef34-0708-4fa5-80dc-5008e21932e1 HTTP/1.1" 401 -
  "DELETE /api/inventario/terrenos/0064e18f-5800-44a8-ad52-0aa5225cf0de HTTP/1.1" 401 -
  "DELETE /api/inventario/terrenos/0445b5fc-ea79-412b-bddc-3197af23dfba HTTP/1.1" 401 -
  "DELETE /api/inventario/terrenos/05261fdf-590b-43f0-aaa0-974ba7b18b34 HTTP/1.1" 401 -
  "DELETE /api/inventario/terrenos/0a5bf04e-f4d3-4d13-8a9b-840fd6ca161b HTTP/1.1" 401 -
  "DELETE /api/inventario/terrenos/0bca0557-15d5-45b5-9830-9a44ca9b4a0a HTTP/1.1" 401 -
  "DELETE /api/inventario/terrenos/0c5db0ef-9dfa-4566-8861-a4d847fb65a9 HTTP/1.1" 401 -
  "DELETE /api/inventario/terrenos/0cd33589-32e7-4410-969f-44815422eec8 HTTP/1.1" 401 -
  "DELETE /api/inventario/terrenos/0e82e5f8-df84-4d0b-8bb7-047f2e4a4514 HTTP/1.1" 401 -
  "DELETE /api/inventario/terrenos/0fe7a736-914c-4488-95c4-28abb0b8452d HTTP/1.1" 401 -
  "DELETE /api/inventario/terrenos/103d62d3-8ef3-4ee7-9af3-63c3342307f5 HTTP/1.1" 401 -
  "DELETE /api/inventario/terrenos/10b5c3e3-978a-4eb6-9a18-c80b90547bb1 HTTP/1.1" 401 -
  "DELETE /api/inventario/terrenos/1106ae6d-3dff-429f-9329-88b2f316511d HTTP/1.1" 401 -
  "DELETE /api/inventario/terrenos/11737a9c-25df-4ad0-82db-3bc26840d2a8 HTTP/1.1" 401 -
  "DELETE /api/inventario/terrenos/1548abb7-22af-4ed6-9745-0ac4996c9640 HTTP/1.1" 401 -
  "DELETE /api/inventario/terrenos/18213219-c0d4-4520-9cef-20418b39eaab HTTP/1.1" 401 -
  "DELETE /api/inventario/terrenos/1b3d0a1e-b73e-4137-8407-9d9ffd729ac5 HTTP/1.1" 401 -
  "DELETE /api/inventario/terrenos/1c8bd634-4cf0-4319-afc7-acaef92a7ded HTTP/1.1" 401 -
  "DELETE /api/inventario/terrenos/1cbb9ab9-6436-438d-a474-ff7b0aa45728 HTTP/1.1" 401 -
  "DELETE /api/inventario/terrenos/1dc53292-2b8d-43e0-a37e-3fc5423d7ad0 HTTP/1.1" 401 -
  "DELETE /api/inventario/terrenos/1e80bb09-5649-4d9b-b5dd-460c40d02f71 HTTP/1.1" 401 -
  "DELETE /api/inventario/terrenos/1fc7f8d0-8ae0-4125-8422-27a26c538470 HTTP/1.1" 401 -
  "DELETE /api/inventario/terrenos/1ffff504-bc42-4dff-abb0-68f9b8fbd216 HTTP/1.1" 401 -
  "DELETE /api/inventario/terrenos/2393bac7-f95b-4a22-93e3-5fefa7f0bf32 HTTP/1.1" 401 -
  "DELETE /api/inventario/terrenos/253e1489-f3fe-4dd7-bd56-15fe6d443840 HTTP/1.1" 401 -
  "DELETE /api/inventario/terrenos/25c3620c-6a6b-418a-b972-adf83db782c6 HTTP/1.1" 401 -
  "DELETE /api/inventario/terrenos/9448ef34-0708-4fa5-80dc-5008e21932e1/historial HTTP/1.1" 401 -
  "DELETE /api/inventario/terrenos/0064e18f-5800-44a8-ad52-0aa5225cf0de/historial HTTP/1.1" 401 -
  "DELETE /api/inventario/terrenos/0445b5fc-ea79-412b-bddc-3197af23dfba/historial HTTP/1.1" 401 -
  "DELETE /api/inventario/terrenos/05261fdf-590b-43f0-aaa0-974ba7b18b34/historial HTTP/1.1" 401 -
  "DELETE /api/inventario/terrenos/0a5bf04e-f4d3-4d13-8a9b-840fd6ca161b/historial HTTP/1.1" 401 -
  "DELETE /api/inventario/terrenos/0bca0557-15d5-45b5-9830-9a44ca9b4a0a/historial HTTP/1.1" 401 -
  "DELETE /api/inventario/terrenos/0c5db0ef-9dfa-4566-8861-a4d847fb65a9/historial HTTP/1.1" 401 -
  "DELETE /api/inventario/terrenos/0cd33589-32e7-4410-969f-44815422eec8/historial HTTP/1.1" 401 -
  "DELETE /api/inventario/terrenos/0e82e5f8-df84-4d0b-8bb7-047f2e4a4514/historial HTTP/1.1" 401 -
  "DELETE /api/inventario/terrenos/0fe7a736-914c-4488-95c4-28abb0b8452d/historial HTTP/1.1" 401 -
  "DELETE /api/inventario/terrenos/103d62d3-8ef3-4ee7-9af3-63c3342307f5/historial HTTP/1.1" 401 -
  "DELETE /api/inventario/terrenos/10b5c3e3-978a-4eb6-9a18-c80b90547bb1/historial HTTP/1.1" 401 -
  "DELETE /api/inventario/terrenos/1106ae6d-3dff-429f-9329-88b2f316511d/historial HTTP/1.1" 401 -
  "DELETE /api/inventario/terrenos/11737a9c-25df-4ad0-82db-3bc26840d2a8/historial HTTP/1.1" 401 -
  "DELETE /api/inventario/terrenos/1548abb7-22af-4ed6-9745-0ac4996c9640/historial HTTP/1.1" 401 -
  "DELETE /api/inventario/terrenos/18213219-c0d4-4520-9cef-20418b39eaab/historial HTTP/1.1" 401 -
  "DELETE /api/inventario/terrenos/1b3d0a1e-b73e-4137-8407-9d9ffd729ac5/historial HTTP/1.1" 401 -
  "DELETE /api/inventario/terrenos/1c8bd634-4cf0-4319-afc7-acaef92a7ded/historial HTTP/1.1" 401 -
  "DELETE /api/inventario/terrenos/1cbb9ab9-6436-438d-a474-ff7b0aa45728/historial HTTP/1.1" 401 -
  "DELETE /api/inventario/terrenos/1dc53292-2b8d-43e0-a37e-3fc5423d7ad0/historial HTTP/1.1" 401 -
  "DELETE /api/inventario/terrenos/1e80bb09-5649-4d9b-b5dd-460c40d02f71/historial HTTP/1.1" 401 -
  "DELETE /api/inventario/terrenos/1fc7f8d0-8ae0-4125-8422-27a26c538470/historial HTTP/1.1" 401 -
  "DELETE /api/inventario/terrenos/1ffff504-bc42-4dff-abb0-68f9b8fbd216/historial HTTP/1.1" 401 -
  "DELETE /api/inventario/terrenos/2393bac7-f95b-4a22-93e3-5fefa7f0bf32/historial HTTP/1.1" 401 -
  "DELETE /api/inventario/terrenos/253e1489-f3fe-4dd7-bd56-15fe6d443840/historial HTTP/1.1" 401 -
  "DELETE /api/inventario/terrenos/25c3620c-6a6b-418a-b972-adf83db782c6/historial HTTP/1.1" 401 -
  "DELETE /api/inventario/terrenos/9448ef34-0708-4fa5-80dc-5008e21932e1/vista-publica HTTP/1.1" 401 -
  "DELETE /api/inventario/terrenos/0064e18f-5800-44a8-ad52-0aa5225cf0de/vista-publica HTTP/1.1" 401 -
  "DELETE /api/inventario/terrenos/0445b5fc-ea79-412b-bddc-3197af23dfba/vista-publica HTTP/1.1" 401 -
  "DELETE /api/inventario/terrenos/05261fdf-590b-43f0-aaa0-974ba7b18b34/vista-publica HTTP/1.1" 401 -
  "DELETE /api/inventario/terrenos/0a5bf04e-f4d3-4d13-8a9b-840fd6ca161b/vista-publica HTTP/1.1" 401 -
  "DELETE /api/inventario/terrenos/0bca0557-15d5-45b5-9830-9a44ca9b4a0a/vista-publica HTTP/1.1" 401 -
  "DELETE /api/inventario/terrenos/0c5db0ef-9dfa-4566-8861-a4d847fb65a9/vista-publica HTTP/1.1" 401 -
  "DELETE /api/inventario/terrenos/0cd33589-32e7-4410-969f-44815422eec8/vista-publica HTTP/1.1" 401 -
  "DELETE /api/inventario/terrenos/0e82e5f8-df84-4d0b-8bb7-047f2e4a4514/vista-publica HTTP/1.1" 401 -
  "DELETE /api/inventario/terrenos/0fe7a736-914c-4488-95c4-28abb0b8452d/vista-publica HTTP/1.1" 401 -
  "DELETE /api/inventario/terrenos/103d62d3-8ef3-4ee7-9af3-63c3342307f5/vista-publica HTTP/1.1" 401 -
  "DELETE /api/inventario/terrenos/10b5c3e3-978a-4eb6-9a18-c80b90547bb1/vista-publica HTTP/1.1" 401 -
  "DELETE /api/inventario/terrenos/1106ae6d-3dff-429f-9329-88b2f316511d/vista-publica HTTP/1.1" 401 -
  "DELETE /api/inventario/terrenos/11737a9c-25df-4ad0-82db-3bc26840d2a8/vista-publica HTTP/1.1" 401 -
  "DELETE /api/inventario/terrenos/1548abb7-22af-4ed6-9745-0ac4996c9640/vista-publica HTTP/1.1" 401 -
  "DELETE /api/inventario/terrenos/18213219-c0d4-4520-9cef-20418b39eaab/vista-publica HTTP/1.1" 401 -
  "DELETE /api/inventario/terrenos/1b3d0a1e-b73e-4137-8407-9d9ffd729ac5/vista-publica HTTP/1.1" 401 -
  "DELETE /api/inventario/terrenos/1c8bd634-4cf0-4319-afc7-acaef92a7ded/vista-publica HTTP/1.1" 401 -
  "DELETE /api/inventario/terrenos/1cbb9ab9-6436-438d-a474-ff7b0aa45728/vista-publica HTTP/1.1" 401 -
  "DELETE /api/inventario/terrenos/1dc53292-2b8d-43e0-a37e-3fc5423d7ad0/vista-publica HTTP/1.1" 401 -
  "DELETE /api/inventario/terrenos/1e80bb09-5649-4d9b-b5dd-460c40d02f71/vista-publica HTTP/1.1" 401 -
  "DELETE /api/inventario/terrenos/1fc7f8d0-8ae0-4125-8422-27a26c538470/vista-publica HTTP/1.1" 401 -
  "DELETE /api/inventario/terrenos/1ffff504-bc42-4dff-abb0-68f9b8fbd216/vista-publica HTTP/1.1" 401 -
  "DELETE /api/inventario/terrenos/2393bac7-f95b-4a22-93e3-5fefa7f0bf32/vista-publica HTTP/1.1" 401 -
  "DELETE /api/inventario/terrenos/253e1489-f3fe-4dd7-bd56-15fe6d443840/vista-publica HTTP/1.1" 401 -
  "DELETE /api/inventario/terrenos/25c3620c-6a6b-418a-b972-adf83db782c6/vista-publica HTTP/1.1" 401 -
  "DELETE /api/mapas HTTP/1.1" 401 -
  "DELETE /api/mapas/1 HTTP/1.1" 401 -
  "DELETE /api/mapas/2 HTTP/1.1" 401 -
  "DELETE /api/mapas/3 HTTP/1.1" 401 -
  "DELETE /api/mapas/4 HTTP/1.1" 401 -
  "DELETE /api/mapas/999999 HTTP/1.1" 401 -
  "DELETE /api/mapas/1/terrenos HTTP/1.1" 401 -
  "DELETE /api/mapas/2/terrenos HTTP/1.1" 401 -
  "DELETE /api/mapas/3/terrenos HTTP/1.1" 401 -
  "DELETE /api/mapas/4/terrenos HTTP/1.1" 401 -
  "DELETE /api/mapas/999999/terrenos HTTP/1.1" 401 -
  "POST /api/login HTTP/1.1" 401 -
  "GET /api/publico/terrenos/9448ef34-0708-4fa5-80dc-5008e21932e1 HTTP/1.1" 404 -
  "GET /api/publico/terrenos/0064e18f-5800-44a8-ad52-0aa5225cf0de HTTP/1.1" 404 -
  "GET /api/publico/terrenos/0445b5fc-ea79-412b-bddc-3197af23dfba HTTP/1.1" 404 -
  "GET /api/publico/terrenos/05261fdf-590b-43f0-aaa0-974ba7b18b34 HTTP/1.1" 404 -
  "GET /api/publico/terrenos/0a5bf04e-f4d3-4d13-8a9b-840fd6ca161b HTTP/1.1" 404 -
  "GET /api/publico/terrenos/0bca0557-15d5-45b5-9830-9a44ca9b4a0a HTTP/1.1" 404 -
  "GET /api/publico/terrenos/0c5db0ef-9dfa-4566-8861-a4d847fb65a9 HTTP/1.1" 404 -
  "GET /api/publico/terrenos/0cd33589-32e7-4410-969f-44815422eec8 HTTP/1.1" 404 -
  "GET /api/publico/terrenos/0e82e5f8-df84-4d0b-8bb7-047f2e4a4514 HTTP/1.1" 404 -
  "GET /api/publico/terrenos/0fe7a736-914c-4488-95c4-28abb0b8452d HTTP/1.1" 404 -
  "GET /api/publico/terrenos/103d62d3-8ef3-4ee7-9af3-63c3342307f5 HTTP/1.1" 404 -
  "GET /api/publico/terrenos/10b5c3e3-978a-4eb6-9a18-c80b90547bb1 HTTP/1.1" 404 -
  "GET /api/publico/terrenos/1106ae6d-3dff-429f-9329-88b2f316511d HTTP/1.1" 404 -
  "GET /api/publico/terrenos/11737a9c-25df-4ad0-82db-3bc26840d2a8 HTTP/1.1" 404 -
  "GET /api/publico/terrenos/1548abb7-22af-4ed6-9745-0ac4996c9640 HTTP/1.1" 404 -
  "GET /api/publico/terrenos/18213219-c0d4-4520-9cef-20418b39eaab HTTP/1.1" 404 -
  "GET /api/publico/terrenos/1b3d0a1e-b73e-4137-8407-9d9ffd729ac5 HTTP/1.1" 404 -
  "GET /api/publico/terrenos/1c8bd634-4cf0-4319-afc7-acaef92a7ded HTTP/1.1" 404 -
  "GET /api/publico/terrenos/1cbb9ab9-6436-438d-a474-ff7b0aa45728 HTTP/1.1" 404 -
  "GET /api/publico/terrenos/1dc53292-2b8d-43e0-a37e-3fc5423d7ad0 HTTP/1.1" 404 -
  "GET /api/publico/terrenos/1e80bb09-5649-4d9b-b5dd-460c40d02f71 HTTP/1.1" 404 -
  "GET /api/publico/terrenos/1fc7f8d0-8ae0-4125-8422-27a26c538470 HTTP/1.1" 404 -
  "GET /api/publico/terrenos/1ffff504-bc42-4dff-abb0-68f9b8fbd216 HTTP/1.1" 404 -
  "GET /api/publico/terrenos/2393bac7-f95b-4a22-93e3-5fefa7f0bf32 HTTP/1.1" 404 -
  "GET /api/publico/terrenos/253e1489-f3fe-4dd7-bd56-15fe6d443840 HTTP/1.1" 404 -
  "GET /api/publico/terrenos/25c3620c-6a6b-418a-b972-adf83db782c6 HTTP/1.1" 404 -
  "GET /api/bases/4 HTTP/1.1" 404 -
  "GET /api/bases/999999 HTTP/1.1" 404 -
  "GET /api/bases/4/terrenos HTTP/1.1" 404 -
  "GET /api/bases/999999/terrenos HTTP/1.1" 404 -
  "GET /api/carpetas HTTP/1.1" 400 -
  "GET /api/inventario/terrenos/9448ef34-0708-4fa5-80dc-5008e21932e1 HTTP/1.1" 404 -
  "GET /api/inventario/terrenos/9448ef34-0708-4fa5-80dc-5008e21932e1/historial HTTP/1.1" 404 -
  "GET /api/inventario/terrenos/9448ef34-0708-4fa5-80dc-5008e21932e1/vista-publica HTTP/1.1" 404 -
  "GET /api/inventario/terrenos/0064e18f-5800-44a8-ad52-0aa5225cf0de/vista-publica HTTP/1.1" 404 -
  "GET /api/inventario/terrenos/0445b5fc-ea79-412b-bddc-3197af23dfba/vista-publica HTTP/1.1" 404 -
  "GET /api/inventario/terrenos/05261fdf-590b-43f0-aaa0-974ba7b18b34/vista-publica HTTP/1.1" 404 -
  "GET /api/inventario/terrenos/0a5bf04e-f4d3-4d13-8a9b-840fd6ca161b/vista-publica HTTP/1.1" 404 -
  "GET /api/inventario/terrenos/0bca0557-15d5-45b5-9830-9a44ca9b4a0a/vista-publica HTTP/1.1" 404 -
  "GET /api/inventario/terrenos/0c5db0ef-9dfa-4566-8861-a4d847fb65a9/vista-publica HTTP/1.1" 404 -
  "GET /api/inventario/terrenos/0cd33589-32e7-4410-969f-44815422eec8/vista-publica HTTP/1.1" 404 -
  "GET /api/inventario/terrenos/0e82e5f8-df84-4d0b-8bb7-047f2e4a4514/vista-publica HTTP/1.1" 404 -
  "GET /api/inventario/terrenos/0fe7a736-914c-4488-95c4-28abb0b8452d/vista-publica HTTP/1.1" 404 -
  "GET /api/inventario/terrenos/103d62d3-8ef3-4ee7-9af3-63c3342307f5/vista-publica HTTP/1.1" 404 -
  "GET /api/inventario/terrenos/10b5c3e3-978a-4eb6-9a18-c80b90547bb1/vista-publica HTTP/1.1" 404 -
  "GET /api/inventario/terrenos/1106ae6d-3dff-429f-9329-88b2f316511d/vista-publica HTTP/1.1" 404 -
  "GET /api/inventario/terrenos/11737a9c-25df-4ad0-82db-3bc26840d2a8/vista-publica HTTP/1.1" 404 -
  "GET /api/inventario/terrenos/1548abb7-22af-4ed6-9745-0ac4996c9640/vista-publica HTTP/1.1" 404 -
  "GET /api/inventario/terrenos/18213219-c0d4-4520-9cef-20418b39eaab/vista-publica HTTP/1.1" 404 -
  "GET /api/inventario/terrenos/1b3d0a1e-b73e-4137-8407-9d9ffd729ac5/vista-publica HTTP/1.1" 404 -
  "GET /api/inventario/terrenos/1c8bd634-4cf0-4319-afc7-acaef92a7ded/vista-publica HTTP/1.1" 404 -
  "GET /api/inventario/terrenos/1cbb9ab9-6436-438d-a474-ff7b0aa45728/vista-publica HTTP/1.1" 404 -
  "GET /api/inventario/terrenos/1dc53292-2b8d-43e0-a37e-3fc5423d7ad0/vista-publica HTTP/1.1" 404 -
  "GET /api/inventario/terrenos/1e80bb09-5649-4d9b-b5dd-460c40d02f71/vista-publica HTTP/1.1" 404 -
  "GET /api/inventario/terrenos/1fc7f8d0-8ae0-4125-8422-27a26c538470/vista-publica HTTP/1.1" 404 -
  "GET /api/inventario/terrenos/1ffff504-bc42-4dff-abb0-68f9b8fbd216/vista-publica HTTP/1.1" 404 -
  "GET /api/inventario/terrenos/2393bac7-f95b-4a22-93e3-5fefa7f0bf32/vista-publica HTTP/1.1" 404 -
  "GET /api/inventario/terrenos/253e1489-f3fe-4dd7-bd56-15fe6d443840/vista-publica HTTP/1.1" 404 -
  "GET /api/inventario/terrenos/25c3620c-6a6b-418a-b972-adf83db782c6/vista-publica HTTP/1.1" 404 -
  "GET /api/mapas/4 HTTP/1.1" 404 -
  "GET /api/mapas/999999 HTTP/1.1" 404 -
  "GET /api/mapas/4/terrenos HTTP/1.1" 404 -
  "GET /api/mapas/999999/terrenos HTTP/1.1" 404 -
  "GET /api/exportar HTTP/1.1" 405 -
  "GET /api/INVENTARIO/terrenos HTTP/1.1" 404 -
  "GET /api/inventario//terrenos HTTP/1.1" 404 -
  "GET /api/inventario/terrenos%2f HTTP/1.1" 404 -
  "GET /api/inventario/terrenos/%2e%2e/%2e%2e/bases HTTP/1.1" 404 -
  "GET /api/inventario/terrenos?limit=250&campos=contacto HTTP/1.1" 422 -
  "GET /api/publico/terrenos/9448ef34-0708-4fa5-80dc-5008e21932e1 HTTP/1.1" 404 -
  "GET /api/publico/terrenos/0064e18f-5800-44a8-ad52-0aa5225cf0de HTTP/1.1" 404 -
  "GET /api/publico/terrenos/0445b5fc-ea79-412b-bddc-3197af23dfba HTTP/1.1" 404 -
  "GET /api/publico/terrenos/05261fdf-590b-43f0-aaa0-974ba7b18b34 HTTP/1.1" 404 -
  "GET /api/publico/terrenos/0a5bf04e-f4d3-4d13-8a9b-840fd6ca161b HTTP/1.1" 404 -
  "GET /api/publico/terrenos/0bca0557-15d5-45b5-9830-9a44ca9b4a0a HTTP/1.1" 404 -
  "GET /api/publico/terrenos/0c5db0ef-9dfa-4566-8861-a4d847fb65a9 HTTP/1.1" 404 -
  "GET /api/publico/terrenos/0cd33589-32e7-4410-969f-44815422eec8 HTTP/1.1" 404 -
  "GET /api/publico/terrenos/0e82e5f8-df84-4d0b-8bb7-047f2e4a4514 HTTP/1.1" 404 -
  "GET /api/publico/terrenos/0fe7a736-914c-4488-95c4-28abb0b8452d HTTP/1.1" 404 -
  "GET /api/publico/terrenos/103d62d3-8ef3-4ee7-9af3-63c3342307f5 HTTP/1.1" 404 -
  "GET /api/publico/terrenos/10b5c3e3-978a-4eb6-9a18-c80b90547bb1 HTTP/1.1" 404 -
  "GET /api/publico/terrenos/1106ae6d-3dff-429f-9329-88b2f316511d HTTP/1.1" 404 -
  "GET /api/publico/terrenos/11737a9c-25df-4ad0-82db-3bc26840d2a8 HTTP/1.1" 404 -
  "GET /api/publico/terrenos/1548abb7-22af-4ed6-9745-0ac4996c9640 HTTP/1.1" 404 -
  "GET /api/publico/terrenos/18213219-c0d4-4520-9cef-20418b39eaab HTTP/1.1" 404 -
  "GET /api/publico/terrenos/1b3d0a1e-b73e-4137-8407-9d9ffd729ac5 HTTP/1.1" 404 -
  "GET /api/publico/terrenos/1c8bd634-4cf0-4319-afc7-acaef92a7ded HTTP/1.1" 404 -
  "GET /api/publico/terrenos/1cbb9ab9-6436-438d-a474-ff7b0aa45728 HTTP/1.1" 404 -
  "GET /api/publico/terrenos/1dc53292-2b8d-43e0-a37e-3fc5423d7ad0 HTTP/1.1" 404 -
  "GET /api/publico/terrenos/1e80bb09-5649-4d9b-b5dd-460c40d02f71 HTTP/1.1" 404 -
  "GET /api/publico/terrenos/1fc7f8d0-8ae0-4125-8422-27a26c538470 HTTP/1.1" 404 -
  "GET /api/publico/terrenos/1ffff504-bc42-4dff-abb0-68f9b8fbd216 HTTP/1.1" 404 -
  "GET /api/publico/terrenos/2393bac7-f95b-4a22-93e3-5fefa7f0bf32 HTTP/1.1" 404 -
  "GET /api/publico/terrenos/253e1489-f3fe-4dd7-bd56-15fe6d443840 HTTP/1.1" 404 -
  "GET /api/publico/terrenos/25c3620c-6a6b-418a-b972-adf83db782c6 HTTP/1.1" 404 -
  "GET /api/nope HTTP/1.1" 404 -
  "GET /api/bases HTTP/1.1" 401 -
  "GET /api/inventario/terrenos HTTP/1.1" 401 -
  "POST /api/login HTTP/1.1" 401 -
  "GET /api/inventario/terrenos HTTP/1.1" 401 -
  "POST /api/login HTTP/1.1" 401 -
  "POST /api/login HTTP/1.1" 401 -
  "POST /api/login HTTP/1.1" 401 -
  "POST /api/login HTTP/1.1" 401 -
  "POST /api/login HTTP/1.1" 429 -
  "POST /api/login HTTP/1.1" 429 -
  "POST /api/login HTTP/1.1" 429 -
  "POST /api/login HTTP/1.1" 429 -
  "POST /api/login HTTP/1.1" 429 -
  "POST /api/login HTTP/1.1" 429 -
  "POST /api/login HTTP/1.1" 429 -
  "POST /api/login HTTP/1.1" 429 -
  "POST /api/login HTTP/1.1" 429 -
  "POST /api/login HTTP/1.1" 429 -
  "POST /api/login HTTP/1.1" 429 -
  "POST /api/login HTTP/1.1" 429 -
  "POST /api/login HTTP/1.1" 429 -
  "POST /api/login HTTP/1.1" 429 -
  "POST /api/login HTTP/1.1" 429 -
  "POST /api/login HTTP/1.1" 429 -
  "POST /api/login HTTP/1.1" 429 -
  "POST /api/login HTTP/1.1" 429 -
  "POST /api/login HTTP/1.1" 429 -
  "POST /api/login HTTP/1.1" 429 -
  "POST /api/login HTTP/1.1" 429 -
  "POST /api/login HTTP/1.1" 429 -
