✔ a CSV preview sends the number convention and keeps base_id (0.581583ms)
✔ an Excel preview sends no query at all (0.096917ms)
✔ the configured upload limit applies to CSV before anything is sent (0.551291ms)
✔ suggested answers are preselected, open ones are not (0.596709ms)
✔ answers survive a new response while their question is still open (0.10675ms)
✔ corrections merge like decisions: columns accumulate, the rest is replaced (0.072583ms)
✔ the queue sends one request at a time and the newest edit wins (0.801542ms)
✔ labels (0.11425ms)
✔ a failed confirmation says whether the preview was used up (0.056292ms)
✔ all, unfiled and a named folder filter without reordering (0.645792ms)
✔ filtering never replaces the full list (0.109916ms)
✔ counts include empty folders and count items once (0.090958ms)
✔ a selection that no longer exists falls back to unfiled, not all (0.0635ms)
✔ labels for views and items (0.219583ms)
✔ creation defaults to the open folder, never to all/unfiled (0.096417ms)
✔ a move patches one item by id and leaves the rest alone (0.238334ms)
✔ the first layer is the reference (0.878417ms)
✔ a terrain only in the later layer is new (0.079292ms)
✔ a terrain only in the reference layer is removed (0.101125ms)
✔ identical values report no change (0.108ms)
✔ a different price is reported with the field named (0.324917ms)
✔ several changed fields are all listed (0.135125ms)
✔ rounding under half a percent is not a change (0.055666ms)
✔ matching ignores accents and case (0.066375ms)
✔ two same-named parcels match one to one, not both to the first (0.273875ms)
✔ genuinely different areas stay separate parcels (0.731208ms)
✔ a single layer produces no comparison at all (0.133708ms)
✔ with three layers a removal names the layers it is missing from (0.076459ms)
✔ the input array is not modified (0.074166ms)
✔ changedFields reports location and address, not only money (0.043416ms)
✔ changedFields ignores fields that are not part of the comparison (0.038916ms)
✔ summarize counts each state (0.059083ms)
✔ #3 three identical layers report no invented new terrain (0.119959ms)
✔ #3 each layer matches the reference independently (0.067875ms)
✔ #7 a terrain that only moved is reported as changed (0.079042ms)
✔ #7 latitude and longitude are reported once, together (0.292708ms)
✔ #7 a changed address is reported (0.154833ms)
✔ #7 movement under a metre is not a change (0.1925ms)
✔ removals name the layers a terrain is missing from (0.26025ms)
✔ a terrain present in every layer is not reported as removed (0.09125ms)
✔ the closest area is paired, not merely the first within tolerance (0.059334ms)
✔ a hectare is a circle of about 56.4 m radius (2.581375ms)
✔ the radius of the largest real terrain (0.176583ms)
✔ area four times larger doubles the radius (0.058916ms)
✔ missing or nonsense areas have no radius (0.080708ms)
✔ metres per pixel halves with each zoom step (0.059541ms)
✔ metres per pixel shrinks away from the equator (0.051958ms)
✔ a known scale: zoom 16 near Mexico City (0.037875ms)
✔ zoomed out, the symbol wins and the mark is not to scale (0.054625ms)
✔ zoomed in, the true footprint wins and the mark is to scale (0.229208ms)
✔ the handover is continuous: radius never shrinks as you zoom in (0.286875ms)
✔ a bigger terrain reaches true scale sooner (0.113958ms)
✔ at true scale the drawn radius really is the ground radius (0.048583ms)
✔ a terrain with no area keeps its symbol at every zoom (0.03625ms)
✔ trueScaleRadius grows by four when zooming in two steps (0.036958ms)
✔ a terrain on its own gets no ring offset (0.306ms)
✔ terrains at the same point are nudged into concentric rings (0.217292ms)
✔ terrains at different points are not nudged (0.088125ms)
✔ a big pile at one coordinate stops growing instead of swallowing the map (0.314791ms)
✔ zoomed out, every terrain is the same clean circle (0.2135ms)
✔ zoomed in, size becomes the real footprint again (0.079917ms)
✔ comparison layers are still separated at the same spot (0.80675ms)
✔ the public projection keeps exactly the contract allowlist and no private text (0.962417ms)
✔ a public row drops any field outside the allowlist, even if the server sent one (0.211583ms)
✔ publication status uses the agreed Spanish labels (0.150791ms)
✔ a saved 'sold' draft over a live publication is flagged as not yet public (0.222917ms)
✔ inventory rows flatten the draft and classify location like the server (0.107209ms)
✔ geography is repeated parameters; price only travels with its currency (0.456458ms)
✔ internal-only filters never reach the public catalog query (0.125125ms)
✔ a page query keeps the filters and adds the cursor and the maximum limit (0.118208ms)
✔ 251 matching records assemble across the 250 page boundary with no gaps or repeats (0.913708ms)
✔ the default 100-row page also assembles completely (0.52675ms)
✔ facets come from the server's first page, for the whole candidate set (1.132708ms)
✔ a server that repeats a cursor is reported, not looped on (0.218083ms)
✔ numbers are read as typed in Mexico, and ambiguous commas are refused (0.312667ms)
✔ an untouched form sends nothing; cents and unknown currency survive byte for byte (0.315875ms)
✔ only edited fields are parsed and sent, in the server's units (0.122917ms)
✔ half a coordinate pair saves as a draft (§9.1); a decimal comma is still refused (0.058833ms)
✔ server field errors map onto form fields (0.3025ms)
✔ a conflict names what the other user changed and where both of us did (0.143083ms)
✔ one create attempt keeps its key across retries; a changed body gets a new key (0.079667ms)
✔ history events normalise action, actor, time, confirmations and field changes (0.154542ms)
✔ the real workbook's prices show as dollars, cents kept (1.908792ms)
✔ pesos show as pesos (0.174625ms)
✔ a price with no recorded currency says so instead of borrowing one (0.085ms)
✔ currencies in view: unknown counts as its own, unpriced rows do not count (0.363375ms)
✔ price filters are dropped, not applied, across currencies (0.112ms)
✔ the same amount in another currency is a change (0.125833ms)
✔ every route round-trips through its hash (0.693959ms)
✔ only the catalog is public; anonymous lands on it, signed-in on the inventory (0.120541ms)
✔ unknown or malformed hashes are not routes (0.396625ms)
✔ ending the session cancels private requests; their callers never see a response (64.3945ms)
✔ a private response that lands after logout is dropped, not delivered (32.70825ms)
✔ public requests are outside the private scope (1.175709ms)
✔ a private 401 reports the expired session; a failed login does not (0.725416ms)
✔ an unreachable server is a readable network error the editor can tell apart (0.201417ms)
✔ create carries its Idempotency-Key; save carries the expected version (0.632666ms)
✔ clearing private state forgets every team dataset but keeps the public catalog (0.44575ms)
ℹ tests 98
ℹ suites 0
ℹ pass 98
ℹ fail 0
ℹ cancelled 0
ℹ skipped 0
ℹ todo 0
ℹ duration_ms 216.046459
