✔ a CSV preview sends the number convention and keeps base_id (0.662875ms)
✔ an Excel preview sends no query at all (0.09875ms)
✔ the configured upload limit applies to CSV before anything is sent (0.218709ms)
✔ suggested answers are preselected, open ones are not (0.589791ms)
✔ answers survive a new response while their question is still open (0.107125ms)
✔ corrections merge like decisions: columns accumulate, the rest is replaced (0.072542ms)
✔ the queue sends one request at a time and the newest edit wins (0.884167ms)
✔ labels (0.27ms)
✔ a failed confirmation says whether the preview was used up (0.127583ms)
✔ all, unfiled and a named folder filter without reordering (0.620333ms)
✔ filtering never replaces the full list (0.094708ms)
✔ counts include empty folders and count items once (0.084166ms)
✔ a selection that no longer exists falls back to unfiled, not all (0.063ms)
✔ labels for views and items (0.09825ms)
✔ creation defaults to the open folder, never to all/unfiled (0.048833ms)
✔ a move patches one item by id and leaves the rest alone (0.12325ms)
✔ the first layer is the reference (0.908208ms)
✔ a terrain only in the later layer is new (0.082416ms)
✔ a terrain only in the reference layer is removed (0.110125ms)
✔ identical values report no change (0.113542ms)
✔ a different price is reported with the field named (0.320834ms)
✔ several changed fields are all listed (0.140208ms)
✔ rounding under half a percent is not a change (0.05725ms)
✔ matching ignores accents and case (0.066709ms)
✔ two same-named parcels match one to one, not both to the first (0.27625ms)
✔ genuinely different areas stay separate parcels (0.63775ms)
✔ a single layer produces no comparison at all (0.136375ms)
✔ with three layers a removal names the layers it is missing from (0.091458ms)
✔ the input array is not modified (0.074084ms)
✔ changedFields reports location and address, not only money (0.051666ms)
✔ changedFields ignores fields that are not part of the comparison (0.042125ms)
✔ summarize counts each state (0.064083ms)
✔ #3 three identical layers report no invented new terrain (0.114333ms)
✔ #3 each layer matches the reference independently (0.072708ms)
✔ #7 a terrain that only moved is reported as changed (0.061708ms)
✔ #7 latitude and longitude are reported once, together (0.045916ms)
✔ #7 a changed address is reported (0.040791ms)
✔ #7 movement under a metre is not a change (0.043333ms)
✔ removals name the layers a terrain is missing from (0.034542ms)
✔ a terrain present in every layer is not reported as removed (0.028208ms)
✔ the closest area is paired, not merely the first within tolerance (0.049292ms)
✔ a hectare is a circle of about 56.4 m radius (1.3625ms)
✔ the radius of the largest real terrain (0.328875ms)
✔ area four times larger doubles the radius (0.117708ms)
✔ missing or nonsense areas have no radius (0.130708ms)
✔ metres per pixel halves with each zoom step (0.117083ms)
✔ metres per pixel shrinks away from the equator (0.093666ms)
✔ a known scale: zoom 16 near Mexico City (0.052708ms)
✔ zoomed out, the symbol wins and the mark is not to scale (0.067917ms)
✔ zoomed in, the true footprint wins and the mark is to scale (0.241417ms)
✔ the handover is continuous: radius never shrinks as you zoom in (0.287959ms)
✔ a bigger terrain reaches true scale sooner (0.11925ms)
✔ at true scale the drawn radius really is the ground radius (0.0505ms)
✔ a terrain with no area keeps its symbol at every zoom (0.038833ms)
✔ trueScaleRadius grows by four when zooming in two steps (0.038042ms)
✔ a terrain on its own gets no ring offset (0.080584ms)
✔ terrains at the same point are nudged into concentric rings (0.05075ms)
✔ terrains at different points are not nudged (0.050667ms)
✔ a big pile at one coordinate stops growing instead of swallowing the map (0.108458ms)
✔ zoomed out, every terrain is the same clean circle (0.096166ms)
✔ zoomed in, size becomes the real footprint again (0.031917ms)
✔ comparison layers are still separated at the same spot (0.757625ms)
✔ the public projection keeps exactly the contract allowlist and no private text (1.17175ms)
✔ a public row drops any field outside the allowlist, even if the server sent one (0.463375ms)
✔ publication status uses the agreed Spanish labels (0.699667ms)
✔ a saved 'sold' draft over a live publication is flagged as not yet public (0.708375ms)
✔ inventory rows flatten the draft and classify location like the server (0.205833ms)
✔ geography is repeated parameters; price only travels with its currency (0.148333ms)
✔ internal-only filters never reach the public catalog query (0.137333ms)
✔ a page query keeps the filters and adds the cursor and the maximum limit (0.122042ms)
✔ 251 matching records assemble across the 250 page boundary with no gaps or repeats (0.763791ms)
✔ the default 100-row page also assembles completely (0.515166ms)
✔ facets come from the server's first page, for the whole candidate set (1.221042ms)
✔ a server that repeats a cursor is reported, not looped on (0.21275ms)
✔ numbers are read as typed in Mexico, and ambiguous commas are refused (0.320625ms)
✔ an untouched form sends nothing; cents and unknown currency survive byte for byte (0.303709ms)
✔ only edited fields are parsed and sent, in the server's units (0.302541ms)
✔ half a coordinate pair saves as a draft (§9.1); a decimal comma is still refused (0.139458ms)
✔ server field errors map onto form fields (0.380667ms)
✔ a conflict names what the other user changed and where both of us did (0.2545ms)
✔ one create attempt keeps its key across retries; a changed body gets a new key (0.093333ms)
✔ history events normalise action, actor, time, confirmations and field changes (0.273916ms)
✔ the real workbook's prices show as dollars, cents kept (0.884ms)
✔ pesos show as pesos (0.117583ms)
✔ a price with no recorded currency says so instead of borrowing one (0.077667ms)
✔ currencies in view: unknown counts as its own, unpriced rows do not count (0.338ms)
✔ price filters are dropped, not applied, across currencies (0.110166ms)
✔ the same amount in another currency is a change (0.124583ms)
✔ every route round-trips through its hash (0.715917ms)
✔ only the catalog is public; anonymous lands on it, signed-in on the inventory (0.122125ms)
✔ unknown or malformed hashes are not routes (0.384709ms)
✔ ending the session cancels private requests; their callers never see a response (64.2955ms)
✔ a private response that lands after logout is dropped, not delivered (30.345792ms)
✔ public requests are outside the private scope (0.991208ms)
✔ a private 401 reports the expired session; a failed login does not (0.62925ms)
✔ an unreachable server is a readable network error the editor can tell apart (0.158ms)
✔ create carries its Idempotency-Key; save carries the expected version (0.666125ms)
✔ clearing private state forgets every team dataset but keeps the public catalog (0.457292ms)
ℹ tests 98
ℹ suites 0
ℹ pass 98
ℹ fail 0
ℹ cancelled 0
ℹ skipped 0
ℹ todo 0
ℹ duration_ms 201.054667
