  "POST /api/logout HTTP/1.1" 403 -
  "POST /api/logout HTTP/1.1" 403 -
  "POST /api/maestra/bases HTTP/1.1" 401 -
  "POST /api/maestra/bases HTTP/1.1" 401 -
  "POST /api/maestra/bases HTTP/1.1" 403 -
  "POST /api/no-existe HTTP/1.1" 404 -
  "DELETE /api/maestra/bases HTTP/1.1" 405 -
  "POST /api/logout HTTP/1.1" 413 -
  "POST /api/logout HTTP/1.1" 400 -
  "POST /api/logout HTTP/1.1" 400 -
  "POST /api/logout HTTP/1.1" 400 -
..  "POST /api/login HTTP/1.1" 400 -
  "POST /api/login HTTP/1.1" 400 -
  "POST /api/login HTTP/1.1" 400 -
  "POST /api/login HTTP/1.1" 400 -
  "POST /api/login HTTP/1.1" 400 -
  "POST /api/login HTTP/1.1" 400 -
  "POST /api/login HTTP/1.1" 400 -
  "POST /api/login HTTP/1.1" 400 -
  "POST /api/login HTTP/1.1" 400 -
  "POST /api/login HTTP/1.1" 400 -
  "POST /api/login HTTP/1.1" 400 -
  "POST /api/login HTTP/1.1" 400 -
  "POST /api/login HTTP/1.1" 400 -
  "POST /api/login HTTP/1.1" 400 -
  "POST /api/login HTTP/1.1" 400 -
  "POST /api/login HTTP/1.1" 400 -
  "POST /api/login HTTP/1.1" 400 -
  "POST /api/login HTTP/1.1" 400 -
  "POST /api/login HTTP/1.1" 400 -
  "POST /api/login HTTP/1.1" 400 -
  "POST /api/login HTTP/1.1" 400 -
  "POST /api/login HTTP/1.1" 400 -
.  "POST /api/logout HTTP/1.1" 403 -
  "POST /api/maestra/bases HTTP/1.1" 403 -
.  "POST /api/maestra/bases HTTP/1.1" 422 -
  "POST /api/login HTTP/1.1" 401 -
...................................
----------------------------------------------------------------------
Ran 39 tests in 3.440s

OK
