  "PATCH /api/inventario/terrenos/4d740525-ad9d-472b-aba8-2aadca683549 HTTP/1.1" 404 -
  "PATCH /api/inventario/terrenos/4d740525-ad9d-472b-aba8-2aadca683549 HTTP/1.1" 404 -
  "PATCH /api/inventario/terrenos/4d740525-ad9d-472b-aba8-2aadca683549 HTTP/1.1" 409 -
.  "PATCH /api/inventario/terrenos/bcef93f8-b29b-4e14-a00c-f6e956801b06 HTTP/1.1" 422 -
.  "POST /api/inventario/terrenos/088d0e3e-1606-470a-a09c-34d308702a11/transferir HTTP/1.1" 409 -
  "PATCH /api/inventario/terrenos/088d0e3e-1606-470a-a09c-34d308702a11 HTTP/1.1" 404 -
  "PATCH /api/inventario/terrenos/088d0e3e-1606-470a-a09c-34d308702a11 HTTP/1.1" 422 -
.  "PATCH /api/maestra/bases/81151d7a-1876-4299-a1c2-2df5c16f2666/columnas/b4649da3-1dfd-496f-a8c4-4d11c16e55ed HTTP/1.1" 409 -
  "PUT /api/maestra/bases/81151d7a-1876-4299-a1c2-2df5c16f2666/acceso HTTP/1.1" 409 -
.  "PATCH /api/inventario/terrenos/254109d1-ceba-4773-85f1-bfec9bd8cb2e HTTP/1.1" 422 -
  "PATCH /api/inventario/terrenos/254109d1-ceba-4773-85f1-bfec9bd8cb2e HTTP/1.1" 422 -
  "PATCH /api/inventario/terrenos/254109d1-ceba-4773-85f1-bfec9bd8cb2e HTTP/1.1" 409 -
.  "POST /api/maestra/bases/9b825c10-7f7b-4f59-a27f-4e88e8894ec4/columnas HTTP/1.1" 422 -
  "POST /api/maestra/bases/9b825c10-7f7b-4f59-a27f-4e88e8894ec4/columnas HTTP/1.1" 422 -
  "POST /api/maestra/bases/9b825c10-7f7b-4f59-a27f-4e88e8894ec4/columnas HTTP/1.1" 422 -
  "POST /api/maestra/bases/9b825c10-7f7b-4f59-a27f-4e88e8894ec4/columnas HTTP/1.1" 422 -
  "POST /api/maestra/bases/9b825c10-7f7b-4f59-a27f-4e88e8894ec4/columnas HTTP/1.1" 422 -
  "POST /api/maestra/bases/9b825c10-7f7b-4f59-a27f-4e88e8894ec4/columnas HTTP/1.1" 422 -
  "POST /api/maestra/bases/9b825c10-7f7b-4f59-a27f-4e88e8894ec4/columnas HTTP/1.1" 422 -
  "POST /api/maestra/bases/9b825c10-7f7b-4f59-a27f-4e88e8894ec4/columnas HTTP/1.1" 422 -
  "POST /api/maestra/bases/9b825c10-7f7b-4f59-a27f-4e88e8894ec4/columnas HTTP/1.1" 422 -
  "POST /api/maestra/bases/9b825c10-7f7b-4f59-a27f-4e88e8894ec4/columnas HTTP/1.1" 422 -
  "POST /api/maestra/bases/9b825c10-7f7b-4f59-a27f-4e88e8894ec4/columnas HTTP/1.1" 422 -
  "POST /api/maestra/bases/9b825c10-7f7b-4f59-a27f-4e88e8894ec4/columnas HTTP/1.1" 422 -
  "POST /api/maestra/bases/9b825c10-7f7b-4f59-a27f-4e88e8894ec4/columnas HTTP/1.1" 422 -
  "POST /api/maestra/bases/9b825c10-7f7b-4f59-a27f-4e88e8894ec4/columnas HTTP/1.1" 422 -
  "POST /api/maestra/bases/9b825c10-7f7b-4f59-a27f-4e88e8894ec4/columnas HTTP/1.1" 422 -
  "POST /api/maestra/bases/9b825c10-7f7b-4f59-a27f-4e88e8894ec4/columnas HTTP/1.1" 422 -
  "POST /api/maestra/bases/9b825c10-7f7b-4f59-a27f-4e88e8894ec4/columnas HTTP/1.1" 422 -
  "POST /api/maestra/bases/9b825c10-7f7b-4f59-a27f-4e88e8894ec4/columnas HTTP/1.1" 422 -
  "PATCH /api/maestra/bases/9b825c10-7f7b-4f59-a27f-4e88e8894ec4/columnas/f856b355-1ef8-4c09-ac59-94182f017c88 HTTP/1.1" 422 -
  "PATCH /api/maestra/bases/9b825c10-7f7b-4f59-a27f-4e88e8894ec4/columnas/f856b355-1ef8-4c09-ac59-94182f017c88 HTTP/1.1" 422 -
  "PATCH /api/maestra/bases/9b825c10-7f7b-4f59-a27f-4e88e8894ec4/columnas/f856b355-1ef8-4c09-ac59-94182f017c88 HTTP/1.1" 422 -
  "PATCH /api/maestra/bases/9b825c10-7f7b-4f59-a27f-4e88e8894ec4/columnas/f856b355-1ef8-4c09-ac59-94182f017c88 HTTP/1.1" 422 -
  "PATCH /api/maestra/bases/9b825c10-7f7b-4f59-a27f-4e88e8894ec4/columnas/f856b355-1ef8-4c09-ac59-94182f017c88 HTTP/1.1" 422 -
  "PATCH /api/maestra/bases/9b825c10-7f7b-4f59-a27f-4e88e8894ec4/columnas/f856b355-1ef8-4c09-ac59-94182f017c88 HTTP/1.1" 422 -
  "PATCH /api/maestra/bases/9b825c10-7f7b-4f59-a27f-4e88e8894ec4/columnas/f856b355-1ef8-4c09-ac59-94182f017c88 HTTP/1.1" 422 -
  "PATCH /api/maestra/bases/9b825c10-7f7b-4f59-a27f-4e88e8894ec4/columnas/f856b355-1ef8-4c09-ac59-94182f017c88 HTTP/1.1" 409 -
  "PATCH /api/maestra/bases/9b825c10-7f7b-4f59-a27f-4e88e8894ec4/columnas/f856b355-1ef8-4c09-ac59-94182f017c88 HTTP/1.1" 409 -
  "PATCH /api/maestra/bases/9b825c10-7f7b-4f59-a27f-4e88e8894ec4/columnas/f856b355-1ef8-4c09-ac59-94182f017c88 HTTP/1.1" 409 -
  "PATCH /api/maestra/bases/9b825c10-7f7b-4f59-a27f-4e88e8894ec4/columnas/f856b355-1ef8-4c09-ac59-94182f017c88 HTTP/1.1" 409 -
  "PATCH /api/maestra/bases/9b825c10-7f7b-4f59-a27f-4e88e8894ec4/columnas/9d37c745-9bbf-4496-94f3-472e0e236c07 HTTP/1.1" 409 -
  "POST /api/maestra/bases/9b825c10-7f7b-4f59-a27f-4e88e8894ec4/columnas HTTP/1.1" 409 -
  "POST /api/maestra/bases/9b825c10-7f7b-4f59-a27f-4e88e8894ec4/columnas/9d37c745-9bbf-4496-94f3-472e0e236c07/restaurar HTTP/1.1" 409 -
.  "POST /api/maestra/bases/dac90825-8fda-4ae1-9b70-f3c6007313f5/columnas HTTP/1.1" 409 -
  "POST /api/maestra/bases/dac90825-8fda-4ae1-9b70-f3c6007313f5/columnas HTTP/1.1" 409 -
.  "GET /api/maestra/bases/a4fa86cc-a577-401a-b8fe-b06d8a3ba115/columnas HTTP/1.1" 404 -
  "GET /api/maestra/bases/38c9df4e-ead4-4d9b-bc9c-df8f8c6930d6/columnas HTTP/1.1" 404 -
  "GET /api/maestra/bases/802f2e0c-02e3-4f2f-8357-4314b05841cc/columnas HTTP/1.1" 404 -
  "GET /api/maestra/bases/aa72164a-e3cf-44d5-aefd-e06e2356ef2d/columnas HTTP/1.1" 404 -
  "POST /api/maestra/bases/a4fa86cc-a577-401a-b8fe-b06d8a3ba115/columnas HTTP/1.1" 404 -
  "POST /api/maestra/bases/38c9df4e-ead4-4d9b-bc9c-df8f8c6930d6/columnas HTTP/1.1" 404 -
  "POST /api/maestra/bases/38c9df4e-ead4-4d9b-bc9c-df8f8c6930d6/columnas HTTP/1.1" 404 -
  "PATCH /api/maestra/bases/a4fa86cc-a577-401a-b8fe-b06d8a3ba115/columnas/d5d92c97-aa1a-414d-941b-cfbcb47d159d HTTP/1.1" 404 -
  "POST /api/maestra/bases/a4fa86cc-a577-401a-b8fe-b06d8a3ba115/columnas/d5d92c97-aa1a-414d-941b-cfbcb47d159d/retirar HTTP/1.1" 404 -
  "PATCH /api/maestra/bases/38c9df4e-ead4-4d9b-bc9c-df8f8c6930d6/columnas/d5d92c97-aa1a-414d-941b-cfbcb47d159d HTTP/1.1" 404 -
  "PATCH /api/maestra/bases/a4fa86cc-a577-401a-b8fe-b06d8a3ba115/columnas/f0586c8a-fe72-45ac-bd82-73fa6cc1fcdf HTTP/1.1" 404 -
  "POST /api/maestra/bases/a4fa86cc-a577-401a-b8fe-b06d8a3ba115/columnas/f0586c8a-fe72-45ac-bd82-73fa6cc1fcdf/retirar HTTP/1.1" 404 -
  "PATCH /api/maestra/bases/a4fa86cc-a577-401a-b8fe-b06d8a3ba115/columnas/13e7cdc1-ced6-4605-a443-e0bd06afedeb HTTP/1.1" 404 -
  "POST /api/maestra/bases/a4fa86cc-a577-401a-b8fe-b06d8a3ba115/columnas/13e7cdc1-ced6-4605-a443-e0bd06afedeb/retirar HTTP/1.1" 404 -
  "PATCH /api/maestra/bases/a4fa86cc-a577-401a-b8fe-b06d8a3ba115/columnas/no-es-un-id HTTP/1.1" 404 -
  "POST /api/maestra/bases/a4fa86cc-a577-401a-b8fe-b06d8a3ba115/columnas/no-es-un-id/retirar HTTP/1.1" 404 -
  "POST /api/maestra/bases/a4fa86cc-a577-401a-b8fe-b06d8a3ba115/columnas HTTP/1.1" 409 -
  "PATCH /api/maestra/bases/a4fa86cc-a577-401a-b8fe-b06d8a3ba115/columnas/d5d92c97-aa1a-414d-941b-cfbcb47d159d HTTP/1.1" 409 -
  "POST /api/maestra/bases/a4fa86cc-a577-401a-b8fe-b06d8a3ba115/columnas/d5d92c97-aa1a-414d-941b-cfbcb47d159d/retirar HTTP/1.1" 409 -
  "POST /api/maestra/bases/a4fa86cc-a577-401a-b8fe-b06d8a3ba115/columnas HTTP/1.1" 404 -
.  "PATCH /api/inventario/terrenos/f97fc7f3-bf9b-4da6-bf29-bdfcc075619a HTTP/1.1" 422 -
  "PATCH /api/inventario/terrenos/f97fc7f3-bf9b-4da6-bf29-bdfcc075619a HTTP/1.1" 422 -
  "PATCH /api/inventario/terrenos/f97fc7f3-bf9b-4da6-bf29-bdfcc075619a HTTP/1.1" 422 -
  "PATCH /api/inventario/terrenos/f97fc7f3-bf9b-4da6-bf29-bdfcc075619a HTTP/1.1" 422 -
  "PATCH /api/inventario/terrenos/f97fc7f3-bf9b-4da6-bf29-bdfcc075619a HTTP/1.1" 422 -
  "PATCH /api/inventario/terrenos/f97fc7f3-bf9b-4da6-bf29-bdfcc075619a HTTP/1.1" 422 -
  "PATCH /api/inventario/terrenos/f97fc7f3-bf9b-4da6-bf29-bdfcc075619a HTTP/1.1" 422 -
  "PATCH /api/inventario/terrenos/f97fc7f3-bf9b-4da6-bf29-bdfcc075619a HTTP/1.1" 422 -
  "PATCH /api/inventario/terrenos/f97fc7f3-bf9b-4da6-bf29-bdfcc075619a HTTP/1.1" 422 -
  "PATCH /api/inventario/terrenos/f97fc7f3-bf9b-4da6-bf29-bdfcc075619a HTTP/1.1" 422 -
  "PATCH /api/inventario/terrenos/f97fc7f3-bf9b-4da6-bf29-bdfcc075619a HTTP/1.1" 422 -
  "PATCH /api/inventario/terrenos/f97fc7f3-bf9b-4da6-bf29-bdfcc075619a HTTP/1.1" 422 -
  "PATCH /api/inventario/terrenos/f97fc7f3-bf9b-4da6-bf29-bdfcc075619a HTTP/1.1" 422 -
  "PATCH /api/inventario/terrenos/f97fc7f3-bf9b-4da6-bf29-bdfcc075619a HTTP/1.1" 422 -
  "PATCH /api/inventario/terrenos/189eb741-863c-425f-b153-f1a67b01fc8b HTTP/1.1" 422 -
  "POST /api/maestra/bases/762b6570-f130-41ca-91fa-e94a2a409cbc/terrenos HTTP/1.1" 422 -
  "PATCH /api/inventario/terrenos/5827864f-1bb7-4d58-9b9d-88eeef8aec3a HTTP/1.1" 404 -
  "PATCH /api/inventario/terrenos/f97fc7f3-bf9b-4da6-bf29-bdfcc075619a HTTP/1.1" 404 -
.  "PATCH /api/maestra/bases/fdf7c98b-a8d7-4460-ab44-f1364e533ba6/columnas/3aedc84b-9abc-4b34-b362-4b21c67ed454 HTTP/1.1" 409 -
  "PATCH /api/maestra/bases/fdf7c98b-a8d7-4460-ab44-f1364e533ba6/columnas/3aedc84b-9abc-4b34-b362-4b21c67ed454 HTTP/1.1" 409 -
  "POST /api/maestra/bases/fdf7c98b-a8d7-4460-ab44-f1364e533ba6/columnas/c397146f-9932-4975-933b-7a1bae84aeca/retirar HTTP/1.1" 409 -
  "PATCH /api/maestra/bases/fdf7c98b-a8d7-4460-ab44-f1364e533ba6/columnas/c397146f-9932-4975-933b-7a1bae84aeca HTTP/1.1" 409 -
  "PATCH /api/maestra/bases/fdf7c98b-a8d7-4460-ab44-f1364e533ba6/columnas/c397146f-9932-4975-933b-7a1bae84aeca HTTP/1.1" 409 -
  "POST /api/maestra/bases/fdf7c98b-a8d7-4460-ab44-f1364e533ba6/columnas/c397146f-9932-4975-933b-7a1bae84aeca/restaurar HTTP/1.1" 409 -
  "POST /api/maestra/bases/fdf7c98b-a8d7-4460-ab44-f1364e533ba6/columnas/c397146f-9932-4975-933b-7a1bae84aeca/restaurar HTTP/1.1" 409 -
.  "POST /api/maestra/bases/a7d32143-fd03-4672-b5e5-206f767b2566/columnas HTTP/1.1" 422 -
  "POST /api/maestra/bases/a7d32143-fd03-4672-b5e5-206f767b2566/columnas HTTP/1.1" 422 -
  "PATCH /api/maestra/bases/a7d32143-fd03-4672-b5e5-206f767b2566/columnas/57d0746e-522a-4e10-9833-ad261ecc64f5 HTTP/1.1" 422 -
  "PATCH /api/maestra/bases/a7d32143-fd03-4672-b5e5-206f767b2566/columnas/f18a8118-577c-4430-8e8c-75cec512c75d HTTP/1.1" 422 -
  "PATCH /api/inventario/terrenos/91bf472c-19e3-46ad-94f4-8e31549f8cf8 HTTP/1.1" 422 -
  "PATCH /api/inventario/terrenos/91bf472c-19e3-46ad-94f4-8e31549f8cf8 HTTP/1.1" 422 -
  "PATCH /api/inventario/terrenos/91bf472c-19e3-46ad-94f4-8e31549f8cf8 HTTP/1.1" 422 -
  "PATCH /api/inventario/terrenos/91bf472c-19e3-46ad-94f4-8e31549f8cf8 HTTP/1.1" 422 -
  "POST /api/maestra/bases HTTP/1.1" 422 -
  "POST /api/maestra/bases/a7d32143-fd03-4672-b5e5-206f767b2566/terrenos HTTP/1.1" 422 -
  "POST /api/maestra/bases/a7d32143-fd03-4672-b5e5-206f767b2566/columnas HTTP/1.1" 422 -
  "POST /api/maestra/bases/a7d32143-fd03-4672-b5e5-206f767b2566/columnas HTTP/1.1" 422 -
  "PATCH /api/maestra/bases/a7d32143-fd03-4672-b5e5-206f767b2566/columnas/57d0746e-522a-4e10-9833-ad261ecc64f5 HTTP/1.1" 422 -
  "PATCH /api/maestra/bases/a7d32143-fd03-4672-b5e5-206f767b2566/columnas/f18a8118-577c-4430-8e8c-75cec512c75d HTTP/1.1" 422 -
  "PATCH /api/inventario/terrenos/91bf472c-19e3-46ad-94f4-8e31549f8cf8 HTTP/1.1" 422 -
  "PATCH /api/inventario/terrenos/91bf472c-19e3-46ad-94f4-8e31549f8cf8 HTTP/1.1" 422 -
  "PATCH /api/inventario/terrenos/91bf472c-19e3-46ad-94f4-8e31549f8cf8 HTTP/1.1" 422 -
  "PATCH /api/inventario/terrenos/91bf472c-19e3-46ad-94f4-8e31549f8cf8 HTTP/1.1" 422 -
  "POST /api/maestra/bases HTTP/1.1" 422 -
  "POST /api/maestra/bases/a7d32143-fd03-4672-b5e5-206f767b2566/terrenos HTTP/1.1" 422 -
  "POST /api/maestra/bases/a7d32143-fd03-4672-b5e5-206f767b2566/columnas HTTP/1.1" 422 -
  "POST /api/maestra/bases/a7d32143-fd03-4672-b5e5-206f767b2566/columnas HTTP/1.1" 422 -
  "PATCH /api/maestra/bases/a7d32143-fd03-4672-b5e5-206f767b2566/columnas/57d0746e-522a-4e10-9833-ad261ecc64f5 HTTP/1.1" 422 -
  "PATCH /api/maestra/bases/a7d32143-fd03-4672-b5e5-206f767b2566/columnas/f18a8118-577c-4430-8e8c-75cec512c75d HTTP/1.1" 422 -
  "PATCH /api/inventario/terrenos/91bf472c-19e3-46ad-94f4-8e31549f8cf8 HTTP/1.1" 422 -
  "PATCH /api/inventario/terrenos/91bf472c-19e3-46ad-94f4-8e31549f8cf8 HTTP/1.1" 422 -
  "PATCH /api/inventario/terrenos/91bf472c-19e3-46ad-94f4-8e31549f8cf8 HTTP/1.1" 422 -
  "PATCH /api/inventario/terrenos/91bf472c-19e3-46ad-94f4-8e31549f8cf8 HTTP/1.1" 422 -
  "POST /api/maestra/bases HTTP/1.1" 422 -
  "POST /api/maestra/bases/a7d32143-fd03-4672-b5e5-206f767b2566/terrenos HTTP/1.1" 422 -
  "POST /api/maestra/bases/a7d32143-fd03-4672-b5e5-206f767b2566/columnas HTTP/1.1" 422 -
  "POST /api/maestra/bases/a7d32143-fd03-4672-b5e5-206f767b2566/columnas HTTP/1.1" 422 -
  "PATCH /api/maestra/bases/a7d32143-fd03-4672-b5e5-206f767b2566/columnas/57d0746e-522a-4e10-9833-ad261ecc64f5 HTTP/1.1" 422 -
  "PATCH /api/maestra/bases/a7d32143-fd03-4672-b5e5-206f767b2566/columnas/f18a8118-577c-4430-8e8c-75cec512c75d HTTP/1.1" 422 -
  "PATCH /api/inventario/terrenos/91bf472c-19e3-46ad-94f4-8e31549f8cf8 HTTP/1.1" 422 -
  "PATCH /api/inventario/terrenos/91bf472c-19e3-46ad-94f4-8e31549f8cf8 HTTP/1.1" 422 -
  "PATCH /api/inventario/terrenos/91bf472c-19e3-46ad-94f4-8e31549f8cf8 HTTP/1.1" 422 -
  "PATCH /api/inventario/terrenos/91bf472c-19e3-46ad-94f4-8e31549f8cf8 HTTP/1.1" 422 -
  "POST /api/maestra/bases HTTP/1.1" 422 -
  "POST /api/maestra/bases/a7d32143-fd03-4672-b5e5-206f767b2566/terrenos HTTP/1.1" 422 -
  "POST /api/maestra/bases/a7d32143-fd03-4672-b5e5-206f767b2566/columnas HTTP/1.1" 422 -
  "POST /api/maestra/bases/a7d32143-fd03-4672-b5e5-206f767b2566/columnas HTTP/1.1" 422 -
  "PATCH /api/maestra/bases/a7d32143-fd03-4672-b5e5-206f767b2566/columnas/57d0746e-522a-4e10-9833-ad261ecc64f5 HTTP/1.1" 422 -
  "PATCH /api/maestra/bases/a7d32143-fd03-4672-b5e5-206f767b2566/columnas/f18a8118-577c-4430-8e8c-75cec512c75d HTTP/1.1" 422 -
  "PATCH /api/inventario/terrenos/91bf472c-19e3-46ad-94f4-8e31549f8cf8 HTTP/1.1" 422 -
  "PATCH /api/inventario/terrenos/91bf472c-19e3-46ad-94f4-8e31549f8cf8 HTTP/1.1" 422 -
  "PATCH /api/inventario/terrenos/91bf472c-19e3-46ad-94f4-8e31549f8cf8 HTTP/1.1" 422 -
  "PATCH /api/inventario/terrenos/91bf472c-19e3-46ad-94f4-8e31549f8cf8 HTTP/1.1" 422 -
  "POST /api/maestra/bases HTTP/1.1" 422 -
  "POST /api/maestra/bases/a7d32143-fd03-4672-b5e5-206f767b2566/terrenos HTTP/1.1" 422 -
  "PATCH /api/inventario/terrenos/91bf472c-19e3-46ad-94f4-8e31549f8cf8 HTTP/1.1" 422 -
  "PATCH /api/inventario/terrenos/91bf472c-19e3-46ad-94f4-8e31549f8cf8 HTTP/1.1" 422 -
  "PATCH /api/inventario/terrenos/91bf472c-19e3-46ad-94f4-8e31549f8cf8 HTTP/1.1" 422 -
  "PATCH /api/inventario/terrenos/91bf472c-19e3-46ad-94f4-8e31549f8cf8 HTTP/1.1" 422 -
  "PATCH /api/inventario/terrenos/91bf472c-19e3-46ad-94f4-8e31549f8cf8 HTTP/1.1" 422 -
  "PATCH /api/inventario/terrenos/91bf472c-19e3-46ad-94f4-8e31549f8cf8 HTTP/1.1" 422 -
  "PATCH /api/inventario/terrenos/91bf472c-19e3-46ad-94f4-8e31549f8cf8 HTTP/1.1" 422 -
  "PATCH /api/inventario/terrenos/91bf472c-19e3-46ad-94f4-8e31549f8cf8 HTTP/1.1" 422 -
  "PATCH /api/inventario/terrenos/91bf472c-19e3-46ad-94f4-8e31549f8cf8 HTTP/1.1" 422 -
  "GET /api/maestra/bases/a7d32143-fd03-4672-b5e5-206f767b2566/terrenos?q=a%00b HTTP/1.1" 422 -
  "GET /api/maestra/bases/a7d32143-fd03-4672-b5e5-206f767b2566/terrenos?estado=a%00b HTTP/1.1" 422 -
  "GET /api/inventario/terrenos?q=%00 HTTP/1.1" 422 -
  "GET /api/maestra/operadores?q=a%00 HTTP/1.1" 422 -
.  "GET /api/maestra/operadores?limit=0 HTTP/1.1" 422 -
  "GET /api/maestra/operadores?limit=201 HTTP/1.1" 422 -
  "GET /api/maestra/operadores?limit=x HTTP/1.1" 422 -
  "GET /api/maestra/operadores?rol=admin HTTP/1.1" 422 -
  "GET /api/maestra/operadores?q=xxxxxxxxxxxxxxxxxxxxxxxxxxxxxxxxxxxxxxxxxxxxxxxxxxxxxxxxxxxxxxxxxxxxxxxxxxxxxxxxxxxxxxxxxxxxxxxxxxxxx HTTP/1.1" 422 -
  "GET /api/maestra/operadores HTTP/1.1" 403 -
  "GET /api/maestra/operadores HTTP/1.1" 403 -
  "GET /api/maestra/operadores HTTP/1.1" 401 -
.  "PATCH /api/inventario/terrenos/491dc63c-260d-453d-a438-dd836893297a HTTP/1.1" 422 -
  "PATCH /api/inventario/terrenos/491dc63c-260d-453d-a438-dd836893297a HTTP/1.1" 422 -
  "PATCH /api/inventario/terrenos/491dc63c-260d-453d-a438-dd836893297a HTTP/1.1" 422 -
  "PATCH /api/inventario/terrenos/491dc63c-260d-453d-a438-dd836893297a HTTP/1.1" 422 -
  "PATCH /api/inventario/terrenos/491dc63c-260d-453d-a438-dd836893297a HTTP/1.1" 422 -
  "PATCH /api/inventario/terrenos/491dc63c-260d-453d-a438-dd836893297a HTTP/1.1" 422 -
  "PATCH /api/inventario/terrenos/491dc63c-260d-453d-a438-dd836893297a HTTP/1.1" 422 -
  "PATCH /api/inventario/terrenos/491dc63c-260d-453d-a438-dd836893297a HTTP/1.1" 422 -
  "PATCH /api/inventario/terrenos/491dc63c-260d-453d-a438-dd836893297a HTTP/1.1" 422 -
  "PATCH /api/inventario/terrenos/491dc63c-260d-453d-a438-dd836893297a HTTP/1.1" 422 -
  "PATCH /api/inventario/terrenos/491dc63c-260d-453d-a438-dd836893297a HTTP/1.1" 422 -
  "PATCH /api/inventario/terrenos/491dc63c-260d-453d-a438-dd836893297a HTTP/1.1" 422 -
  "PATCH /api/inventario/terrenos/491dc63c-260d-453d-a438-dd836893297a HTTP/1.1" 422 -
  "PATCH /api/inventario/terrenos/491dc63c-260d-453d-a438-dd836893297a HTTP/1.1" 422 -
  "PATCH /api/inventario/terrenos/491dc63c-260d-453d-a438-dd836893297a HTTP/1.1" 422 -
  "PATCH /api/inventario/terrenos/491dc63c-260d-453d-a438-dd836893297a HTTP/1.1" 422 -
  "PATCH /api/inventario/terrenos/491dc63c-260d-453d-a438-dd836893297a HTTP/1.1" 422 -
  "PATCH /api/inventario/terrenos/491dc63c-260d-453d-a438-dd836893297a HTTP/1.1" 422 -
  "PATCH /api/inventario/terrenos/491dc63c-260d-453d-a438-dd836893297a HTTP/1.1" 422 -
  "PATCH /api/inventario/terrenos/491dc63c-260d-453d-a438-dd836893297a HTTP/1.1" 422 -
  "PATCH /api/inventario/terrenos/491dc63c-260d-453d-a438-dd836893297a HTTP/1.1" 422 -
.  "PATCH /api/inventario/terrenos/5631cbc7-f229-49e3-886d-ce95854a591a HTTP/1.1" 409 -
  "GET /api/inventario/terrenos/5631cbc7-f229-49e3-886d-ce95854a591a HTTP/1.1" 404 -
  "GET /api/inventario/terrenos/5631cbc7-f229-49e3-886d-ce95854a591a/historial HTTP/1.1" 404 -
  "PATCH /api/inventario/terrenos/5631cbc7-f229-49e3-886d-ce95854a591a HTTP/1.1" 409 -
  "POST /api/maestra/bases/cd40ed58-c3a5-466f-9d62-7ac22510bcde/terrenos HTTP/1.1" 404 -
  "PATCH /api/inventario/terrenos/5631cbc7-f229-49e3-886d-ce95854a591a HTTP/1.1" 422 -
  "PATCH /api/inventario/terrenos/5631cbc7-f229-49e3-886d-ce95854a591a HTTP/1.1" 409 -
  "POST /api/maestra/bases/cd40ed58-c3a5-466f-9d62-7ac22510bcde/terrenos HTTP/1.1" 404 -
  "PATCH /api/inventario/terrenos/5631cbc7-f229-49e3-886d-ce95854a591a HTTP/1.1" 409 -
  "GET /api/inventario/terrenos/5631cbc7-f229-49e3-886d-ce95854a591a HTTP/1.1" 404 -
  "PATCH /api/inventario/terrenos/5631cbc7-f229-49e3-886d-ce95854a591a HTTP/1.1" 409 -
.  "PATCH /api/inventario/terrenos/88d1e11b-4db4-4898-b5d2-b2bdc34e2ae6 HTTP/1.1" 404 -
  "PATCH /api/inventario/terrenos/88d1e11b-4db4-4898-b5d2-b2bdc34e2ae6 HTTP/1.1" 404 -
  "PATCH /api/inventario/terrenos/88d1e11b-4db4-4898-b5d2-b2bdc34e2ae6 HTTP/1.1" 409 -
.  "PATCH /api/inventario/terrenos/86d7b344-5bc4-4607-b8cf-c57566e67500 HTTP/1.1" 422 -
.  "POST /api/inventario/terrenos/7d9c0c62-e80f-4e6e-92cc-1f46e08b939b/transferir HTTP/1.1" 409 -
  "PATCH /api/inventario/terrenos/7d9c0c62-e80f-4e6e-92cc-1f46e08b939b HTTP/1.1" 404 -
  "PATCH /api/inventario/terrenos/7d9c0c62-e80f-4e6e-92cc-1f46e08b939b HTTP/1.1" 422 -
.  "PATCH /api/maestra/bases/45eb656a-4f63-44ed-b755-85aca765472a/columnas/bf0a566a-7a70-4a51-bf36-ceb90a68aaac HTTP/1.1" 409 -
  "PUT /api/maestra/bases/45eb656a-4f63-44ed-b755-85aca765472a/acceso HTTP/1.1" 409 -
.  "PATCH /api/inventario/terrenos/179c6421-f431-429a-94c4-172bba6b31ec HTTP/1.1" 422 -
  "PATCH /api/inventario/terrenos/179c6421-f431-429a-94c4-172bba6b31ec HTTP/1.1" 422 -
  "PATCH /api/inventario/terrenos/179c6421-f431-429a-94c4-172bba6b31ec HTTP/1.1" 409 -
.  "POST /api/maestra/bases/47834efa-7689-4978-8557-46ed5f6508cb/columnas HTTP/1.1" 422 -
  "POST /api/maestra/bases/47834efa-7689-4978-8557-46ed5f6508cb/columnas HTTP/1.1" 422 -
  "POST /api/maestra/bases/47834efa-7689-4978-8557-46ed5f6508cb/columnas HTTP/1.1" 422 -
  "POST /api/maestra/bases/47834efa-7689-4978-8557-46ed5f6508cb/columnas HTTP/1.1" 422 -
  "POST /api/maestra/bases/47834efa-7689-4978-8557-46ed5f6508cb/columnas HTTP/1.1" 422 -
  "POST /api/maestra/bases/47834efa-7689-4978-8557-46ed5f6508cb/columnas HTTP/1.1" 422 -
  "POST /api/maestra/bases/47834efa-7689-4978-8557-46ed5f6508cb/columnas HTTP/1.1" 422 -
  "POST /api/maestra/bases/47834efa-7689-4978-8557-46ed5f6508cb/columnas HTTP/1.1" 422 -
  "POST /api/maestra/bases/47834efa-7689-4978-8557-46ed5f6508cb/columnas HTTP/1.1" 422 -
  "POST /api/maestra/bases/47834efa-7689-4978-8557-46ed5f6508cb/columnas HTTP/1.1" 422 -
  "POST /api/maestra/bases/47834efa-7689-4978-8557-46ed5f6508cb/columnas HTTP/1.1" 422 -
  "POST /api/maestra/bases/47834efa-7689-4978-8557-46ed5f6508cb/columnas HTTP/1.1" 422 -
  "POST /api/maestra/bases/47834efa-7689-4978-8557-46ed5f6508cb/columnas HTTP/1.1" 422 -
  "POST /api/maestra/bases/47834efa-7689-4978-8557-46ed5f6508cb/columnas HTTP/1.1" 422 -
  "POST /api/maestra/bases/47834efa-7689-4978-8557-46ed5f6508cb/columnas HTTP/1.1" 422 -
  "POST /api/maestra/bases/47834efa-7689-4978-8557-46ed5f6508cb/columnas HTTP/1.1" 422 -
  "POST /api/maestra/bases/47834efa-7689-4978-8557-46ed5f6508cb/columnas HTTP/1.1" 422 -
  "POST /api/maestra/bases/47834efa-7689-4978-8557-46ed5f6508cb/columnas HTTP/1.1" 422 -
  "PATCH /api/maestra/bases/47834efa-7689-4978-8557-46ed5f6508cb/columnas/8b3059e6-63c2-465c-9090-5310ac03d962 HTTP/1.1" 422 -
  "PATCH /api/maestra/bases/47834efa-7689-4978-8557-46ed5f6508cb/columnas/8b3059e6-63c2-465c-9090-5310ac03d962 HTTP/1.1" 422 -
  "PATCH /api/maestra/bases/47834efa-7689-4978-8557-46ed5f6508cb/columnas/8b3059e6-63c2-465c-9090-5310ac03d962 HTTP/1.1" 422 -
  "PATCH /api/maestra/bases/47834efa-7689-4978-8557-46ed5f6508cb/columnas/8b3059e6-63c2-465c-9090-5310ac03d962 HTTP/1.1" 422 -
  "PATCH /api/maestra/bases/47834efa-7689-4978-8557-46ed5f6508cb/columnas/8b3059e6-63c2-465c-9090-5310ac03d962 HTTP/1.1" 422 -
  "PATCH /api/maestra/bases/47834efa-7689-4978-8557-46ed5f6508cb/columnas/8b3059e6-63c2-465c-9090-5310ac03d962 HTTP/1.1" 422 -
  "PATCH /api/maestra/bases/47834efa-7689-4978-8557-46ed5f6508cb/columnas/8b3059e6-63c2-465c-9090-5310ac03d962 HTTP/1.1" 422 -
  "PATCH /api/maestra/bases/47834efa-7689-4978-8557-46ed5f6508cb/columnas/8b3059e6-63c2-465c-9090-5310ac03d962 HTTP/1.1" 409 -
  "PATCH /api/maestra/bases/47834efa-7689-4978-8557-46ed5f6508cb/columnas/8b3059e6-63c2-465c-9090-5310ac03d962 HTTP/1.1" 409 -
  "PATCH /api/maestra/bases/47834efa-7689-4978-8557-46ed5f6508cb/columnas/8b3059e6-63c2-465c-9090-5310ac03d962 HTTP/1.1" 409 -
  "PATCH /api/maestra/bases/47834efa-7689-4978-8557-46ed5f6508cb/columnas/8b3059e6-63c2-465c-9090-5310ac03d962 HTTP/1.1" 409 -
  "PATCH /api/maestra/bases/47834efa-7689-4978-8557-46ed5f6508cb/columnas/1f2935ee-be46-4e97-8073-44e87bbaa8dc HTTP/1.1" 409 -
  "POST /api/maestra/bases/47834efa-7689-4978-8557-46ed5f6508cb/columnas HTTP/1.1" 409 -
  "POST /api/maestra/bases/47834efa-7689-4978-8557-46ed5f6508cb/columnas/1f2935ee-be46-4e97-8073-44e87bbaa8dc/restaurar HTTP/1.1" 409 -
.  "POST /api/maestra/bases/bd122b1d-ad75-43ce-ad1a-51efdb18c018/columnas HTTP/1.1" 409 -
  "POST /api/maestra/bases/bd122b1d-ad75-43ce-ad1a-51efdb18c018/columnas HTTP/1.1" 409 -
.  "GET /api/maestra/bases/f562209e-04ef-4844-a147-46a2a170a8fe/columnas HTTP/1.1" 404 -
  "GET /api/maestra/bases/34d26ca1-1cae-4464-a4d3-8f350fcd4044/columnas HTTP/1.1" 404 -
  "GET /api/maestra/bases/497d039e-7c20-49ff-b2df-d61b8ef6b00a/columnas HTTP/1.1" 404 -
  "GET /api/maestra/bases/04c08152-398a-41ba-944d-0196eec19c01/columnas HTTP/1.1" 404 -
  "POST /api/maestra/bases/f562209e-04ef-4844-a147-46a2a170a8fe/columnas HTTP/1.1" 404 -
  "POST /api/maestra/bases/34d26ca1-1cae-4464-a4d3-8f350fcd4044/columnas HTTP/1.1" 404 -
  "POST /api/maestra/bases/34d26ca1-1cae-4464-a4d3-8f350fcd4044/columnas HTTP/1.1" 404 -
  "PATCH /api/maestra/bases/f562209e-04ef-4844-a147-46a2a170a8fe/columnas/8b987b29-c109-4d20-85fa-d500079962b8 HTTP/1.1" 404 -
  "POST /api/maestra/bases/f562209e-04ef-4844-a147-46a2a170a8fe/columnas/8b987b29-c109-4d20-85fa-d500079962b8/retirar HTTP/1.1" 404 -
  "PATCH /api/maestra/bases/34d26ca1-1cae-4464-a4d3-8f350fcd4044/columnas/8b987b29-c109-4d20-85fa-d500079962b8 HTTP/1.1" 404 -
  "PATCH /api/maestra/bases/f562209e-04ef-4844-a147-46a2a170a8fe/columnas/c4e2a1c2-b423-4a47-ab42-47ca243e8200 HTTP/1.1" 404 -
  "POST /api/maestra/bases/f562209e-04ef-4844-a147-46a2a170a8fe/columnas/c4e2a1c2-b423-4a47-ab42-47ca243e8200/retirar HTTP/1.1" 404 -
  "PATCH /api/maestra/bases/f562209e-04ef-4844-a147-46a2a170a8fe/columnas/e0db6df0-011b-4d36-aab3-73a6037591f6 HTTP/1.1" 404 -
  "POST /api/maestra/bases/f562209e-04ef-4844-a147-46a2a170a8fe/columnas/e0db6df0-011b-4d36-aab3-73a6037591f6/retirar HTTP/1.1" 404 -
  "PATCH /api/maestra/bases/f562209e-04ef-4844-a147-46a2a170a8fe/columnas/no-es-un-id HTTP/1.1" 404 -
  "POST /api/maestra/bases/f562209e-04ef-4844-a147-46a2a170a8fe/columnas/no-es-un-id/retirar HTTP/1.1" 404 -
  "POST /api/maestra/bases/f562209e-04ef-4844-a147-46a2a170a8fe/columnas HTTP/1.1" 409 -
  "PATCH /api/maestra/bases/f562209e-04ef-4844-a147-46a2a170a8fe/columnas/8b987b29-c109-4d20-85fa-d500079962b8 HTTP/1.1" 409 -
  "POST /api/maestra/bases/f562209e-04ef-4844-a147-46a2a170a8fe/columnas/8b987b29-c109-4d20-85fa-d500079962b8/retirar HTTP/1.1" 409 -
  "POST /api/maestra/bases/f562209e-04ef-4844-a147-46a2a170a8fe/columnas HTTP/1.1" 404 -
.  "PATCH /api/inventario/terrenos/4accafa5-b1d0-41b1-8cf6-ed242107cd76 HTTP/1.1" 422 -
  "PATCH /api/inventario/terrenos/4accafa5-b1d0-41b1-8cf6-ed242107cd76 HTTP/1.1" 422 -
  "PATCH /api/inventario/terrenos/4accafa5-b1d0-41b1-8cf6-ed242107cd76 HTTP/1.1" 422 -
  "PATCH /api/inventario/terrenos/4accafa5-b1d0-41b1-8cf6-ed242107cd76 HTTP/1.1" 422 -
  "PATCH /api/inventario/terrenos/4accafa5-b1d0-41b1-8cf6-ed242107cd76 HTTP/1.1" 422 -
  "PATCH /api/inventario/terrenos/4accafa5-b1d0-41b1-8cf6-ed242107cd76 HTTP/1.1" 422 -
  "PATCH /api/inventario/terrenos/4accafa5-b1d0-41b1-8cf6-ed242107cd76 HTTP/1.1" 422 -
  "PATCH /api/inventario/terrenos/4accafa5-b1d0-41b1-8cf6-ed242107cd76 HTTP/1.1" 422 -
  "PATCH /api/inventario/terrenos/4accafa5-b1d0-41b1-8cf6-ed242107cd76 HTTP/1.1" 422 -
  "PATCH /api/inventario/terrenos/4accafa5-b1d0-41b1-8cf6-ed242107cd76 HTTP/1.1" 422 -
  "PATCH /api/inventario/terrenos/4accafa5-b1d0-41b1-8cf6-ed242107cd76 HTTP/1.1" 422 -
  "PATCH /api/inventario/terrenos/4accafa5-b1d0-41b1-8cf6-ed242107cd76 HTTP/1.1" 422 -
  "PATCH /api/inventario/terrenos/4accafa5-b1d0-41b1-8cf6-ed242107cd76 HTTP/1.1" 422 -
  "PATCH /api/inventario/terrenos/4accafa5-b1d0-41b1-8cf6-ed242107cd76 HTTP/1.1" 422 -
  "PATCH /api/inventario/terrenos/0e89bb6d-724f-4ddf-8308-a098437b9740 HTTP/1.1" 422 -
  "POST /api/maestra/bases/68a7e8fa-6f73-4eef-92e0-bdef1d3b5a8b/terrenos HTTP/1.1" 422 -
  "PATCH /api/inventario/terrenos/a4ede650-0e45-4394-8276-fd4276ccb589 HTTP/1.1" 404 -
  "PATCH /api/inventario/terrenos/4accafa5-b1d0-41b1-8cf6-ed242107cd76 HTTP/1.1" 404 -
.  "PATCH /api/maestra/bases/215c0f7f-6372-4cd8-a847-69bed1760cc9/columnas/d63e1543-e445-411e-8564-a0e2af3b78a3 HTTP/1.1" 409 -
  "PATCH /api/maestra/bases/215c0f7f-6372-4cd8-a847-69bed1760cc9/columnas/d63e1543-e445-411e-8564-a0e2af3b78a3 HTTP/1.1" 409 -
  "POST /api/maestra/bases/215c0f7f-6372-4cd8-a847-69bed1760cc9/columnas/cd07dd68-9645-4004-ba89-d0b368b64005/retirar HTTP/1.1" 409 -
  "PATCH /api/maestra/bases/215c0f7f-6372-4cd8-a847-69bed1760cc9/columnas/cd07dd68-9645-4004-ba89-d0b368b64005 HTTP/1.1" 409 -
  "PATCH /api/maestra/bases/215c0f7f-6372-4cd8-a847-69bed1760cc9/columnas/cd07dd68-9645-4004-ba89-d0b368b64005 HTTP/1.1" 409 -
  "POST /api/maestra/bases/215c0f7f-6372-4cd8-a847-69bed1760cc9/columnas/cd07dd68-9645-4004-ba89-d0b368b64005/restaurar HTTP/1.1" 409 -
  "POST /api/maestra/bases/215c0f7f-6372-4cd8-a847-69bed1760cc9/columnas/cd07dd68-9645-4004-ba89-d0b368b64005/restaurar HTTP/1.1" 409 -
.  "POST /api/maestra/bases/a157b5c3-aa87-4b60-9cd4-3ac902c5cba2/columnas HTTP/1.1" 422 -
  "POST /api/maestra/bases/a157b5c3-aa87-4b60-9cd4-3ac902c5cba2/columnas HTTP/1.1" 422 -
  "PATCH /api/maestra/bases/a157b5c3-aa87-4b60-9cd4-3ac902c5cba2/columnas/ba16789b-9440-4a77-9e2c-fa491615f521 HTTP/1.1" 422 -
  "PATCH /api/maestra/bases/a157b5c3-aa87-4b60-9cd4-3ac902c5cba2/columnas/c359a92a-0873-4e5f-a0a4-cbfb5c8c3519 HTTP/1.1" 422 -
  "PATCH /api/inventario/terrenos/30c26123-1b45-45c9-8145-efeed4717c8b HTTP/1.1" 422 -
  "PATCH /api/inventario/terrenos/30c26123-1b45-45c9-8145-efeed4717c8b HTTP/1.1" 422 -
  "PATCH /api/inventario/terrenos/30c26123-1b45-45c9-8145-efeed4717c8b HTTP/1.1" 422 -
  "PATCH /api/inventario/terrenos/30c26123-1b45-45c9-8145-efeed4717c8b HTTP/1.1" 422 -
  "POST /api/maestra/bases HTTP/1.1" 422 -
  "POST /api/maestra/bases/a157b5c3-aa87-4b60-9cd4-3ac902c5cba2/terrenos HTTP/1.1" 422 -
  "POST /api/maestra/bases/a157b5c3-aa87-4b60-9cd4-3ac902c5cba2/columnas HTTP/1.1" 422 -
  "POST /api/maestra/bases/a157b5c3-aa87-4b60-9cd4-3ac902c5cba2/columnas HTTP/1.1" 422 -
  "PATCH /api/maestra/bases/a157b5c3-aa87-4b60-9cd4-3ac902c5cba2/columnas/ba16789b-9440-4a77-9e2c-fa491615f521 HTTP/1.1" 422 -
  "PATCH /api/maestra/bases/a157b5c3-aa87-4b60-9cd4-3ac902c5cba2/columnas/c359a92a-0873-4e5f-a0a4-cbfb5c8c3519 HTTP/1.1" 422 -
  "PATCH /api/inventario/terrenos/30c26123-1b45-45c9-8145-efeed4717c8b HTTP/1.1" 422 -
  "PATCH /api/inventario/terrenos/30c26123-1b45-45c9-8145-efeed4717c8b HTTP/1.1" 422 -
  "PATCH /api/inventario/terrenos/30c26123-1b45-45c9-8145-efeed4717c8b HTTP/1.1" 422 -
  "PATCH /api/inventario/terrenos/30c26123-1b45-45c9-8145-efeed4717c8b HTTP/1.1" 422 -
  "POST /api/maestra/bases HTTP/1.1" 422 -
  "POST /api/maestra/bases/a157b5c3-aa87-4b60-9cd4-3ac902c5cba2/terrenos HTTP/1.1" 422 -
  "POST /api/maestra/bases/a157b5c3-aa87-4b60-9cd4-3ac902c5cba2/columnas HTTP/1.1" 422 -
  "POST /api/maestra/bases/a157b5c3-aa87-4b60-9cd4-3ac902c5cba2/columnas HTTP/1.1" 422 -
  "PATCH /api/maestra/bases/a157b5c3-aa87-4b60-9cd4-3ac902c5cba2/columnas/ba16789b-9440-4a77-9e2c-fa491615f521 HTTP/1.1" 422 -
  "PATCH /api/maestra/bases/a157b5c3-aa87-4b60-9cd4-3ac902c5cba2/columnas/c359a92a-0873-4e5f-a0a4-cbfb5c8c3519 HTTP/1.1" 422 -
  "PATCH /api/inventario/terrenos/30c26123-1b45-45c9-8145-efeed4717c8b HTTP/1.1" 422 -
  "PATCH /api/inventario/terrenos/30c26123-1b45-45c9-8145-efeed4717c8b HTTP/1.1" 422 -
  "PATCH /api/inventario/terrenos/30c26123-1b45-45c9-8145-efeed4717c8b HTTP/1.1" 422 -
  "PATCH /api/inventario/terrenos/30c26123-1b45-45c9-8145-efeed4717c8b HTTP/1.1" 422 -
  "POST /api/maestra/bases HTTP/1.1" 422 -
  "POST /api/maestra/bases/a157b5c3-aa87-4b60-9cd4-3ac902c5cba2/terrenos HTTP/1.1" 422 -
  "POST /api/maestra/bases/a157b5c3-aa87-4b60-9cd4-3ac902c5cba2/columnas HTTP/1.1" 422 -
  "POST /api/maestra/bases/a157b5c3-aa87-4b60-9cd4-3ac902c5cba2/columnas HTTP/1.1" 422 -
  "PATCH /api/maestra/bases/a157b5c3-aa87-4b60-9cd4-3ac902c5cba2/columnas/ba16789b-9440-4a77-9e2c-fa491615f521 HTTP/1.1" 422 -
  "PATCH /api/maestra/bases/a157b5c3-aa87-4b60-9cd4-3ac902c5cba2/columnas/c359a92a-0873-4e5f-a0a4-cbfb5c8c3519 HTTP/1.1" 422 -
  "PATCH /api/inventario/terrenos/30c26123-1b45-45c9-8145-efeed4717c8b HTTP/1.1" 422 -
  "PATCH /api/inventario/terrenos/30c26123-1b45-45c9-8145-efeed4717c8b HTTP/1.1" 422 -
  "PATCH /api/inventario/terrenos/30c26123-1b45-45c9-8145-efeed4717c8b HTTP/1.1" 422 -
  "PATCH /api/inventario/terrenos/30c26123-1b45-45c9-8145-efeed4717c8b HTTP/1.1" 422 -
  "POST /api/maestra/bases HTTP/1.1" 422 -
  "POST /api/maestra/bases/a157b5c3-aa87-4b60-9cd4-3ac902c5cba2/terrenos HTTP/1.1" 422 -
  "POST /api/maestra/bases/a157b5c3-aa87-4b60-9cd4-3ac902c5cba2/columnas HTTP/1.1" 422 -
  "POST /api/maestra/bases/a157b5c3-aa87-4b60-9cd4-3ac902c5cba2/columnas HTTP/1.1" 422 -
  "PATCH /api/maestra/bases/a157b5c3-aa87-4b60-9cd4-3ac902c5cba2/columnas/ba16789b-9440-4a77-9e2c-fa491615f521 HTTP/1.1" 422 -
  "PATCH /api/maestra/bases/a157b5c3-aa87-4b60-9cd4-3ac902c5cba2/columnas/c359a92a-0873-4e5f-a0a4-cbfb5c8c3519 HTTP/1.1" 422 -
  "PATCH /api/inventario/terrenos/30c26123-1b45-45c9-8145-efeed4717c8b HTTP/1.1" 422 -
  "PATCH /api/inventario/terrenos/30c26123-1b45-45c9-8145-efeed4717c8b HTTP/1.1" 422 -
  "PATCH /api/inventario/terrenos/30c26123-1b45-45c9-8145-efeed4717c8b HTTP/1.1" 422 -
  "PATCH /api/inventario/terrenos/30c26123-1b45-45c9-8145-efeed4717c8b HTTP/1.1" 422 -
  "POST /api/maestra/bases HTTP/1.1" 422 -
  "POST /api/maestra/bases/a157b5c3-aa87-4b60-9cd4-3ac902c5cba2/terrenos HTTP/1.1" 422 -
  "PATCH /api/inventario/terrenos/30c26123-1b45-45c9-8145-efeed4717c8b HTTP/1.1" 422 -
  "PATCH /api/inventario/terrenos/30c26123-1b45-45c9-8145-efeed4717c8b HTTP/1.1" 422 -
  "PATCH /api/inventario/terrenos/30c26123-1b45-45c9-8145-efeed4717c8b HTTP/1.1" 422 -
  "PATCH /api/inventario/terrenos/30c26123-1b45-45c9-8145-efeed4717c8b HTTP/1.1" 422 -
  "PATCH /api/inventario/terrenos/30c26123-1b45-45c9-8145-efeed4717c8b HTTP/1.1" 422 -
  "PATCH /api/inventario/terrenos/30c26123-1b45-45c9-8145-efeed4717c8b HTTP/1.1" 422 -
  "PATCH /api/inventario/terrenos/30c26123-1b45-45c9-8145-efeed4717c8b HTTP/1.1" 422 -
  "PATCH /api/inventario/terrenos/30c26123-1b45-45c9-8145-efeed4717c8b HTTP/1.1" 422 -
  "PATCH /api/inventario/terrenos/30c26123-1b45-45c9-8145-efeed4717c8b HTTP/1.1" 422 -
  "GET /api/maestra/bases/a157b5c3-aa87-4b60-9cd4-3ac902c5cba2/terrenos?q=a%00b HTTP/1.1" 422 -
  "GET /api/maestra/bases/a157b5c3-aa87-4b60-9cd4-3ac902c5cba2/terrenos?estado=a%00b HTTP/1.1" 422 -
  "GET /api/inventario/terrenos?q=%00 HTTP/1.1" 422 -
  "GET /api/maestra/operadores?q=a%00 HTTP/1.1" 422 -
.  "GET /api/maestra/operadores?limit=0 HTTP/1.1" 422 -
  "GET /api/maestra/operadores?limit=201 HTTP/1.1" 422 -
  "GET /api/maestra/operadores?limit=x HTTP/1.1" 422 -
  "GET /api/maestra/operadores?rol=admin HTTP/1.1" 422 -
  "GET /api/maestra/operadores?q=xxxxxxxxxxxxxxxxxxxxxxxxxxxxxxxxxxxxxxxxxxxxxxxxxxxxxxxxxxxxxxxxxxxxxxxxxxxxxxxxxxxxxxxxxxxxxxxxxxxxx HTTP/1.1" 422 -
  "GET /api/maestra/operadores HTTP/1.1" 403 -
  "GET /api/maestra/operadores HTTP/1.1" 403 -
  "GET /api/maestra/operadores HTTP/1.1" 401 -
.  "PATCH /api/inventario/terrenos/ef18d888-14ec-499d-bf12-500a5078196b HTTP/1.1" 422 -
  "PATCH /api/inventario/terrenos/ef18d888-14ec-499d-bf12-500a5078196b HTTP/1.1" 422 -
  "PATCH /api/inventario/terrenos/ef18d888-14ec-499d-bf12-500a5078196b HTTP/1.1" 422 -
  "PATCH /api/inventario/terrenos/ef18d888-14ec-499d-bf12-500a5078196b HTTP/1.1" 422 -
  "PATCH /api/inventario/terrenos/ef18d888-14ec-499d-bf12-500a5078196b HTTP/1.1" 422 -
  "PATCH /api/inventario/terrenos/ef18d888-14ec-499d-bf12-500a5078196b HTTP/1.1" 422 -
  "PATCH /api/inventario/terrenos/ef18d888-14ec-499d-bf12-500a5078196b HTTP/1.1" 422 -
  "PATCH /api/inventario/terrenos/ef18d888-14ec-499d-bf12-500a5078196b HTTP/1.1" 422 -
  "PATCH /api/inventario/terrenos/ef18d888-14ec-499d-bf12-500a5078196b HTTP/1.1" 422 -
  "PATCH /api/inventario/terrenos/ef18d888-14ec-499d-bf12-500a5078196b HTTP/1.1" 422 -
  "PATCH /api/inventario/terrenos/ef18d888-14ec-499d-bf12-500a5078196b HTTP/1.1" 422 -
  "PATCH /api/inventario/terrenos/ef18d888-14ec-499d-bf12-500a5078196b HTTP/1.1" 422 -
  "PATCH /api/inventario/terrenos/ef18d888-14ec-499d-bf12-500a5078196b HTTP/1.1" 422 -
  "PATCH /api/inventario/terrenos/ef18d888-14ec-499d-bf12-500a5078196b HTTP/1.1" 422 -
  "PATCH /api/inventario/terrenos/ef18d888-14ec-499d-bf12-500a5078196b HTTP/1.1" 422 -
  "PATCH /api/inventario/terrenos/ef18d888-14ec-499d-bf12-500a5078196b HTTP/1.1" 422 -
  "PATCH /api/inventario/terrenos/ef18d888-14ec-499d-bf12-500a5078196b HTTP/1.1" 422 -
  "PATCH /api/inventario/terrenos/ef18d888-14ec-499d-bf12-500a5078196b HTTP/1.1" 422 -
  "PATCH /api/inventario/terrenos/ef18d888-14ec-499d-bf12-500a5078196b HTTP/1.1" 422 -
  "PATCH /api/inventario/terrenos/ef18d888-14ec-499d-bf12-500a5078196b HTTP/1.1" 422 -
  "PATCH /api/inventario/terrenos/ef18d888-14ec-499d-bf12-500a5078196b HTTP/1.1" 422 -
.  "PATCH /api/inventario/terrenos/15149a29-dbf4-4081-b9df-be027126a30b HTTP/1.1" 409 -
  "GET /api/inventario/terrenos/15149a29-dbf4-4081-b9df-be027126a30b HTTP/1.1" 404 -
  "GET /api/inventario/terrenos/15149a29-dbf4-4081-b9df-be027126a30b/historial HTTP/1.1" 404 -
  "PATCH /api/inventario/terrenos/15149a29-dbf4-4081-b9df-be027126a30b HTTP/1.1" 409 -
  "POST /api/maestra/bases/a9604821-5545-4fb7-983e-f74331bc6427/terrenos HTTP/1.1" 404 -
  "PATCH /api/inventario/terrenos/15149a29-dbf4-4081-b9df-be027126a30b HTTP/1.1" 422 -
  "PATCH /api/inventario/terrenos/15149a29-dbf4-4081-b9df-be027126a30b HTTP/1.1" 409 -
  "POST /api/maestra/bases/a9604821-5545-4fb7-983e-f74331bc6427/terrenos HTTP/1.1" 404 -
  "PATCH /api/inventario/terrenos/15149a29-dbf4-4081-b9df-be027126a30b HTTP/1.1" 409 -
  "GET /api/inventario/terrenos/15149a29-dbf4-4081-b9df-be027126a30b HTTP/1.1" 404 -
  "PATCH /api/inventario/terrenos/15149a29-dbf4-4081-b9df-be027126a30b HTTP/1.1" 409 -
.  "POST /api/logout HTTP/1.1" 403 -
  "POST /api/logout HTTP/1.1" 403 -
  "POST /api/maestra/bases HTTP/1.1" 401 -
  "POST /api/maestra/bases HTTP/1.1" 401 -
  "POST /api/maestra/bases HTTP/1.1" 403 -
  "POST /api/no-existe HTTP/1.1" 404 -
  "DELETE /api/maestra/bases HTTP/1.1" 405 -
  "POST /api/logout HTTP/1.1" 413 -
  "POST /api/logout HTTP/1.1" 400 -
  "POST /api/logout HTTP/1.1" 400 -
  "POST /api/logout HTTP/1.1" 400 -
.  "POST /api/logout HTTP/1.1" 403 -
  "POST /api/maestra/bases HTTP/1.1" 403 -
.  "POST /api/maestra/bases HTTP/1.1" 422 -
  "POST /api/login HTTP/1.1" 401 -
.  "GET /api/inventario/terrenos/43cb1cae-830f-4c4b-afb8-89b65f87f9e0 HTTP/1.1" 404 -
.  "GET /api/inventario/terrenos/e7c427d6-8f7e-43d2-b257-e56996d5598b HTTP/1.1" 404 -
.
----------------------------------------------------------------------
Ran 33 tests in 36.396s

OK
