✔ a CSV preview sends the number convention and keeps base_id (0.557291ms)
✔ an Excel preview sends no query at all (0.093333ms)
✔ the configured upload limit applies to CSV before anything is sent (0.539083ms)
✔ suggested answers are preselected, open ones are not (0.604833ms)
✔ answers survive a new response while their question is still open (0.107917ms)
✔ corrections merge like decisions: columns accumulate, the rest is replaced (0.0735ms)
✔ the queue sends one request at a time and the newest edit wins (2.712709ms)
✔ labels (0.319ms)
✔ a failed confirmation says whether the preview was used up (0.163667ms)
✔ all, unfiled and a named folder filter without reordering (1.238958ms)
✔ filtering never replaces the full list (0.200542ms)
✔ counts include empty folders and count items once (0.17125ms)
✔ a selection that no longer exists falls back to unfiled, not all (0.134833ms)
✔ labels for views and items (0.268875ms)
✔ creation defaults to the open folder, never to all/unfiled (0.110167ms)
✔ a move patches one item by id and leaves the rest alone (0.298417ms)
✔ the first layer is the reference (2.776917ms)
✔ a terrain only in the later layer is new (0.262625ms)
✔ a terrain only in the reference layer is removed (0.249917ms)
✔ identical values report no change (0.247167ms)
✔ a different price is reported with the field named (0.701083ms)
✔ several changed fields are all listed (0.337209ms)
✔ rounding under half a percent is not a change (0.132166ms)
✔ matching ignores accents and case (0.424875ms)
✔ two same-named parcels match one to one, not both to the first (0.334458ms)
✔ genuinely different areas stay separate parcels (0.278166ms)
✔ a single layer produces no comparison at all (0.119ms)
✔ with three layers a removal names the layers it is missing from (0.074209ms)
✔ the input array is not modified (0.864083ms)
✔ changedFields reports location and address, not only money (0.356333ms)
✔ changedFields ignores fields that are not part of the comparison (0.593709ms)
✔ summarize counts each state (0.692333ms)
✔ #3 three identical layers report no invented new terrain (0.285584ms)
✔ #3 each layer matches the reference independently (1.028541ms)
✔ #7 a terrain that only moved is reported as changed (0.191583ms)
✔ #7 latitude and longitude are reported once, together (0.701916ms)
✔ #7 a changed address is reported (1.508917ms)
✔ #7 movement under a metre is not a change (0.073042ms)
✔ removals name the layers a terrain is missing from (0.044834ms)
✔ a terrain present in every layer is not reported as removed (0.03675ms)
✔ the closest area is paired, not merely the first within tolerance (0.058541ms)
✔ a hectare is a circle of about 56.4 m radius (1.646333ms)
✔ the radius of the largest real terrain (0.404416ms)
✔ area four times larger doubles the radius (0.264709ms)
✔ missing or nonsense areas have no radius (0.079792ms)
✔ metres per pixel halves with each zoom step (0.107167ms)
✔ metres per pixel shrinks away from the equator (0.267208ms)
✔ a known scale: zoom 16 near Mexico City (0.044459ms)
✔ zoomed out, the symbol wins and the mark is not to scale (0.068542ms)
✔ zoomed in, the true footprint wins and the mark is to scale (0.299375ms)
✔ the handover is continuous: radius never shrinks as you zoom in (0.600125ms)
✔ a bigger terrain reaches true scale sooner (0.14175ms)
✔ at true scale the drawn radius really is the ground radius (0.051167ms)
✔ a terrain with no area keeps its symbol at every zoom (0.306625ms)
✔ trueScaleRadius grows by four when zooming in two steps (0.406458ms)
✔ a terrain on its own gets no ring offset (0.822209ms)
✔ terrains at the same point are nudged into concentric rings (0.057041ms)
✔ terrains at different points are not nudged (0.529458ms)
✔ a big pile at one coordinate stops growing instead of swallowing the map (1.159958ms)
✔ zoomed out, every terrain is the same clean circle (0.605292ms)
✔ zoomed in, size becomes the real footprint again (0.4405ms)
✔ comparison layers are still separated at the same spot (2.306667ms)
✔ fixture provenance: generated by the accepted B-1 parser (0.521583ms)
✔ boundary-only terrain is located with blank X/Y (0.912833ms)
✔ XY-only terrain keeps the existing validator's verdict (0.395042ms)
✔ neither boundary nor X/Y: unplaced (0.214583ms)
✔ boundary and X/Y disagree: boundary wins, X/Y is read but never written (0.244875ms)
✔ unusable or malformed descriptors are no descriptor at all (0.549208ms)
✔ legacy rows without a geometria key keep their caller's ubicado (0.270541ms)
✔ shared contract v1 example maps through the A adapter rule (0.504292ms)
✔ bodies convert [lon, lat] to Leaflet [lat, lng] explicitly (1.127ms)
✔ holes and every part are kept (1.134125ms)
✔ cajaMayor is the largest part's shell box, which drives the handover (0.833042ms)
✔ missing body: no_disponible, never a fabricated outline (0.114916ms)
✔ failed replacement: the active descriptor's old body is used, never the pending one (0.09175ms)
✔ malformed bodies are invalid, never footprints (0.166041ms)
✔ a body shifted away from its declared bounds is invalid, not drawn elsewhere (0.136541ms)
✔ collapsed or shrunken bodies are invalid (0.094584ms)
✔ holes and other parts must stay inside the declared bounds too (0.116833ms)
✔ every parser-produced fixture body is consistent and loads (0.509542ms)
✔ bodies past the parser's vertex limit are refused, not drawn (17.651834ms)
✔ handover: symbol at distant zoom, outline once the short side reaches 24 px (0.427875ms)
✔ mixed bounds cover every boundary part and every XY point, nothing else (0.924541ms)
✔ coincident boundary symbol and XY mark get distinct rings (0.893916ms)
✔ the public projection keeps exactly the contract allowlist and no private text (1.0745ms)
✔ a public row drops any field outside the allowlist, even if the server sent one (0.42275ms)
✔ publication status uses the agreed Spanish labels (0.213917ms)
✔ a saved 'sold' draft over a live publication is flagged as not yet public (0.237667ms)
✔ inventory rows flatten the draft and classify location like the server (0.849667ms)
✔ geography is repeated parameters; price only travels with its currency (0.130375ms)
✔ internal-only filters never reach the public catalog query (0.12ms)
✔ a page query keeps the filters and adds the cursor and the maximum limit (0.117833ms)
✔ 251 matching records assemble across the 250 page boundary with no gaps or repeats (0.76975ms)
✔ the default 100-row page also assembles completely (0.568291ms)
✔ facets come from the server's first page, for the whole candidate set (7.493833ms)
✔ a server that repeats a cursor is reported, not looped on (0.246083ms)
✔ numbers are read as typed in Mexico, and ambiguous commas are refused (0.351417ms)
✔ an untouched form sends nothing; cents and unknown currency survive byte for byte (0.337459ms)
✔ only edited fields are parsed and sent, in the server's units (0.132666ms)
✔ half a coordinate pair saves as a draft (§9.1); a decimal comma is still refused (0.06175ms)
✔ server field errors map onto form fields (0.303208ms)
✔ a conflict names what the other user changed and where both of us did (0.496333ms)
✔ one create attempt keeps its key across retries; a changed body gets a new key (0.086042ms)
✔ history events normalise action, actor, time, confirmations and field changes (0.285958ms)
✔ the real workbook's prices show as dollars, cents kept (1.402083ms)
✔ pesos show as pesos (0.127917ms)
✔ a price with no recorded currency says so instead of borrowing one (0.077375ms)
✔ currencies in view: unknown counts as its own, unpriced rows do not count (0.349292ms)
✔ price filters are dropped, not applied, across currencies (0.119ms)
✔ the same amount in another currency is a change (0.129125ms)
✔ every route round-trips through its hash (0.888667ms)
✔ only the catalog is public; anonymous lands on it, signed-in on the inventory (0.14325ms)
✔ unknown or malformed hashes are not routes (0.553167ms)
✔ ending the session cancels private requests; their callers never see a response (62.708167ms)
✔ a private response that lands after logout is dropped, not delivered (30.705292ms)
✔ public requests are outside the private scope (1.33275ms)
✔ a private 401 reports the expired session; a failed login does not (0.601375ms)
✔ an unreachable server is a readable network error the editor can tell apart (0.123708ms)
✔ create carries its Idempotency-Key; save carries the expected version (0.465875ms)
✔ clearing private state forgets every team dataset but keeps the public catalog (0.327125ms)
✔ the fourteen core columns, in order; X is latitude and Y is longitude (0.712375ms)
✔ the global table shows Base and no custom column; a base shows its live ones (0.114792ms)
✔ a cell reads what was typed and converts nothing (0.522916ms)
✔ a cell's body names one field and the version it was edited at (0.097125ms)
✔ a list query is one bounded page; filters and order are the server's (0.229833ms)
✔ saves of one row run in order; other rows do not wait; a failure does not block the row (0.335791ms)
✔ an unanswered save is resolved from the row, never replayed blindly (0.156916ms)
✔ routes: the table has an address; operators have the table and the catalog only (0.261292ms)
ℹ tests 128
ℹ suites 0
ℹ pass 128
ℹ fail 0
ℹ cancelled 0
ℹ skipped 0
ℹ todo 0
ℹ duration_ms 251.756625
