ssssssssssssss  "PATCH /api/inventario/terrenos/ce247232-8091-4a76-863e-a3ebeed86321 HTTP/1.1" 404 -
  "PATCH /api/inventario/terrenos/ce247232-8091-4a76-863e-a3ebeed86321 HTTP/1.1" 404 -
  "PATCH /api/inventario/terrenos/ce247232-8091-4a76-863e-a3ebeed86321 HTTP/1.1" 409 -
.  "PATCH /api/inventario/terrenos/b4296006-a5cd-4ca4-b450-aa34eb73fd64 HTTP/1.1" 422 -
.  "POST /api/inventario/terrenos/3ec7073b-7662-4a9a-b729-471c0cf7d067/transferir HTTP/1.1" 409 -
  "PATCH /api/inventario/terrenos/3ec7073b-7662-4a9a-b729-471c0cf7d067 HTTP/1.1" 404 -
  "PATCH /api/inventario/terrenos/3ec7073b-7662-4a9a-b729-471c0cf7d067 HTTP/1.1" 422 -
.  "PATCH /api/maestra/bases/b6f8b9d7-42e5-4191-941a-742eb2c9d140/columnas/5e6623ce-e6b9-408e-bd62-b483afa51f0b HTTP/1.1" 409 -
  "PUT /api/maestra/bases/b6f8b9d7-42e5-4191-941a-742eb2c9d140/acceso HTTP/1.1" 409 -
.  "PATCH /api/inventario/terrenos/1fb470e1-afd8-4027-b9a0-3a3bfb189334 HTTP/1.1" 422 -
  "PATCH /api/inventario/terrenos/1fb470e1-afd8-4027-b9a0-3a3bfb189334 HTTP/1.1" 422 -
  "PATCH /api/inventario/terrenos/1fb470e1-afd8-4027-b9a0-3a3bfb189334 HTTP/1.1" 409 -
.  "POST /api/maestra/bases/5fac9b1c-81d3-4ef5-b94f-e985f245c045/columnas HTTP/1.1" 422 -
  "POST /api/maestra/bases/5fac9b1c-81d3-4ef5-b94f-e985f245c045/columnas HTTP/1.1" 422 -
  "POST /api/maestra/bases/5fac9b1c-81d3-4ef5-b94f-e985f245c045/columnas HTTP/1.1" 422 -
  "POST /api/maestra/bases/5fac9b1c-81d3-4ef5-b94f-e985f245c045/columnas HTTP/1.1" 422 -
  "POST /api/maestra/bases/5fac9b1c-81d3-4ef5-b94f-e985f245c045/columnas HTTP/1.1" 422 -
  "POST /api/maestra/bases/5fac9b1c-81d3-4ef5-b94f-e985f245c045/columnas HTTP/1.1" 422 -
  "POST /api/maestra/bases/5fac9b1c-81d3-4ef5-b94f-e985f245c045/columnas HTTP/1.1" 422 -
  "POST /api/maestra/bases/5fac9b1c-81d3-4ef5-b94f-e985f245c045/columnas HTTP/1.1" 422 -
  "POST /api/maestra/bases/5fac9b1c-81d3-4ef5-b94f-e985f245c045/columnas HTTP/1.1" 422 -
  "POST /api/maestra/bases/5fac9b1c-81d3-4ef5-b94f-e985f245c045/columnas HTTP/1.1" 422 -
  "POST /api/maestra/bases/5fac9b1c-81d3-4ef5-b94f-e985f245c045/columnas HTTP/1.1" 422 -
  "POST /api/maestra/bases/5fac9b1c-81d3-4ef5-b94f-e985f245c045/columnas HTTP/1.1" 422 -
  "POST /api/maestra/bases/5fac9b1c-81d3-4ef5-b94f-e985f245c045/columnas HTTP/1.1" 422 -
  "POST /api/maestra/bases/5fac9b1c-81d3-4ef5-b94f-e985f245c045/columnas HTTP/1.1" 422 -
  "POST /api/maestra/bases/5fac9b1c-81d3-4ef5-b94f-e985f245c045/columnas HTTP/1.1" 422 -
  "POST /api/maestra/bases/5fac9b1c-81d3-4ef5-b94f-e985f245c045/columnas HTTP/1.1" 422 -
  "POST /api/maestra/bases/5fac9b1c-81d3-4ef5-b94f-e985f245c045/columnas HTTP/1.1" 422 -
  "POST /api/maestra/bases/5fac9b1c-81d3-4ef5-b94f-e985f245c045/columnas HTTP/1.1" 422 -
  "PATCH /api/maestra/bases/5fac9b1c-81d3-4ef5-b94f-e985f245c045/columnas/f24f4eac-58b8-43db-ab09-779ebb8c9c07 HTTP/1.1" 422 -
  "PATCH /api/maestra/bases/5fac9b1c-81d3-4ef5-b94f-e985f245c045/columnas/f24f4eac-58b8-43db-ab09-779ebb8c9c07 HTTP/1.1" 422 -
  "PATCH /api/maestra/bases/5fac9b1c-81d3-4ef5-b94f-e985f245c045/columnas/f24f4eac-58b8-43db-ab09-779ebb8c9c07 HTTP/1.1" 422 -
  "PATCH /api/maestra/bases/5fac9b1c-81d3-4ef5-b94f-e985f245c045/columnas/f24f4eac-58b8-43db-ab09-779ebb8c9c07 HTTP/1.1" 422 -
  "PATCH /api/maestra/bases/5fac9b1c-81d3-4ef5-b94f-e985f245c045/columnas/f24f4eac-58b8-43db-ab09-779ebb8c9c07 HTTP/1.1" 422 -
  "PATCH /api/maestra/bases/5fac9b1c-81d3-4ef5-b94f-e985f245c045/columnas/f24f4eac-58b8-43db-ab09-779ebb8c9c07 HTTP/1.1" 422 -
  "PATCH /api/maestra/bases/5fac9b1c-81d3-4ef5-b94f-e985f245c045/columnas/f24f4eac-58b8-43db-ab09-779ebb8c9c07 HTTP/1.1" 422 -
  "PATCH /api/maestra/bases/5fac9b1c-81d3-4ef5-b94f-e985f245c045/columnas/f24f4eac-58b8-43db-ab09-779ebb8c9c07 HTTP/1.1" 409 -
  "PATCH /api/maestra/bases/5fac9b1c-81d3-4ef5-b94f-e985f245c045/columnas/f24f4eac-58b8-43db-ab09-779ebb8c9c07 HTTP/1.1" 409 -
  "PATCH /api/maestra/bases/5fac9b1c-81d3-4ef5-b94f-e985f245c045/columnas/f24f4eac-58b8-43db-ab09-779ebb8c9c07 HTTP/1.1" 409 -
  "PATCH /api/maestra/bases/5fac9b1c-81d3-4ef5-b94f-e985f245c045/columnas/f24f4eac-58b8-43db-ab09-779ebb8c9c07 HTTP/1.1" 409 -
  "PATCH /api/maestra/bases/5fac9b1c-81d3-4ef5-b94f-e985f245c045/columnas/0c9878a2-57e1-4f38-a7c3-69e4307edab7 HTTP/1.1" 409 -
  "POST /api/maestra/bases/5fac9b1c-81d3-4ef5-b94f-e985f245c045/columnas HTTP/1.1" 409 -
  "POST /api/maestra/bases/5fac9b1c-81d3-4ef5-b94f-e985f245c045/columnas/0c9878a2-57e1-4f38-a7c3-69e4307edab7/restaurar HTTP/1.1" 409 -
.  "POST /api/maestra/bases/b15de922-c174-42aa-aa79-cd36665522a4/columnas HTTP/1.1" 409 -
  "POST /api/maestra/bases/b15de922-c174-42aa-aa79-cd36665522a4/columnas HTTP/1.1" 409 -
.  "GET /api/maestra/bases/ac107bda-d1aa-4278-9513-7a096ac551fc/columnas HTTP/1.1" 404 -
  "GET /api/maestra/bases/ead98f4f-6d20-4ec5-842c-e496970d6df2/columnas HTTP/1.1" 404 -
  "GET /api/maestra/bases/b6e2c6fb-5df6-4d80-be77-5990a36152f4/columnas HTTP/1.1" 404 -
  "GET /api/maestra/bases/6c4ff6eb-94b2-4989-aa52-d2a318ccb52d/columnas HTTP/1.1" 404 -
  "POST /api/maestra/bases/ac107bda-d1aa-4278-9513-7a096ac551fc/columnas HTTP/1.1" 404 -
  "POST /api/maestra/bases/ead98f4f-6d20-4ec5-842c-e496970d6df2/columnas HTTP/1.1" 404 -
  "POST /api/maestra/bases/ead98f4f-6d20-4ec5-842c-e496970d6df2/columnas HTTP/1.1" 404 -
  "PATCH /api/maestra/bases/ac107bda-d1aa-4278-9513-7a096ac551fc/columnas/7ad84916-95ad-483c-8b00-86d9de5f45c4 HTTP/1.1" 404 -
  "POST /api/maestra/bases/ac107bda-d1aa-4278-9513-7a096ac551fc/columnas/7ad84916-95ad-483c-8b00-86d9de5f45c4/retirar HTTP/1.1" 404 -
  "PATCH /api/maestra/bases/ead98f4f-6d20-4ec5-842c-e496970d6df2/columnas/7ad84916-95ad-483c-8b00-86d9de5f45c4 HTTP/1.1" 404 -
  "PATCH /api/maestra/bases/ac107bda-d1aa-4278-9513-7a096ac551fc/columnas/14594cc5-1231-459c-940b-ee0c9f4b205b HTTP/1.1" 404 -
  "POST /api/maestra/bases/ac107bda-d1aa-4278-9513-7a096ac551fc/columnas/14594cc5-1231-459c-940b-ee0c9f4b205b/retirar HTTP/1.1" 404 -
  "PATCH /api/maestra/bases/ac107bda-d1aa-4278-9513-7a096ac551fc/columnas/5f174cbb-e626-4c8a-b8d5-bc53bd7cd559 HTTP/1.1" 404 -
  "POST /api/maestra/bases/ac107bda-d1aa-4278-9513-7a096ac551fc/columnas/5f174cbb-e626-4c8a-b8d5-bc53bd7cd559/retirar HTTP/1.1" 404 -
  "PATCH /api/maestra/bases/ac107bda-d1aa-4278-9513-7a096ac551fc/columnas/no-es-un-id HTTP/1.1" 404 -
  "POST /api/maestra/bases/ac107bda-d1aa-4278-9513-7a096ac551fc/columnas/no-es-un-id/retirar HTTP/1.1" 404 -
  "POST /api/maestra/bases/ac107bda-d1aa-4278-9513-7a096ac551fc/columnas HTTP/1.1" 409 -
  "PATCH /api/maestra/bases/ac107bda-d1aa-4278-9513-7a096ac551fc/columnas/7ad84916-95ad-483c-8b00-86d9de5f45c4 HTTP/1.1" 409 -
  "POST /api/maestra/bases/ac107bda-d1aa-4278-9513-7a096ac551fc/columnas/7ad84916-95ad-483c-8b00-86d9de5f45c4/retirar HTTP/1.1" 409 -
  "POST /api/maestra/bases/ac107bda-d1aa-4278-9513-7a096ac551fc/columnas HTTP/1.1" 404 -
.  "PATCH /api/inventario/terrenos/9a81d7e8-cce6-42bb-8265-5f7fc275bcad HTTP/1.1" 422 -
  "PATCH /api/inventario/terrenos/9a81d7e8-cce6-42bb-8265-5f7fc275bcad HTTP/1.1" 422 -
  "PATCH /api/inventario/terrenos/9a81d7e8-cce6-42bb-8265-5f7fc275bcad HTTP/1.1" 422 -
  "PATCH /api/inventario/terrenos/9a81d7e8-cce6-42bb-8265-5f7fc275bcad HTTP/1.1" 422 -
  "PATCH /api/inventario/terrenos/9a81d7e8-cce6-42bb-8265-5f7fc275bcad HTTP/1.1" 422 -
  "PATCH /api/inventario/terrenos/9a81d7e8-cce6-42bb-8265-5f7fc275bcad HTTP/1.1" 422 -
  "PATCH /api/inventario/terrenos/9a81d7e8-cce6-42bb-8265-5f7fc275bcad HTTP/1.1" 422 -
  "PATCH /api/inventario/terrenos/9a81d7e8-cce6-42bb-8265-5f7fc275bcad HTTP/1.1" 422 -
  "PATCH /api/inventario/terrenos/9a81d7e8-cce6-42bb-8265-5f7fc275bcad HTTP/1.1" 422 -
  "PATCH /api/inventario/terrenos/9a81d7e8-cce6-42bb-8265-5f7fc275bcad HTTP/1.1" 422 -
  "PATCH /api/inventario/terrenos/9a81d7e8-cce6-42bb-8265-5f7fc275bcad HTTP/1.1" 422 -
  "PATCH /api/inventario/terrenos/9a81d7e8-cce6-42bb-8265-5f7fc275bcad HTTP/1.1" 422 -
  "PATCH /api/inventario/terrenos/9a81d7e8-cce6-42bb-8265-5f7fc275bcad HTTP/1.1" 422 -
  "PATCH /api/inventario/terrenos/9a81d7e8-cce6-42bb-8265-5f7fc275bcad HTTP/1.1" 422 -
  "PATCH /api/inventario/terrenos/79256920-ada9-45e1-ab2c-316406596064 HTTP/1.1" 422 -
  "POST /api/maestra/bases/3ea31039-9f10-45dc-a5bd-55bdef1a95c3/terrenos HTTP/1.1" 422 -
  "PATCH /api/inventario/terrenos/719841db-9105-4545-8fa6-6ce345a9da02 HTTP/1.1" 404 -
  "PATCH /api/inventario/terrenos/9a81d7e8-cce6-42bb-8265-5f7fc275bcad HTTP/1.1" 404 -
.  "PATCH /api/maestra/bases/9838f57a-fc49-45ae-b619-2518ce8a33fb/columnas/ce097d2e-f113-489a-8d6e-ed93465c64eb HTTP/1.1" 409 -
  "PATCH /api/maestra/bases/9838f57a-fc49-45ae-b619-2518ce8a33fb/columnas/ce097d2e-f113-489a-8d6e-ed93465c64eb HTTP/1.1" 409 -
  "POST /api/maestra/bases/9838f57a-fc49-45ae-b619-2518ce8a33fb/columnas/46d8968b-c21a-410d-80b3-68f09fbd2441/retirar HTTP/1.1" 409 -
  "PATCH /api/maestra/bases/9838f57a-fc49-45ae-b619-2518ce8a33fb/columnas/46d8968b-c21a-410d-80b3-68f09fbd2441 HTTP/1.1" 409 -
  "PATCH /api/maestra/bases/9838f57a-fc49-45ae-b619-2518ce8a33fb/columnas/46d8968b-c21a-410d-80b3-68f09fbd2441 HTTP/1.1" 409 -
  "POST /api/maestra/bases/9838f57a-fc49-45ae-b619-2518ce8a33fb/columnas/46d8968b-c21a-410d-80b3-68f09fbd2441/restaurar HTTP/1.1" 409 -
  "POST /api/maestra/bases/9838f57a-fc49-45ae-b619-2518ce8a33fb/columnas/46d8968b-c21a-410d-80b3-68f09fbd2441/restaurar HTTP/1.1" 409 -
.  "POST /api/maestra/bases/0b6ba260-d67b-45f8-9f55-b2d1f19c4b1f/columnas HTTP/1.1" 422 -
  "POST /api/maestra/bases/0b6ba260-d67b-45f8-9f55-b2d1f19c4b1f/columnas HTTP/1.1" 422 -
  "PATCH /api/maestra/bases/0b6ba260-d67b-45f8-9f55-b2d1f19c4b1f/columnas/2b054c26-92b1-4db5-8425-62d27886b978 HTTP/1.1" 422 -
  "PATCH /api/maestra/bases/0b6ba260-d67b-45f8-9f55-b2d1f19c4b1f/columnas/7068dc80-5980-41ac-bcb4-44bb806ea6ac HTTP/1.1" 422 -
  "PATCH /api/inventario/terrenos/c5102c79-4cad-4078-8d5f-07dbd15f9281 HTTP/1.1" 422 -
  "PATCH /api/inventario/terrenos/c5102c79-4cad-4078-8d5f-07dbd15f9281 HTTP/1.1" 422 -
  "PATCH /api/inventario/terrenos/c5102c79-4cad-4078-8d5f-07dbd15f9281 HTTP/1.1" 422 -
  "PATCH /api/inventario/terrenos/c5102c79-4cad-4078-8d5f-07dbd15f9281 HTTP/1.1" 422 -
  "POST /api/maestra/bases HTTP/1.1" 422 -
  "POST /api/maestra/bases/0b6ba260-d67b-45f8-9f55-b2d1f19c4b1f/terrenos HTTP/1.1" 422 -
  "POST /api/maestra/bases/0b6ba260-d67b-45f8-9f55-b2d1f19c4b1f/columnas HTTP/1.1" 422 -
  "POST /api/maestra/bases/0b6ba260-d67b-45f8-9f55-b2d1f19c4b1f/columnas HTTP/1.1" 422 -
  "PATCH /api/maestra/bases/0b6ba260-d67b-45f8-9f55-b2d1f19c4b1f/columnas/2b054c26-92b1-4db5-8425-62d27886b978 HTTP/1.1" 422 -
  "PATCH /api/maestra/bases/0b6ba260-d67b-45f8-9f55-b2d1f19c4b1f/columnas/7068dc80-5980-41ac-bcb4-44bb806ea6ac HTTP/1.1" 422 -
  "PATCH /api/inventario/terrenos/c5102c79-4cad-4078-8d5f-07dbd15f9281 HTTP/1.1" 422 -
  "PATCH /api/inventario/terrenos/c5102c79-4cad-4078-8d5f-07dbd15f9281 HTTP/1.1" 422 -
  "PATCH /api/inventario/terrenos/c5102c79-4cad-4078-8d5f-07dbd15f9281 HTTP/1.1" 422 -
  "PATCH /api/inventario/terrenos/c5102c79-4cad-4078-8d5f-07dbd15f9281 HTTP/1.1" 422 -
  "POST /api/maestra/bases HTTP/1.1" 422 -
  "POST /api/maestra/bases/0b6ba260-d67b-45f8-9f55-b2d1f19c4b1f/terrenos HTTP/1.1" 422 -
  "POST /api/maestra/bases/0b6ba260-d67b-45f8-9f55-b2d1f19c4b1f/columnas HTTP/1.1" 422 -
  "POST /api/maestra/bases/0b6ba260-d67b-45f8-9f55-b2d1f19c4b1f/columnas HTTP/1.1" 422 -
  "PATCH /api/maestra/bases/0b6ba260-d67b-45f8-9f55-b2d1f19c4b1f/columnas/2b054c26-92b1-4db5-8425-62d27886b978 HTTP/1.1" 422 -
  "PATCH /api/maestra/bases/0b6ba260-d67b-45f8-9f55-b2d1f19c4b1f/columnas/7068dc80-5980-41ac-bcb4-44bb806ea6ac HTTP/1.1" 422 -
  "PATCH /api/inventario/terrenos/c5102c79-4cad-4078-8d5f-07dbd15f9281 HTTP/1.1" 422 -
  "PATCH /api/inventario/terrenos/c5102c79-4cad-4078-8d5f-07dbd15f9281 HTTP/1.1" 422 -
  "PATCH /api/inventario/terrenos/c5102c79-4cad-4078-8d5f-07dbd15f9281 HTTP/1.1" 422 -
  "PATCH /api/inventario/terrenos/c5102c79-4cad-4078-8d5f-07dbd15f9281 HTTP/1.1" 422 -
  "POST /api/maestra/bases HTTP/1.1" 422 -
  "POST /api/maestra/bases/0b6ba260-d67b-45f8-9f55-b2d1f19c4b1f/terrenos HTTP/1.1" 422 -
  "POST /api/maestra/bases/0b6ba260-d67b-45f8-9f55-b2d1f19c4b1f/columnas HTTP/1.1" 422 -
  "POST /api/maestra/bases/0b6ba260-d67b-45f8-9f55-b2d1f19c4b1f/columnas HTTP/1.1" 422 -
  "PATCH /api/maestra/bases/0b6ba260-d67b-45f8-9f55-b2d1f19c4b1f/columnas/2b054c26-92b1-4db5-8425-62d27886b978 HTTP/1.1" 422 -
  "PATCH /api/maestra/bases/0b6ba260-d67b-45f8-9f55-b2d1f19c4b1f/columnas/7068dc80-5980-41ac-bcb4-44bb806ea6ac HTTP/1.1" 422 -
  "PATCH /api/inventario/terrenos/c5102c79-4cad-4078-8d5f-07dbd15f9281 HTTP/1.1" 422 -
  "PATCH /api/inventario/terrenos/c5102c79-4cad-4078-8d5f-07dbd15f9281 HTTP/1.1" 422 -
  "PATCH /api/inventario/terrenos/c5102c79-4cad-4078-8d5f-07dbd15f9281 HTTP/1.1" 422 -
  "PATCH /api/inventario/terrenos/c5102c79-4cad-4078-8d5f-07dbd15f9281 HTTP/1.1" 422 -
  "POST /api/maestra/bases HTTP/1.1" 422 -
  "POST /api/maestra/bases/0b6ba260-d67b-45f8-9f55-b2d1f19c4b1f/terrenos HTTP/1.1" 422 -
  "POST /api/maestra/bases/0b6ba260-d67b-45f8-9f55-b2d1f19c4b1f/columnas HTTP/1.1" 422 -
  "POST /api/maestra/bases/0b6ba260-d67b-45f8-9f55-b2d1f19c4b1f/columnas HTTP/1.1" 422 -
  "PATCH /api/maestra/bases/0b6ba260-d67b-45f8-9f55-b2d1f19c4b1f/columnas/2b054c26-92b1-4db5-8425-62d27886b978 HTTP/1.1" 422 -
  "PATCH /api/maestra/bases/0b6ba260-d67b-45f8-9f55-b2d1f19c4b1f/columnas/7068dc80-5980-41ac-bcb4-44bb806ea6ac HTTP/1.1" 422 -
  "PATCH /api/inventario/terrenos/c5102c79-4cad-4078-8d5f-07dbd15f9281 HTTP/1.1" 422 -
  "PATCH /api/inventario/terrenos/c5102c79-4cad-4078-8d5f-07dbd15f9281 HTTP/1.1" 422 -
  "PATCH /api/inventario/terrenos/c5102c79-4cad-4078-8d5f-07dbd15f9281 HTTP/1.1" 422 -
  "PATCH /api/inventario/terrenos/c5102c79-4cad-4078-8d5f-07dbd15f9281 HTTP/1.1" 422 -
  "POST /api/maestra/bases HTTP/1.1" 422 -
  "POST /api/maestra/bases/0b6ba260-d67b-45f8-9f55-b2d1f19c4b1f/terrenos HTTP/1.1" 422 -
  "PATCH /api/inventario/terrenos/c5102c79-4cad-4078-8d5f-07dbd15f9281 HTTP/1.1" 422 -
  "PATCH /api/inventario/terrenos/c5102c79-4cad-4078-8d5f-07dbd15f9281 HTTP/1.1" 422 -
  "PATCH /api/inventario/terrenos/c5102c79-4cad-4078-8d5f-07dbd15f9281 HTTP/1.1" 422 -
  "PATCH /api/inventario/terrenos/c5102c79-4cad-4078-8d5f-07dbd15f9281 HTTP/1.1" 422 -
  "PATCH /api/inventario/terrenos/c5102c79-4cad-4078-8d5f-07dbd15f9281 HTTP/1.1" 422 -
  "PATCH /api/inventario/terrenos/c5102c79-4cad-4078-8d5f-07dbd15f9281 HTTP/1.1" 422 -
  "PATCH /api/inventario/terrenos/c5102c79-4cad-4078-8d5f-07dbd15f9281 HTTP/1.1" 422 -
  "PATCH /api/inventario/terrenos/c5102c79-4cad-4078-8d5f-07dbd15f9281 HTTP/1.1" 422 -
  "PATCH /api/inventario/terrenos/c5102c79-4cad-4078-8d5f-07dbd15f9281 HTTP/1.1" 422 -
  "GET /api/maestra/bases/0b6ba260-d67b-45f8-9f55-b2d1f19c4b1f/terrenos?q=a%00b HTTP/1.1" 422 -
  "GET /api/maestra/bases/0b6ba260-d67b-45f8-9f55-b2d1f19c4b1f/terrenos?estado=a%00b HTTP/1.1" 422 -
  "GET /api/inventario/terrenos?q=%00 HTTP/1.1" 422 -
  "GET /api/maestra/operadores?q=a%00 HTTP/1.1" 422 -
.  "GET /api/maestra/operadores?limit=0 HTTP/1.1" 422 -
  "GET /api/maestra/operadores?limit=201 HTTP/1.1" 422 -
  "GET /api/maestra/operadores?limit=x HTTP/1.1" 422 -
  "GET /api/maestra/operadores?rol=admin HTTP/1.1" 422 -
  "GET /api/maestra/operadores?q=xxxxxxxxxxxxxxxxxxxxxxxxxxxxxxxxxxxxxxxxxxxxxxxxxxxxxxxxxxxxxxxxxxxxxxxxxxxxxxxxxxxxxxxxxxxxxxxxxxxxx HTTP/1.1" 422 -
  "GET /api/maestra/operadores HTTP/1.1" 403 -
  "GET /api/maestra/operadores HTTP/1.1" 403 -
  "GET /api/maestra/operadores HTTP/1.1" 401 -
.  "PATCH /api/inventario/terrenos/cd2e8e5a-9f54-4bbc-b9b3-891eeb78facf HTTP/1.1" 422 -
  "PATCH /api/inventario/terrenos/cd2e8e5a-9f54-4bbc-b9b3-891eeb78facf HTTP/1.1" 422 -
  "PATCH /api/inventario/terrenos/cd2e8e5a-9f54-4bbc-b9b3-891eeb78facf HTTP/1.1" 422 -
  "PATCH /api/inventario/terrenos/cd2e8e5a-9f54-4bbc-b9b3-891eeb78facf HTTP/1.1" 422 -
  "PATCH /api/inventario/terrenos/cd2e8e5a-9f54-4bbc-b9b3-891eeb78facf HTTP/1.1" 422 -
  "PATCH /api/inventario/terrenos/cd2e8e5a-9f54-4bbc-b9b3-891eeb78facf HTTP/1.1" 422 -
  "PATCH /api/inventario/terrenos/cd2e8e5a-9f54-4bbc-b9b3-891eeb78facf HTTP/1.1" 422 -
  "PATCH /api/inventario/terrenos/cd2e8e5a-9f54-4bbc-b9b3-891eeb78facf HTTP/1.1" 422 -
  "PATCH /api/inventario/terrenos/cd2e8e5a-9f54-4bbc-b9b3-891eeb78facf HTTP/1.1" 422 -
  "PATCH /api/inventario/terrenos/cd2e8e5a-9f54-4bbc-b9b3-891eeb78facf HTTP/1.1" 422 -
  "PATCH /api/inventario/terrenos/cd2e8e5a-9f54-4bbc-b9b3-891eeb78facf HTTP/1.1" 422 -
  "PATCH /api/inventario/terrenos/cd2e8e5a-9f54-4bbc-b9b3-891eeb78facf HTTP/1.1" 422 -
  "PATCH /api/inventario/terrenos/cd2e8e5a-9f54-4bbc-b9b3-891eeb78facf HTTP/1.1" 422 -
  "PATCH /api/inventario/terrenos/cd2e8e5a-9f54-4bbc-b9b3-891eeb78facf HTTP/1.1" 422 -
  "PATCH /api/inventario/terrenos/cd2e8e5a-9f54-4bbc-b9b3-891eeb78facf HTTP/1.1" 422 -
  "PATCH /api/inventario/terrenos/cd2e8e5a-9f54-4bbc-b9b3-891eeb78facf HTTP/1.1" 422 -
  "PATCH /api/inventario/terrenos/cd2e8e5a-9f54-4bbc-b9b3-891eeb78facf HTTP/1.1" 422 -
  "PATCH /api/inventario/terrenos/cd2e8e5a-9f54-4bbc-b9b3-891eeb78facf HTTP/1.1" 422 -
  "PATCH /api/inventario/terrenos/cd2e8e5a-9f54-4bbc-b9b3-891eeb78facf HTTP/1.1" 422 -
  "PATCH /api/inventario/terrenos/cd2e8e5a-9f54-4bbc-b9b3-891eeb78facf HTTP/1.1" 422 -
  "PATCH /api/inventario/terrenos/cd2e8e5a-9f54-4bbc-b9b3-891eeb78facf HTTP/1.1" 422 -
.  "PATCH /api/inventario/terrenos/a2b932be-3645-49d2-a69c-a8ed2724d758 HTTP/1.1" 409 -
  "GET /api/inventario/terrenos/a2b932be-3645-49d2-a69c-a8ed2724d758 HTTP/1.1" 404 -
  "GET /api/inventario/terrenos/a2b932be-3645-49d2-a69c-a8ed2724d758/historial HTTP/1.1" 404 -
  "PATCH /api/inventario/terrenos/a2b932be-3645-49d2-a69c-a8ed2724d758 HTTP/1.1" 409 -
  "POST /api/maestra/bases/95c10dcc-bc6c-48ec-907b-78e02ec2738a/terrenos HTTP/1.1" 404 -
  "PATCH /api/inventario/terrenos/a2b932be-3645-49d2-a69c-a8ed2724d758 HTTP/1.1" 422 -
  "PATCH /api/inventario/terrenos/a2b932be-3645-49d2-a69c-a8ed2724d758 HTTP/1.1" 409 -
  "POST /api/maestra/bases/95c10dcc-bc6c-48ec-907b-78e02ec2738a/terrenos HTTP/1.1" 404 -
  "PATCH /api/inventario/terrenos/a2b932be-3645-49d2-a69c-a8ed2724d758 HTTP/1.1" 409 -
  "GET /api/inventario/terrenos/a2b932be-3645-49d2-a69c-a8ed2724d758 HTTP/1.1" 404 -
  "PATCH /api/inventario/terrenos/a2b932be-3645-49d2-a69c-a8ed2724d758 HTTP/1.1" 409 -
.  "POST /api/logout HTTP/1.1" 403 -
  "POST /api/logout HTTP/1.1" 403 -
  "POST /api/maestra/bases HTTP/1.1" 401 -
  "POST /api/maestra/bases HTTP/1.1" 401 -
  "POST /api/maestra/bases HTTP/1.1" 403 -
  "POST /api/no-existe HTTP/1.1" 404 -
  "DELETE /api/maestra/bases HTTP/1.1" 405 -
  "POST /api/logout HTTP/1.1" 413 -
  "POST /api/logout HTTP/1.1" 400 -
  "POST /api/logout HTTP/1.1" 400 -
  "POST /api/logout HTTP/1.1" 400 -
.  "POST /api/logout HTTP/1.1" 403 -
  "POST /api/maestra/bases HTTP/1.1" 403 -
.  "POST /api/maestra/bases HTTP/1.1" 422 -
  "POST /api/login HTTP/1.1" 401 -
.s  "GET /api/inventario/terrenos/3e7c6252-e348-443b-8d4b-ae84cb1c52ec HTTP/1.1" 404 -
.
----------------------------------------------------------------------
Ran 33 tests in 18.974s

OK (skipped=15)
