[serve_target] mode=local http://127.0.0.1:8433 root=/home/user/ARA-MAP
  "POST /api/inventario/terrenos HTTP/1.1" 422 -
  "POST /api/inventario/terrenos HTTP/1.1" 422 -
[serve_target] mode=local http://127.0.0.1:8433 root=/home/user/ARA-MAP
  "POST /api/inventario/terrenos HTTP/1.1" 422 -
  "POST /api/inventario/terrenos HTTP/1.1" 422 -
  "POST /api/inventario/terrenos HTTP/1.1" 422 -
  "PATCH /api/inventario/terrenos/3c35d16c-6e72-4944-b434-bc211008f459 HTTP/1.1" 422 -
  "PATCH /api/inventario/terrenos/3c35d16c-6e72-4944-b434-bc211008f459 HTTP/1.1" 422 -
  "PATCH /api/inventario/terrenos/3c35d16c-6e72-4944-b434-bc211008f459 HTTP/1.1" 422 -
  "PATCH /api/inventario/terrenos/3c35d16c-6e72-4944-b434-bc211008f459 HTTP/1.1" 422 -
  "PATCH /api/inventario/terrenos/3c35d16c-6e72-4944-b434-bc211008f459 HTTP/1.1" 422 -
  "PATCH /api/inventario/terrenos/3c35d16c-6e72-4944-b434-bc211008f459 HTTP/1.1" 422 -
  "PATCH /api/inventario/terrenos/3c35d16c-6e72-4944-b434-bc211008f459 HTTP/1.1" 422 -
  "PATCH /api/inventario/terrenos/3c35d16c-6e72-4944-b434-bc211008f459 HTTP/1.1" 422 -
  "PATCH /api/inventario/terrenos/3c35d16c-6e72-4944-b434-bc211008f459 HTTP/1.1" 422 -
  "PATCH /api/inventario/terrenos/3c35d16c-6e72-4944-b434-bc211008f459 HTTP/1.1" 422 -
  "PATCH /api/inventario/terrenos/60282b4d-8c64-4247-9c35-d2e468d88922 HTTP/1.1" 422 -
  "PATCH /api/inventario/terrenos/60282b4d-8c64-4247-9c35-d2e468d88922 HTTP/1.1" 422 -
  "PATCH /api/inventario/terrenos/60282b4d-8c64-4247-9c35-d2e468d88922 HTTP/1.1" 422 -
  "PATCH /api/inventario/terrenos/60282b4d-8c64-4247-9c35-d2e468d88922 HTTP/1.1" 422 -
  "PATCH /api/inventario/terrenos/60282b4d-8c64-4247-9c35-d2e468d88922 HTTP/1.1" 422 -
  "PATCH /api/inventario/terrenos/60282b4d-8c64-4247-9c35-d2e468d88922 HTTP/1.1" 422 -
  "PATCH /api/inventario/terrenos/60282b4d-8c64-4247-9c35-d2e468d88922 HTTP/1.1" 422 -
  "PATCH /api/inventario/terrenos/60282b4d-8c64-4247-9c35-d2e468d88922 HTTP/1.1" 422 -
  "PATCH /api/inventario/terrenos/60282b4d-8c64-4247-9c35-d2e468d88922 HTTP/1.1" 422 -
  "PATCH /api/inventario/terrenos/60282b4d-8c64-4247-9c35-d2e468d88922 HTTP/1.1" 422 -
  "PATCH /api/inventario/terrenos/ec4d1bb9-5acc-4387-a3c1-f2cf1997a375 HTTP/1.1" 422 -
  "PATCH /api/inventario/terrenos/ec4d1bb9-5acc-4387-a3c1-f2cf1997a375 HTTP/1.1" 422 -
  "PATCH /api/inventario/terrenos/ec4d1bb9-5acc-4387-a3c1-f2cf1997a375 HTTP/1.1" 422 -
  "PATCH /api/inventario/terrenos/ec4d1bb9-5acc-4387-a3c1-f2cf1997a375 HTTP/1.1" 422 -
  "PATCH /api/inventario/terrenos/ec4d1bb9-5acc-4387-a3c1-f2cf1997a375 HTTP/1.1" 422 -
  "PATCH /api/inventario/terrenos/ec4d1bb9-5acc-4387-a3c1-f2cf1997a375 HTTP/1.1" 422 -
  "PATCH /api/inventario/terrenos/ec4d1bb9-5acc-4387-a3c1-f2cf1997a375 HTTP/1.1" 422 -
  "PATCH /api/inventario/terrenos/ec4d1bb9-5acc-4387-a3c1-f2cf1997a375 HTTP/1.1" 422 -
  "PATCH /api/inventario/terrenos/ec4d1bb9-5acc-4387-a3c1-f2cf1997a375 HTTP/1.1" 422 -
  "PATCH /api/inventario/terrenos/ec4d1bb9-5acc-4387-a3c1-f2cf1997a375 HTTP/1.1" 422 -
  "POST /api/inventario/terrenos/3c35d16c-6e72-4944-b434-bc211008f459/publicar HTTP/1.1" 422 -
  "POST /api/inventario/terrenos/3c35d16c-6e72-4944-b434-bc211008f459/despublicar HTTP/1.1" 409 -
  "PATCH /api/inventario/terrenos/849511ae-5863-4978-b414-167a341663ed HTTP/1.1" 422 -
  "PATCH /api/inventario/terrenos/849511ae-5863-4978-b414-167a341663ed HTTP/1.1" 422 -
  "PATCH /api/inventario/terrenos/849511ae-5863-4978-b414-167a341663ed HTTP/1.1" 422 -
  "PATCH /api/inventario/terrenos/849511ae-5863-4978-b414-167a341663ed HTTP/1.1" 422 -
  "PATCH /api/inventario/terrenos/849511ae-5863-4978-b414-167a341663ed HTTP/1.1" 422 -
  "PATCH /api/inventario/terrenos/849511ae-5863-4978-b414-167a341663ed HTTP/1.1" 422 -
  "PATCH /api/inventario/terrenos/849511ae-5863-4978-b414-167a341663ed HTTP/1.1" 422 -
  "PATCH /api/inventario/terrenos/849511ae-5863-4978-b414-167a341663ed HTTP/1.1" 422 -
  "PATCH /api/inventario/terrenos/849511ae-5863-4978-b414-167a341663ed HTTP/1.1" 422 -
  "PATCH /api/inventario/terrenos/849511ae-5863-4978-b414-167a341663ed HTTP/1.1" 422 -
  "PATCH /api/inventario/terrenos/849511ae-5863-4978-b414-167a341663ed HTTP/1.1" 422 -
  "PATCH /api/inventario/terrenos/849511ae-5863-4978-b414-167a341663ed HTTP/1.1" 422 -
  "PATCH /api/inventario/terrenos/849511ae-5863-4978-b414-167a341663ed HTTP/1.1" 422 -
  "POST /api/inventario/terrenos HTTP/1.1" 422 -
  "POST /api/inventario/terrenos HTTP/1.1" 422 -
[serve_target] mode=local http://127.0.0.1:8433 root=/home/user/ARA-MAP
  "POST /api/inventario/terrenos HTTP/1.1" 409 -
[serve_target] FAULT INJECTION active: server.repo.inventario._event raises on 'FAULT-INJECT-5a387159'
[serve_target] mode=local http://127.0.0.1:8433 root=/home/user/ARA-MAP
Traceback (most recent call last):
  File "/home/user/ARA-MAP/server/app.py", line 171, in _dispatch
    result = handler(request)
             ^^^^^^^^^^^^^^^^
  File "/home/user/ARA-MAP/server/api/inventario.py", line 90, in create
    return repo.create(conn, fields, actor, key, request_hash)
           ^^^^^^^^^^^^^^^^^^^^^^^^^^^^^^^^^^^^^^^^^^^^^^^^^^^
  File "/home/user/ARA-MAP/server/repo/inventario.py", line 175, in create
    return _create(conn, fields, actor, key, request_hash)
           ^^^^^^^^^^^^^^^^^^^^^^^^^^^^^^^^^^^^^^^^^^^^^^^
  File "/home/user/ARA-MAP/server/repo/inventario.py", line 205, in _create
    _event(conn, inventory_id, 1, "create", actor, ahora, None, revision_id, {"changes": cambios})
  File "/home/user/ARA-MAP/reports/inventory-developer-handoff-2026-10-05/verification/stage1/serve_target.py", line 41, in faulty
    raise RuntimeError("verifier fault injection before inventory_event insert")
RuntimeError: verifier fault injection before inventory_event insert
  "POST /api/inventario/terrenos HTTP/1.1" 500 -
Traceback (most recent call last):
  File "/home/user/ARA-MAP/server/app.py", line 171, in _dispatch
    result = handler(request)
             ^^^^^^^^^^^^^^^^
  File "/home/user/ARA-MAP/server/api/inventario.py", line 125, in update
    return {"terreno": repo.update(conn, inventory_id, expected, fields,
                       ^^^^^^^^^^^^^^^^^^^^^^^^^^^^^^^^^^^^^^^^^^^^^^^^^
  File "/home/user/ARA-MAP/server/repo/inventario.py", line 251, in update
    _event(conn, inventory_id, expected_version + 1, "update", actor, ahora,
  File "/home/user/ARA-MAP/reports/inventory-developer-handoff-2026-10-05/verification/stage1/serve_target.py", line 41, in faulty
    raise RuntimeError("verifier fault injection before inventory_event insert")
RuntimeError: verifier fault injection before inventory_event insert
  "PATCH /api/inventario/terrenos/2143573f-c6ca-4132-8dfe-e272479461ec HTTP/1.1" 500 -
[serve_target] mode=local http://127.0.0.1:8433 root=/home/user/ARA-MAP
  "PATCH /api/inventario/terrenos/99c4f90d-0844-401d-aa3b-6c221d3349ac HTTP/1.1" 409 -
  "PATCH /api/inventario/terrenos/99c4f90d-0844-401d-aa3b-6c221d3349ac HTTP/1.1" 409 -
  "PATCH /api/inventario/terrenos/99c4f90d-0844-401d-aa3b-6c221d3349ac HTTP/1.1" 409 -
  "PATCH /api/inventario/terrenos/99c4f90d-0844-401d-aa3b-6c221d3349ac HTTP/1.1" 409 -
  "PATCH /api/inventario/terrenos/99c4f90d-0844-401d-aa3b-6c221d3349ac HTTP/1.1" 422 -
  "PATCH /api/inventario/terrenos/99c4f90d-0844-401d-aa3b-6c221d3349ac HTTP/1.1" 422 -
  "PATCH /api/inventario/terrenos/99c4f90d-0844-401d-aa3b-6c221d3349ac HTTP/1.1" 409 -
  "PATCH /api/inventario/terrenos/99c4f90d-0844-401d-aa3b-6c221d3349ac HTTP/1.1" 409 -
  "POST /api/login HTTP/1.1" 401 -
  "POST /api/login HTTP/1.1" 401 -
  "GET /api/inventario/terrenos HTTP/1.1" 401 -
  "GET /api/inventario/terrenos HTTP/1.1" 401 -
  "GET /api/inventario/terrenos HTTP/1.1" 401 -
  "GET /api/bases HTTP/1.1" 401 -
  "POST /api/carpetas HTTP/1.1" 401 -
  "POST /api/inventario/terrenos HTTP/1.1" 401 -
  "PATCH /api/inventario/terrenos/97fbd7d3-cde5-49a9-a91c-ebef52d92415 HTTP/1.1" 403 -
  "POST /api/inventario/terrenos HTTP/1.1" 403 -
  "PATCH /api/inventario/terrenos/97fbd7d3-cde5-49a9-a91c-ebef52d92415 HTTP/1.1" 403 -
  "POST /api/inventario/terrenos HTTP/1.1" 403 -
  "PATCH /api/inventario/terrenos/97fbd7d3-cde5-49a9-a91c-ebef52d92415 HTTP/1.1" 403 -
  "POST /api/inventario/terrenos HTTP/1.1" 403 -
  "POST /api/login HTTP/1.1" 403 -
  "POST /api/registro HTTP/1.1" 401 -
  "POST /api/registro HTTP/1.1" 404 -
  "POST /api/register HTTP/1.1" 401 -
  "POST /api/register HTTP/1.1" 404 -
  "POST /api/signup HTTP/1.1" 401 -
  "POST /api/signup HTTP/1.1" 404 -
  "POST /api/usuarios HTTP/1.1" 401 -
  "POST /api/usuarios HTTP/1.1" 404 -
  "POST /api/users HTTP/1.1" 401 -
  "POST /api/users HTTP/1.1" 404 -
  "POST /api/cuentas HTTP/1.1" 401 -
  "POST /api/cuentas HTTP/1.1" 404 -
  "POST /api/team HTTP/1.1" 401 -
  "POST /api/team HTTP/1.1" 404 -
  "POST /api/session HTTP/1.1" 401 -
  "POST /api/session HTTP/1.1" 405 -
  "POST /api/login HTTP/1.1" 401 -
  "GET /api/inventario/terrenos HTTP/1.1" 401 -
  "PATCH /api/inventario/terrenos/97fbd7d3-cde5-49a9-a91c-ebef52d92415 HTTP/1.1" 401 -
  "GET /api/inventario/terrenos HTTP/1.1" 401 -
  "GET /api/bases HTTP/1.1" 401 -
  "GET /api/bases/1 HTTP/1.1" 401 -
  "GET /api/bases/2 HTTP/1.1" 401 -
  "GET /api/bases/3 HTTP/1.1" 401 -
  "GET /api/bases/4 HTTP/1.1" 401 -
  "GET /api/bases/999999 HTTP/1.1" 401 -
  "GET /api/bases/1/terrenos HTTP/1.1" 401 -
  "GET /api/bases/2/terrenos HTTP/1.1" 401 -
  "GET /api/bases/3/terrenos HTTP/1.1" 401 -
  "GET /api/bases/4/terrenos HTTP/1.1" 401 -
  "GET /api/bases/999999/terrenos HTTP/1.1" 401 -
  "GET /api/carpetas HTTP/1.1" 401 -
  "GET /api/formatos HTTP/1.1" 401 -
  "GET /api/inventario/terrenos HTTP/1.1" 401 -
  "GET /api/inventario/terrenos/feb10a91-3187-42fe-9cf6-fe6d15270283 HTTP/1.1" 401 -
  "GET /api/inventario/terrenos/021d9399-1a43-47e6-b019-accce0620c88 HTTP/1.1" 401 -
  "GET /api/inventario/terrenos/0356f1b8-9df3-4dcf-b1ee-63cbc362f254 HTTP/1.1" 401 -
  "GET /api/inventario/terrenos/04f64de0-45f1-4977-92b1-334f3ad74a37 HTTP/1.1" 401 -
  "GET /api/inventario/terrenos/0568819c-55fb-454e-b6ad-42f45e36e705 HTTP/1.1" 401 -
  "GET /api/inventario/terrenos/07f57a45-3411-4573-8a42-056d3f95f5b3 HTTP/1.1" 401 -
  "GET /api/inventario/terrenos/0a0498b0-3406-48af-8a08-4187eb9e911e HTTP/1.1" 401 -
  "GET /api/inventario/terrenos/0c672bc0-9d49-4cec-97c7-d8e7ead37c03 HTTP/1.1" 401 -
  "GET /api/inventario/terrenos/1005b1a8-d819-4c0c-8b20-5bda7070f90d HTTP/1.1" 401 -
  "GET /api/inventario/terrenos/10f8fe17-631b-43fd-a606-e340f7f94b91 HTTP/1.1" 401 -
  "GET /api/inventario/terrenos/11601e19-b7a9-4009-b075-4108e819a381 HTTP/1.1" 401 -
  "GET /api/inventario/terrenos/11a8cca8-ff65-4860-b2ea-ea76d94d464d HTTP/1.1" 401 -
  "GET /api/inventario/terrenos/11bd5edb-993e-4296-ad2d-d445f9954a68 HTTP/1.1" 401 -
  "GET /api/inventario/terrenos/12dc59fe-cf3f-4056-96ce-061feb5daa39 HTTP/1.1" 401 -
  "GET /api/inventario/terrenos/1423a788-900a-4c8a-92d0-30d06834c807 HTTP/1.1" 401 -
  "GET /api/inventario/terrenos/16cc9536-64b4-4174-9e75-d329842a15f1 HTTP/1.1" 401 -
  "GET /api/inventario/terrenos/1990a3e6-e50e-4c80-bfff-c579bf317b46 HTTP/1.1" 401 -
  "GET /api/inventario/terrenos/2043efc3-76d3-4904-a288-fefbf6ace0be HTTP/1.1" 401 -
  "GET /api/inventario/terrenos/2143573f-c6ca-4132-8dfe-e272479461ec HTTP/1.1" 401 -
  "GET /api/inventario/terrenos/218d344c-ec1b-48a4-840c-afcfbd429e6d HTTP/1.1" 401 -
  "GET /api/inventario/terrenos/258b96a1-8474-4151-896f-ab66c3d657a4 HTTP/1.1" 401 -
  "GET /api/inventario/terrenos/28e91068-b78d-4661-bee1-caea3ecd4d1e HTTP/1.1" 401 -
  "GET /api/inventario/terrenos/2c1765c9-69ea-47d8-bb04-3077f5b5baba HTTP/1.1" 401 -
  "GET /api/inventario/terrenos/2ea950d7-05c6-4c27-a243-36f8b7fbea1a HTTP/1.1" 401 -
  "GET /api/inventario/terrenos/3085622d-8982-40c6-8f8b-5fb07cd3bbb6 HTTP/1.1" 401 -
  "GET /api/inventario/terrenos/324afa61-359a-4849-8586-472e1dc8a2e2 HTTP/1.1" 401 -
  "GET /api/inventario/terrenos/feb10a91-3187-42fe-9cf6-fe6d15270283/historial HTTP/1.1" 401 -
  "GET /api/inventario/terrenos/021d9399-1a43-47e6-b019-accce0620c88/historial HTTP/1.1" 401 -
  "GET /api/inventario/terrenos/0356f1b8-9df3-4dcf-b1ee-63cbc362f254/historial HTTP/1.1" 401 -
  "GET /api/inventario/terrenos/04f64de0-45f1-4977-92b1-334f3ad74a37/historial HTTP/1.1" 401 -
  "GET /api/inventario/terrenos/0568819c-55fb-454e-b6ad-42f45e36e705/historial HTTP/1.1" 401 -
  "GET /api/inventario/terrenos/07f57a45-3411-4573-8a42-056d3f95f5b3/historial HTTP/1.1" 401 -
  "GET /api/inventario/terrenos/0a0498b0-3406-48af-8a08-4187eb9e911e/historial HTTP/1.1" 401 -
  "GET /api/inventario/terrenos/0c672bc0-9d49-4cec-97c7-d8e7ead37c03/historial HTTP/1.1" 401 -
  "GET /api/inventario/terrenos/1005b1a8-d819-4c0c-8b20-5bda7070f90d/historial HTTP/1.1" 401 -
  "GET /api/inventario/terrenos/10f8fe17-631b-43fd-a606-e340f7f94b91/historial HTTP/1.1" 401 -
  "GET /api/inventario/terrenos/11601e19-b7a9-4009-b075-4108e819a381/historial HTTP/1.1" 401 -
  "GET /api/inventario/terrenos/11a8cca8-ff65-4860-b2ea-ea76d94d464d/historial HTTP/1.1" 401 -
  "GET /api/inventario/terrenos/11bd5edb-993e-4296-ad2d-d445f9954a68/historial HTTP/1.1" 401 -
  "GET /api/inventario/terrenos/12dc59fe-cf3f-4056-96ce-061feb5daa39/historial HTTP/1.1" 401 -
  "GET /api/inventario/terrenos/1423a788-900a-4c8a-92d0-30d06834c807/historial HTTP/1.1" 401 -
  "GET /api/inventario/terrenos/16cc9536-64b4-4174-9e75-d329842a15f1/historial HTTP/1.1" 401 -
  "GET /api/inventario/terrenos/1990a3e6-e50e-4c80-bfff-c579bf317b46/historial HTTP/1.1" 401 -
  "GET /api/inventario/terrenos/2043efc3-76d3-4904-a288-fefbf6ace0be/historial HTTP/1.1" 401 -
  "GET /api/inventario/terrenos/2143573f-c6ca-4132-8dfe-e272479461ec/historial HTTP/1.1" 401 -
  "GET /api/inventario/terrenos/218d344c-ec1b-48a4-840c-afcfbd429e6d/historial HTTP/1.1" 401 -
  "GET /api/inventario/terrenos/258b96a1-8474-4151-896f-ab66c3d657a4/historial HTTP/1.1" 401 -
  "GET /api/inventario/terrenos/28e91068-b78d-4661-bee1-caea3ecd4d1e/historial HTTP/1.1" 401 -
  "GET /api/inventario/terrenos/2c1765c9-69ea-47d8-bb04-3077f5b5baba/historial HTTP/1.1" 401 -
  "GET /api/inventario/terrenos/2ea950d7-05c6-4c27-a243-36f8b7fbea1a/historial HTTP/1.1" 401 -
  "GET /api/inventario/terrenos/3085622d-8982-40c6-8f8b-5fb07cd3bbb6/historial HTTP/1.1" 401 -
  "GET /api/inventario/terrenos/324afa61-359a-4849-8586-472e1dc8a2e2/historial HTTP/1.1" 401 -
  "GET /api/inventario/terrenos/feb10a91-3187-42fe-9cf6-fe6d15270283/vista-publica HTTP/1.1" 401 -
  "GET /api/inventario/terrenos/021d9399-1a43-47e6-b019-accce0620c88/vista-publica HTTP/1.1" 401 -
  "GET /api/inventario/terrenos/0356f1b8-9df3-4dcf-b1ee-63cbc362f254/vista-publica HTTP/1.1" 401 -
  "GET /api/inventario/terrenos/04f64de0-45f1-4977-92b1-334f3ad74a37/vista-publica HTTP/1.1" 401 -
  "GET /api/inventario/terrenos/0568819c-55fb-454e-b6ad-42f45e36e705/vista-publica HTTP/1.1" 401 -
  "GET /api/inventario/terrenos/07f57a45-3411-4573-8a42-056d3f95f5b3/vista-publica HTTP/1.1" 401 -
  "GET /api/inventario/terrenos/0a0498b0-3406-48af-8a08-4187eb9e911e/vista-publica HTTP/1.1" 401 -
  "GET /api/inventario/terrenos/0c672bc0-9d49-4cec-97c7-d8e7ead37c03/vista-publica HTTP/1.1" 401 -
  "GET /api/inventario/terrenos/1005b1a8-d819-4c0c-8b20-5bda7070f90d/vista-publica HTTP/1.1" 401 -
  "GET /api/inventario/terrenos/10f8fe17-631b-43fd-a606-e340f7f94b91/vista-publica HTTP/1.1" 401 -
  "GET /api/inventario/terrenos/11601e19-b7a9-4009-b075-4108e819a381/vista-publica HTTP/1.1" 401 -
  "GET /api/inventario/terrenos/11a8cca8-ff65-4860-b2ea-ea76d94d464d/vista-publica HTTP/1.1" 401 -
  "GET /api/inventario/terrenos/11bd5edb-993e-4296-ad2d-d445f9954a68/vista-publica HTTP/1.1" 401 -
  "GET /api/inventario/terrenos/12dc59fe-cf3f-4056-96ce-061feb5daa39/vista-publica HTTP/1.1" 401 -
  "GET /api/inventario/terrenos/1423a788-900a-4c8a-92d0-30d06834c807/vista-publica HTTP/1.1" 401 -
  "GET /api/inventario/terrenos/16cc9536-64b4-4174-9e75-d329842a15f1/vista-publica HTTP/1.1" 401 -
  "GET /api/inventario/terrenos/1990a3e6-e50e-4c80-bfff-c579bf317b46/vista-publica HTTP/1.1" 401 -
  "GET /api/inventario/terrenos/2043efc3-76d3-4904-a288-fefbf6ace0be/vista-publica HTTP/1.1" 401 -
  "GET /api/inventario/terrenos/2143573f-c6ca-4132-8dfe-e272479461ec/vista-publica HTTP/1.1" 401 -
  "GET /api/inventario/terrenos/218d344c-ec1b-48a4-840c-afcfbd429e6d/vista-publica HTTP/1.1" 401 -
  "GET /api/inventario/terrenos/258b96a1-8474-4151-896f-ab66c3d657a4/vista-publica HTTP/1.1" 401 -
  "GET /api/inventario/terrenos/28e91068-b78d-4661-bee1-caea3ecd4d1e/vista-publica HTTP/1.1" 401 -
  "GET /api/inventario/terrenos/2c1765c9-69ea-47d8-bb04-3077f5b5baba/vista-publica HTTP/1.1" 401 -
  "GET /api/inventario/terrenos/2ea950d7-05c6-4c27-a243-36f8b7fbea1a/vista-publica HTTP/1.1" 401 -
  "GET /api/inventario/terrenos/3085622d-8982-40c6-8f8b-5fb07cd3bbb6/vista-publica HTTP/1.1" 401 -
  "GET /api/inventario/terrenos/324afa61-359a-4849-8586-472e1dc8a2e2/vista-publica HTTP/1.1" 401 -
  "GET /api/mapas HTTP/1.1" 401 -
  "GET /api/mapas/1 HTTP/1.1" 401 -
  "GET /api/mapas/2 HTTP/1.1" 401 -
  "GET /api/mapas/3 HTTP/1.1" 401 -
  "GET /api/mapas/4 HTTP/1.1" 401 -
  "GET /api/mapas/999999 HTTP/1.1" 401 -
  "GET /api/mapas/1/terrenos HTTP/1.1" 401 -
  "GET /api/mapas/2/terrenos HTTP/1.1" 401 -
  "GET /api/mapas/3/terrenos HTTP/1.1" 401 -
  "GET /api/mapas/4/terrenos HTTP/1.1" 401 -
  "GET /api/mapas/999999/terrenos HTTP/1.1" 401 -
  "GET /api/carpetas?tipo=bases HTTP/1.1" 401 -
  "GET /api/carpetas?tipo=mapas HTTP/1.1" 401 -
  "GET /api/bases/1/terrenos?ids=1 HTTP/1.1" 401 -
  "GET /api/mapas/2/terrenos?capa=1 HTTP/1.1" 401 -
  "GET /api/inventario/terrenos?limit=250&include_archived=true HTTP/1.1" 401 -
  "GET /api/exportar HTTP/1.1" 401 -
  "GET /api/nope HTTP/1.1" 401 -
  "GET /api/bases/1/secreto HTTP/1.1" 401 -
  "GET /api/inventario HTTP/1.1" 401 -
  "GET /api/inventario/terrenos/x/y/z HTTP/1.1" 401 -
  "GET /api/BASES HTTP/1.1" 401 -
  "GET /api//bases HTTP/1.1" 401 -
  "GET /api/bases/ HTTP/1.1" 401 -
  "GET /api/./bases HTTP/1.1" 401 -
  "GET /api/bases%2F1 HTTP/1.1" 401 -
  "GET /api/publico/terrenos/../../bases HTTP/1.1" 401 -
  "GET /api/publico/terrenos/..%2f..%2fbases HTTP/1.1" 404 -
  "GET /api/publico/../bases HTTP/1.1" 401 -
  "GET /api/config/../bases HTTP/1.1" 401 -
  "GET /api/session/../mapas/1/terrenos HTTP/1.1" 401 -
  "GET /api/bases?x=/api/config HTTP/1.1" 401 -
  "GET /api/publico/terrenosX HTTP/1.1" 401 -
  "GET /api/publico HTTP/1.1" 401 -
  "GET /api/exportar/ HTTP/1.1" 401 -
  "GET /api/inventario/terrenos/ HTTP/1.1" 401 -
  "GET /api/INVENTARIO/terrenos HTTP/1.1" 401 -
  "GET /api/inventario/terrenos;x=1 HTTP/1.1" 401 -
  "GET /api/inventario//terrenos HTTP/1.1" 401 -
  "GET /api/inventario/terrenos%2f HTTP/1.1" 401 -
  "GET /api/inventario/terrenos?cursor=../.. HTTP/1.1" 401 -
  "GET /api/inventario/terrenos/%2e%2e/%2e%2e/bases HTTP/1.1" 401 -
  "GET /api/inventario/terrenos?limit=250&campos=contacto HTTP/1.1" 401 -
  "GET //api/inventario/terrenos HTTP/1.1" 401 -
  "GET //api/bases/1/terrenos HTTP/1.1" 401 -
  code 501, message Unsupported method ('HEAD')
  "HEAD /api/bases HTTP/1.1" 501 -
  code 501, message Unsupported method ('OPTIONS')
  "OPTIONS /api/bases HTTP/1.1" 501 -
  "POST /api/bases HTTP/1.1" 401 -
  "POST /api/bases/1 HTTP/1.1" 401 -
  "POST /api/bases/2 HTTP/1.1" 401 -
  "POST /api/bases/3 HTTP/1.1" 401 -
  "POST /api/bases/4 HTTP/1.1" 401 -
  "POST /api/bases/999999 HTTP/1.1" 401 -
  "POST /api/bases/1/terrenos HTTP/1.1" 401 -
  "POST /api/bases/2/terrenos HTTP/1.1" 401 -
  "POST /api/bases/3/terrenos HTTP/1.1" 401 -
  "POST /api/bases/4/terrenos HTTP/1.1" 401 -
  "POST /api/bases/999999/terrenos HTTP/1.1" 401 -
  "POST /api/carpetas HTTP/1.1" 401 -
  "POST /api/formatos HTTP/1.1" 401 -
  "POST /api/inventario/terrenos HTTP/1.1" 401 -
  "POST /api/inventario/terrenos/feb10a91-3187-42fe-9cf6-fe6d15270283 HTTP/1.1" 401 -
  "POST /api/inventario/terrenos/021d9399-1a43-47e6-b019-accce0620c88 HTTP/1.1" 401 -
  "POST /api/inventario/terrenos/0356f1b8-9df3-4dcf-b1ee-63cbc362f254 HTTP/1.1" 401 -
  "POST /api/inventario/terrenos/04f64de0-45f1-4977-92b1-334f3ad74a37 HTTP/1.1" 401 -
  "POST /api/inventario/terrenos/0568819c-55fb-454e-b6ad-42f45e36e705 HTTP/1.1" 401 -
  "POST /api/inventario/terrenos/07f57a45-3411-4573-8a42-056d3f95f5b3 HTTP/1.1" 401 -
  "POST /api/inventario/terrenos/0a0498b0-3406-48af-8a08-4187eb9e911e HTTP/1.1" 401 -
  "POST /api/inventario/terrenos/0c672bc0-9d49-4cec-97c7-d8e7ead37c03 HTTP/1.1" 401 -
  "POST /api/inventario/terrenos/1005b1a8-d819-4c0c-8b20-5bda7070f90d HTTP/1.1" 401 -
  "POST /api/inventario/terrenos/10f8fe17-631b-43fd-a606-e340f7f94b91 HTTP/1.1" 401 -
  "POST /api/inventario/terrenos/11601e19-b7a9-4009-b075-4108e819a381 HTTP/1.1" 401 -
  "POST /api/inventario/terrenos/11a8cca8-ff65-4860-b2ea-ea76d94d464d HTTP/1.1" 401 -
  "POST /api/inventario/terrenos/11bd5edb-993e-4296-ad2d-d445f9954a68 HTTP/1.1" 401 -
  "POST /api/inventario/terrenos/12dc59fe-cf3f-4056-96ce-061feb5daa39 HTTP/1.1" 401 -
  "POST /api/inventario/terrenos/1423a788-900a-4c8a-92d0-30d06834c807 HTTP/1.1" 401 -
  "POST /api/inventario/terrenos/16cc9536-64b4-4174-9e75-d329842a15f1 HTTP/1.1" 401 -
  "POST /api/inventario/terrenos/1990a3e6-e50e-4c80-bfff-c579bf317b46 HTTP/1.1" 401 -
  "POST /api/inventario/terrenos/2043efc3-76d3-4904-a288-fefbf6ace0be HTTP/1.1" 401 -
  "POST /api/inventario/terrenos/2143573f-c6ca-4132-8dfe-e272479461ec HTTP/1.1" 401 -
  "POST /api/inventario/terrenos/218d344c-ec1b-48a4-840c-afcfbd429e6d HTTP/1.1" 401 -
  "POST /api/inventario/terrenos/258b96a1-8474-4151-896f-ab66c3d657a4 HTTP/1.1" 401 -
  "POST /api/inventario/terrenos/28e91068-b78d-4661-bee1-caea3ecd4d1e HTTP/1.1" 401 -
  "POST /api/inventario/terrenos/2c1765c9-69ea-47d8-bb04-3077f5b5baba HTTP/1.1" 401 -
  "POST /api/inventario/terrenos/2ea950d7-05c6-4c27-a243-36f8b7fbea1a HTTP/1.1" 401 -
  "POST /api/inventario/terrenos/3085622d-8982-40c6-8f8b-5fb07cd3bbb6 HTTP/1.1" 401 -
  "POST /api/inventario/terrenos/324afa61-359a-4849-8586-472e1dc8a2e2 HTTP/1.1" 401 -
  "POST /api/inventario/terrenos/feb10a91-3187-42fe-9cf6-fe6d15270283/historial HTTP/1.1" 401 -
  "POST /api/inventario/terrenos/021d9399-1a43-47e6-b019-accce0620c88/historial HTTP/1.1" 401 -
  "POST /api/inventario/terrenos/0356f1b8-9df3-4dcf-b1ee-63cbc362f254/historial HTTP/1.1" 401 -
  "POST /api/inventario/terrenos/04f64de0-45f1-4977-92b1-334f3ad74a37/historial HTTP/1.1" 401 -
  "POST /api/inventario/terrenos/0568819c-55fb-454e-b6ad-42f45e36e705/historial HTTP/1.1" 401 -
  "POST /api/inventario/terrenos/07f57a45-3411-4573-8a42-056d3f95f5b3/historial HTTP/1.1" 401 -
  "POST /api/inventario/terrenos/0a0498b0-3406-48af-8a08-4187eb9e911e/historial HTTP/1.1" 401 -
  "POST /api/inventario/terrenos/0c672bc0-9d49-4cec-97c7-d8e7ead37c03/historial HTTP/1.1" 401 -
  "POST /api/inventario/terrenos/1005b1a8-d819-4c0c-8b20-5bda7070f90d/historial HTTP/1.1" 401 -
  "POST /api/inventario/terrenos/10f8fe17-631b-43fd-a606-e340f7f94b91/historial HTTP/1.1" 401 -
  "POST /api/inventario/terrenos/11601e19-b7a9-4009-b075-4108e819a381/historial HTTP/1.1" 401 -
  "POST /api/inventario/terrenos/11a8cca8-ff65-4860-b2ea-ea76d94d464d/historial HTTP/1.1" 401 -
  "POST /api/inventario/terrenos/11bd5edb-993e-4296-ad2d-d445f9954a68/historial HTTP/1.1" 401 -
  "POST /api/inventario/terrenos/12dc59fe-cf3f-4056-96ce-061feb5daa39/historial HTTP/1.1" 401 -
  "POST /api/inventario/terrenos/1423a788-900a-4c8a-92d0-30d06834c807/historial HTTP/1.1" 401 -
  "POST /api/inventario/terrenos/16cc9536-64b4-4174-9e75-d329842a15f1/historial HTTP/1.1" 401 -
  "POST /api/inventario/terrenos/1990a3e6-e50e-4c80-bfff-c579bf317b46/historial HTTP/1.1" 401 -
  "POST /api/inventario/terrenos/2043efc3-76d3-4904-a288-fefbf6ace0be/historial HTTP/1.1" 401 -
  "POST /api/inventario/terrenos/2143573f-c6ca-4132-8dfe-e272479461ec/historial HTTP/1.1" 401 -
  "POST /api/inventario/terrenos/218d344c-ec1b-48a4-840c-afcfbd429e6d/historial HTTP/1.1" 401 -
  "POST /api/inventario/terrenos/258b96a1-8474-4151-896f-ab66c3d657a4/historial HTTP/1.1" 401 -
  "POST /api/inventario/terrenos/28e91068-b78d-4661-bee1-caea3ecd4d1e/historial HTTP/1.1" 401 -
  "POST /api/inventario/terrenos/2c1765c9-69ea-47d8-bb04-3077f5b5baba/historial HTTP/1.1" 401 -
  "POST /api/inventario/terrenos/2ea950d7-05c6-4c27-a243-36f8b7fbea1a/historial HTTP/1.1" 401 -
  "POST /api/inventario/terrenos/3085622d-8982-40c6-8f8b-5fb07cd3bbb6/historial HTTP/1.1" 401 -
  "POST /api/inventario/terrenos/324afa61-359a-4849-8586-472e1dc8a2e2/historial HTTP/1.1" 401 -
  "POST /api/inventario/terrenos/feb10a91-3187-42fe-9cf6-fe6d15270283/vista-publica HTTP/1.1" 401 -
  "POST /api/inventario/terrenos/021d9399-1a43-47e6-b019-accce0620c88/vista-publica HTTP/1.1" 401 -
  "POST /api/inventario/terrenos/0356f1b8-9df3-4dcf-b1ee-63cbc362f254/vista-publica HTTP/1.1" 401 -
  "POST /api/inventario/terrenos/04f64de0-45f1-4977-92b1-334f3ad74a37/vista-publica HTTP/1.1" 401 -
  "POST /api/inventario/terrenos/0568819c-55fb-454e-b6ad-42f45e36e705/vista-publica HTTP/1.1" 401 -
  "POST /api/inventario/terrenos/07f57a45-3411-4573-8a42-056d3f95f5b3/vista-publica HTTP/1.1" 401 -
  "POST /api/inventario/terrenos/0a0498b0-3406-48af-8a08-4187eb9e911e/vista-publica HTTP/1.1" 401 -
  "POST /api/inventario/terrenos/0c672bc0-9d49-4cec-97c7-d8e7ead37c03/vista-publica HTTP/1.1" 401 -
  "POST /api/inventario/terrenos/1005b1a8-d819-4c0c-8b20-5bda7070f90d/vista-publica HTTP/1.1" 401 -
  "POST /api/inventario/terrenos/10f8fe17-631b-43fd-a606-e340f7f94b91/vista-publica HTTP/1.1" 401 -
  "POST /api/inventario/terrenos/11601e19-b7a9-4009-b075-4108e819a381/vista-publica HTTP/1.1" 401 -
  "POST /api/inventario/terrenos/11a8cca8-ff65-4860-b2ea-ea76d94d464d/vista-publica HTTP/1.1" 401 -
  "POST /api/inventario/terrenos/11bd5edb-993e-4296-ad2d-d445f9954a68/vista-publica HTTP/1.1" 401 -
  "POST /api/inventario/terrenos/12dc59fe-cf3f-4056-96ce-061feb5daa39/vista-publica HTTP/1.1" 401 -
  "POST /api/inventario/terrenos/1423a788-900a-4c8a-92d0-30d06834c807/vista-publica HTTP/1.1" 401 -
  "POST /api/inventario/terrenos/16cc9536-64b4-4174-9e75-d329842a15f1/vista-publica HTTP/1.1" 401 -
  "POST /api/inventario/terrenos/1990a3e6-e50e-4c80-bfff-c579bf317b46/vista-publica HTTP/1.1" 401 -
  "POST /api/inventario/terrenos/2043efc3-76d3-4904-a288-fefbf6ace0be/vista-publica HTTP/1.1" 401 -
  "POST /api/inventario/terrenos/2143573f-c6ca-4132-8dfe-e272479461ec/vista-publica HTTP/1.1" 401 -
  "POST /api/inventario/terrenos/218d344c-ec1b-48a4-840c-afcfbd429e6d/vista-publica HTTP/1.1" 401 -
  "POST /api/inventario/terrenos/258b96a1-8474-4151-896f-ab66c3d657a4/vista-publica HTTP/1.1" 401 -
  "POST /api/inventario/terrenos/28e91068-b78d-4661-bee1-caea3ecd4d1e/vista-publica HTTP/1.1" 401 -
  "POST /api/inventario/terrenos/2c1765c9-69ea-47d8-bb04-3077f5b5baba/vista-publica HTTP/1.1" 401 -
  "POST /api/inventario/terrenos/2ea950d7-05c6-4c27-a243-36f8b7fbea1a/vista-publica HTTP/1.1" 401 -
  "POST /api/inventario/terrenos/3085622d-8982-40c6-8f8b-5fb07cd3bbb6/vista-publica HTTP/1.1" 401 -
  "POST /api/inventario/terrenos/324afa61-359a-4849-8586-472e1dc8a2e2/vista-publica HTTP/1.1" 401 -
  "POST /api/mapas HTTP/1.1" 401 -
  "POST /api/mapas/1 HTTP/1.1" 401 -
  "POST /api/mapas/2 HTTP/1.1" 401 -
  "POST /api/mapas/3 HTTP/1.1" 401 -
  "POST /api/mapas/4 HTTP/1.1" 401 -
  "POST /api/mapas/999999 HTTP/1.1" 401 -
  "POST /api/mapas/1/terrenos HTTP/1.1" 401 -
  "POST /api/mapas/2/terrenos HTTP/1.1" 401 -
  "POST /api/mapas/3/terrenos HTTP/1.1" 401 -
  "POST /api/mapas/4/terrenos HTTP/1.1" 401 -
  "POST /api/mapas/999999/terrenos HTTP/1.1" 401 -
  "POST /api/bases/1/adjuntar HTTP/1.1" 401 -
  "POST /api/bases/2/adjuntar HTTP/1.1" 401 -
  "POST /api/bases/3/adjuntar HTTP/1.1" 401 -
  "POST /api/bases/4/adjuntar HTTP/1.1" 401 -
  "POST /api/bases/999999/adjuntar HTTP/1.1" 401 -
  "POST /api/bases/1/terrenos HTTP/1.1" 401 -
  "POST /api/bases/2/terrenos HTTP/1.1" 401 -
  "POST /api/bases/3/terrenos HTTP/1.1" 401 -
  "POST /api/bases/4/terrenos HTTP/1.1" 401 -
  "POST /api/bases/999999/terrenos HTTP/1.1" 401 -
  "POST /api/carpetas HTTP/1.1" 401 -
  "POST /api/exportar HTTP/1.1" 401 -
  "POST /api/importar/analizar HTTP/1.1" 401 -
  "POST /api/importar/confirmar HTTP/1.1" 401 -
  "POST /api/importar/preparar HTTP/1.1" 401 -
  "POST /api/importar/vista-previa HTTP/1.1" 401 -
  "POST /api/inventario/terrenos HTTP/1.1" 401 -
  "POST /api/inventario/terrenos/feb10a91-3187-42fe-9cf6-fe6d15270283/archivar HTTP/1.1" 401 -
  "POST /api/inventario/terrenos/021d9399-1a43-47e6-b019-accce0620c88/archivar HTTP/1.1" 401 -
  "POST /api/inventario/terrenos/0356f1b8-9df3-4dcf-b1ee-63cbc362f254/archivar HTTP/1.1" 401 -
  "POST /api/inventario/terrenos/04f64de0-45f1-4977-92b1-334f3ad74a37/archivar HTTP/1.1" 401 -
  "POST /api/inventario/terrenos/0568819c-55fb-454e-b6ad-42f45e36e705/archivar HTTP/1.1" 401 -
  "POST /api/inventario/terrenos/07f57a45-3411-4573-8a42-056d3f95f5b3/archivar HTTP/1.1" 401 -
  "POST /api/inventario/terrenos/0a0498b0-3406-48af-8a08-4187eb9e911e/archivar HTTP/1.1" 401 -
  "POST /api/inventario/terrenos/0c672bc0-9d49-4cec-97c7-d8e7ead37c03/archivar HTTP/1.1" 401 -
  "POST /api/inventario/terrenos/1005b1a8-d819-4c0c-8b20-5bda7070f90d/archivar HTTP/1.1" 401 -
  "POST /api/inventario/terrenos/10f8fe17-631b-43fd-a606-e340f7f94b91/archivar HTTP/1.1" 401 -
  "POST /api/inventario/terrenos/11601e19-b7a9-4009-b075-4108e819a381/archivar HTTP/1.1" 401 -
  "POST /api/inventario/terrenos/11a8cca8-ff65-4860-b2ea-ea76d94d464d/archivar HTTP/1.1" 401 -
  "POST /api/inventario/terrenos/11bd5edb-993e-4296-ad2d-d445f9954a68/archivar HTTP/1.1" 401 -
  "POST /api/inventario/terrenos/12dc59fe-cf3f-4056-96ce-061feb5daa39/archivar HTTP/1.1" 401 -
  "POST /api/inventario/terrenos/1423a788-900a-4c8a-92d0-30d06834c807/archivar HTTP/1.1" 401 -
  "POST /api/inventario/terrenos/16cc9536-64b4-4174-9e75-d329842a15f1/archivar HTTP/1.1" 401 -
  "POST /api/inventario/terrenos/1990a3e6-e50e-4c80-bfff-c579bf317b46/archivar HTTP/1.1" 401 -
  "POST /api/inventario/terrenos/2043efc3-76d3-4904-a288-fefbf6ace0be/archivar HTTP/1.1" 401 -
  "POST /api/inventario/terrenos/2143573f-c6ca-4132-8dfe-e272479461ec/archivar HTTP/1.1" 401 -
  "POST /api/inventario/terrenos/218d344c-ec1b-48a4-840c-afcfbd429e6d/archivar HTTP/1.1" 401 -
  "POST /api/inventario/terrenos/258b96a1-8474-4151-896f-ab66c3d657a4/archivar HTTP/1.1" 401 -
  "POST /api/inventario/terrenos/28e91068-b78d-4661-bee1-caea3ecd4d1e/archivar HTTP/1.1" 401 -
  "POST /api/inventario/terrenos/2c1765c9-69ea-47d8-bb04-3077f5b5baba/archivar HTTP/1.1" 401 -
  "POST /api/inventario/terrenos/2ea950d7-05c6-4c27-a243-36f8b7fbea1a/archivar HTTP/1.1" 401 -
  "POST /api/inventario/terrenos/3085622d-8982-40c6-8f8b-5fb07cd3bbb6/archivar HTTP/1.1" 401 -
  "POST /api/inventario/terrenos/324afa61-359a-4849-8586-472e1dc8a2e2/archivar HTTP/1.1" 401 -
  "POST /api/inventario/terrenos/feb10a91-3187-42fe-9cf6-fe6d15270283/despublicar HTTP/1.1" 401 -
  "POST /api/inventario/terrenos/021d9399-1a43-47e6-b019-accce0620c88/despublicar HTTP/1.1" 401 -
  "POST /api/inventario/terrenos/0356f1b8-9df3-4dcf-b1ee-63cbc362f254/despublicar HTTP/1.1" 401 -
  "POST /api/inventario/terrenos/04f64de0-45f1-4977-92b1-334f3ad74a37/despublicar HTTP/1.1" 401 -
  "POST /api/inventario/terrenos/0568819c-55fb-454e-b6ad-42f45e36e705/despublicar HTTP/1.1" 401 -
  "POST /api/inventario/terrenos/07f57a45-3411-4573-8a42-056d3f95f5b3/despublicar HTTP/1.1" 401 -
  "POST /api/inventario/terrenos/0a0498b0-3406-48af-8a08-4187eb9e911e/despublicar HTTP/1.1" 401 -
  "POST /api/inventario/terrenos/0c672bc0-9d49-4cec-97c7-d8e7ead37c03/despublicar HTTP/1.1" 401 -
  "POST /api/inventario/terrenos/1005b1a8-d819-4c0c-8b20-5bda7070f90d/despublicar HTTP/1.1" 401 -
  "POST /api/inventario/terrenos/10f8fe17-631b-43fd-a606-e340f7f94b91/despublicar HTTP/1.1" 401 -
  "POST /api/inventario/terrenos/11601e19-b7a9-4009-b075-4108e819a381/despublicar HTTP/1.1" 401 -
  "POST /api/inventario/terrenos/11a8cca8-ff65-4860-b2ea-ea76d94d464d/despublicar HTTP/1.1" 401 -
  "POST /api/inventario/terrenos/11bd5edb-993e-4296-ad2d-d445f9954a68/despublicar HTTP/1.1" 401 -
  "POST /api/inventario/terrenos/12dc59fe-cf3f-4056-96ce-061feb5daa39/despublicar HTTP/1.1" 401 -
  "POST /api/inventario/terrenos/1423a788-900a-4c8a-92d0-30d06834c807/despublicar HTTP/1.1" 401 -
  "POST /api/inventario/terrenos/16cc9536-64b4-4174-9e75-d329842a15f1/despublicar HTTP/1.1" 401 -
  "POST /api/inventario/terrenos/1990a3e6-e50e-4c80-bfff-c579bf317b46/despublicar HTTP/1.1" 401 -
  "POST /api/inventario/terrenos/2043efc3-76d3-4904-a288-fefbf6ace0be/despublicar HTTP/1.1" 401 -
  "POST /api/inventario/terrenos/2143573f-c6ca-4132-8dfe-e272479461ec/despublicar HTTP/1.1" 401 -
  "POST /api/inventario/terrenos/218d344c-ec1b-48a4-840c-afcfbd429e6d/despublicar HTTP/1.1" 401 -
  "POST /api/inventario/terrenos/258b96a1-8474-4151-896f-ab66c3d657a4/despublicar HTTP/1.1" 401 -
  "POST /api/inventario/terrenos/28e91068-b78d-4661-bee1-caea3ecd4d1e/despublicar HTTP/1.1" 401 -
  "POST /api/inventario/terrenos/2c1765c9-69ea-47d8-bb04-3077f5b5baba/despublicar HTTP/1.1" 401 -
  "POST /api/inventario/terrenos/2ea950d7-05c6-4c27-a243-36f8b7fbea1a/despublicar HTTP/1.1" 401 -
  "POST /api/inventario/terrenos/3085622d-8982-40c6-8f8b-5fb07cd3bbb6/despublicar HTTP/1.1" 401 -
  "POST /api/inventario/terrenos/324afa61-359a-4849-8586-472e1dc8a2e2/despublicar HTTP/1.1" 401 -
  "POST /api/inventario/terrenos/feb10a91-3187-42fe-9cf6-fe6d15270283/publicar HTTP/1.1" 401 -
  "POST /api/inventario/terrenos/021d9399-1a43-47e6-b019-accce0620c88/publicar HTTP/1.1" 401 -
  "POST /api/inventario/terrenos/0356f1b8-9df3-4dcf-b1ee-63cbc362f254/publicar HTTP/1.1" 401 -
  "POST /api/inventario/terrenos/04f64de0-45f1-4977-92b1-334f3ad74a37/publicar HTTP/1.1" 401 -
  "POST /api/inventario/terrenos/0568819c-55fb-454e-b6ad-42f45e36e705/publicar HTTP/1.1" 401 -
  "POST /api/inventario/terrenos/07f57a45-3411-4573-8a42-056d3f95f5b3/publicar HTTP/1.1" 401 -
  "POST /api/inventario/terrenos/0a0498b0-3406-48af-8a08-4187eb9e911e/publicar HTTP/1.1" 401 -
  "POST /api/inventario/terrenos/0c672bc0-9d49-4cec-97c7-d8e7ead37c03/publicar HTTP/1.1" 401 -
  "POST /api/inventario/terrenos/1005b1a8-d819-4c0c-8b20-5bda7070f90d/publicar HTTP/1.1" 401 -
  "POST /api/inventario/terrenos/10f8fe17-631b-43fd-a606-e340f7f94b91/publicar HTTP/1.1" 401 -
  "POST /api/inventario/terrenos/11601e19-b7a9-4009-b075-4108e819a381/publicar HTTP/1.1" 401 -
  "POST /api/inventario/terrenos/11a8cca8-ff65-4860-b2ea-ea76d94d464d/publicar HTTP/1.1" 401 -
  "POST /api/inventario/terrenos/11bd5edb-993e-4296-ad2d-d445f9954a68/publicar HTTP/1.1" 401 -
  "POST /api/inventario/terrenos/12dc59fe-cf3f-4056-96ce-061feb5daa39/publicar HTTP/1.1" 401 -
  "POST /api/inventario/terrenos/1423a788-900a-4c8a-92d0-30d06834c807/publicar HTTP/1.1" 401 -
  "POST /api/inventario/terrenos/16cc9536-64b4-4174-9e75-d329842a15f1/publicar HTTP/1.1" 401 -
  "POST /api/inventario/terrenos/1990a3e6-e50e-4c80-bfff-c579bf317b46/publicar HTTP/1.1" 401 -
  "POST /api/inventario/terrenos/2043efc3-76d3-4904-a288-fefbf6ace0be/publicar HTTP/1.1" 401 -
  "POST /api/inventario/terrenos/2143573f-c6ca-4132-8dfe-e272479461ec/publicar HTTP/1.1" 401 -
  "POST /api/inventario/terrenos/218d344c-ec1b-48a4-840c-afcfbd429e6d/publicar HTTP/1.1" 401 -
  "POST /api/inventario/terrenos/258b96a1-8474-4151-896f-ab66c3d657a4/publicar HTTP/1.1" 401 -
  "POST /api/inventario/terrenos/28e91068-b78d-4661-bee1-caea3ecd4d1e/publicar HTTP/1.1" 401 -
  "POST /api/inventario/terrenos/2c1765c9-69ea-47d8-bb04-3077f5b5baba/publicar HTTP/1.1" 401 -
  "POST /api/inventario/terrenos/2ea950d7-05c6-4c27-a243-36f8b7fbea1a/publicar HTTP/1.1" 401 -
  "POST /api/inventario/terrenos/3085622d-8982-40c6-8f8b-5fb07cd3bbb6/publicar HTTP/1.1" 401 -
  "POST /api/inventario/terrenos/324afa61-359a-4849-8586-472e1dc8a2e2/publicar HTTP/1.1" 401 -
  "POST /api/inventario/terrenos/feb10a91-3187-42fe-9cf6-fe6d15270283/restaurar HTTP/1.1" 401 -
  "POST /api/inventario/terrenos/021d9399-1a43-47e6-b019-accce0620c88/restaurar HTTP/1.1" 401 -
  "POST /api/inventario/terrenos/0356f1b8-9df3-4dcf-b1ee-63cbc362f254/restaurar HTTP/1.1" 401 -
  "POST /api/inventario/terrenos/04f64de0-45f1-4977-92b1-334f3ad74a37/restaurar HTTP/1.1" 401 -
  "POST /api/inventario/terrenos/0568819c-55fb-454e-b6ad-42f45e36e705/restaurar HTTP/1.1" 401 -
  "POST /api/inventario/terrenos/07f57a45-3411-4573-8a42-056d3f95f5b3/restaurar HTTP/1.1" 401 -
  "POST /api/inventario/terrenos/0a0498b0-3406-48af-8a08-4187eb9e911e/restaurar HTTP/1.1" 401 -
  "POST /api/inventario/terrenos/0c672bc0-9d49-4cec-97c7-d8e7ead37c03/restaurar HTTP/1.1" 401 -
  "POST /api/inventario/terrenos/1005b1a8-d819-4c0c-8b20-5bda7070f90d/restaurar HTTP/1.1" 401 -
  "POST /api/inventario/terrenos/10f8fe17-631b-43fd-a606-e340f7f94b91/restaurar HTTP/1.1" 401 -
  "POST /api/inventario/terrenos/11601e19-b7a9-4009-b075-4108e819a381/restaurar HTTP/1.1" 401 -
  "POST /api/inventario/terrenos/11a8cca8-ff65-4860-b2ea-ea76d94d464d/restaurar HTTP/1.1" 401 -
  "POST /api/inventario/terrenos/11bd5edb-993e-4296-ad2d-d445f9954a68/restaurar HTTP/1.1" 401 -
  "POST /api/inventario/terrenos/12dc59fe-cf3f-4056-96ce-061feb5daa39/restaurar HTTP/1.1" 401 -
  "POST /api/inventario/terrenos/1423a788-900a-4c8a-92d0-30d06834c807/restaurar HTTP/1.1" 401 -
  "POST /api/inventario/terrenos/16cc9536-64b4-4174-9e75-d329842a15f1/restaurar HTTP/1.1" 401 -
  "POST /api/inventario/terrenos/1990a3e6-e50e-4c80-bfff-c579bf317b46/restaurar HTTP/1.1" 401 -
  "POST /api/inventario/terrenos/2043efc3-76d3-4904-a288-fefbf6ace0be/restaurar HTTP/1.1" 401 -
  "POST /api/inventario/terrenos/2143573f-c6ca-4132-8dfe-e272479461ec/restaurar HTTP/1.1" 401 -
  "POST /api/inventario/terrenos/218d344c-ec1b-48a4-840c-afcfbd429e6d/restaurar HTTP/1.1" 401 -
  "POST /api/inventario/terrenos/258b96a1-8474-4151-896f-ab66c3d657a4/restaurar HTTP/1.1" 401 -
  "POST /api/inventario/terrenos/28e91068-b78d-4661-bee1-caea3ecd4d1e/restaurar HTTP/1.1" 401 -
  "POST /api/inventario/terrenos/2c1765c9-69ea-47d8-bb04-3077f5b5baba/restaurar HTTP/1.1" 401 -
  "POST /api/inventario/terrenos/2ea950d7-05c6-4c27-a243-36f8b7fbea1a/restaurar HTTP/1.1" 401 -
  "POST /api/inventario/terrenos/3085622d-8982-40c6-8f8b-5fb07cd3bbb6/restaurar HTTP/1.1" 401 -
  "POST /api/inventario/terrenos/324afa61-359a-4849-8586-472e1dc8a2e2/restaurar HTTP/1.1" 401 -
  "POST /api/mapas HTTP/1.1" 401 -
  "POST /api/mapas/1/actualizar HTTP/1.1" 401 -
  "POST /api/mapas/2/actualizar HTTP/1.1" 401 -
  "POST /api/mapas/3/actualizar HTTP/1.1" 401 -
  "POST /api/mapas/4/actualizar HTTP/1.1" 401 -
  "POST /api/mapas/999999/actualizar HTTP/1.1" 401 -
  "POST /api/mapas/combinar HTTP/1.1" 401 -
  "POST /api/mapas/combinar/vista-previa HTTP/1.1" 401 -
  "POST /api/exportar HTTP/1.1" 401 -
  "POST /api/exportar HTTP/1.1" 401 -
  "POST /api/exportar HTTP/1.1" 401 -
  "POST /api/exportar HTTP/1.1" 401 -
  "POST /api/exportar HTTP/1.1" 401 -
  "POST /api/exportar HTTP/1.1" 401 -
  "POST /api/exportar HTTP/1.1" 401 -
  "POST /api/exportar HTTP/1.1" 401 -
  "POST /api/exportar HTTP/1.1" 401 -
  "PATCH /api/bases HTTP/1.1" 401 -
  "PATCH /api/bases/1 HTTP/1.1" 401 -
  "PATCH /api/bases/2 HTTP/1.1" 401 -
  "PATCH /api/bases/3 HTTP/1.1" 401 -
  "PATCH /api/bases/4 HTTP/1.1" 401 -
  "PATCH /api/bases/999999 HTTP/1.1" 401 -
  "PATCH /api/bases/1/terrenos HTTP/1.1" 401 -
  "PATCH /api/bases/2/terrenos HTTP/1.1" 401 -
  "PATCH /api/bases/3/terrenos HTTP/1.1" 401 -
  "PATCH /api/bases/4/terrenos HTTP/1.1" 401 -
  "PATCH /api/bases/999999/terrenos HTTP/1.1" 401 -
  "PATCH /api/carpetas HTTP/1.1" 401 -
  "PATCH /api/formatos HTTP/1.1" 401 -
  "PATCH /api/inventario/terrenos HTTP/1.1" 401 -
  "PATCH /api/inventario/terrenos/feb10a91-3187-42fe-9cf6-fe6d15270283 HTTP/1.1" 401 -
  "PATCH /api/inventario/terrenos/021d9399-1a43-47e6-b019-accce0620c88 HTTP/1.1" 401 -
  "PATCH /api/inventario/terrenos/0356f1b8-9df3-4dcf-b1ee-63cbc362f254 HTTP/1.1" 401 -
  "PATCH /api/inventario/terrenos/04f64de0-45f1-4977-92b1-334f3ad74a37 HTTP/1.1" 401 -
  "PATCH /api/inventario/terrenos/0568819c-55fb-454e-b6ad-42f45e36e705 HTTP/1.1" 401 -
  "PATCH /api/inventario/terrenos/07f57a45-3411-4573-8a42-056d3f95f5b3 HTTP/1.1" 401 -
  "PATCH /api/inventario/terrenos/0a0498b0-3406-48af-8a08-4187eb9e911e HTTP/1.1" 401 -
  "PATCH /api/inventario/terrenos/0c672bc0-9d49-4cec-97c7-d8e7ead37c03 HTTP/1.1" 401 -
  "PATCH /api/inventario/terrenos/1005b1a8-d819-4c0c-8b20-5bda7070f90d HTTP/1.1" 401 -
  "PATCH /api/inventario/terrenos/10f8fe17-631b-43fd-a606-e340f7f94b91 HTTP/1.1" 401 -
  "PATCH /api/inventario/terrenos/11601e19-b7a9-4009-b075-4108e819a381 HTTP/1.1" 401 -
  "PATCH /api/inventario/terrenos/11a8cca8-ff65-4860-b2ea-ea76d94d464d HTTP/1.1" 401 -
  "PATCH /api/inventario/terrenos/11bd5edb-993e-4296-ad2d-d445f9954a68 HTTP/1.1" 401 -
  "PATCH /api/inventario/terrenos/12dc59fe-cf3f-4056-96ce-061feb5daa39 HTTP/1.1" 401 -
  "PATCH /api/inventario/terrenos/1423a788-900a-4c8a-92d0-30d06834c807 HTTP/1.1" 401 -
  "PATCH /api/inventario/terrenos/16cc9536-64b4-4174-9e75-d329842a15f1 HTTP/1.1" 401 -
  "PATCH /api/inventario/terrenos/1990a3e6-e50e-4c80-bfff-c579bf317b46 HTTP/1.1" 401 -
  "PATCH /api/inventario/terrenos/2043efc3-76d3-4904-a288-fefbf6ace0be HTTP/1.1" 401 -
  "PATCH /api/inventario/terrenos/2143573f-c6ca-4132-8dfe-e272479461ec HTTP/1.1" 401 -
  "PATCH /api/inventario/terrenos/218d344c-ec1b-48a4-840c-afcfbd429e6d HTTP/1.1" 401 -
  "PATCH /api/inventario/terrenos/258b96a1-8474-4151-896f-ab66c3d657a4 HTTP/1.1" 401 -
  "PATCH /api/inventario/terrenos/28e91068-b78d-4661-bee1-caea3ecd4d1e HTTP/1.1" 401 -
  "PATCH /api/inventario/terrenos/2c1765c9-69ea-47d8-bb04-3077f5b5baba HTTP/1.1" 401 -
  "PATCH /api/inventario/terrenos/2ea950d7-05c6-4c27-a243-36f8b7fbea1a HTTP/1.1" 401 -
  "PATCH /api/inventario/terrenos/3085622d-8982-40c6-8f8b-5fb07cd3bbb6 HTTP/1.1" 401 -
  "PATCH /api/inventario/terrenos/324afa61-359a-4849-8586-472e1dc8a2e2 HTTP/1.1" 401 -
  "PATCH /api/inventario/terrenos/feb10a91-3187-42fe-9cf6-fe6d15270283/historial HTTP/1.1" 401 -
  "PATCH /api/inventario/terrenos/021d9399-1a43-47e6-b019-accce0620c88/historial HTTP/1.1" 401 -
  "PATCH /api/inventario/terrenos/0356f1b8-9df3-4dcf-b1ee-63cbc362f254/historial HTTP/1.1" 401 -
  "PATCH /api/inventario/terrenos/04f64de0-45f1-4977-92b1-334f3ad74a37/historial HTTP/1.1" 401 -
  "PATCH /api/inventario/terrenos/0568819c-55fb-454e-b6ad-42f45e36e705/historial HTTP/1.1" 401 -
  "PATCH /api/inventario/terrenos/07f57a45-3411-4573-8a42-056d3f95f5b3/historial HTTP/1.1" 401 -
  "PATCH /api/inventario/terrenos/0a0498b0-3406-48af-8a08-4187eb9e911e/historial HTTP/1.1" 401 -
  "PATCH /api/inventario/terrenos/0c672bc0-9d49-4cec-97c7-d8e7ead37c03/historial HTTP/1.1" 401 -
  "PATCH /api/inventario/terrenos/1005b1a8-d819-4c0c-8b20-5bda7070f90d/historial HTTP/1.1" 401 -
  "PATCH /api/inventario/terrenos/10f8fe17-631b-43fd-a606-e340f7f94b91/historial HTTP/1.1" 401 -
  "PATCH /api/inventario/terrenos/11601e19-b7a9-4009-b075-4108e819a381/historial HTTP/1.1" 401 -
  "PATCH /api/inventario/terrenos/11a8cca8-ff65-4860-b2ea-ea76d94d464d/historial HTTP/1.1" 401 -
  "PATCH /api/inventario/terrenos/11bd5edb-993e-4296-ad2d-d445f9954a68/historial HTTP/1.1" 401 -
  "PATCH /api/inventario/terrenos/12dc59fe-cf3f-4056-96ce-061feb5daa39/historial HTTP/1.1" 401 -
  "PATCH /api/inventario/terrenos/1423a788-900a-4c8a-92d0-30d06834c807/historial HTTP/1.1" 401 -
  "PATCH /api/inventario/terrenos/16cc9536-64b4-4174-9e75-d329842a15f1/historial HTTP/1.1" 401 -
  "PATCH /api/inventario/terrenos/1990a3e6-e50e-4c80-bfff-c579bf317b46/historial HTTP/1.1" 401 -
  "PATCH /api/inventario/terrenos/2043efc3-76d3-4904-a288-fefbf6ace0be/historial HTTP/1.1" 401 -
  "PATCH /api/inventario/terrenos/2143573f-c6ca-4132-8dfe-e272479461ec/historial HTTP/1.1" 401 -
  "PATCH /api/inventario/terrenos/218d344c-ec1b-48a4-840c-afcfbd429e6d/historial HTTP/1.1" 401 -
  "PATCH /api/inventario/terrenos/258b96a1-8474-4151-896f-ab66c3d657a4/historial HTTP/1.1" 401 -
  "PATCH /api/inventario/terrenos/28e91068-b78d-4661-bee1-caea3ecd4d1e/historial HTTP/1.1" 401 -
  "PATCH /api/inventario/terrenos/2c1765c9-69ea-47d8-bb04-3077f5b5baba/historial HTTP/1.1" 401 -
  "PATCH /api/inventario/terrenos/2ea950d7-05c6-4c27-a243-36f8b7fbea1a/historial HTTP/1.1" 401 -
  "PATCH /api/inventario/terrenos/3085622d-8982-40c6-8f8b-5fb07cd3bbb6/historial HTTP/1.1" 401 -
  "PATCH /api/inventario/terrenos/324afa61-359a-4849-8586-472e1dc8a2e2/historial HTTP/1.1" 401 -
  "PATCH /api/inventario/terrenos/feb10a91-3187-42fe-9cf6-fe6d15270283/vista-publica HTTP/1.1" 401 -
  "PATCH /api/inventario/terrenos/021d9399-1a43-47e6-b019-accce0620c88/vista-publica HTTP/1.1" 401 -
  "PATCH /api/inventario/terrenos/0356f1b8-9df3-4dcf-b1ee-63cbc362f254/vista-publica HTTP/1.1" 401 -
  "PATCH /api/inventario/terrenos/04f64de0-45f1-4977-92b1-334f3ad74a37/vista-publica HTTP/1.1" 401 -
  "PATCH /api/inventario/terrenos/0568819c-55fb-454e-b6ad-42f45e36e705/vista-publica HTTP/1.1" 401 -
  "PATCH /api/inventario/terrenos/07f57a45-3411-4573-8a42-056d3f95f5b3/vista-publica HTTP/1.1" 401 -
  "PATCH /api/inventario/terrenos/0a0498b0-3406-48af-8a08-4187eb9e911e/vista-publica HTTP/1.1" 401 -
  "PATCH /api/inventario/terrenos/0c672bc0-9d49-4cec-97c7-d8e7ead37c03/vista-publica HTTP/1.1" 401 -
  "PATCH /api/inventario/terrenos/1005b1a8-d819-4c0c-8b20-5bda7070f90d/vista-publica HTTP/1.1" 401 -
  "PATCH /api/inventario/terrenos/10f8fe17-631b-43fd-a606-e340f7f94b91/vista-publica HTTP/1.1" 401 -
  "PATCH /api/inventario/terrenos/11601e19-b7a9-4009-b075-4108e819a381/vista-publica HTTP/1.1" 401 -
  "PATCH /api/inventario/terrenos/11a8cca8-ff65-4860-b2ea-ea76d94d464d/vista-publica HTTP/1.1" 401 -
  "PATCH /api/inventario/terrenos/11bd5edb-993e-4296-ad2d-d445f9954a68/vista-publica HTTP/1.1" 401 -
  "PATCH /api/inventario/terrenos/12dc59fe-cf3f-4056-96ce-061feb5daa39/vista-publica HTTP/1.1" 401 -
  "PATCH /api/inventario/terrenos/1423a788-900a-4c8a-92d0-30d06834c807/vista-publica HTTP/1.1" 401 -
  "PATCH /api/inventario/terrenos/16cc9536-64b4-4174-9e75-d329842a15f1/vista-publica HTTP/1.1" 401 -
  "PATCH /api/inventario/terrenos/1990a3e6-e50e-4c80-bfff-c579bf317b46/vista-publica HTTP/1.1" 401 -
  "PATCH /api/inventario/terrenos/2043efc3-76d3-4904-a288-fefbf6ace0be/vista-publica HTTP/1.1" 401 -
  "PATCH /api/inventario/terrenos/2143573f-c6ca-4132-8dfe-e272479461ec/vista-publica HTTP/1.1" 401 -
  "PATCH /api/inventario/terrenos/218d344c-ec1b-48a4-840c-afcfbd429e6d/vista-publica HTTP/1.1" 401 -
  "PATCH /api/inventario/terrenos/258b96a1-8474-4151-896f-ab66c3d657a4/vista-publica HTTP/1.1" 401 -
  "PATCH /api/inventario/terrenos/28e91068-b78d-4661-bee1-caea3ecd4d1e/vista-publica HTTP/1.1" 401 -
  "PATCH /api/inventario/terrenos/2c1765c9-69ea-47d8-bb04-3077f5b5baba/vista-publica HTTP/1.1" 401 -
  "PATCH /api/inventario/terrenos/2ea950d7-05c6-4c27-a243-36f8b7fbea1a/vista-publica HTTP/1.1" 401 -
  "PATCH /api/inventario/terrenos/3085622d-8982-40c6-8f8b-5fb07cd3bbb6/vista-publica HTTP/1.1" 401 -
  "PATCH /api/inventario/terrenos/324afa61-359a-4849-8586-472e1dc8a2e2/vista-publica HTTP/1.1" 401 -
  "PATCH /api/mapas HTTP/1.1" 401 -
  "PATCH /api/mapas/1 HTTP/1.1" 401 -
  "PATCH /api/mapas/2 HTTP/1.1" 401 -
  "PATCH /api/mapas/3 HTTP/1.1" 401 -
  "PATCH /api/mapas/4 HTTP/1.1" 401 -
  "PATCH /api/mapas/999999 HTTP/1.1" 401 -
  "PATCH /api/mapas/1/terrenos HTTP/1.1" 401 -
  "PATCH /api/mapas/2/terrenos HTTP/1.1" 401 -
  "PATCH /api/mapas/3/terrenos HTTP/1.1" 401 -
  "PATCH /api/mapas/4/terrenos HTTP/1.1" 401 -
  "PATCH /api/mapas/999999/terrenos HTTP/1.1" 401 -
  "PATCH /api/bases/1 HTTP/1.1" 401 -
  "PATCH /api/bases/2 HTTP/1.1" 401 -
  "PATCH /api/bases/3 HTTP/1.1" 401 -
  "PATCH /api/bases/4 HTTP/1.1" 401 -
  "PATCH /api/bases/999999 HTTP/1.1" 401 -
  "PATCH /api/bases/1/carpeta HTTP/1.1" 401 -
  "PATCH /api/bases/2/carpeta HTTP/1.1" 401 -
  "PATCH /api/bases/3/carpeta HTTP/1.1" 401 -
  "PATCH /api/bases/4/carpeta HTTP/1.1" 401 -
  "PATCH /api/bases/999999/carpeta HTTP/1.1" 401 -
  "PATCH /api/carpetas/1 HTTP/1.1" 401 -
  "PATCH /api/carpetas/2 HTTP/1.1" 401 -
  "PATCH /api/carpetas/3 HTTP/1.1" 401 -
  "PATCH /api/carpetas/4 HTTP/1.1" 401 -
  "PATCH /api/carpetas/999999 HTTP/1.1" 401 -
  "PATCH /api/formatos/1 HTTP/1.1" 401 -
  "PATCH /api/formatos/2 HTTP/1.1" 401 -
  "PATCH /api/formatos/3 HTTP/1.1" 401 -
  "PATCH /api/formatos/4 HTTP/1.1" 401 -
  "PATCH /api/formatos/999999 HTTP/1.1" 401 -
  "PATCH /api/inventario/terrenos/feb10a91-3187-42fe-9cf6-fe6d15270283 HTTP/1.1" 401 -
  "PATCH /api/inventario/terrenos/021d9399-1a43-47e6-b019-accce0620c88 HTTP/1.1" 401 -
  "PATCH /api/inventario/terrenos/0356f1b8-9df3-4dcf-b1ee-63cbc362f254 HTTP/1.1" 401 -
  "PATCH /api/inventario/terrenos/04f64de0-45f1-4977-92b1-334f3ad74a37 HTTP/1.1" 401 -
  "PATCH /api/inventario/terrenos/0568819c-55fb-454e-b6ad-42f45e36e705 HTTP/1.1" 401 -
  "PATCH /api/inventario/terrenos/07f57a45-3411-4573-8a42-056d3f95f5b3 HTTP/1.1" 401 -
  "PATCH /api/inventario/terrenos/0a0498b0-3406-48af-8a08-4187eb9e911e HTTP/1.1" 401 -
  "PATCH /api/inventario/terrenos/0c672bc0-9d49-4cec-97c7-d8e7ead37c03 HTTP/1.1" 401 -
  "PATCH /api/inventario/terrenos/1005b1a8-d819-4c0c-8b20-5bda7070f90d HTTP/1.1" 401 -
  "PATCH /api/inventario/terrenos/10f8fe17-631b-43fd-a606-e340f7f94b91 HTTP/1.1" 401 -
  "PATCH /api/inventario/terrenos/11601e19-b7a9-4009-b075-4108e819a381 HTTP/1.1" 401 -
  "PATCH /api/inventario/terrenos/11a8cca8-ff65-4860-b2ea-ea76d94d464d HTTP/1.1" 401 -
  "PATCH /api/inventario/terrenos/11bd5edb-993e-4296-ad2d-d445f9954a68 HTTP/1.1" 401 -
  "PATCH /api/inventario/terrenos/12dc59fe-cf3f-4056-96ce-061feb5daa39 HTTP/1.1" 401 -
  "PATCH /api/inventario/terrenos/1423a788-900a-4c8a-92d0-30d06834c807 HTTP/1.1" 401 -
  "PATCH /api/inventario/terrenos/16cc9536-64b4-4174-9e75-d329842a15f1 HTTP/1.1" 401 -
  "PATCH /api/inventario/terrenos/1990a3e6-e50e-4c80-bfff-c579bf317b46 HTTP/1.1" 401 -
  "PATCH /api/inventario/terrenos/2043efc3-76d3-4904-a288-fefbf6ace0be HTTP/1.1" 401 -
  "PATCH /api/inventario/terrenos/2143573f-c6ca-4132-8dfe-e272479461ec HTTP/1.1" 401 -
  "PATCH /api/inventario/terrenos/218d344c-ec1b-48a4-840c-afcfbd429e6d HTTP/1.1" 401 -
  "PATCH /api/inventario/terrenos/258b96a1-8474-4151-896f-ab66c3d657a4 HTTP/1.1" 401 -
  "PATCH /api/inventario/terrenos/28e91068-b78d-4661-bee1-caea3ecd4d1e HTTP/1.1" 401 -
  "PATCH /api/inventario/terrenos/2c1765c9-69ea-47d8-bb04-3077f5b5baba HTTP/1.1" 401 -
  "PATCH /api/inventario/terrenos/2ea950d7-05c6-4c27-a243-36f8b7fbea1a HTTP/1.1" 401 -
  "PATCH /api/inventario/terrenos/3085622d-8982-40c6-8f8b-5fb07cd3bbb6 HTTP/1.1" 401 -
  "PATCH /api/inventario/terrenos/324afa61-359a-4849-8586-472e1dc8a2e2 HTTP/1.1" 401 -
  "PATCH /api/mapas/1 HTTP/1.1" 401 -
  "PATCH /api/mapas/2 HTTP/1.1" 401 -
  "PATCH /api/mapas/3 HTTP/1.1" 401 -
  "PATCH /api/mapas/4 HTTP/1.1" 401 -
  "PATCH /api/mapas/999999 HTTP/1.1" 401 -
  "PATCH /api/mapas/1/carpeta HTTP/1.1" 401 -
  "PATCH /api/mapas/2/carpeta HTTP/1.1" 401 -
  "PATCH /api/mapas/3/carpeta HTTP/1.1" 401 -
  "PATCH /api/mapas/4/carpeta HTTP/1.1" 401 -
  "PATCH /api/mapas/999999/carpeta HTTP/1.1" 401 -
  code 501, message Unsupported method ('PUT')
  "PUT /api/bases HTTP/1.1" 501 -
  "DELETE /api/bases/1 HTTP/1.1" 401 -
  "DELETE /api/bases/2 HTTP/1.1" 401 -
  "DELETE /api/bases/3 HTTP/1.1" 401 -
  "DELETE /api/bases/4 HTTP/1.1" 401 -
  "DELETE /api/bases/999999 HTTP/1.1" 401 -
  "DELETE /api/carpetas/1 HTTP/1.1" 401 -
  "DELETE /api/carpetas/2 HTTP/1.1" 401 -
  "DELETE /api/carpetas/3 HTTP/1.1" 401 -
  "DELETE /api/carpetas/4 HTTP/1.1" 401 -
  "DELETE /api/carpetas/999999 HTTP/1.1" 401 -
  "DELETE /api/formatos/1 HTTP/1.1" 401 -
  "DELETE /api/formatos/2 HTTP/1.1" 401 -
  "DELETE /api/formatos/3 HTTP/1.1" 401 -
  "DELETE /api/formatos/4 HTTP/1.1" 401 -
  "DELETE /api/formatos/999999 HTTP/1.1" 401 -
  "DELETE /api/mapas/1 HTTP/1.1" 401 -
  "DELETE /api/mapas/2 HTTP/1.1" 401 -
  "DELETE /api/mapas/3 HTTP/1.1" 401 -
  "DELETE /api/mapas/4 HTTP/1.1" 401 -
  "DELETE /api/mapas/999999 HTTP/1.1" 401 -
  "DELETE /api/bases HTTP/1.1" 401 -
  "DELETE /api/bases/1 HTTP/1.1" 401 -
  "DELETE /api/bases/2 HTTP/1.1" 401 -
  "DELETE /api/bases/3 HTTP/1.1" 401 -
  "DELETE /api/bases/4 HTTP/1.1" 401 -
  "DELETE /api/bases/999999 HTTP/1.1" 401 -
  "DELETE /api/bases/1/terrenos HTTP/1.1" 401 -
  "DELETE /api/bases/2/terrenos HTTP/1.1" 401 -
  "DELETE /api/bases/3/terrenos HTTP/1.1" 401 -
  "DELETE /api/bases/4/terrenos HTTP/1.1" 401 -
  "DELETE /api/bases/999999/terrenos HTTP/1.1" 401 -
  "DELETE /api/carpetas HTTP/1.1" 401 -
  "DELETE /api/formatos HTTP/1.1" 401 -
  "DELETE /api/inventario/terrenos HTTP/1.1" 401 -
  "DELETE /api/inventario/terrenos/feb10a91-3187-42fe-9cf6-fe6d15270283 HTTP/1.1" 401 -
  "DELETE /api/inventario/terrenos/021d9399-1a43-47e6-b019-accce0620c88 HTTP/1.1" 401 -
  "DELETE /api/inventario/terrenos/0356f1b8-9df3-4dcf-b1ee-63cbc362f254 HTTP/1.1" 401 -
  "DELETE /api/inventario/terrenos/04f64de0-45f1-4977-92b1-334f3ad74a37 HTTP/1.1" 401 -
  "DELETE /api/inventario/terrenos/0568819c-55fb-454e-b6ad-42f45e36e705 HTTP/1.1" 401 -
  "DELETE /api/inventario/terrenos/07f57a45-3411-4573-8a42-056d3f95f5b3 HTTP/1.1" 401 -
  "DELETE /api/inventario/terrenos/0a0498b0-3406-48af-8a08-4187eb9e911e HTTP/1.1" 401 -
  "DELETE /api/inventario/terrenos/0c672bc0-9d49-4cec-97c7-d8e7ead37c03 HTTP/1.1" 401 -
  "DELETE /api/inventario/terrenos/1005b1a8-d819-4c0c-8b20-5bda7070f90d HTTP/1.1" 401 -
  "DELETE /api/inventario/terrenos/10f8fe17-631b-43fd-a606-e340f7f94b91 HTTP/1.1" 401 -
  "DELETE /api/inventario/terrenos/11601e19-b7a9-4009-b075-4108e819a381 HTTP/1.1" 401 -
  "DELETE /api/inventario/terrenos/11a8cca8-ff65-4860-b2ea-ea76d94d464d HTTP/1.1" 401 -
  "DELETE /api/inventario/terrenos/11bd5edb-993e-4296-ad2d-d445f9954a68 HTTP/1.1" 401 -
  "DELETE /api/inventario/terrenos/12dc59fe-cf3f-4056-96ce-061feb5daa39 HTTP/1.1" 401 -
  "DELETE /api/inventario/terrenos/1423a788-900a-4c8a-92d0-30d06834c807 HTTP/1.1" 401 -
  "DELETE /api/inventario/terrenos/16cc9536-64b4-4174-9e75-d329842a15f1 HTTP/1.1" 401 -
  "DELETE /api/inventario/terrenos/1990a3e6-e50e-4c80-bfff-c579bf317b46 HTTP/1.1" 401 -
  "DELETE /api/inventario/terrenos/2043efc3-76d3-4904-a288-fefbf6ace0be HTTP/1.1" 401 -
  "DELETE /api/inventario/terrenos/2143573f-c6ca-4132-8dfe-e272479461ec HTTP/1.1" 401 -
  "DELETE /api/inventario/terrenos/218d344c-ec1b-48a4-840c-afcfbd429e6d HTTP/1.1" 401 -
  "DELETE /api/inventario/terrenos/258b96a1-8474-4151-896f-ab66c3d657a4 HTTP/1.1" 401 -
  "DELETE /api/inventario/terrenos/28e91068-b78d-4661-bee1-caea3ecd4d1e HTTP/1.1" 401 -
  "DELETE /api/inventario/terrenos/2c1765c9-69ea-47d8-bb04-3077f5b5baba HTTP/1.1" 401 -
  "DELETE /api/inventario/terrenos/2ea950d7-05c6-4c27-a243-36f8b7fbea1a HTTP/1.1" 401 -
  "DELETE /api/inventario/terrenos/3085622d-8982-40c6-8f8b-5fb07cd3bbb6 HTTP/1.1" 401 -
  "DELETE /api/inventario/terrenos/324afa61-359a-4849-8586-472e1dc8a2e2 HTTP/1.1" 401 -
  "DELETE /api/inventario/terrenos/feb10a91-3187-42fe-9cf6-fe6d15270283/historial HTTP/1.1" 401 -
  "DELETE /api/inventario/terrenos/021d9399-1a43-47e6-b019-accce0620c88/historial HTTP/1.1" 401 -
  "DELETE /api/inventario/terrenos/0356f1b8-9df3-4dcf-b1ee-63cbc362f254/historial HTTP/1.1" 401 -
  "DELETE /api/inventario/terrenos/04f64de0-45f1-4977-92b1-334f3ad74a37/historial HTTP/1.1" 401 -
  "DELETE /api/inventario/terrenos/0568819c-55fb-454e-b6ad-42f45e36e705/historial HTTP/1.1" 401 -
  "DELETE /api/inventario/terrenos/07f57a45-3411-4573-8a42-056d3f95f5b3/historial HTTP/1.1" 401 -
  "DELETE /api/inventario/terrenos/0a0498b0-3406-48af-8a08-4187eb9e911e/historial HTTP/1.1" 401 -
  "DELETE /api/inventario/terrenos/0c672bc0-9d49-4cec-97c7-d8e7ead37c03/historial HTTP/1.1" 401 -
  "DELETE /api/inventario/terrenos/1005b1a8-d819-4c0c-8b20-5bda7070f90d/historial HTTP/1.1" 401 -
  "DELETE /api/inventario/terrenos/10f8fe17-631b-43fd-a606-e340f7f94b91/historial HTTP/1.1" 401 -
  "DELETE /api/inventario/terrenos/11601e19-b7a9-4009-b075-4108e819a381/historial HTTP/1.1" 401 -
  "DELETE /api/inventario/terrenos/11a8cca8-ff65-4860-b2ea-ea76d94d464d/historial HTTP/1.1" 401 -
  "DELETE /api/inventario/terrenos/11bd5edb-993e-4296-ad2d-d445f9954a68/historial HTTP/1.1" 401 -
  "DELETE /api/inventario/terrenos/12dc59fe-cf3f-4056-96ce-061feb5daa39/historial HTTP/1.1" 401 -
  "DELETE /api/inventario/terrenos/1423a788-900a-4c8a-92d0-30d06834c807/historial HTTP/1.1" 401 -
  "DELETE /api/inventario/terrenos/16cc9536-64b4-4174-9e75-d329842a15f1/historial HTTP/1.1" 401 -
  "DELETE /api/inventario/terrenos/1990a3e6-e50e-4c80-bfff-c579bf317b46/historial HTTP/1.1" 401 -
  "DELETE /api/inventario/terrenos/2043efc3-76d3-4904-a288-fefbf6ace0be/historial HTTP/1.1" 401 -
  "DELETE /api/inventario/terrenos/2143573f-c6ca-4132-8dfe-e272479461ec/historial HTTP/1.1" 401 -
  "DELETE /api/inventario/terrenos/218d344c-ec1b-48a4-840c-afcfbd429e6d/historial HTTP/1.1" 401 -
  "DELETE /api/inventario/terrenos/258b96a1-8474-4151-896f-ab66c3d657a4/historial HTTP/1.1" 401 -
  "DELETE /api/inventario/terrenos/28e91068-b78d-4661-bee1-caea3ecd4d1e/historial HTTP/1.1" 401 -
  "DELETE /api/inventario/terrenos/2c1765c9-69ea-47d8-bb04-3077f5b5baba/historial HTTP/1.1" 401 -
  "DELETE /api/inventario/terrenos/2ea950d7-05c6-4c27-a243-36f8b7fbea1a/historial HTTP/1.1" 401 -
  "DELETE /api/inventario/terrenos/3085622d-8982-40c6-8f8b-5fb07cd3bbb6/historial HTTP/1.1" 401 -
  "DELETE /api/inventario/terrenos/324afa61-359a-4849-8586-472e1dc8a2e2/historial HTTP/1.1" 401 -
  "DELETE /api/inventario/terrenos/feb10a91-3187-42fe-9cf6-fe6d15270283/vista-publica HTTP/1.1" 401 -
  "DELETE /api/inventario/terrenos/021d9399-1a43-47e6-b019-accce0620c88/vista-publica HTTP/1.1" 401 -
  "DELETE /api/inventario/terrenos/0356f1b8-9df3-4dcf-b1ee-63cbc362f254/vista-publica HTTP/1.1" 401 -
  "DELETE /api/inventario/terrenos/04f64de0-45f1-4977-92b1-334f3ad74a37/vista-publica HTTP/1.1" 401 -
  "DELETE /api/inventario/terrenos/0568819c-55fb-454e-b6ad-42f45e36e705/vista-publica HTTP/1.1" 401 -
  "DELETE /api/inventario/terrenos/07f57a45-3411-4573-8a42-056d3f95f5b3/vista-publica HTTP/1.1" 401 -
  "DELETE /api/inventario/terrenos/0a0498b0-3406-48af-8a08-4187eb9e911e/vista-publica HTTP/1.1" 401 -
  "DELETE /api/inventario/terrenos/0c672bc0-9d49-4cec-97c7-d8e7ead37c03/vista-publica HTTP/1.1" 401 -
  "DELETE /api/inventario/terrenos/1005b1a8-d819-4c0c-8b20-5bda7070f90d/vista-publica HTTP/1.1" 401 -
  "DELETE /api/inventario/terrenos/10f8fe17-631b-43fd-a606-e340f7f94b91/vista-publica HTTP/1.1" 401 -
  "DELETE /api/inventario/terrenos/11601e19-b7a9-4009-b075-4108e819a381/vista-publica HTTP/1.1" 401 -
  "DELETE /api/inventario/terrenos/11a8cca8-ff65-4860-b2ea-ea76d94d464d/vista-publica HTTP/1.1" 401 -
  "DELETE /api/inventario/terrenos/11bd5edb-993e-4296-ad2d-d445f9954a68/vista-publica HTTP/1.1" 401 -
  "DELETE /api/inventario/terrenos/12dc59fe-cf3f-4056-96ce-061feb5daa39/vista-publica HTTP/1.1" 401 -
  "DELETE /api/inventario/terrenos/1423a788-900a-4c8a-92d0-30d06834c807/vista-publica HTTP/1.1" 401 -
  "DELETE /api/inventario/terrenos/16cc9536-64b4-4174-9e75-d329842a15f1/vista-publica HTTP/1.1" 401 -
  "DELETE /api/inventario/terrenos/1990a3e6-e50e-4c80-bfff-c579bf317b46/vista-publica HTTP/1.1" 401 -
  "DELETE /api/inventario/terrenos/2043efc3-76d3-4904-a288-fefbf6ace0be/vista-publica HTTP/1.1" 401 -
  "DELETE /api/inventario/terrenos/2143573f-c6ca-4132-8dfe-e272479461ec/vista-publica HTTP/1.1" 401 -
  "DELETE /api/inventario/terrenos/218d344c-ec1b-48a4-840c-afcfbd429e6d/vista-publica HTTP/1.1" 401 -
  "DELETE /api/inventario/terrenos/258b96a1-8474-4151-896f-ab66c3d657a4/vista-publica HTTP/1.1" 401 -
  "DELETE /api/inventario/terrenos/28e91068-b78d-4661-bee1-caea3ecd4d1e/vista-publica HTTP/1.1" 401 -
  "DELETE /api/inventario/terrenos/2c1765c9-69ea-47d8-bb04-3077f5b5baba/vista-publica HTTP/1.1" 401 -
  "DELETE /api/inventario/terrenos/2ea950d7-05c6-4c27-a243-36f8b7fbea1a/vista-publica HTTP/1.1" 401 -
  "DELETE /api/inventario/terrenos/3085622d-8982-40c6-8f8b-5fb07cd3bbb6/vista-publica HTTP/1.1" 401 -
  "DELETE /api/inventario/terrenos/324afa61-359a-4849-8586-472e1dc8a2e2/vista-publica HTTP/1.1" 401 -
  "DELETE /api/mapas HTTP/1.1" 401 -
  "DELETE /api/mapas/1 HTTP/1.1" 401 -
  "DELETE /api/mapas/2 HTTP/1.1" 401 -
  "DELETE /api/mapas/3 HTTP/1.1" 401 -
  "DELETE /api/mapas/4 HTTP/1.1" 401 -
  "DELETE /api/mapas/999999 HTTP/1.1" 401 -
  "DELETE /api/mapas/1/terrenos HTTP/1.1" 401 -
  "DELETE /api/mapas/2/terrenos HTTP/1.1" 401 -
  "DELETE /api/mapas/3/terrenos HTTP/1.1" 401 -
  "DELETE /api/mapas/4/terrenos HTTP/1.1" 401 -
  "DELETE /api/mapas/999999/terrenos HTTP/1.1" 401 -
  "POST /api/login HTTP/1.1" 401 -
  "GET /api/publico/terrenos?campos=contacto&include_private=1 HTTP/1.1" 422 -
  "GET /api/publico/terrenos/feb10a91-3187-42fe-9cf6-fe6d15270283 HTTP/1.1" 404 -
  "GET /api/publico/terrenos/021d9399-1a43-47e6-b019-accce0620c88 HTTP/1.1" 404 -
  "GET /api/publico/terrenos/0356f1b8-9df3-4dcf-b1ee-63cbc362f254 HTTP/1.1" 404 -
  "GET /api/publico/terrenos/04f64de0-45f1-4977-92b1-334f3ad74a37 HTTP/1.1" 404 -
  "GET /api/publico/terrenos/0568819c-55fb-454e-b6ad-42f45e36e705 HTTP/1.1" 404 -
  "GET /api/publico/terrenos/07f57a45-3411-4573-8a42-056d3f95f5b3 HTTP/1.1" 404 -
  "GET /api/publico/terrenos/0a0498b0-3406-48af-8a08-4187eb9e911e HTTP/1.1" 404 -
  "GET /api/publico/terrenos/0c672bc0-9d49-4cec-97c7-d8e7ead37c03 HTTP/1.1" 404 -
  "GET /api/publico/terrenos/1005b1a8-d819-4c0c-8b20-5bda7070f90d HTTP/1.1" 404 -
  "GET /api/publico/terrenos/10f8fe17-631b-43fd-a606-e340f7f94b91 HTTP/1.1" 404 -
  "GET /api/publico/terrenos/11601e19-b7a9-4009-b075-4108e819a381 HTTP/1.1" 404 -
  "GET /api/publico/terrenos/11a8cca8-ff65-4860-b2ea-ea76d94d464d HTTP/1.1" 404 -
  "GET /api/publico/terrenos/11bd5edb-993e-4296-ad2d-d445f9954a68 HTTP/1.1" 404 -
  "GET /api/publico/terrenos/12dc59fe-cf3f-4056-96ce-061feb5daa39 HTTP/1.1" 404 -
  "GET /api/publico/terrenos/1423a788-900a-4c8a-92d0-30d06834c807 HTTP/1.1" 404 -
  "GET /api/publico/terrenos/16cc9536-64b4-4174-9e75-d329842a15f1 HTTP/1.1" 404 -
  "GET /api/publico/terrenos/1990a3e6-e50e-4c80-bfff-c579bf317b46 HTTP/1.1" 404 -
  "GET /api/publico/terrenos/2043efc3-76d3-4904-a288-fefbf6ace0be HTTP/1.1" 404 -
  "GET /api/publico/terrenos/2143573f-c6ca-4132-8dfe-e272479461ec HTTP/1.1" 404 -
  "GET /api/publico/terrenos/218d344c-ec1b-48a4-840c-afcfbd429e6d HTTP/1.1" 404 -
  "GET /api/publico/terrenos/258b96a1-8474-4151-896f-ab66c3d657a4 HTTP/1.1" 404 -
  "GET /api/publico/terrenos/28e91068-b78d-4661-bee1-caea3ecd4d1e HTTP/1.1" 404 -
  "GET /api/publico/terrenos/2c1765c9-69ea-47d8-bb04-3077f5b5baba HTTP/1.1" 404 -
  "GET /api/publico/terrenos/2ea950d7-05c6-4c27-a243-36f8b7fbea1a HTTP/1.1" 404 -
  "GET /api/publico/terrenos/3085622d-8982-40c6-8f8b-5fb07cd3bbb6 HTTP/1.1" 404 -
  "GET /api/publico/terrenos/324afa61-359a-4849-8586-472e1dc8a2e2 HTTP/1.1" 404 -
  "GET /api/bases/1 HTTP/1.1" 404 -
  "GET /api/bases/2 HTTP/1.1" 404 -
  "GET /api/bases/3 HTTP/1.1" 404 -
  "GET /api/bases/4 HTTP/1.1" 404 -
  "GET /api/bases/999999 HTTP/1.1" 404 -
  "GET /api/bases/1/terrenos HTTP/1.1" 404 -
  "GET /api/bases/2/terrenos HTTP/1.1" 404 -
  "GET /api/bases/3/terrenos HTTP/1.1" 404 -
  "GET /api/bases/4/terrenos HTTP/1.1" 404 -
  "GET /api/bases/999999/terrenos HTTP/1.1" 404 -
  "GET /api/carpetas HTTP/1.1" 400 -
  "GET /api/inventario/terrenos/feb10a91-3187-42fe-9cf6-fe6d15270283 HTTP/1.1" 404 -
  "GET /api/inventario/terrenos/feb10a91-3187-42fe-9cf6-fe6d15270283/historial HTTP/1.1" 404 -
  "GET /api/inventario/terrenos/feb10a91-3187-42fe-9cf6-fe6d15270283/vista-publica HTTP/1.1" 404 -
  "GET /api/mapas/1 HTTP/1.1" 404 -
  "GET /api/mapas/2 HTTP/1.1" 404 -
  "GET /api/mapas/3 HTTP/1.1" 404 -
  "GET /api/mapas/4 HTTP/1.1" 404 -
  "GET /api/mapas/999999 HTTP/1.1" 404 -
  "GET /api/mapas/1/terrenos HTTP/1.1" 404 -
  "GET /api/mapas/2/terrenos HTTP/1.1" 404 -
  "GET /api/mapas/3/terrenos HTTP/1.1" 404 -
  "GET /api/mapas/4/terrenos HTTP/1.1" 404 -
  "GET /api/mapas/999999/terrenos HTTP/1.1" 404 -
  "GET /api/bases/1/terrenos?ids=1 HTTP/1.1" 404 -
  "GET /api/mapas/2/terrenos?capa=1 HTTP/1.1" 404 -
  "GET /api/exportar HTTP/1.1" 405 -
  "GET /api/INVENTARIO/terrenos HTTP/1.1" 404 -
  "GET /api/inventario//terrenos HTTP/1.1" 404 -
  "GET /api/inventario/terrenos%2f HTTP/1.1" 404 -
  "GET /api/inventario/terrenos/%2e%2e/%2e%2e/bases HTTP/1.1" 404 -
  "GET /api/inventario/terrenos?limit=250&campos=contacto HTTP/1.1" 422 -
  "GET //api/bases/1/terrenos HTTP/1.1" 404 -
  "GET /api/publico/terrenos?campos=contacto&include_private=1 HTTP/1.1" 422 -
  "GET /api/publico/terrenos/feb10a91-3187-42fe-9cf6-fe6d15270283 HTTP/1.1" 404 -
  "GET /api/publico/terrenos/021d9399-1a43-47e6-b019-accce0620c88 HTTP/1.1" 404 -
  "GET /api/publico/terrenos/0356f1b8-9df3-4dcf-b1ee-63cbc362f254 HTTP/1.1" 404 -
  "GET /api/publico/terrenos/04f64de0-45f1-4977-92b1-334f3ad74a37 HTTP/1.1" 404 -
  "GET /api/publico/terrenos/0568819c-55fb-454e-b6ad-42f45e36e705 HTTP/1.1" 404 -
  "GET /api/publico/terrenos/07f57a45-3411-4573-8a42-056d3f95f5b3 HTTP/1.1" 404 -
  "GET /api/publico/terrenos/0a0498b0-3406-48af-8a08-4187eb9e911e HTTP/1.1" 404 -
  "GET /api/publico/terrenos/0c672bc0-9d49-4cec-97c7-d8e7ead37c03 HTTP/1.1" 404 -
  "GET /api/publico/terrenos/1005b1a8-d819-4c0c-8b20-5bda7070f90d HTTP/1.1" 404 -
  "GET /api/publico/terrenos/10f8fe17-631b-43fd-a606-e340f7f94b91 HTTP/1.1" 404 -
  "GET /api/publico/terrenos/11601e19-b7a9-4009-b075-4108e819a381 HTTP/1.1" 404 -
  "GET /api/publico/terrenos/11a8cca8-ff65-4860-b2ea-ea76d94d464d HTTP/1.1" 404 -
  "GET /api/publico/terrenos/11bd5edb-993e-4296-ad2d-d445f9954a68 HTTP/1.1" 404 -
  "GET /api/publico/terrenos/12dc59fe-cf3f-4056-96ce-061feb5daa39 HTTP/1.1" 404 -
  "GET /api/publico/terrenos/1423a788-900a-4c8a-92d0-30d06834c807 HTTP/1.1" 404 -
  "GET /api/publico/terrenos/16cc9536-64b4-4174-9e75-d329842a15f1 HTTP/1.1" 404 -
  "GET /api/publico/terrenos/1990a3e6-e50e-4c80-bfff-c579bf317b46 HTTP/1.1" 404 -
  "GET /api/publico/terrenos/2043efc3-76d3-4904-a288-fefbf6ace0be HTTP/1.1" 404 -
  "GET /api/publico/terrenos/2143573f-c6ca-4132-8dfe-e272479461ec HTTP/1.1" 404 -
  "GET /api/publico/terrenos/218d344c-ec1b-48a4-840c-afcfbd429e6d HTTP/1.1" 404 -
  "GET /api/publico/terrenos/258b96a1-8474-4151-896f-ab66c3d657a4 HTTP/1.1" 404 -
  "GET /api/publico/terrenos/28e91068-b78d-4661-bee1-caea3ecd4d1e HTTP/1.1" 404 -
  "GET /api/publico/terrenos/2c1765c9-69ea-47d8-bb04-3077f5b5baba HTTP/1.1" 404 -
  "GET /api/publico/terrenos/2ea950d7-05c6-4c27-a243-36f8b7fbea1a HTTP/1.1" 404 -
  "GET /api/publico/terrenos/3085622d-8982-40c6-8f8b-5fb07cd3bbb6 HTTP/1.1" 404 -
  "GET /api/publico/terrenos/324afa61-359a-4849-8586-472e1dc8a2e2 HTTP/1.1" 404 -
  "GET /api/nope HTTP/1.1" 404 -
  "GET /api/bases HTTP/1.1" 401 -
  "GET /api/inventario/terrenos HTTP/1.1" 401 -
  "POST /api/login HTTP/1.1" 401 -
  "GET /api/inventario/terrenos HTTP/1.1" 401 -
  "POST /api/login HTTP/1.1" 401 -
  "POST /api/login HTTP/1.1" 401 -
  "POST /api/login HTTP/1.1" 401 -
  "POST /api/login HTTP/1.1" 401 -
  "POST /api/login HTTP/1.1" 429 -
  "POST /api/login HTTP/1.1" 429 -
  "POST /api/login HTTP/1.1" 429 -
  "POST /api/login HTTP/1.1" 429 -
  "POST /api/login HTTP/1.1" 429 -
  "POST /api/login HTTP/1.1" 429 -
  "POST /api/login HTTP/1.1" 429 -
  "POST /api/login HTTP/1.1" 429 -
  "POST /api/login HTTP/1.1" 429 -
  "POST /api/login HTTP/1.1" 429 -
  "POST /api/login HTTP/1.1" 429 -
  "POST /api/login HTTP/1.1" 429 -
  "POST /api/login HTTP/1.1" 429 -
  "POST /api/login HTTP/1.1" 429 -
  "POST /api/login HTTP/1.1" 429 -
  "POST /api/login HTTP/1.1" 429 -
  "POST /api/login HTTP/1.1" 429 -
  "POST /api/login HTTP/1.1" 429 -
  "POST /api/login HTTP/1.1" 429 -
  "POST /api/login HTTP/1.1" 429 -
  "POST /api/login HTTP/1.1" 429 -
  "POST /api/login HTTP/1.1" 429 -
