✔ a CSV preview sends the number convention and keeps base_id (0.581375ms)
✔ an Excel preview sends no query at all (0.091292ms)
✔ the configured upload limit applies to CSV before anything is sent (0.210125ms)
✔ suggested answers are preselected, open ones are not (0.639458ms)
✔ answers survive a new response while their question is still open (0.110167ms)
✔ corrections merge like decisions: columns accumulate, the rest is replaced (0.075916ms)
✔ the queue sends one request at a time and the newest edit wins (1.419584ms)
✔ labels (0.149917ms)
✔ a failed confirmation says whether the preview was used up (0.066333ms)
✔ all, unfiled and a named folder filter without reordering (0.614291ms)
✔ filtering never replaces the full list (0.093375ms)
✔ counts include empty folders and count items once (0.083125ms)
✔ a selection that no longer exists falls back to unfiled, not all (0.060459ms)
✔ labels for views and items (0.122916ms)
✔ creation defaults to the open folder, never to all/unfiled (0.051625ms)
✔ a move patches one item by id and leaves the rest alone (0.303917ms)
✔ the first layer is the reference (2.324792ms)
✔ a terrain only in the later layer is new (0.202833ms)
✔ a terrain only in the reference layer is removed (0.25525ms)
✔ identical values report no change (0.240833ms)
✔ a different price is reported with the field named (0.755625ms)
✔ several changed fields are all listed (0.417625ms)
✔ rounding under half a percent is not a change (0.098708ms)
✔ matching ignores accents and case (0.281333ms)
✔ two same-named parcels match one to one, not both to the first (0.73625ms)
✔ genuinely different areas stay separate parcels (0.744083ms)
✔ a single layer produces no comparison at all (0.187417ms)
✔ with three layers a removal names the layers it is missing from (0.780083ms)
✔ the input array is not modified (0.080917ms)
✔ changedFields reports location and address, not only money (0.045916ms)
✔ changedFields ignores fields that are not part of the comparison (0.051875ms)
✔ summarize counts each state (0.064792ms)
✔ #3 three identical layers report no invented new terrain (0.111292ms)
✔ #3 each layer matches the reference independently (0.083833ms)
✔ #7 a terrain that only moved is reported as changed (0.06525ms)
✔ #7 latitude and longitude are reported once, together (0.041875ms)
✔ #7 a changed address is reported (0.043209ms)
✔ #7 movement under a metre is not a change (0.050083ms)
✔ removals name the layers a terrain is missing from (0.046125ms)
✔ a terrain present in every layer is not reported as removed (0.039375ms)
✔ the closest area is paired, not merely the first within tolerance (0.07675ms)
✔ a hectare is a circle of about 56.4 m radius (2.272958ms)
✔ the radius of the largest real terrain (0.161875ms)
✔ area four times larger doubles the radius (0.057875ms)
✔ missing or nonsense areas have no radius (0.064917ms)
✔ metres per pixel halves with each zoom step (0.057166ms)
✔ metres per pixel shrinks away from the equator (0.039916ms)
✔ a known scale: zoom 16 near Mexico City (0.035584ms)
✔ zoomed out, the symbol wins and the mark is not to scale (0.053167ms)
✔ zoomed in, the true footprint wins and the mark is to scale (0.228167ms)
✔ the handover is continuous: radius never shrinks as you zoom in (0.287208ms)
✔ a bigger terrain reaches true scale sooner (0.120459ms)
✔ at true scale the drawn radius really is the ground radius (0.052292ms)
✔ a terrain with no area keeps its symbol at every zoom (0.037083ms)
✔ trueScaleRadius grows by four when zooming in two steps (0.038167ms)
✔ a terrain on its own gets no ring offset (0.076875ms)
✔ terrains at the same point are nudged into concentric rings (0.052708ms)
✔ terrains at different points are not nudged (0.036083ms)
✔ a big pile at one coordinate stops growing instead of swallowing the map (0.093708ms)
✔ zoomed out, every terrain is the same clean circle (0.097167ms)
✔ zoomed in, size becomes the real footprint again (0.036167ms)
✔ comparison layers are still separated at the same spot (1.581042ms)
✔ fixture provenance: generated by the accepted B-1 parser (0.7845ms)
✔ boundary-only terrain is located with blank X/Y (1.572042ms)
✔ XY-only terrain keeps the existing validator's verdict (0.175083ms)
✔ neither boundary nor X/Y: unplaced (0.061708ms)
✔ boundary and X/Y disagree: boundary wins, X/Y is read but never written (0.065291ms)
✔ unusable or malformed descriptors are no descriptor at all (0.21275ms)
✔ legacy rows without a geometria key keep their caller's ubicado (0.154375ms)
✔ shared contract v1 example maps through the A adapter rule (0.402333ms)
✔ bodies convert [lon, lat] to Leaflet [lat, lng] explicitly (1.077209ms)
✔ holes and every part are kept (0.952875ms)
✔ cajaMayor is the largest part's shell box, which drives the handover (0.889958ms)
✔ missing body: no_disponible, never a fabricated outline (0.248708ms)
✔ failed replacement: the active descriptor's old body is used, never the pending one (0.190375ms)
✔ malformed bodies are invalid, never footprints (0.375375ms)
✔ a body shifted away from its declared bounds is invalid, not drawn elsewhere (0.424541ms)
✔ collapsed or shrunken bodies are invalid (0.259083ms)
✔ holes and other parts must stay inside the declared bounds too (0.516542ms)
✔ every parser-produced fixture body is consistent and loads (1.23ms)
✔ bodies past the parser's vertex limit are refused, not drawn (16.29375ms)
✔ handover: symbol at distant zoom, outline once the short side reaches 24 px (0.090459ms)
✔ mixed bounds cover every boundary part and every XY point, nothing else (0.256625ms)
✔ coincident boundary symbol and XY mark get distinct rings (0.136125ms)
✔ the public projection keeps exactly the contract allowlist and no private text (2.746083ms)
✔ a public row drops any field outside the allowlist, even if the server sent one (0.604375ms)
✔ publication status uses the agreed Spanish labels (0.390291ms)
✔ a saved 'sold' draft over a live publication is flagged as not yet public (0.65675ms)
✔ inventory rows flatten the draft and classify location like the server (0.487375ms)
✔ geography is repeated parameters; price only travels with its currency (2.962917ms)
✔ internal-only filters never reach the public catalog query (0.488ms)
✔ a page query keeps the filters and adds the cursor and the maximum limit (0.588584ms)
✔ 251 matching records assemble across the 250 page boundary with no gaps or repeats (3.272666ms)
✔ the default 100-row page also assembles completely (0.547167ms)
✔ facets come from the server's first page, for the whole candidate set (10.621ms)
✔ a server that repeats a cursor is reported, not looped on (0.279209ms)
✔ numbers are read as typed in Mexico, and ambiguous commas are refused (0.620417ms)
✔ an untouched form sends nothing; cents and unknown currency survive byte for byte (0.377292ms)
✔ only edited fields are parsed and sent, in the server's units (0.136958ms)
✔ half a coordinate pair saves as a draft (§9.1); a decimal comma is still refused (0.0705ms)
✔ server field errors map onto form fields (0.272333ms)
✔ a conflict names what the other user changed and where both of us did (0.27125ms)
✔ one create attempt keeps its key across retries; a changed body gets a new key (0.092167ms)
✔ history events normalise action, actor, time, confirmations and field changes (0.3265ms)
✔ the real workbook's prices show as dollars, cents kept (0.904209ms)
✔ pesos show as pesos (0.168416ms)
✔ a price with no recorded currency says so instead of borrowing one (0.111083ms)
✔ currencies in view: unknown counts as its own, unpriced rows do not count (0.603875ms)
✔ price filters are dropped, not applied, across currencies (0.136333ms)
✔ the same amount in another currency is a change (0.136292ms)
✔ every route round-trips through its hash (0.872792ms)
✔ only the catalog is public; anonymous lands on it, signed-in on the inventory (0.179458ms)
✔ unknown or malformed hashes are not routes (0.554416ms)
✔ ending the session cancels private requests; their callers never see a response (61.709167ms)
✔ a private response that lands after logout is dropped, not delivered (31.767791ms)
✔ public requests are outside the private scope (0.90475ms)
✔ a private 401 reports the expired session; a failed login does not (0.662375ms)
✔ an unreachable server is a readable network error the editor can tell apart (0.127041ms)
✔ create carries its Idempotency-Key; save carries the expected version (0.560541ms)
✔ clearing private state forgets every team dataset but keeps the public catalog (0.352416ms)
ℹ tests 120
ℹ suites 0
ℹ pass 120
ℹ fail 0
ℹ cancelled 0
ℹ skipped 0
ℹ todo 0
ℹ duration_ms 280.183583
